<html>
<body>
<pre>
<h1>µVision Build Log</h1>
<h2>Tool Versions:</h2>
IDE-Version: ¦ÌVision V5.18.0.0
Copyright (C) 2016 ARM Ltd and ARM Germany GmbH. All rights reserved.
License Information: ZZ Microsoft, Microsoft, LIC=LJWGK-ZEPR1-AVU1J-U4SSR-Q96M5-JRGTF
 
Tool Versions:
Toolchain:       MDK-ARM Professional  Version: 5.18
Toolchain Path:  C:\Keil_v5\ARM\ARMCC\Bin
C Compiler:      Armcc.exe V5.06 update 1 (build 61)
Assembler:       Armasm.exe V5.06 update 1 (build 61)
Linker/Locator:  ArmLink.exe V5.06 update 1 (build 61)
Library Manager: ArmAr.exe V5.06 update 1 (build 61)
Hex Converter:   FromElf.exe V5.06 update 1 (build 61)
CPU DLL:         SARMCM3.DLL V5.18
Dialog DLL:      DCM.DLL V1.13.6.0
Target DLL:      UL2CM3.DLL V1.157.5.0
Dialog DLL:      TCM.DLL V1.14.8.0
 
<h2>Project:</h2>
D:\IHUPRJ\ihu\PrjScyStm205RG\Project\vm_test.uvproj
Project File Date:  09/18/2016

<h2>Output:</h2>
*** Using Compiler 'V5.06 update 1 (build 61)', folder: 'C:\Keil_v5\ARM\ARMCC\Bin'
Build Project 'vm_test' - Target 'VM Test & Int'
compiling main.c...
compiling led.c...
compiling system_stm32f2xx.c...
compiling key.c...
compiling rtc.c...
compiling spi_flash.c...
compiling stm32f2xx_adc.c...
compiling misc.c...
compiling stm32f2xx_can.c...
compiling stm32f2xx_cryp.c...
compiling stm32f2xx_crc.c...
compiling stm32f2xx_cryp_aes.c...
compiling stm32f2xx_cryp_tdes.c...
compiling stm32f2xx_cryp_des.c...
compiling stm32f2xx_dac.c...
compiling stm32f2xx_dcmi.c...
compiling stm32f2xx_dbgmcu.c...
compiling stm32f2xx_dma.c...
compiling stm32f2xx_exti.c...
compiling stm32f2xx_flash.c...
compiling stm32f2xx_fsmc.c...
compiling stm32f2xx_gpio.c...
compiling stm32f2xx_hash.c...
compiling stm32f2xx_hash_md5.c...
compiling stm32f2xx_hash_sha1.c...
compiling stm32f2xx_i2c.c...
compiling stm32f2xx_pwr.c...
compiling stm32f2xx_iwdg.c...
compiling stm32f2xx_rcc.c...
compiling stm32f2xx_rng.c...
compiling stm32f2xx_sdio.c...
compiling stm32f2xx_rtc.c...
compiling stm32f2xx_spi.c...
compiling stm32f2xx_syscfg.c...
compiling stm32f2xx_tim.c...
compiling stm32f2xx_usart.c...
compiling l1timer_freeos.c...
compiling vmfreeoslayer.c...
compiling stm32f2xx_wwdg.c...
linking...
Program Size: Code=9248 RO-data=420 RW-data=48 ZI-data=1648  
FromELF: creating hex file...
".\Obj\RTC.axf" - 0 Error(s), 0 Warning(s).
Build Time Elapsed:  00:00:16
</pre>
</body>
</html>
