<html>
<body>
<pre>
<h1>礦ision Build Log</h1>
<h2>Project:</h2>
D:\BXXH2016\TempRef\IHU\STM32\STM32F205评估板\ST-M3-LITE-xxx光盘资料\ST-M3-LITE-205RG参考资料\ST-M3-LITE-205RG测试程序\Project\test.uvproj
Project File Date:  07/27/2016

<h2>Output:</h2>
Build target 'test'
assembling startup_stm32f2xx.s...
compiling system_stm32f2xx.c...
compiling main.c...
compiling led.c...
compiling key.c...
compiling rtc.c...
compiling spi_flash.c...
compiling misc.c...
compiling stm32f2xx_adc.c...
compiling stm32f2xx_can.c...
compiling stm32f2xx_crc.c...
compiling stm32f2xx_cryp.c...
compiling stm32f2xx_cryp_aes.c...
compiling stm32f2xx_cryp_des.c...
compiling stm32f2xx_cryp_tdes.c...
compiling stm32f2xx_dac.c...
compiling stm32f2xx_dbgmcu.c...
compiling stm32f2xx_dcmi.c...
compiling stm32f2xx_dma.c...
compiling stm32f2xx_exti.c...
compiling stm32f2xx_flash.c...
compiling stm32f2xx_fsmc.c...
compiling stm32f2xx_gpio.c...
compiling stm32f2xx_hash.c...
compiling stm32f2xx_hash_md5.c...
compiling stm32f2xx_hash_sha1.c...
compiling stm32f2xx_i2c.c...
compiling stm32f2xx_iwdg.c...
compiling stm32f2xx_pwr.c...
compiling stm32f2xx_rcc.c...
compiling stm32f2xx_rng.c...
compiling stm32f2xx_rtc.c...
compiling stm32f2xx_sdio.c...
compiling stm32f2xx_spi.c...
compiling stm32f2xx_syscfg.c...
compiling stm32f2xx_tim.c...
compiling stm32f2xx_usart.c...
compiling stm32f2xx_wwdg.c...
linking...
Program Size: Code=9460 RO-data=420 RW-data=48 ZI-data=1648  
FromELF: creating hex file...
".\Obj\RTC.axf" - 0 Error(s), 0 Warning(s).
