<html>
<body>
<pre>
<h1>µVision Build Log</h1>
<h2>Tool Versions:</h2>
IDE-Version: ¦ÌVision V5.18.0.0
Copyright (C) 2016 ARM Ltd and ARM Germany GmbH. All rights reserved.
License Information: z MAMA, Microsoft, LIC=JDA30-BZJU5-68CFC-7RXXZ-QM63C-6Q9JT
 
Tool Versions:
Toolchain:       MDK-ARM Professional  Version: 5.18
Toolchain Path:  C:\Keil_v5\ARM\ARMCC\Bin
C Compiler:      Armcc.exe V5.06 update 1 (build 61)
Assembler:       Armasm.exe V5.06 update 1 (build 61)
Linker/Locator:  ArmLink.exe V5.06 update 1 (build 61)
Library Manager: ArmAr.exe V5.06 update 1 (build 61)
Hex Converter:   FromElf.exe V5.06 update 1 (build 61)
CPU DLL:         SARMCM3.DLL V5.18
Dialog DLL:      DARMSTM.DLL V1.65.0.0
Target DLL:      UL2CM3.DLL V1.157.5.0
Dialog DLL:      TARMSTM.DLL V1.64.0.0
 
<h2>Project:</h2>
D:\IHUSRC\ihu\PrjUbootStm32F2xxAn3374\Project\STM32F2xx_IAP\MDK-ARM\PrjUbootStm32F2.uvproj
Project File Date:  01/05/2017

<h2>Output:</h2>
*** Using Compiler 'V5.06 update 1 (build 61)', folder: 'C:\Keil_v5\ARM\ARMCC\Bin'
Build Project 'PrjUbootStm32F2' - Target 'STM322xG_EVAL'
compiling stm32f2xx_it.c...
compiling menu.c...
compiling flash_if.c...
compiling stm32_eval.c...
compiling main.c...
compiling common.c...
compiling ymodem.c...
compiling misc.c...
compiling stm32f2xx_exti.c...
compiling stm32f2xx_gpio.c...
compiling stm32f2xx_syscfg.c...
compiling stm32f2xx_flash.c...
compiling stm32f2xx_rcc.c...
compiling stm32f2xx_usart.c...
assembling startup_stm32f2xx.s...
compiling core_cm3.c...
compiling stm32f2xx_dma.c...
compiling system_stm32f2xx.c...
compiling stm32f2xx_sdio.c...
compiling stm32f2xx_i2c.c...
linking...
Program Size: Code=5820 RO-data=964 RW-data=72 ZI-data=3328  
".\STM322xG_EVAL\STM322xG_EVAL.axf" - 0 Error(s), 0 Warning(s).
Build Time Elapsed:  00:00:05
</pre>
</body>
</html>
