<html>
<body>
<pre>
<h1>µVision Build Log</h1>
<h2>Tool Versions:</h2>
IDE-Version: ¦ÌVision V5.18.0.0
Copyright (C) 2016 ARM Ltd and ARM Germany GmbH. All rights reserved.
License Information: z MAMA, Microsoft, LIC=JDA30-BZJU5-68CFC-7RXXZ-QM63C-6Q9JT
 
Tool Versions:
Toolchain:       MDK-ARM Professional  Version: 5.18
Toolchain Path:  C:\Keil_v5\ARM\ARMCC\Bin
C Compiler:      Armcc.exe V5.06 update 1 (build 61)
Assembler:       Armasm.exe V5.06 update 1 (build 61)
Linker/Locator:  ArmLink.exe V5.06 update 1 (build 61)
Library Manager: ArmAr.exe V5.06 update 1 (build 61)
Hex Converter:   FromElf.exe V5.06 update 1 (build 61)
CPU DLL:         SARMCM3.DLL V5.18
Dialog DLL:      DARMCM1.DLL V1.12.0.0
Target DLL:      Segger\JL2CM3.dll V2.99.18.0
Dialog DLL:      TARMCM1.DLL V1.9.0.0
 
<h2>Project:</h2>
D:\BXXH2016\IHU_PRJ\IHU.R03\PrjEmcSpsDa1458x\projects\target_apps\dsps\sps_device\Keil_5\sps_device.uvprojx
Project File Date:  02/11/2016

<h2>Output:</h2>
*** Using Compiler 'V5.06 update 1 (build 61)', folder: 'C:\Keil_v5\ARM\ARMCC\Bin'
Rebuild Project 'sps_device' - Target 'emcsps580'
assembling boot_vectors.s...
compiling arch_console.c...
compiling system_ARMCM0.c...
compiling hardfault_handler.c...
compiling nmi_handler.c...
compiling nvds.c...
compiling jump_table.c...
compiling arch_sleep.c...
compiling uart_ext_wkup.c...
compiling arch_main.c...
compiling wlan_coex.c...
compiling arch_patch.c...
compiling syscntl.c...
compiling battery.c...
compiling adc.c...
compiling gpio.c...
D:\BXXH2016\IHU_PRJ\IHU.R03\PrjEmcSpsDa1458x\sdk_580\sdk\platform\driver\gpio\gpio.c(119): warning:  #1215-D: #warning directive: "GPIO assignment checking is active! Deactivate before burning OTP..."
          #warning "GPIO assignment checking is active! Deactivate before burning OTP..."
..\..\..\..\..\sdk_580\sdk\platform\driver\gpio\gpio.c: 1 warning, 0 errors
compiling arch_system.c...
compiling systick.c...
compiling trng.c...
compiling uart2.c...
compiling gapm.c...
compiling rf_580.c...
compiling attm_db_128.c...
compiling prf_utils.c...
compiling rwble.c...
compiling app_default_handlers.c...
compiling rwip.c...
compiling app_task.c...
compiling app_security.c...
compiling app_security_task.c...
compiling app.c...
compiling app_msg_utils.c...
compiling app_entry_point.c...
compiling app_easy_msg_utils.c...
compiling user_periph_setup.c...
compiling app_easy_timer.c...
compiling app_easy_security.c...
compiling sps_server.c...
compiling uart_sps.c...
compiling sps_server_task.c...
compiling user_sps_device.c...
compiling user_spss.c...
compiling user_sps_scheduler.c...
compiling user_spss_task.c...
compiling user_buffer.c...
linking...
Program Size: Code=16180 RO-data=2424 RW-data=72 ZI-data=10200  
FromELF: creating hex file...
".\out_580\sps_device_580.axf" - 0 Error(s), 1 Warning(s).

<h2>Collection of Component include folders:</h2>
  D:\BXXH2016\IHU_PRJ\IHU.R03\PrjEmcSpsDa1458x\projects\target_apps\dsps\sps_device\Keil_5\RTE
  C:\Keil_v5\ARM\PACK\ARM\CMSIS\4.5.0\Device\ARM\ARMCM0\Include

<h2>Collection of Component Files used:</h2>
Build Time Elapsed:  00:00:08
</pre>
</body>
</html>
