<html>
<body>
<pre>
<h1>µVision Build Log</h1>
<h2>Tool Versions:</h2>
IDE-Version: ¦ÌVision V5.18.0.0
Copyright (C) 2016 ARM Ltd and ARM Germany GmbH. All rights reserved.
License Information: a Microsoft, Microsoft, LIC=3UUKP-MBXZD-REAH3-ADKA2-DCAL3-RAJMB
 
Tool Versions:
Toolchain:       MDK-ARM Professional  Version: 5.18
Toolchain Path:  d:\Keil_v5\ARM\ARMCC\Bin
C Compiler:      Armcc.exe V5.06 update 1 (build 61)
Assembler:       Armasm.exe V5.06 update 1 (build 61)
Linker/Locator:  ArmLink.exe V5.06 update 1 (build 61)
Library Manager: ArmAr.exe V5.06 update 1 (build 61)
Hex Converter:   FromElf.exe V5.06 update 1 (build 61)
CPU DLL:         SARMCM3.DLL V5.18
Dialog DLL:      DARMCM1.DLL V1.12.0.0
Target DLL:      Segger\JL2CM3.dll V2.99.18.0
Dialog DLL:      TARMCM1.DLL V1.9.0.0
 
<h2>Project:</h2>
E:\source\ihu2\ihu\PrjEmcWxDa1458x\projects\target_apps\wechat\Keil_5\emc_wechat.uvguix.uvprojx
Project File Date:  12/02/2016

<h2>Output:</h2>
*** Using Compiler 'V5.06 update 1 (build 61)', folder: 'd:\Keil_v5\ARM\ARMCC\Bin'
Build Project 'emc_wechat.uvguix' - Target 'EMC Wechat'
compiling vmdalayer.c...
linking...
Program Size: Code=22464 RO-data=2684 RW-data=140 ZI-data=7564  
FromELF: creating hex file...
".\out\wechat.axf" - 0 Error(s), 0 Warning(s).

<h2>Collection of Component include folders:</h2>
  E:\source\ihu2\ihu\PrjEmcWxDa1458x\projects\target_apps\wechat\Keil_5\RTE
  d:\Keil_v5\ARM\PACK\ARM\CMSIS\5.0.0-Beta4\Device\ARM\ARMCM0\Include

<h2>Collection of Component Files used:</h2>
Build Time Elapsed:  00:00:04
</pre>
</body>
</html>
