<html>
<body>
<pre>
<h1>µVision Build Log</h1>
<h2>Tool Versions:</h2>
IDE-Version: ¦ÌVision V5.18.0.0
Copyright (C) 2016 ARM Ltd and ARM Germany GmbH. All rights reserved.
License Information: ZZ Microsoft, Microsoft, LIC=LJWGK-ZEPR1-AVU1J-U4SSR-Q96M5-JRGTF
 
Tool Versions:
Toolchain:       MDK-ARM Professional  Version: 5.18
Toolchain Path:  C:\Keil_v5\ARM\ARMCC\Bin
C Compiler:      Armcc.exe V5.06 update 1 (build 61)
Assembler:       Armasm.exe V5.06 update 1 (build 61)
Linker/Locator:  ArmLink.exe V5.06 update 1 (build 61)
Library Manager: ArmAr.exe V5.06 update 1 (build 61)
Hex Converter:   FromElf.exe V5.06 update 1 (build 61)
CPU DLL:         SARMCM3.DLL V5.18
Dialog DLL:      DARMCM1.DLL V1.12.0.0
Target DLL:      Segger\JL2CM3.dll V2.99.18.0
Dialog DLL:      TARMCM1.DLL V1.9.0.0
 
<h2>Project:</h2>
D:\IHUPRJ\ihu\PrjEmcWxDa1458x\projects\target_apps\wechat\Keil_5\emc_wechat.uvguix.uvprojx
Project File Date:  09/26/2016

<h2>Output:</h2>
*** Using Compiler 'V5.06 update 1 (build 61)', folder: 'C:\Keil_v5\ARM\ARMCC\Bin'
Rebuild Project 'emc_wechat.uvguix' - Target 'EMC Wechat'
assembling boot_vectors.s...
compiling hardfault_handler.c...
compiling system_ARMCM0.c...
compiling nmi_handler.c...
compiling arch_console.c...
compiling nvds.c...
compiling arch_main.c...
compiling arch_sleep.c...
compiling jump_table.c...
compiling uart_ext_wkup.c...
compiling arch_system.c...
compiling wlan_coex.c...
compiling arch_patch.c...
compiling syscntl.c...
compiling gpio.c...
compiling battery.c...
compiling wkupct_quadec.c...
compiling adc.c...
compiling trng.c...
compiling spi_flash.c...
compiling spi.c...
compiling i2c_eeprom.c...
compiling systick.c...
compiling pwm.c...
compiling uart2.c...
compiling rf_580.c...
compiling rwble.c...
compiling rwip.c...
compiling gapm.c...
compiling accel.c...
compiling attm_db_128.c...
compiling accel_task.c...
compiling basc.c...
compiling basc_task.c...
compiling bass.c...
compiling bass_task.c...
compiling blpc.c...
compiling blpc_task.c...
compiling blps.c...
compiling blps_task.c...
compiling disc.c...
compiling disc_task.c...
compiling diss.c...
compiling diss_task.c...
compiling findt.c...
compiling findt_task.c...
compiling hogpbh.c...
compiling hogpbh_task.c...
compiling hogpd.c...
compiling hogpd_task.c...
compiling hogprh.c...
compiling hogprh_task.c...
compiling hrpc_task.c...
compiling hrpc.c...
compiling htpc.c...
compiling hrps.c...
compiling hrps_task.c...
compiling htpc_task.c...
compiling htpt_task.c...
compiling htpt.c...
compiling proxm.c...
compiling proxm_task.c...
compiling proxr.c...
compiling proxr_task.c...
compiling scppc.c...
compiling scppc_task.c...
compiling scpps.c...
compiling scpps_task.c...
compiling anpc_task.c...
compiling anpc.c...
compiling prf_utils.c...
compiling anps.c...
compiling anps_task.c...
compiling cscpc.c...
compiling cscps_task.c...
compiling cscpc_task.c...
compiling cscps.c...
compiling glps.c...
compiling glpc_task.c...
compiling glpc.c...
compiling glps_task.c...
compiling paspc.c...
compiling paspc_task.c...
compiling pasps.c...
compiling pasps_task.c...
compiling rscpc.c...
compiling rscpc_task.c...
compiling rscps.c...
compiling rscps_task.c...
compiling tipc.c...
compiling tipc_task.c...
compiling tips_task.c...
compiling tips.c...
compiling cppc.c...
compiling findl_task.c...
compiling findl.c...
compiling cppc_task.c...
compiling cpps_task.c...
compiling cpps.c...
compiling lanc.c...
compiling lans.c...
compiling lanc_task.c...
compiling spotar.c...
compiling lans_task.c...
compiling spotar_task.c...
compiling custs1.c...
compiling custom_common.c...
compiling custs1_task.c...
compiling custs2.c...
compiling custs2_task.c...
compiling app_default_handlers.c...
compiling wechat.c...
compiling wechat_task.c...
compiling app_entry_point.c...
compiling app.c...
compiling app_task.c...
compiling app_msg_utils.c...
compiling app_easy_timer.c...
compiling app_customs.c...
compiling app_customs_common.c...
compiling app_easy_msg_utils.c...
compiling app_customs_task.c...
compiling app_security.c...
compiling app_wechat_task.c...
compiling app_wechat.c...
compiling app_security_task.c...
compiling app_easy_security.c...
compiling ble_wechat_util.c...
compiling user_wechat.c...
compiling user_periph_setup.c...
compiling epb.c...
compiling crc32.c...
compiling epb_MmBp.c...
compiling mpbledemo2.c...
compiling md5.c...
compiling wecaht_aes.c...
compiling vmdalayer.c...
compiling i2c_led.c...
linking...
Program Size: Code=26048 RO-data=2684 RW-data=140 ZI-data=7624  
FromELF: creating hex file...
".\out\wechat.axf" - 0 Error(s), 0 Warning(s).

<h2>Collection of Component include folders:</h2>
  D:\IHUPRJ\ihu\PrjEmcWxDa1458x\projects\target_apps\wechat\Keil_5\RTE
  C:\Keil_v5\ARM\PACK\ARM\CMSIS\4.5.0\Device\ARM\ARMCM0\Include

<h2>Collection of Component Files used:</h2>
Build Time Elapsed:  00:00:48
</pre>
</body>
</html>
