<!doctype html public "-//w3c//dtd html 4.0 transitional//en">
<html><head>
<title>Static Call Graph - [.\out\wechat.axf]</title></head>
<body><HR>
<H1>Static Call Graph for image .\out\wechat.axf</H1><HR>
<BR><P>#&#060CALLGRAPH&#062# ARM Linker, 5060061: Last Updated: Mon Sep 19 20:46:41 2016
<BR><P>
<H3>Maximum Stack Usage =       1156 bytes + Unknown(Untraceable Function Pointers)</H3><H3>
Call chain for Maximum Stack Depth:</H3>
main_func &rArr; system_init &rArr; init_rand_seed_from_trng &rArr; trng_acquire &rArr; rfpt_init &rArr; rf_regs
<P>
<H3>
Function Pointers
</H3><UL>
 <LI><a href="#[16]">ADC_Handler</a> from boot_vectors.o(.text) referenced from boot_vectors.o(RESET)
 <LI><a href="#[11]">BLE_CRYPT_Handler</a> from rom_symdef.txt(ABSOLUTE) referenced from boot_vectors.o(RESET)
 <LI><a href="#[9]">BLE_CSCNT_Handler</a> from rwble.o(.text) referenced from boot_vectors.o(RESET)
 <LI><a href="#[b]">BLE_ERROR_Handler</a> from rom_symdef.txt(ABSOLUTE) referenced from boot_vectors.o(RESET)
 <LI><a href="#[d]">BLE_EVENT_Handler</a> from rwble.o(.text) referenced from boot_vectors.o(RESET)
 <LI><a href="#[7]">BLE_FINETGTIM_Handler</a> from rwble.o(.text) referenced from boot_vectors.o(RESET)
 <LI><a href="#[8]">BLE_GROSSTGTIM_Handler</a> from rom_symdef.txt(ABSOLUTE) referenced from boot_vectors.o(RESET)
 <LI><a href="#[10]">BLE_RF_DIAG_Handler</a> from rwble.o(.text) referenced from boot_vectors.o(RESET)
 <LI><a href="#[c]">BLE_RX_Handler</a> from rwble.o(.text) referenced from boot_vectors.o(RESET)
 <LI><a href="#[a]">BLE_SLP_Handler</a> from rwble.o(.text) referenced from boot_vectors.o(RESET)
 <LI><a href="#[6]">BLE_WAKEUP_LP_Handler</a> from rwble.o(.text) referenced from boot_vectors.o(RESET)
 <LI><a href="#[4b]">DCoffsetCalibration_func</a> from rom_symdef.txt(ABSOLUTE) referenced from jump_table.o(jump_table_mem_area)
 <LI><a href="#[3b]">GPADC_init_func</a> from rom_symdef.txt(ABSOLUTE) referenced from jump_table.o(jump_table_mem_area)
 <LI><a href="#[19]">GPIO0_Handler</a> from gpio.o(.text) referenced from boot_vectors.o(RESET)
 <LI><a href="#[1a]">GPIO1_Handler</a> from gpio.o(.text) referenced from boot_vectors.o(RESET)
 <LI><a href="#[1b]">GPIO2_Handler</a> from gpio.o(.text) referenced from boot_vectors.o(RESET)
 <LI><a href="#[1c]">GPIO3_Handler</a> from gpio.o(.text) referenced from boot_vectors.o(RESET)
 <LI><a href="#[1d]">GPIO4_Handler</a> from gpio.o(.text) referenced from boot_vectors.o(RESET)
 <LI><a href="#[2]">HardFault_Handler</a> from boot_vectors.o(.text) referenced from boot_vectors.o(RESET)
 <LI><a href="#[57]">HardFault_HandlerC</a> from hardfault_handler.o(.text) referenced from boot_vectors.o(.text)
 <LI><a href="#[14]">I2C_Handler</a> from boot_vectors.o(.text) referenced from boot_vectors.o(RESET)
 <LI><a href="#[4c]">IffCalibration_func</a> from rom_symdef.txt(ABSOLUTE) referenced from jump_table.o(jump_table_mem_area)
 <LI><a href="#[17]">KEYBRD_Handler</a> from boot_vectors.o(.text) referenced from boot_vectors.o(RESET)
 <LI><a href="#[1]">NMI_Handler</a> from boot_vectors.o(.text) referenced from boot_vectors.o(RESET)
 <LI><a href="#[56]">NMI_HandlerC</a> from nmi_handler.o(.text) referenced from boot_vectors.o(.text)
 <LI><a href="#[4]">PendSV_Handler</a> from boot_vectors.o(.text) referenced from boot_vectors.o(RESET)
 <LI><a href="#[60]">RADIOCNTL_Handler</a> from rf_580.o(.text) referenced from rf_580.o(.text)
 <LI><a href="#[18]">RFCAL_Handler</a> from boot_vectors.o(.text) referenced from boot_vectors.o(RESET)
 <LI><a href="#[0]">Reset_Handler</a> from boot_vectors.o(.text) referenced from boot_vectors.o(RESET)
 <LI><a href="#[15]">SPI_Handler</a> from boot_vectors.o(.text) referenced from boot_vectors.o(RESET)
 <LI><a href="#[3]">SVC_Handler</a> from boot_vectors.o(.text) referenced from boot_vectors.o(RESET)
 <LI><a href="#[58]">SVC_Handler_c</a> from arch_patch.o(.text) referenced from boot_vectors.o(.text)
 <LI><a href="#[e]">SWTIM_Handler</a> from pwm.o(.text) referenced from boot_vectors.o(RESET)
 <LI><a href="#[5]">SysTick_Handler</a> from systick.o(.text) referenced from boot_vectors.o(RESET)
 <LI><a href="#[54]">SystemInit</a> from system_armcm0.o(.text) referenced from boot_vectors.o(.text)
 <LI><a href="#[8b]">TASK_LLM_llm_disconnect_mgt</a> from rom_symdef.txt(ABSOLUTE) referenced from arch_patch.o(.constdata)
 <LI><a href="#[88]">TASK_LLM_llm_host_buff_size_cmd_handler</a> from rom_symdef.txt(ABSOLUTE) referenced from arch_patch.o(.constdata)
 <LI><a href="#[89]">TASK_LLM_llm_host_nb_comp_pkts_cmd_handler</a> from rom_symdef.txt(ABSOLUTE) referenced from arch_patch.o(.constdata)
 <LI><a href="#[74]">TASK_LLM_llm_le_chnl_assess_timer_handler</a> from rom_symdef.txt(ABSOLUTE) referenced from arch_patch.o(.constdata)
 <LI><a href="#[72]">TASK_LLM_llm_le_create_con_cancel_cmd_handler</a> from rom_symdef.txt(ABSOLUTE) referenced from arch_patch.o(.constdata)
 <LI><a href="#[71]">TASK_LLM_llm_le_create_con_cmd_handler</a> from rom_symdef.txt(ABSOLUTE) referenced from arch_patch.o(.constdata)
 <LI><a href="#[79]">TASK_LLM_llm_le_enc_cmd_handler</a> from rom_symdef.txt(ABSOLUTE) referenced from arch_patch.o(.constdata)
 <LI><a href="#[7a]">TASK_LLM_llm_le_rand_cmd_handler</a> from rom_symdef.txt(ABSOLUTE) referenced from arch_patch.o(.constdata)
 <LI><a href="#[6b]">TASK_LLM_llm_le_rd_adv_ch_tx_pw_cmd_handler</a> from rom_symdef.txt(ABSOLUTE) referenced from arch_patch.o(.constdata)
 <LI><a href="#[67]">TASK_LLM_llm_le_rd_buff_size_cmd_handler</a> from rom_symdef.txt(ABSOLUTE) referenced from arch_patch.o(.constdata)
 <LI><a href="#[68]">TASK_LLM_llm_le_rd_loc_supp_feats_cmd_handler</a> from rom_symdef.txt(ABSOLUTE) referenced from arch_patch.o(.constdata)
 <LI><a href="#[7b]">TASK_LLM_llm_le_rd_supp_states_cmd_handler</a> from rom_symdef.txt(ABSOLUTE) referenced from arch_patch.o(.constdata)
 <LI><a href="#[75]">TASK_LLM_llm_le_rd_wl_size_cmd_handler</a> from rom_symdef.txt(ABSOLUTE) referenced from arch_patch.o(.constdata)
 <LI><a href="#[6c]">TASK_LLM_llm_le_set_adv_data_cmd_handler</a> from rom_symdef.txt(ABSOLUTE) referenced from arch_patch.o(.constdata)
 <LI><a href="#[6d]">TASK_LLM_llm_le_set_adv_en_cmd_handler</a> from rom_symdef.txt(ABSOLUTE) referenced from arch_patch.o(.constdata)
 <LI><a href="#[6a]">TASK_LLM_llm_le_set_adv_param_cmd_handler</a> from rom_symdef.txt(ABSOLUTE) referenced from arch_patch.o(.constdata)
 <LI><a href="#[66]">TASK_LLM_llm_le_set_evt_msk_cmd_handler</a> from rom_symdef.txt(ABSOLUTE) referenced from arch_patch.o(.constdata)
 <LI><a href="#[73]">TASK_LLM_llm_le_set_host_ch_class_cmd_handler</a> from rom_symdef.txt(ABSOLUTE) referenced from arch_patch.o(.constdata)
 <LI><a href="#[7f]">TASK_LLM_llm_le_set_host_ch_class_cmd_sto_handler</a> from rom_symdef.txt(ABSOLUTE) referenced from arch_patch.o(.constdata)
 <LI><a href="#[69]">TASK_LLM_llm_le_set_rand_add_cmd_handler</a> from rom_symdef.txt(ABSOLUTE) referenced from arch_patch.o(.constdata)
 <LI><a href="#[70]">TASK_LLM_llm_le_set_scan_en_cmd_handler</a> from rom_symdef.txt(ABSOLUTE) referenced from arch_patch.o(.constdata)
 <LI><a href="#[6f]">TASK_LLM_llm_le_set_scan_param_cmd_handler</a> from rom_symdef.txt(ABSOLUTE) referenced from arch_patch.o(.constdata)
 <LI><a href="#[6e]">TASK_LLM_llm_le_set_scan_rsp_data_cmd_handler</a> from rom_symdef.txt(ABSOLUTE) referenced from arch_patch.o(.constdata)
 <LI><a href="#[7e]">TASK_LLM_llm_le_test_end_cmd_handler</a> from rom_symdef.txt(ABSOLUTE) referenced from arch_patch.o(.constdata)
 <LI><a href="#[7c]">TASK_LLM_llm_le_test_rx_cmd_handler</a> from rom_symdef.txt(ABSOLUTE) referenced from arch_patch.o(.constdata)
 <LI><a href="#[7d]">TASK_LLM_llm_le_test_tx_cmd_handler</a> from rom_symdef.txt(ABSOLUTE) referenced from arch_patch.o(.constdata)
 <LI><a href="#[76]">TASK_LLM_llm_le_wl_clr_cmd_handler</a> from rom_symdef.txt(ABSOLUTE) referenced from arch_patch.o(.constdata)
 <LI><a href="#[77]">TASK_LLM_llm_le_wl_dev_add_cmd_handler</a> from rom_symdef.txt(ABSOLUTE) referenced from arch_patch.o(.constdata)
 <LI><a href="#[78]">TASK_LLM_llm_le_wl_dev_rem_cmd_handler</a> from rom_symdef.txt(ABSOLUTE) referenced from arch_patch.o(.constdata)
 <LI><a href="#[82]">TASK_LLM_llm_rd_bd_addr_cmd_handler</a> from rom_symdef.txt(ABSOLUTE) referenced from arch_patch.o(.constdata)
 <LI><a href="#[8a]">TASK_LLM_llm_rd_buff_size_cmd_handler</a> from rom_symdef.txt(ABSOLUTE) referenced from arch_patch.o(.constdata)
 <LI><a href="#[84]">TASK_LLM_llm_rd_local_supp_cmds_cmd_handler</a> from rom_symdef.txt(ABSOLUTE) referenced from arch_patch.o(.constdata)
 <LI><a href="#[86]">TASK_LLM_llm_rd_local_supp_feats_cmd_handler</a> from rom_symdef.txt(ABSOLUTE) referenced from arch_patch.o(.constdata)
 <LI><a href="#[83]">TASK_LLM_llm_rd_local_ver_info_cmd_handler</a> from rom_symdef.txt(ABSOLUTE) referenced from arch_patch.o(.constdata)
 <LI><a href="#[81]">TASK_LLM_llm_reset_cmd_handler</a> from rom_symdef.txt(ABSOLUTE) referenced from arch_patch.o(.constdata)
 <LI><a href="#[85]">TASK_LLM_llm_set_cntl_host_flow_cmd_handler</a> from rom_symdef.txt(ABSOLUTE) referenced from arch_patch.o(.constdata)
 <LI><a href="#[87]">TASK_LLM_llm_set_evt_msk_cmd_handler</a> from rom_symdef.txt(ABSOLUTE) referenced from arch_patch.o(.constdata)
 <LI><a href="#[13]">UART2_Handler</a> from uart2.o(.text) referenced from boot_vectors.o(RESET)
 <LI><a href="#[12]">UART_Handler</a> from rom_symdef.txt(ABSOLUTE) referenced from boot_vectors.o(RESET)
 <LI><a href="#[27]">UART_Handler_func</a> from rom_symdef.txt(ABSOLUTE) referenced from jump_table.o(jump_table_mem_area)
 <LI><a href="#[f]">WKUP_QUADEC_Handler</a> from wkupct_quadec.o(.text) referenced from boot_vectors.o(RESET)
 <LI><a href="#[55]">__main</a> from entry.o(.ARM.Collect$$$$00000000) referenced from boot_vectors.o(.text)
 <LI><a href="#[65]">_sputc</a> from printf8.o(i._sputc) referenced from printf8.o(i.__0sprintf$8)
 <LI><a href="#[63]">app_easy_timer_canceled_handler</a> from app_easy_timer.o(.text) referenced from app_easy_timer.o(.text)
 <LI><a href="#[c9]">app_entry_point_handler</a> from app_entry_point.o(.text) referenced from app_task.o(.constdata)
 <LI><a href="#[ca]">app_gap_process_handler</a> from app_task.o(.text) referenced from app_entry_point.o(.constdata)
 <LI><a href="#[c7]">app_module_init_cmp_evt_handler</a> from app_task.o(.text) referenced from app_task.o(.constdata)
 <LI><a href="#[cc]">app_msg_utils_api_process_handler</a> from app_easy_msg_utils.o(.text) referenced from app_entry_point.o(.constdata)
 <LI><a href="#[cd]">app_sec_process_handler</a> from app_security_task.o(.text) referenced from app_entry_point.o(.constdata)
 <LI><a href="#[cb]">app_timer_api_process_handler</a> from app_easy_timer.o(.text) referenced from app_entry_point.o(.constdata)
 <LI><a href="#[c0]">app_wechat_create_db</a> from app_wechat.o(.text) referenced from app.o(.constdata)
 <LI><a href="#[cf]">app_wechat_create_db_cfm_handler</a> from app_wechat_task.o(.text) referenced from app_wechat_task.o(.constdata)
 <LI><a href="#[d0]">app_wechat_disable_ind_handler</a> from app_wechat_task.o(.text) referenced from app_wechat_task.o(.constdata)
 <LI><a href="#[c1]">app_wechat_enable</a> from app_wechat.o(.text) referenced from app.o(.constdata)
 <LI><a href="#[d3]">app_wechat_enable_ind_handler</a> from app_wechat_task.o(.text) referenced from app_wechat_task.o(.constdata)
 <LI><a href="#[d5]">app_wechat_period_report_time_out_handler</a> from app_wechat_task.o(.text) referenced from app_wechat_task.o(.constdata)
 <LI><a href="#[ce]">app_wechat_process_handler</a> from app_wechat_task.o(.text) referenced from app_entry_point.o(.constdata)
 <LI><a href="#[d4]">app_wechat_send_data_handler</a> from app_wechat_task.o(.text) referenced from app_wechat_task.o(.constdata)
 <LI><a href="#[d1]">app_wechat_send_indication_cfm_handler</a> from app_wechat_task.o(.text) referenced from app_wechat_task.o(.constdata)
 <LI><a href="#[d2]">app_wechat_write_val_ind_handler</a> from app_wechat_task.o(.text) referenced from app_wechat_task.o(.constdata)
 <LI><a href="#[3d]">check_pll_lock_func</a> from rom_symdef.txt(ABSOLUTE) referenced from jump_table.o(jump_table_mem_area)
 <LI><a href="#[42]">clear_HW_LUT_func</a> from rom_symdef.txt(ABSOLUTE) referenced from jump_table.o(jump_table_mem_area)
 <LI><a href="#[8c]">cmp_abs_time</a> from arch_patch.o(.text) referenced from arch_patch.o(.constdata)
 <LI><a href="#[32]">custom_nvds_get_func</a> from nvds.o(.text) referenced from jump_table.o(jump_table_mem_area)
 <LI><a href="#[36]">enable_BLE_core_irq_func</a> from rom_symdef.txt(ABSOLUTE) referenced from jump_table.o(jump_table_mem_area)
 <LI><a href="#[49]">enable_rf_diag_irq_func</a> from rom_symdef.txt(ABSOLUTE) referenced from jump_table.o(jump_table_mem_area)
 <LI><a href="#[46]">find_initial_calcap_ranges_func</a> from rom_symdef.txt(ABSOLUTE) referenced from jump_table.o(jump_table_mem_area)
 <LI><a href="#[bf]">gap_disconnnect_ind_handler</a> from wechat_task.o(.text) referenced from wechat_task.o(.constdata)
 <LI><a href="#[d7]">gapc_bond_ind_handler</a> from app_security_task.o(.text) referenced from app_security_task.o(.constdata)
 <LI><a href="#[d6]">gapc_bond_req_ind_handler</a> from app_security_task.o(.text) referenced from app_security_task.o(.constdata)
 <LI><a href="#[c4]">gapc_cmp_evt_handler</a> from app_task.o(.text) referenced from app_task.o(.constdata)
 <LI><a href="#[c5]">gapc_connection_req_ind_handler</a> from app_task.o(.text) referenced from app_task.o(.constdata)
 <LI><a href="#[c6]">gapc_disconnect_ind_handler</a> from app_task.o(.text) referenced from app_task.o(.constdata)
 <LI><a href="#[d9]">gapc_encrypt_ind_handler</a> from app_security_task.o(.text) referenced from app_security_task.o(.constdata)
 <LI><a href="#[d8]">gapc_encrypt_req_ind_handler</a> from app_security_task.o(.text) referenced from app_security_task.o(.constdata)
 <LI><a href="#[c8]">gapm_adv_report_ind_handler</a> from app_task.o(.text) referenced from app_task.o(.constdata)
 <LI><a href="#[c3]">gapm_cmp_evt_handler</a> from app_task.o(.text) referenced from app_task.o(.constdata)
 <LI><a href="#[c2]">gapm_device_ready_ind_handler</a> from app_task.o(.text) referenced from app_task.o(.constdata)
 <LI><a href="#[be]">gattc_cmp_evt_handler</a> from wechat_task.o(.text) referenced from wechat_task.o(.constdata)
 <LI><a href="#[bc]">gattc_write_cmd_ind_handler</a> from wechat_task.o(.text) referenced from wechat_task.o(.constdata)
 <LI><a href="#[4e]">get_rc16m_count_func</a> from arch_system.o(.text) referenced from jump_table.o(jump_table_mem_area)
 <LI><a href="#[64]">gpio_button_handler</a> from mpbledemo2.o(.text) referenced from mpbledemo2.o(.text)
 <LI><a href="#[2e]">gtl_eif_init_func</a> from rom_symdef.txt(ABSOLUTE) referenced from jump_table.o(jump_table_mem_area)
 <LI><a href="#[38]">gtl_hci_rx_header_func</a> from rom_symdef.txt(ABSOLUTE) referenced from jump_table.o(jump_table_mem_area)
 <LI><a href="#[39]">gtl_hci_rx_payload_func</a> from rom_symdef.txt(ABSOLUTE) referenced from jump_table.o(jump_table_mem_area)
 <LI><a href="#[3a]">gtl_hci_tx_evt_func</a> from rom_symdef.txt(ABSOLUTE) referenced from jump_table.o(jump_table_mem_area)
 <LI><a href="#[2f]">ke_task_init_func</a> from ke_task.obj(.text) referenced from jump_table.o(jump_table_mem_area)
 <LI><a href="#[5a]">ke_task_schedule</a> from ke_task.obj(.text) referenced from ke_task.obj(.text)
 <LI><a href="#[30]">ke_timer_init_func</a> from rom_symdef.txt(ABSOLUTE) referenced from jump_table.o(jump_table_mem_area)
 <LI><a href="#[8d]">l2cc_pdu_recv_ind_handler</a> from atts_task.obj(.text) referenced from arch_patch.o(.constdata)
 <LI><a href="#[9f]">llc_data_ind_handler</a> from rom_symdef.txt(ABSOLUTE) referenced from llc.obj(.constdata)
 <LI><a href="#[9e]">llc_data_req_handler</a> from rom_symdef.txt(ABSOLUTE) referenced from llc.obj(.constdata)
 <LI><a href="#[98]">llc_disconnect_cmd_handler</a> from rom_symdef.txt(ABSOLUTE) referenced from llc.obj(.constdata)
 <LI><a href="#[97]">llc_flush_cmd_handler</a> from rom_symdef.txt(ABSOLUTE) referenced from llc.obj(.constdata)
 <LI><a href="#[9d]">llc_le_ltk_req_neg_reply_cmd_handler</a> from rom_symdef.txt(ABSOLUTE) referenced from llc.obj(.constdata)
 <LI><a href="#[9c]">llc_le_ltk_req_reply_cmd_handler</a> from rom_symdef.txt(ABSOLUTE) referenced from llc.obj(.constdata)
 <LI><a href="#[94]">llc_le_rd_chnl_map_cmd_handler</a> from rom_symdef.txt(ABSOLUTE) referenced from llc.obj(.constdata)
 <LI><a href="#[95]">llc_le_rd_rem_used_feats_cmd_handler</a> from rom_symdef.txt(ABSOLUTE) referenced from llc.obj(.constdata)
 <LI><a href="#[96]">llc_le_start_enc_cmd_handler</a> from rom_symdef.txt(ABSOLUTE) referenced from llc.obj(.constdata)
 <LI><a href="#[a5]">llc_link_sup_to_ind_handler</a> from rom_symdef.txt(ABSOLUTE) referenced from llc.obj(.constdata)
 <LI><a href="#[a6]">llc_llcp_rsp_to_ind_handler</a> from rom_symdef.txt(ABSOLUTE) referenced from llc.obj(.constdata)
 <LI><a href="#[a0]">llc_llcp_tx_cfm_handler</a> from rom_symdef.txt(ABSOLUTE) referenced from llc.obj(.constdata)
 <LI><a href="#[a9]">llc_llcp_unknown_ind_handler</a> from rom_symdef.txt(ABSOLUTE) referenced from llc.obj(.constdata)
 <LI><a href="#[9b]">llc_rd_rem_info_ver_cmd_handler</a> from rom_symdef.txt(ABSOLUTE) referenced from llc.obj(.constdata)
 <LI><a href="#[99]">llc_rd_rssi_cmd_handler</a> from rom_symdef.txt(ABSOLUTE) referenced from llc.obj(.constdata)
 <LI><a href="#[9a]">llc_rd_tx_pow_lvl_cmd_handler</a> from rom_symdef.txt(ABSOLUTE) referenced from llc.obj(.constdata)
 <LI><a href="#[a3]">llc_set_host_ch_class_cmd_handler</a> from rom_symdef.txt(ABSOLUTE) referenced from llc.obj(.constdata)
 <LI><a href="#[a8]">llc_unknown_rsp_send_handler</a> from rom_symdef.txt(ABSOLUTE) referenced from llc.obj(.constdata)
 <LI><a href="#[a7]">llc_version_ind_send_handler</a> from rom_symdef.txt(ABSOLUTE) referenced from llc.obj(.constdata)
 <LI><a href="#[b0]">llcp_enc_req_handler</a> from rom_symdef.txt(ABSOLUTE) referenced from llc.obj(.constdata)
 <LI><a href="#[b1]">llcp_enc_rsp_handler</a> from rom_symdef.txt(ABSOLUTE) referenced from llc.obj(.constdata)
 <LI><a href="#[ab]">llcp_feats_req_handler</a> from rom_symdef.txt(ABSOLUTE) referenced from llc.obj(.constdata)
 <LI><a href="#[ac]">llcp_feats_rsp_handler</a> from rom_symdef.txt(ABSOLUTE) referenced from llc.obj(.constdata)
 <LI><a href="#[b4]">llcp_pause_enc_req_handler</a> from rom_symdef.txt(ABSOLUTE) referenced from llc.obj(.constdata)
 <LI><a href="#[b5]">llcp_pause_enc_rsp_handler</a> from rom_symdef.txt(ABSOLUTE) referenced from llc.obj(.constdata)
 <LI><a href="#[b6]">llcp_reject_ind_handler</a> from rom_symdef.txt(ABSOLUTE) referenced from llc.obj(.constdata)
 <LI><a href="#[b2]">llcp_start_enc_req_handler</a> from rom_symdef.txt(ABSOLUTE) referenced from llc.obj(.constdata)
 <LI><a href="#[b3]">llcp_start_enc_rsp_handler</a> from rom_symdef.txt(ABSOLUTE) referenced from llc.obj(.constdata)
 <LI><a href="#[aa]">llcp_terminate_ind_handler</a> from rom_symdef.txt(ABSOLUTE) referenced from llc.obj(.constdata)
 <LI><a href="#[b7]">llcp_unknown_rsp_handler</a> from rom_symdef.txt(ABSOLUTE) referenced from llc.obj(.constdata)
 <LI><a href="#[ad]">llcp_vers_ind_handler</a> from rom_symdef.txt(ABSOLUTE) referenced from llc.obj(.constdata)
 <LI><a href="#[a1]">lld_data_ind_handler</a> from rom_symdef.txt(ABSOLUTE) referenced 2 times from llc.obj(.constdata)
 <LI><a href="#[2d]">lld_evt_init_func</a> from rom_symdef.txt(ABSOLUTE) referenced from jump_table.o(jump_table_mem_area)
 <LI><a href="#[35]">lld_init_func</a> from rom_symdef.txt(ABSOLUTE) referenced from jump_table.o(jump_table_mem_area)
 <LI><a href="#[28]">lld_sleep_compensate_func_patched</a> from rwble.o(.text) referenced from jump_table.o(jump_table_mem_area)
 <LI><a href="#[29]">lld_sleep_init_func</a> from arch_system.o(.text) referenced from jump_table.o(jump_table_mem_area)
 <LI><a href="#[2b]">lld_sleep_lpcycles_2_us_sel_func</a> from arch_system.o(.text) referenced from jump_table.o(jump_table_mem_area)
 <LI><a href="#[2a]">lld_sleep_us_2_lpcycles_sel_func</a> from arch_system.o(.text) referenced from jump_table.o(jump_table_mem_area)
 <LI><a href="#[b8]">lld_stop_ind_handler</a> from rom_symdef.txt(ABSOLUTE) referenced from llc.obj(.constdata)
 <LI><a href="#[52]">lld_test_mode_rx_func</a> from rom_symdef.txt(ABSOLUTE) referenced from jump_table.o(jump_table_mem_area)
 <LI><a href="#[51]">lld_test_mode_tx_func</a> from rom_symdef.txt(ABSOLUTE) referenced from jump_table.o(jump_table_mem_area)
 <LI><a href="#[50]">lld_test_stop_func</a> from rom_symdef.txt(ABSOLUTE) referenced from jump_table.o(jump_table_mem_area)
 <LI><a href="#[31]">llm_encryption_done_func</a> from rom_symdef.txt(ABSOLUTE) referenced from jump_table.o(jump_table_mem_area)
 <LI><a href="#[a4]">llm_gen_chnl_cls_cmd_handler</a> from rom_symdef.txt(ABSOLUTE) referenced from llc.obj(.constdata)
 <LI><a href="#[a2]">llm_le_enc_cmp_evt_handler</a> from rom_symdef.txt(ABSOLUTE) referenced from llc.obj(.constdata)
 <LI><a href="#[53]">main</a> from rom_symdef.txt(ABSOLUTE) referenced from entry9a.o(.ARM.Collect$$$$0000000B)
 <LI><a href="#[1e]">main_func</a> from arch_main.o(.text) referenced from jump_table.o(jump_table_mem_area)
 <LI><a href="#[3c]">meas_precharge_freq_func</a> from rom_symdef.txt(ABSOLUTE) referenced from jump_table.o(jump_table_mem_area)
 <LI><a href="#[4a]">modulationGainCalibration_func</a> from rom_symdef.txt(ABSOLUTE) referenced from jump_table.o(jump_table_mem_area)
 <LI><a href="#[dc]">mpbledemo2_CloseLight</a> from mpbledemo2.o(.text) referenced from mpbledemo2.o(.data)
 <LI><a href="#[db]">mpbledemo2_OpenLight</a> from mpbledemo2.o(.text) referenced from mpbledemo2.o(.data)
 <LI><a href="#[e7]">mpbledemo2_button_handler</a> from mpbledemo2.o(.text) referenced from mpbledemo2.o(.data)
 <LI><a href="#[e2]">mpbledemo2_data_consume_func</a> from mpbledemo2.o(.text) referenced from mpbledemo2.o(.data)
 <LI><a href="#[e3]">mpbledemo2_data_error_func</a> from mpbledemo2.o(.text) referenced from mpbledemo2.o(.data)
 <LI><a href="#[e1]">mpbledemo2_data_free_func</a> from mpbledemo2.o(.text) referenced from mpbledemo2.o(.data)
 <LI><a href="#[e0]">mpbledemo2_data_produce_func</a> from mpbledemo2.o(.text) referenced from mpbledemo2.o(.data)
 <LI><a href="#[da]">mpbledemo2_handleSendDataRsp</a> from mpbledemo2.o(.text) referenced from mpbledemo2.o(.data)
 <LI><a href="#[e5]">mpbledemo2_init</a> from mpbledemo2.o(.text) referenced from mpbledemo2.o(.data)
 <LI><a href="#[e4]">mpbledemo2_init_peripheral_func</a> from mpbledemo2.o(.text) referenced from mpbledemo2.o(.data)
 <LI><a href="#[e6]">mpbledemo2_main_process</a> from mpbledemo2.o(.text) referenced from mpbledemo2.o(.data)
 <LI><a href="#[dd]">mpbledemo2_readEmcDataResp</a> from mpbledemo2.o(.text) referenced from mpbledemo2.o(.data)
 <LI><a href="#[df]">mpbledemo2_readEquInfoReq</a> from mpbledemo2.o(.text) referenced from mpbledemo2.o(.data)
 <LI><a href="#[de]">mpbledemo2_readTimeSyncReq</a> from mpbledemo2.o(.text) referenced from mpbledemo2.o(.data)
 <LI><a href="#[93]">my_llc_le_con_update_cmd_handler</a> from llc.obj(.text) referenced from llc.obj(.constdata)
 <LI><a href="#[af]">my_llcp_channel_map_req_handler</a> from llc.obj(.text) referenced from llc.obj(.constdata)
 <LI><a href="#[ae]">my_llcp_con_up_req_handler</a> from llc.obj(.text) referenced from llc.obj(.constdata)
 <LI><a href="#[80]">my_lld_data_ind_handler</a> from arch_patch.o(.text) referenced from arch_patch.o(.constdata)
 <LI><a href="#[b9]">my_lld_stop_ind_handler</a> from llc.obj(.text) referenced from llc.obj(.constdata)
 <LI><a href="#[91]">my_smpc_check_param</a> from smpc.obj(.text) referenced from arch_patch.o(.constdata)
 <LI><a href="#[92]">patched_gapm_adv_op_sanity</a> from gapm_util.obj(.text) referenced from arch_patch.o(.constdata)
 <LI><a href="#[47]">pll_vcocal_LUT_InitUpdate_func</a> from rom_symdef.txt(ABSOLUTE) referenced from jump_table.o(jump_table_mem_area)
 <LI><a href="#[34]">prf_cleanup_func</a> from prf_utils.o(.text) referenced from jump_table.o(jump_table_mem_area)
 <LI><a href="#[20]">prf_init_func</a> from prf_utils.o(.text) referenced from jump_table.o(jump_table_mem_area)
 <LI><a href="#[4d]">rf_calibration_func</a> from rom_symdef.txt(ABSOLUTE) referenced from jump_table.o(jump_table_mem_area)
 <LI><a href="#[61]">rf_force_agc_enable</a> from rf_580.o(.text) referenced from rf_580.o(.text)
 <LI><a href="#[1f]">rf_init_func</a> from rf_580.o(.text) referenced from jump_table.o(jump_table_mem_area)
 <LI><a href="#[5b]">rf_reg_rd</a> from rf_580.o(.text) referenced from rf_580.o(.text)
 <LI><a href="#[5c]">rf_reg_wr</a> from rf_580.o(.text) referenced from rf_580.o(.text)
 <LI><a href="#[2c]">rf_reinit_func</a> from rf_580.o(.text) referenced from jump_table.o(jump_table_mem_area)
 <LI><a href="#[5f]">rf_reset</a> from rf_580.o(.text) referenced from rf_580.o(.text)
 <LI><a href="#[62]">rf_rssi_convert</a> from rf_580.o(.text) referenced from rf_580.o(.text)
 <LI><a href="#[5e]">rf_sleep</a> from rf_580.o(.text) referenced from rf_580.o(.text)
 <LI><a href="#[5d]">rf_txpwr_dbm_get</a> from rf_580.o(.text) referenced from rf_580.o(.text)
 <LI><a href="#[33]">rwip_eif_get_func</a> from rom_symdef.txt(ABSOLUTE) referenced from jump_table.o(jump_table_mem_area)
 <LI><a href="#[44]">save_configure_restore_func</a> from rom_symdef.txt(ABSOLUTE) referenced from jump_table.o(jump_table_mem_area)
 <LI><a href="#[4f]">set_gauss_modgain_func</a> from rom_symdef.txt(ABSOLUTE) referenced from jump_table.o(jump_table_mem_area)
 <LI><a href="#[48]">set_rf_cal_cap_func</a> from rom_symdef.txt(ABSOLUTE) referenced from jump_table.o(jump_table_mem_area)
 <LI><a href="#[8f]">smpc_check_pairing_feat</a> from smpc.obj(.text) referenced from arch_patch.o(.constdata)
 <LI><a href="#[90]">smpc_pairing_cfm_handler</a> from smpc_task.obj(.text) referenced from arch_patch.o(.constdata)
 <LI><a href="#[8e]">smpc_send_pairing_req_ind</a> from smpc.obj(.text) referenced from arch_patch.o(.constdata)
 <LI><a href="#[59]">uart_callback</a> from arch_console.o(.text) referenced from arch_console.o(.text)
 <LI><a href="#[24]">uart_finish_transfers_func</a> from rom_symdef.txt(ABSOLUTE) referenced from jump_table.o(jump_table_mem_area)
 <LI><a href="#[23]">uart_flow_off_func</a> from arch_system.o(.text) referenced from jump_table.o(jump_table_mem_area)
 <LI><a href="#[22]">uart_flow_on_func</a> from rom_symdef.txt(ABSOLUTE) referenced from jump_table.o(jump_table_mem_area)
 <LI><a href="#[21]">uart_init_func</a> from rom_symdef.txt(ABSOLUTE) referenced from jump_table.o(jump_table_mem_area)
 <LI><a href="#[25]">uart_read_func</a> from rom_symdef.txt(ABSOLUTE) referenced from jump_table.o(jump_table_mem_area)
 <LI><a href="#[26]">uart_write_func</a> from rom_symdef.txt(ABSOLUTE) referenced from jump_table.o(jump_table_mem_area)
 <LI><a href="#[43]">update_LUT_func</a> from rom_symdef.txt(ABSOLUTE) referenced from jump_table.o(jump_table_mem_area)
 <LI><a href="#[3f]">update_calcap_max_channel_func</a> from rom_symdef.txt(ABSOLUTE) referenced from jump_table.o(jump_table_mem_area)
 <LI><a href="#[3e]">update_calcap_min_channel_func</a> from rom_symdef.txt(ABSOLUTE) referenced from jump_table.o(jump_table_mem_area)
 <LI><a href="#[45]">update_calcap_ranges_func</a> from rom_symdef.txt(ABSOLUTE) referenced from jump_table.o(jump_table_mem_area)
 <LI><a href="#[ba]">wechat_create_db_req_handler</a> from wechat_task.o(.text) referenced from wechat_task.o(.constdata)
 <LI><a href="#[bb]">wechat_enable_req_handler</a> from wechat_task.o(.text) referenced from wechat_task.o(.constdata)
 <LI><a href="#[bd]">wechat_send_indication_req_handler</a> from wechat_task.o(.text) referenced from wechat_task.o(.constdata)
 <LI><a href="#[37]">wrap_platform_reset</a> from arch_system.o(.text) referenced from jump_table.o(jump_table_mem_area)
 <LI><a href="#[41]">write_HW_LUT_func</a> from rom_symdef.txt(ABSOLUTE) referenced from jump_table.o(jump_table_mem_area)
 <LI><a href="#[40]">write_one_SW_LUT_entry_func</a> from rom_symdef.txt(ABSOLUTE) referenced from jump_table.o(jump_table_mem_area)
</UL>
<P>
<H3>
Global Symbols
</H3>
<P><STRONG><a name="[124]"></a>set_system_clocks</STRONG> (Thumb, 0 bytes, Stack size 0 bytes, rom_symdef.txt(ABSOLUTE))
<BR><BR>[Called By]<UL><LI><a href="#[103]">&gt;&gt;</a>&nbsp;&nbsp;&nbsp;system_init (via Veneer)
</UL>

<P><STRONG><a name="[18e]"></a>rf_workaround_init</STRONG> (Thumb, 0 bytes, Stack size 0 bytes, rom_symdef.txt(ABSOLUTE))
<BR><BR>[Called By]<UL><LI><a href="#[a]">&gt;&gt;</a>&nbsp;&nbsp;&nbsp;BLE_SLP_Handler (via Veneer)
</UL>

<P><STRONG><a name="[130]"></a>platform_reset_func</STRONG> (Thumb, 0 bytes, Stack size 0 bytes, rom_symdef.txt(ABSOLUTE))
<BR><BR>[Called By]<UL><LI><a href="#[37]">&gt;&gt;</a>&nbsp;&nbsp;&nbsp;wrap_platform_reset (via Veneer)
</UL>

<P><STRONG><a name="[53]"></a>main</STRONG> (Thumb, 0 bytes, Stack size 0 bytes, rom_symdef.txt(ABSOLUTE), UNUSED)
<BR>[Address Reference Count : 1]<UL><LI> entry9a.o(.ARM.Collect$$$$0000000B)
</UL>
<P><STRONG><a name="[33]"></a>rwip_eif_get_func</STRONG> (Thumb, 0 bytes, Stack size 0 bytes, rom_symdef.txt(ABSOLUTE), UNUSED)
<BR>[Address Reference Count : 1]<UL><LI> jump_table.o(jump_table_mem_area)
</UL>
<P><STRONG><a name="[134]"></a>co_buf_rx_free</STRONG> (Thumb, 0 bytes, Stack size 0 bytes, rom_symdef.txt(ABSOLUTE))
<BR><BR>[Called By]<UL><LI><a href="#[80]">&gt;&gt;</a>&nbsp;&nbsp;&nbsp;my_lld_data_ind_handler (via Veneer)
</UL>

<P><STRONG><a name="[150]"></a>co_list_push_back</STRONG> (Thumb, 0 bytes, Stack size 0 bytes, rom_symdef.txt(ABSOLUTE))
<BR><BR>[Called By]<UL><LI><a href="#[5a]">&gt;&gt;</a>&nbsp;&nbsp;&nbsp;ke_task_schedule (via Veneer)
</UL>

<P><STRONG><a name="[14d]"></a>co_list_pop_front</STRONG> (Thumb, 0 bytes, Stack size 0 bytes, rom_symdef.txt(ABSOLUTE))
<BR><BR>[Called By]<UL><LI><a href="#[5a]">&gt;&gt;</a>&nbsp;&nbsp;&nbsp;ke_task_schedule (via Veneer)
</UL>

<P><STRONG><a name="[161]"></a>llc_le_con_update_cmd_handler</STRONG> (Thumb, 0 bytes, Stack size 0 bytes, rom_symdef.txt(ABSOLUTE))
<BR><BR>[Called By]<UL><LI><a href="#[93]">&gt;&gt;</a>&nbsp;&nbsp;&nbsp;my_llc_le_con_update_cmd_handler (via Veneer)
</UL>

<P><STRONG><a name="[94]"></a>llc_le_rd_chnl_map_cmd_handler</STRONG> (Thumb, 0 bytes, Stack size 0 bytes, rom_symdef.txt(ABSOLUTE), UNUSED)
<BR>[Address Reference Count : 1]<UL><LI> llc.obj(.constdata)
</UL>
<P><STRONG><a name="[95]"></a>llc_le_rd_rem_used_feats_cmd_handler</STRONG> (Thumb, 0 bytes, Stack size 0 bytes, rom_symdef.txt(ABSOLUTE), UNUSED)
<BR>[Address Reference Count : 1]<UL><LI> llc.obj(.constdata)
</UL>
<P><STRONG><a name="[96]"></a>llc_le_start_enc_cmd_handler</STRONG> (Thumb, 0 bytes, Stack size 0 bytes, rom_symdef.txt(ABSOLUTE), UNUSED)
<BR>[Address Reference Count : 1]<UL><LI> llc.obj(.constdata)
</UL>
<P><STRONG><a name="[9c]"></a>llc_le_ltk_req_reply_cmd_handler</STRONG> (Thumb, 0 bytes, Stack size 0 bytes, rom_symdef.txt(ABSOLUTE), UNUSED)
<BR>[Address Reference Count : 1]<UL><LI> llc.obj(.constdata)
</UL>
<P><STRONG><a name="[9d]"></a>llc_le_ltk_req_neg_reply_cmd_handler</STRONG> (Thumb, 0 bytes, Stack size 0 bytes, rom_symdef.txt(ABSOLUTE), UNUSED)
<BR>[Address Reference Count : 1]<UL><LI> llc.obj(.constdata)
</UL>
<P><STRONG><a name="[97]"></a>llc_flush_cmd_handler</STRONG> (Thumb, 0 bytes, Stack size 0 bytes, rom_symdef.txt(ABSOLUTE), UNUSED)
<BR>[Address Reference Count : 1]<UL><LI> llc.obj(.constdata)
</UL>
<P><STRONG><a name="[98]"></a>llc_disconnect_cmd_handler</STRONG> (Thumb, 0 bytes, Stack size 0 bytes, rom_symdef.txt(ABSOLUTE), UNUSED)
<BR>[Address Reference Count : 1]<UL><LI> llc.obj(.constdata)
</UL>
<P><STRONG><a name="[99]"></a>llc_rd_rssi_cmd_handler</STRONG> (Thumb, 0 bytes, Stack size 0 bytes, rom_symdef.txt(ABSOLUTE), UNUSED)
<BR>[Address Reference Count : 1]<UL><LI> llc.obj(.constdata)
</UL>
<P><STRONG><a name="[9a]"></a>llc_rd_tx_pow_lvl_cmd_handler</STRONG> (Thumb, 0 bytes, Stack size 0 bytes, rom_symdef.txt(ABSOLUTE), UNUSED)
<BR>[Address Reference Count : 1]<UL><LI> llc.obj(.constdata)
</UL>
<P><STRONG><a name="[9b]"></a>llc_rd_rem_info_ver_cmd_handler</STRONG> (Thumb, 0 bytes, Stack size 0 bytes, rom_symdef.txt(ABSOLUTE), UNUSED)
<BR>[Address Reference Count : 1]<UL><LI> llc.obj(.constdata)
</UL>
<P><STRONG><a name="[a3]"></a>llc_set_host_ch_class_cmd_handler</STRONG> (Thumb, 0 bytes, Stack size 0 bytes, rom_symdef.txt(ABSOLUTE), UNUSED)
<BR>[Address Reference Count : 1]<UL><LI> llc.obj(.constdata)
</UL>
<P><STRONG><a name="[a4]"></a>llm_gen_chnl_cls_cmd_handler</STRONG> (Thumb, 0 bytes, Stack size 0 bytes, rom_symdef.txt(ABSOLUTE), UNUSED)
<BR>[Address Reference Count : 1]<UL><LI> llc.obj(.constdata)
</UL>
<P><STRONG><a name="[a5]"></a>llc_link_sup_to_ind_handler</STRONG> (Thumb, 0 bytes, Stack size 0 bytes, rom_symdef.txt(ABSOLUTE), UNUSED)
<BR>[Address Reference Count : 1]<UL><LI> llc.obj(.constdata)
</UL>
<P><STRONG><a name="[a6]"></a>llc_llcp_rsp_to_ind_handler</STRONG> (Thumb, 0 bytes, Stack size 0 bytes, rom_symdef.txt(ABSOLUTE), UNUSED)
<BR>[Address Reference Count : 1]<UL><LI> llc.obj(.constdata)
</UL>
<P><STRONG><a name="[9e]"></a>llc_data_req_handler</STRONG> (Thumb, 0 bytes, Stack size 0 bytes, rom_symdef.txt(ABSOLUTE), UNUSED)
<BR>[Address Reference Count : 1]<UL><LI> llc.obj(.constdata)
</UL>
<P><STRONG><a name="[a1]"></a>lld_data_ind_handler</STRONG> (Thumb, 0 bytes, Stack size 0 bytes, rom_symdef.txt(ABSOLUTE), UNUSED)
<BR>[Address Reference Count : 2]<UL><LI> llc.obj(.constdata)
<LI> llc.obj(.constdata)
</UL>
<P><STRONG><a name="[a2]"></a>llm_le_enc_cmp_evt_handler</STRONG> (Thumb, 0 bytes, Stack size 0 bytes, rom_symdef.txt(ABSOLUTE), UNUSED)
<BR>[Address Reference Count : 1]<UL><LI> llc.obj(.constdata)
</UL>
<P><STRONG><a name="[b8]"></a>lld_stop_ind_handler</STRONG> (Thumb, 0 bytes, Stack size 0 bytes, rom_symdef.txt(ABSOLUTE))
<BR><BR>[Called By]<UL><LI><a href="#[b9]">&gt;&gt;</a>&nbsp;&nbsp;&nbsp;my_lld_stop_ind_handler (via Veneer)
</UL>
<BR>[Address Reference Count : 1]<UL><LI> llc.obj(.constdata)
</UL>
<P><STRONG><a name="[9f]"></a>llc_data_ind_handler</STRONG> (Thumb, 0 bytes, Stack size 0 bytes, rom_symdef.txt(ABSOLUTE), UNUSED)
<BR>[Address Reference Count : 1]<UL><LI> llc.obj(.constdata)
</UL>
<P><STRONG><a name="[a9]"></a>llc_llcp_unknown_ind_handler</STRONG> (Thumb, 0 bytes, Stack size 0 bytes, rom_symdef.txt(ABSOLUTE), UNUSED)
<BR>[Address Reference Count : 1]<UL><LI> llc.obj(.constdata)
</UL>
<P><STRONG><a name="[a7]"></a>llc_version_ind_send_handler</STRONG> (Thumb, 0 bytes, Stack size 0 bytes, rom_symdef.txt(ABSOLUTE), UNUSED)
<BR>[Address Reference Count : 1]<UL><LI> llc.obj(.constdata)
</UL>
<P><STRONG><a name="[a8]"></a>llc_unknown_rsp_send_handler</STRONG> (Thumb, 0 bytes, Stack size 0 bytes, rom_symdef.txt(ABSOLUTE), UNUSED)
<BR>[Address Reference Count : 1]<UL><LI> llc.obj(.constdata)
</UL>
<P><STRONG><a name="[aa]"></a>llcp_terminate_ind_handler</STRONG> (Thumb, 0 bytes, Stack size 0 bytes, rom_symdef.txt(ABSOLUTE), UNUSED)
<BR>[Address Reference Count : 1]<UL><LI> llc.obj(.constdata)
</UL>
<P><STRONG><a name="[ab]"></a>llcp_feats_req_handler</STRONG> (Thumb, 0 bytes, Stack size 0 bytes, rom_symdef.txt(ABSOLUTE), UNUSED)
<BR>[Address Reference Count : 1]<UL><LI> llc.obj(.constdata)
</UL>
<P><STRONG><a name="[ac]"></a>llcp_feats_rsp_handler</STRONG> (Thumb, 0 bytes, Stack size 0 bytes, rom_symdef.txt(ABSOLUTE), UNUSED)
<BR>[Address Reference Count : 1]<UL><LI> llc.obj(.constdata)
</UL>
<P><STRONG><a name="[ad]"></a>llcp_vers_ind_handler</STRONG> (Thumb, 0 bytes, Stack size 0 bytes, rom_symdef.txt(ABSOLUTE), UNUSED)
<BR>[Address Reference Count : 1]<UL><LI> llc.obj(.constdata)
</UL>
<P><STRONG><a name="[b0]"></a>llcp_enc_req_handler</STRONG> (Thumb, 0 bytes, Stack size 0 bytes, rom_symdef.txt(ABSOLUTE), UNUSED)
<BR>[Address Reference Count : 1]<UL><LI> llc.obj(.constdata)
</UL>
<P><STRONG><a name="[b1]"></a>llcp_enc_rsp_handler</STRONG> (Thumb, 0 bytes, Stack size 0 bytes, rom_symdef.txt(ABSOLUTE), UNUSED)
<BR>[Address Reference Count : 1]<UL><LI> llc.obj(.constdata)
</UL>
<P><STRONG><a name="[b2]"></a>llcp_start_enc_req_handler</STRONG> (Thumb, 0 bytes, Stack size 0 bytes, rom_symdef.txt(ABSOLUTE), UNUSED)
<BR>[Address Reference Count : 1]<UL><LI> llc.obj(.constdata)
</UL>
<P><STRONG><a name="[b3]"></a>llcp_start_enc_rsp_handler</STRONG> (Thumb, 0 bytes, Stack size 0 bytes, rom_symdef.txt(ABSOLUTE), UNUSED)
<BR>[Address Reference Count : 1]<UL><LI> llc.obj(.constdata)
</UL>
<P><STRONG><a name="[b4]"></a>llcp_pause_enc_req_handler</STRONG> (Thumb, 0 bytes, Stack size 0 bytes, rom_symdef.txt(ABSOLUTE), UNUSED)
<BR>[Address Reference Count : 1]<UL><LI> llc.obj(.constdata)
</UL>
<P><STRONG><a name="[b5]"></a>llcp_pause_enc_rsp_handler</STRONG> (Thumb, 0 bytes, Stack size 0 bytes, rom_symdef.txt(ABSOLUTE), UNUSED)
<BR>[Address Reference Count : 1]<UL><LI> llc.obj(.constdata)
</UL>
<P><STRONG><a name="[b6]"></a>llcp_reject_ind_handler</STRONG> (Thumb, 0 bytes, Stack size 0 bytes, rom_symdef.txt(ABSOLUTE), UNUSED)
<BR>[Address Reference Count : 1]<UL><LI> llc.obj(.constdata)
</UL>
<P><STRONG><a name="[b7]"></a>llcp_unknown_rsp_handler</STRONG> (Thumb, 0 bytes, Stack size 0 bytes, rom_symdef.txt(ABSOLUTE), UNUSED)
<BR>[Address Reference Count : 1]<UL><LI> llc.obj(.constdata)
</UL>
<P><STRONG><a name="[a0]"></a>llc_llcp_tx_cfm_handler</STRONG> (Thumb, 0 bytes, Stack size 0 bytes, rom_symdef.txt(ABSOLUTE), UNUSED)
<BR>[Address Reference Count : 1]<UL><LI> llc.obj(.constdata)
</UL>
<P><STRONG><a name="[147]"></a>llc_util_dicon_procedure</STRONG> (Thumb, 0 bytes, Stack size 0 bytes, rom_symdef.txt(ABSOLUTE))
<BR><BR>[Called By]<UL><LI><a href="#[ae]">&gt;&gt;</a>&nbsp;&nbsp;&nbsp;my_llcp_con_up_req_handler (via Veneer)
<LI><a href="#[af]">&gt;&gt;</a>&nbsp;&nbsp;&nbsp;my_llcp_channel_map_req_handler (via Veneer)
<LI><a href="#[148]">&gt;&gt;</a>&nbsp;&nbsp;&nbsp;my_llc_ch_map_req_ind (via Veneer)
<LI><a href="#[145]">&gt;&gt;</a>&nbsp;&nbsp;&nbsp;my_llc_con_update_req_ind (via Veneer)
</UL>

<P><STRONG><a name="[36]"></a>enable_BLE_core_irq_func</STRONG> (Thumb, 0 bytes, Stack size 0 bytes, rom_symdef.txt(ABSOLUTE), UNUSED)
<BR>[Address Reference Count : 1]<UL><LI> jump_table.o(jump_table_mem_area)
</UL>
<P><STRONG><a name="[35]"></a>lld_init_func</STRONG> (Thumb, 0 bytes, Stack size 0 bytes, rom_symdef.txt(ABSOLUTE), UNUSED)
<BR>[Address Reference Count : 1]<UL><LI> jump_table.o(jump_table_mem_area)
</UL>
<P><STRONG><a name="[149]"></a>lld_ch_map_ind</STRONG> (Thumb, 0 bytes, Stack size 0 bytes, rom_symdef.txt(ABSOLUTE))
<BR><BR>[Called By]<UL><LI><a href="#[148]">&gt;&gt;</a>&nbsp;&nbsp;&nbsp;my_llc_ch_map_req_ind (via Veneer)
</UL>

<P><STRONG><a name="[146]"></a>lld_con_update_ind</STRONG> (Thumb, 0 bytes, Stack size 0 bytes, rom_symdef.txt(ABSOLUTE))
<BR><BR>[Called By]<UL><LI><a href="#[145]">&gt;&gt;</a>&nbsp;&nbsp;&nbsp;my_llc_con_update_req_ind (via Veneer)
</UL>

<P><STRONG><a name="[50]"></a>lld_test_stop_func</STRONG> (Thumb, 0 bytes, Stack size 0 bytes, rom_symdef.txt(ABSOLUTE), UNUSED)
<BR>[Address Reference Count : 1]<UL><LI> jump_table.o(jump_table_mem_area)
</UL>
<P><STRONG><a name="[51]"></a>lld_test_mode_tx_func</STRONG> (Thumb, 0 bytes, Stack size 0 bytes, rom_symdef.txt(ABSOLUTE), UNUSED)
<BR>[Address Reference Count : 1]<UL><LI> jump_table.o(jump_table_mem_area)
</UL>
<P><STRONG><a name="[52]"></a>lld_test_mode_rx_func</STRONG> (Thumb, 0 bytes, Stack size 0 bytes, rom_symdef.txt(ABSOLUTE), UNUSED)
<BR>[Address Reference Count : 1]<UL><LI> jump_table.o(jump_table_mem_area)
</UL>
<P><STRONG><a name="[163]"></a>lld_evt_int_extract</STRONG> (Thumb, 0 bytes, Stack size 0 bytes, rom_symdef.txt(ABSOLUTE))
<BR><BR>[Called By]<UL><LI><a href="#[b9]">&gt;&gt;</a>&nbsp;&nbsp;&nbsp;my_lld_stop_ind_handler (via Veneer)
</UL>

<P><STRONG><a name="[2d]"></a>lld_evt_init_func</STRONG> (Thumb, 0 bytes, Stack size 0 bytes, rom_symdef.txt(ABSOLUTE), UNUSED)
<BR>[Address Reference Count : 1]<UL><LI> jump_table.o(jump_table_mem_area)
</UL>
<P><STRONG><a name="[191]"></a>lld_evt_start_isr</STRONG> (Thumb, 0 bytes, Stack size 0 bytes, rom_symdef.txt(ABSOLUTE))
<BR><BR>[Called By]<UL><LI><a href="#[190]">&gt;&gt;</a>&nbsp;&nbsp;&nbsp;ble_start (via Veneer)
</UL>

<P><STRONG><a name="[195]"></a>lld_evt_end_isr</STRONG> (Thumb, 0 bytes, Stack size 0 bytes, rom_symdef.txt(ABSOLUTE))
<BR><BR>[Called By]<UL><LI><a href="#[d]">&gt;&gt;</a>&nbsp;&nbsp;&nbsp;BLE_EVENT_Handler (via Veneer)
</UL>

<P><STRONG><a name="[194]"></a>lld_evt_rx_isr</STRONG> (Thumb, 0 bytes, Stack size 0 bytes, rom_symdef.txt(ABSOLUTE))
<BR><BR>[Called By]<UL><LI><a href="#[c]">&gt;&gt;</a>&nbsp;&nbsp;&nbsp;BLE_RX_Handler (via Veneer)
</UL>

<P><STRONG><a name="[11c]"></a>lld_sleep_us_2_lpcycles_func</STRONG> (Thumb, 0 bytes, Stack size 0 bytes, rom_symdef.txt(ABSOLUTE))
<BR><BR>[Called By]<UL><LI><a href="#[2a]">&gt;&gt;</a>&nbsp;&nbsp;&nbsp;lld_sleep_us_2_lpcycles_sel_func (via Veneer)
</UL>

<P><STRONG><a name="[11d]"></a>lld_sleep_lpcycles_2_us_func</STRONG> (Thumb, 0 bytes, Stack size 0 bytes, rom_symdef.txt(ABSOLUTE))
<BR><BR>[Called By]<UL><LI><a href="#[2b]">&gt;&gt;</a>&nbsp;&nbsp;&nbsp;lld_sleep_lpcycles_2_us_sel_func (via Veneer)
</UL>

<P><STRONG><a name="[1a0]"></a>lld_sleep_enter</STRONG> (Thumb, 0 bytes, Stack size 0 bytes, rom_symdef.txt(ABSOLUTE))
<BR><BR>[Called By]<UL><LI><a href="#[109]">&gt;&gt;</a>&nbsp;&nbsp;&nbsp;rwip_sleep (via Veneer)
</UL>

<P><STRONG><a name="[107]"></a>lld_sleep_check</STRONG> (Thumb, 0 bytes, Stack size 0 bytes, rom_symdef.txt(ABSOLUTE))
<BR><BR>[Called By]<UL><LI><a href="#[109]">&gt;&gt;</a>&nbsp;&nbsp;&nbsp;rwip_sleep (via Veneer)
<LI><a href="#[1e]">&gt;&gt;</a>&nbsp;&nbsp;&nbsp;main_func (via Veneer)
</UL>

<P><STRONG><a name="[31]"></a>llm_encryption_done_func</STRONG> (Thumb, 0 bytes, Stack size 0 bytes, rom_symdef.txt(ABSOLUTE), UNUSED)
<BR>[Address Reference Count : 1]<UL><LI> jump_table.o(jump_table_mem_area)
</UL>
<P><STRONG><a name="[66]"></a>TASK_LLM_llm_le_set_evt_msk_cmd_handler</STRONG> (Thumb, 0 bytes, Stack size 0 bytes, rom_symdef.txt(ABSOLUTE), UNUSED)
<BR>[Address Reference Count : 1]<UL><LI> arch_patch.o(.constdata)
</UL>
<P><STRONG><a name="[69]"></a>TASK_LLM_llm_le_set_rand_add_cmd_handler</STRONG> (Thumb, 0 bytes, Stack size 0 bytes, rom_symdef.txt(ABSOLUTE), UNUSED)
<BR>[Address Reference Count : 1]<UL><LI> arch_patch.o(.constdata)
</UL>
<P><STRONG><a name="[6a]"></a>TASK_LLM_llm_le_set_adv_param_cmd_handler</STRONG> (Thumb, 0 bytes, Stack size 0 bytes, rom_symdef.txt(ABSOLUTE), UNUSED)
<BR>[Address Reference Count : 1]<UL><LI> arch_patch.o(.constdata)
</UL>
<P><STRONG><a name="[6c]"></a>TASK_LLM_llm_le_set_adv_data_cmd_handler</STRONG> (Thumb, 0 bytes, Stack size 0 bytes, rom_symdef.txt(ABSOLUTE), UNUSED)
<BR>[Address Reference Count : 1]<UL><LI> arch_patch.o(.constdata)
</UL>
<P><STRONG><a name="[6d]"></a>TASK_LLM_llm_le_set_adv_en_cmd_handler</STRONG> (Thumb, 0 bytes, Stack size 0 bytes, rom_symdef.txt(ABSOLUTE), UNUSED)
<BR>[Address Reference Count : 1]<UL><LI> arch_patch.o(.constdata)
</UL>
<P><STRONG><a name="[6e]"></a>TASK_LLM_llm_le_set_scan_rsp_data_cmd_handler</STRONG> (Thumb, 0 bytes, Stack size 0 bytes, rom_symdef.txt(ABSOLUTE), UNUSED)
<BR>[Address Reference Count : 1]<UL><LI> arch_patch.o(.constdata)
</UL>
<P><STRONG><a name="[6f]"></a>TASK_LLM_llm_le_set_scan_param_cmd_handler</STRONG> (Thumb, 0 bytes, Stack size 0 bytes, rom_symdef.txt(ABSOLUTE), UNUSED)
<BR>[Address Reference Count : 1]<UL><LI> arch_patch.o(.constdata)
</UL>
<P><STRONG><a name="[70]"></a>TASK_LLM_llm_le_set_scan_en_cmd_handler</STRONG> (Thumb, 0 bytes, Stack size 0 bytes, rom_symdef.txt(ABSOLUTE), UNUSED)
<BR>[Address Reference Count : 1]<UL><LI> arch_patch.o(.constdata)
</UL>
<P><STRONG><a name="[73]"></a>TASK_LLM_llm_le_set_host_ch_class_cmd_handler</STRONG> (Thumb, 0 bytes, Stack size 0 bytes, rom_symdef.txt(ABSOLUTE), UNUSED)
<BR>[Address Reference Count : 1]<UL><LI> arch_patch.o(.constdata)
</UL>
<P><STRONG><a name="[7c]"></a>TASK_LLM_llm_le_test_rx_cmd_handler</STRONG> (Thumb, 0 bytes, Stack size 0 bytes, rom_symdef.txt(ABSOLUTE), UNUSED)
<BR>[Address Reference Count : 1]<UL><LI> arch_patch.o(.constdata)
</UL>
<P><STRONG><a name="[7d]"></a>TASK_LLM_llm_le_test_tx_cmd_handler</STRONG> (Thumb, 0 bytes, Stack size 0 bytes, rom_symdef.txt(ABSOLUTE), UNUSED)
<BR>[Address Reference Count : 1]<UL><LI> arch_patch.o(.constdata)
</UL>
<P><STRONG><a name="[76]"></a>TASK_LLM_llm_le_wl_clr_cmd_handler</STRONG> (Thumb, 0 bytes, Stack size 0 bytes, rom_symdef.txt(ABSOLUTE), UNUSED)
<BR>[Address Reference Count : 1]<UL><LI> arch_patch.o(.constdata)
</UL>
<P><STRONG><a name="[77]"></a>TASK_LLM_llm_le_wl_dev_add_cmd_handler</STRONG> (Thumb, 0 bytes, Stack size 0 bytes, rom_symdef.txt(ABSOLUTE), UNUSED)
<BR>[Address Reference Count : 1]<UL><LI> arch_patch.o(.constdata)
</UL>
<P><STRONG><a name="[78]"></a>TASK_LLM_llm_le_wl_dev_rem_cmd_handler</STRONG> (Thumb, 0 bytes, Stack size 0 bytes, rom_symdef.txt(ABSOLUTE), UNUSED)
<BR>[Address Reference Count : 1]<UL><LI> arch_patch.o(.constdata)
</UL>
<P><STRONG><a name="[71]"></a>TASK_LLM_llm_le_create_con_cmd_handler</STRONG> (Thumb, 0 bytes, Stack size 0 bytes, rom_symdef.txt(ABSOLUTE), UNUSED)
<BR>[Address Reference Count : 1]<UL><LI> arch_patch.o(.constdata)
</UL>
<P><STRONG><a name="[72]"></a>TASK_LLM_llm_le_create_con_cancel_cmd_handler</STRONG> (Thumb, 0 bytes, Stack size 0 bytes, rom_symdef.txt(ABSOLUTE), UNUSED)
<BR>[Address Reference Count : 1]<UL><LI> arch_patch.o(.constdata)
</UL>
<P><STRONG><a name="[74]"></a>TASK_LLM_llm_le_chnl_assess_timer_handler</STRONG> (Thumb, 0 bytes, Stack size 0 bytes, rom_symdef.txt(ABSOLUTE), UNUSED)
<BR>[Address Reference Count : 1]<UL><LI> arch_patch.o(.constdata)
</UL>
<P><STRONG><a name="[68]"></a>TASK_LLM_llm_le_rd_loc_supp_feats_cmd_handler</STRONG> (Thumb, 0 bytes, Stack size 0 bytes, rom_symdef.txt(ABSOLUTE), UNUSED)
<BR>[Address Reference Count : 1]<UL><LI> arch_patch.o(.constdata)
</UL>
<P><STRONG><a name="[6b]"></a>TASK_LLM_llm_le_rd_adv_ch_tx_pw_cmd_handler</STRONG> (Thumb, 0 bytes, Stack size 0 bytes, rom_symdef.txt(ABSOLUTE), UNUSED)
<BR>[Address Reference Count : 1]<UL><LI> arch_patch.o(.constdata)
</UL>
<P><STRONG><a name="[75]"></a>TASK_LLM_llm_le_rd_wl_size_cmd_handler</STRONG> (Thumb, 0 bytes, Stack size 0 bytes, rom_symdef.txt(ABSOLUTE), UNUSED)
<BR>[Address Reference Count : 1]<UL><LI> arch_patch.o(.constdata)
</UL>
<P><STRONG><a name="[7b]"></a>TASK_LLM_llm_le_rd_supp_states_cmd_handler</STRONG> (Thumb, 0 bytes, Stack size 0 bytes, rom_symdef.txt(ABSOLUTE), UNUSED)
<BR>[Address Reference Count : 1]<UL><LI> arch_patch.o(.constdata)
</UL>
<P><STRONG><a name="[67]"></a>TASK_LLM_llm_le_rd_buff_size_cmd_handler</STRONG> (Thumb, 0 bytes, Stack size 0 bytes, rom_symdef.txt(ABSOLUTE), UNUSED)
<BR>[Address Reference Count : 1]<UL><LI> arch_patch.o(.constdata)
</UL>
<P><STRONG><a name="[79]"></a>TASK_LLM_llm_le_enc_cmd_handler</STRONG> (Thumb, 0 bytes, Stack size 0 bytes, rom_symdef.txt(ABSOLUTE), UNUSED)
<BR>[Address Reference Count : 1]<UL><LI> arch_patch.o(.constdata)
</UL>
<P><STRONG><a name="[7a]"></a>TASK_LLM_llm_le_rand_cmd_handler</STRONG> (Thumb, 0 bytes, Stack size 0 bytes, rom_symdef.txt(ABSOLUTE), UNUSED)
<BR>[Address Reference Count : 1]<UL><LI> arch_patch.o(.constdata)
</UL>
<P><STRONG><a name="[7e]"></a>TASK_LLM_llm_le_test_end_cmd_handler</STRONG> (Thumb, 0 bytes, Stack size 0 bytes, rom_symdef.txt(ABSOLUTE), UNUSED)
<BR>[Address Reference Count : 1]<UL><LI> arch_patch.o(.constdata)
</UL>
<P><STRONG><a name="[7f]"></a>TASK_LLM_llm_le_set_host_ch_class_cmd_sto_handler</STRONG> (Thumb, 0 bytes, Stack size 0 bytes, rom_symdef.txt(ABSOLUTE), UNUSED)
<BR>[Address Reference Count : 1]<UL><LI> arch_patch.o(.constdata)
</UL>
<P><STRONG><a name="[81]"></a>TASK_LLM_llm_reset_cmd_handler</STRONG> (Thumb, 0 bytes, Stack size 0 bytes, rom_symdef.txt(ABSOLUTE), UNUSED)
<BR>[Address Reference Count : 1]<UL><LI> arch_patch.o(.constdata)
</UL>
<P><STRONG><a name="[82]"></a>TASK_LLM_llm_rd_bd_addr_cmd_handler</STRONG> (Thumb, 0 bytes, Stack size 0 bytes, rom_symdef.txt(ABSOLUTE), UNUSED)
<BR>[Address Reference Count : 1]<UL><LI> arch_patch.o(.constdata)
</UL>
<P><STRONG><a name="[83]"></a>TASK_LLM_llm_rd_local_ver_info_cmd_handler</STRONG> (Thumb, 0 bytes, Stack size 0 bytes, rom_symdef.txt(ABSOLUTE), UNUSED)
<BR>[Address Reference Count : 1]<UL><LI> arch_patch.o(.constdata)
</UL>
<P><STRONG><a name="[84]"></a>TASK_LLM_llm_rd_local_supp_cmds_cmd_handler</STRONG> (Thumb, 0 bytes, Stack size 0 bytes, rom_symdef.txt(ABSOLUTE), UNUSED)
<BR>[Address Reference Count : 1]<UL><LI> arch_patch.o(.constdata)
</UL>
<P><STRONG><a name="[86]"></a>TASK_LLM_llm_rd_local_supp_feats_cmd_handler</STRONG> (Thumb, 0 bytes, Stack size 0 bytes, rom_symdef.txt(ABSOLUTE), UNUSED)
<BR>[Address Reference Count : 1]<UL><LI> arch_patch.o(.constdata)
</UL>
<P><STRONG><a name="[87]"></a>TASK_LLM_llm_set_evt_msk_cmd_handler</STRONG> (Thumb, 0 bytes, Stack size 0 bytes, rom_symdef.txt(ABSOLUTE), UNUSED)
<BR>[Address Reference Count : 1]<UL><LI> arch_patch.o(.constdata)
</UL>
<P><STRONG><a name="[85]"></a>TASK_LLM_llm_set_cntl_host_flow_cmd_handler</STRONG> (Thumb, 0 bytes, Stack size 0 bytes, rom_symdef.txt(ABSOLUTE), UNUSED)
<BR>[Address Reference Count : 1]<UL><LI> arch_patch.o(.constdata)
</UL>
<P><STRONG><a name="[88]"></a>TASK_LLM_llm_host_buff_size_cmd_handler</STRONG> (Thumb, 0 bytes, Stack size 0 bytes, rom_symdef.txt(ABSOLUTE), UNUSED)
<BR>[Address Reference Count : 1]<UL><LI> arch_patch.o(.constdata)
</UL>
<P><STRONG><a name="[89]"></a>TASK_LLM_llm_host_nb_comp_pkts_cmd_handler</STRONG> (Thumb, 0 bytes, Stack size 0 bytes, rom_symdef.txt(ABSOLUTE), UNUSED)
<BR>[Address Reference Count : 1]<UL><LI> arch_patch.o(.constdata)
</UL>
<P><STRONG><a name="[8a]"></a>TASK_LLM_llm_rd_buff_size_cmd_handler</STRONG> (Thumb, 0 bytes, Stack size 0 bytes, rom_symdef.txt(ABSOLUTE), UNUSED)
<BR>[Address Reference Count : 1]<UL><LI> arch_patch.o(.constdata)
</UL>
<P><STRONG><a name="[133]"></a>TASK_LLM_lld_data_ind_handler</STRONG> (Thumb, 0 bytes, Stack size 0 bytes, rom_symdef.txt(ABSOLUTE))
<BR><BR>[Called By]<UL><LI><a href="#[80]">&gt;&gt;</a>&nbsp;&nbsp;&nbsp;my_lld_data_ind_handler (via Veneer)
</UL>

<P><STRONG><a name="[8b]"></a>TASK_LLM_llm_disconnect_mgt</STRONG> (Thumb, 0 bytes, Stack size 0 bytes, rom_symdef.txt(ABSOLUTE), UNUSED)
<BR>[Address Reference Count : 1]<UL><LI> arch_patch.o(.constdata)
</UL>
<P><STRONG><a name="[162]"></a>llm_util_get_role</STRONG> (Thumb, 0 bytes, Stack size 0 bytes, rom_symdef.txt(ABSOLUTE))
<BR><BR>[Called By]<UL><LI><a href="#[ae]">&gt;&gt;</a>&nbsp;&nbsp;&nbsp;my_llcp_con_up_req_handler (via Veneer)
<LI><a href="#[af]">&gt;&gt;</a>&nbsp;&nbsp;&nbsp;my_llcp_channel_map_req_handler (via Veneer)
</UL>

<P><STRONG><a name="[21]"></a>uart_init_func</STRONG> (Thumb, 0 bytes, Stack size 0 bytes, rom_symdef.txt(ABSOLUTE), UNUSED)
<BR>[Address Reference Count : 1]<UL><LI> jump_table.o(jump_table_mem_area)
</UL>
<P><STRONG><a name="[11f]"></a>uart_flow_on</STRONG> (Thumb, 0 bytes, Stack size 0 bytes, rom_symdef.txt(ABSOLUTE))
<BR><BR>[Called By]<UL><LI><a href="#[23]">&gt;&gt;</a>&nbsp;&nbsp;&nbsp;uart_flow_off_func (via Veneer)
</UL>

<P><STRONG><a name="[22]"></a>uart_flow_on_func</STRONG> (Thumb, 0 bytes, Stack size 0 bytes, rom_symdef.txt(ABSOLUTE), UNUSED)
<BR>[Address Reference Count : 1]<UL><LI> jump_table.o(jump_table_mem_area)
</UL>
<P><STRONG><a name="[24]"></a>uart_finish_transfers_func</STRONG> (Thumb, 0 bytes, Stack size 0 bytes, rom_symdef.txt(ABSOLUTE), UNUSED)
<BR>[Address Reference Count : 1]<UL><LI> jump_table.o(jump_table_mem_area)
</UL>
<P><STRONG><a name="[25]"></a>uart_read_func</STRONG> (Thumb, 0 bytes, Stack size 0 bytes, rom_symdef.txt(ABSOLUTE), UNUSED)
<BR>[Address Reference Count : 1]<UL><LI> jump_table.o(jump_table_mem_area)
</UL>
<P><STRONG><a name="[26]"></a>uart_write_func</STRONG> (Thumb, 0 bytes, Stack size 0 bytes, rom_symdef.txt(ABSOLUTE), UNUSED)
<BR>[Address Reference Count : 1]<UL><LI> jump_table.o(jump_table_mem_area)
</UL>
<P><STRONG><a name="[12]"></a>UART_Handler</STRONG> (Thumb, 0 bytes, Stack size 0 bytes, rom_symdef.txt(ABSOLUTE), UNUSED)
<BR>[Address Reference Count : 1]<UL><LI> boot_vectors.o(RESET)
</UL>
<P><STRONG><a name="[27]"></a>UART_Handler_func</STRONG> (Thumb, 0 bytes, Stack size 0 bytes, rom_symdef.txt(ABSOLUTE), UNUSED)
<BR>[Address Reference Count : 1]<UL><LI> jump_table.o(jump_table_mem_area)
</UL>
<P><STRONG><a name="[3b]"></a>GPADC_init_func</STRONG> (Thumb, 0 bytes, Stack size 0 bytes, rom_symdef.txt(ABSOLUTE), UNUSED)
<BR>[Address Reference Count : 1]<UL><LI> jump_table.o(jump_table_mem_area)
</UL>
<P><STRONG><a name="[3c]"></a>meas_precharge_freq_func</STRONG> (Thumb, 0 bytes, Stack size 0 bytes, rom_symdef.txt(ABSOLUTE), UNUSED)
<BR>[Address Reference Count : 1]<UL><LI> jump_table.o(jump_table_mem_area)
</UL>
<P><STRONG><a name="[3d]"></a>check_pll_lock_func</STRONG> (Thumb, 0 bytes, Stack size 0 bytes, rom_symdef.txt(ABSOLUTE), UNUSED)
<BR>[Address Reference Count : 1]<UL><LI> jump_table.o(jump_table_mem_area)
</UL>
<P><STRONG><a name="[3e]"></a>update_calcap_min_channel_func</STRONG> (Thumb, 0 bytes, Stack size 0 bytes, rom_symdef.txt(ABSOLUTE), UNUSED)
<BR>[Address Reference Count : 1]<UL><LI> jump_table.o(jump_table_mem_area)
</UL>
<P><STRONG><a name="[3f]"></a>update_calcap_max_channel_func</STRONG> (Thumb, 0 bytes, Stack size 0 bytes, rom_symdef.txt(ABSOLUTE), UNUSED)
<BR>[Address Reference Count : 1]<UL><LI> jump_table.o(jump_table_mem_area)
</UL>
<P><STRONG><a name="[40]"></a>write_one_SW_LUT_entry_func</STRONG> (Thumb, 0 bytes, Stack size 0 bytes, rom_symdef.txt(ABSOLUTE), UNUSED)
<BR>[Address Reference Count : 1]<UL><LI> jump_table.o(jump_table_mem_area)
</UL>
<P><STRONG><a name="[41]"></a>write_HW_LUT_func</STRONG> (Thumb, 0 bytes, Stack size 0 bytes, rom_symdef.txt(ABSOLUTE), UNUSED)
<BR>[Address Reference Count : 1]<UL><LI> jump_table.o(jump_table_mem_area)
</UL>
<P><STRONG><a name="[42]"></a>clear_HW_LUT_func</STRONG> (Thumb, 0 bytes, Stack size 0 bytes, rom_symdef.txt(ABSOLUTE), UNUSED)
<BR>[Address Reference Count : 1]<UL><LI> jump_table.o(jump_table_mem_area)
</UL>
<P><STRONG><a name="[43]"></a>update_LUT_func</STRONG> (Thumb, 0 bytes, Stack size 0 bytes, rom_symdef.txt(ABSOLUTE), UNUSED)
<BR>[Address Reference Count : 1]<UL><LI> jump_table.o(jump_table_mem_area)
</UL>
<P><STRONG><a name="[44]"></a>save_configure_restore_func</STRONG> (Thumb, 0 bytes, Stack size 0 bytes, rom_symdef.txt(ABSOLUTE), UNUSED)
<BR>[Address Reference Count : 1]<UL><LI> jump_table.o(jump_table_mem_area)
</UL>
<P><STRONG><a name="[45]"></a>update_calcap_ranges_func</STRONG> (Thumb, 0 bytes, Stack size 0 bytes, rom_symdef.txt(ABSOLUTE), UNUSED)
<BR>[Address Reference Count : 1]<UL><LI> jump_table.o(jump_table_mem_area)
</UL>
<P><STRONG><a name="[46]"></a>find_initial_calcap_ranges_func</STRONG> (Thumb, 0 bytes, Stack size 0 bytes, rom_symdef.txt(ABSOLUTE), UNUSED)
<BR>[Address Reference Count : 1]<UL><LI> jump_table.o(jump_table_mem_area)
</UL>
<P><STRONG><a name="[11a]"></a>pll_vcocal_LUT_InitUpdate</STRONG> (Thumb, 0 bytes, Stack size 0 bytes, rom_symdef.txt(ABSOLUTE))
<BR><BR>[Called By]<UL><LI><a href="#[1f]">&gt;&gt;</a>&nbsp;&nbsp;&nbsp;rf_init_func (via Veneer)
<LI><a href="#[108]">&gt;&gt;</a>&nbsp;&nbsp;&nbsp;conditionally_run_radio_cals (via Veneer)
</UL>

<P><STRONG><a name="[47]"></a>pll_vcocal_LUT_InitUpdate_func</STRONG> (Thumb, 0 bytes, Stack size 0 bytes, rom_symdef.txt(ABSOLUTE), UNUSED)
<BR>[Address Reference Count : 1]<UL><LI> jump_table.o(jump_table_mem_area)
</UL>
<P><STRONG><a name="[196]"></a>set_rf_cal_cap</STRONG> (Thumb, 0 bytes, Stack size 0 bytes, rom_symdef.txt(ABSOLUTE))
<BR><BR>[Called By]<UL><LI><a href="#[10]">&gt;&gt;</a>&nbsp;&nbsp;&nbsp;BLE_RF_DIAG_Handler (via Veneer)
</UL>

<P><STRONG><a name="[48]"></a>set_rf_cal_cap_func</STRONG> (Thumb, 0 bytes, Stack size 0 bytes, rom_symdef.txt(ABSOLUTE), UNUSED)
<BR>[Address Reference Count : 1]<UL><LI> jump_table.o(jump_table_mem_area)
</UL>
<P><STRONG><a name="[4a]"></a>modulationGainCalibration_func</STRONG> (Thumb, 0 bytes, Stack size 0 bytes, rom_symdef.txt(ABSOLUTE), UNUSED)
<BR>[Address Reference Count : 1]<UL><LI> jump_table.o(jump_table_mem_area)
</UL>
<P><STRONG><a name="[179]"></a>DCoffsetCalibration</STRONG> (Thumb, 0 bytes, Stack size 0 bytes, rom_symdef.txt(ABSOLUTE))
<BR><BR>[Called By]<UL><LI><a href="#[176]">&gt;&gt;</a>&nbsp;&nbsp;&nbsp;rfpt_init (via Veneer)
</UL>

<P><STRONG><a name="[4b]"></a>DCoffsetCalibration_func</STRONG> (Thumb, 0 bytes, Stack size 0 bytes, rom_symdef.txt(ABSOLUTE), UNUSED)
<BR>[Address Reference Count : 1]<UL><LI> jump_table.o(jump_table_mem_area)
</UL>
<P><STRONG><a name="[178]"></a>IffCalibration</STRONG> (Thumb, 0 bytes, Stack size 0 bytes, rom_symdef.txt(ABSOLUTE))
<BR><BR>[Called By]<UL><LI><a href="#[176]">&gt;&gt;</a>&nbsp;&nbsp;&nbsp;rfpt_init (via Veneer)
</UL>

<P><STRONG><a name="[4c]"></a>IffCalibration_func</STRONG> (Thumb, 0 bytes, Stack size 0 bytes, rom_symdef.txt(ABSOLUTE), UNUSED)
<BR>[Address Reference Count : 1]<UL><LI> jump_table.o(jump_table_mem_area)
</UL>
<P><STRONG><a name="[11b]"></a>rf_calibration</STRONG> (Thumb, 0 bytes, Stack size 0 bytes, rom_symdef.txt(ABSOLUTE))
<BR><BR>[Called By]<UL><LI><a href="#[1f]">&gt;&gt;</a>&nbsp;&nbsp;&nbsp;rf_init_func (via Veneer)
<LI><a href="#[108]">&gt;&gt;</a>&nbsp;&nbsp;&nbsp;conditionally_run_radio_cals (via Veneer)
</UL>

<P><STRONG><a name="[4d]"></a>rf_calibration_func</STRONG> (Thumb, 0 bytes, Stack size 0 bytes, rom_symdef.txt(ABSOLUTE), UNUSED)
<BR>[Address Reference Count : 1]<UL><LI> jump_table.o(jump_table_mem_area)
</UL>
<P><STRONG><a name="[119]"></a>get_rc16m_count</STRONG> (Thumb, 0 bytes, Stack size 0 bytes, rom_symdef.txt(ABSOLUTE))
<BR><BR>[Called By]<UL><LI><a href="#[1f]">&gt;&gt;</a>&nbsp;&nbsp;&nbsp;rf_init_func (via Veneer)
<LI><a href="#[108]">&gt;&gt;</a>&nbsp;&nbsp;&nbsp;conditionally_run_radio_cals (via Veneer)
</UL>

<P><STRONG><a name="[118]"></a>$Super$$get_rc16m_count_func</STRONG> (Thumb, 0 bytes, Stack size 0 bytes, rom_symdef.txt(ABSOLUTE))
<BR><BR>[Called By]<UL><LI><a href="#[4e]">&gt;&gt;</a>&nbsp;&nbsp;&nbsp;get_rc16m_count_func (via Veneer)
</UL>

<P><STRONG><a name="[197]"></a>set_gauss_modgain</STRONG> (Thumb, 0 bytes, Stack size 0 bytes, rom_symdef.txt(ABSOLUTE))
<BR><BR>[Called By]<UL><LI><a href="#[10]">&gt;&gt;</a>&nbsp;&nbsp;&nbsp;BLE_RF_DIAG_Handler (via Veneer)
</UL>

<P><STRONG><a name="[4f]"></a>set_gauss_modgain_func</STRONG> (Thumb, 0 bytes, Stack size 0 bytes, rom_symdef.txt(ABSOLUTE), UNUSED)
<BR>[Address Reference Count : 1]<UL><LI> jump_table.o(jump_table_mem_area)
</UL>
<P><STRONG><a name="[12f]"></a>enable_rf_diag_irq</STRONG> (Thumb, 0 bytes, Stack size 0 bytes, rom_symdef.txt(ABSOLUTE))
<BR><BR>[Called By]<UL><LI><a href="#[2c]">&gt;&gt;</a>&nbsp;&nbsp;&nbsp;rf_reinit_func (via Veneer)
<LI><a href="#[103]">&gt;&gt;</a>&nbsp;&nbsp;&nbsp;system_init (via Veneer)
</UL>

<P><STRONG><a name="[49]"></a>enable_rf_diag_irq_func</STRONG> (Thumb, 0 bytes, Stack size 0 bytes, rom_symdef.txt(ABSOLUTE), UNUSED)
<BR>[Address Reference Count : 1]<UL><LI> jump_table.o(jump_table_mem_area)
</UL>
<P><STRONG><a name="[38]"></a>gtl_hci_rx_header_func</STRONG> (Thumb, 0 bytes, Stack size 0 bytes, rom_symdef.txt(ABSOLUTE), UNUSED)
<BR>[Address Reference Count : 1]<UL><LI> jump_table.o(jump_table_mem_area)
</UL>
<P><STRONG><a name="[39]"></a>gtl_hci_rx_payload_func</STRONG> (Thumb, 0 bytes, Stack size 0 bytes, rom_symdef.txt(ABSOLUTE), UNUSED)
<BR>[Address Reference Count : 1]<UL><LI> jump_table.o(jump_table_mem_area)
</UL>
<P><STRONG><a name="[3a]"></a>gtl_hci_tx_evt_func</STRONG> (Thumb, 0 bytes, Stack size 0 bytes, rom_symdef.txt(ABSOLUTE), UNUSED)
<BR>[Address Reference Count : 1]<UL><LI> jump_table.o(jump_table_mem_area)
</UL>
<P><STRONG><a name="[2e]"></a>gtl_eif_init_func</STRONG> (Thumb, 0 bytes, Stack size 0 bytes, rom_symdef.txt(ABSOLUTE), UNUSED)
<BR>[Address Reference Count : 1]<UL><LI> jump_table.o(jump_table_mem_area)
</UL>
<P><STRONG><a name="[29d]"></a>attmdb_add_service</STRONG> (Thumb, 0 bytes, Stack size 0 bytes, rom_symdef.txt(ABSOLUTE), UNUSED)
<BR><BR>[Called By]<UL></UL>

<P><STRONG><a name="[29e]"></a>attmdb_add_attribute</STRONG> (Thumb, 0 bytes, Stack size 0 bytes, rom_symdef.txt(ABSOLUTE), UNUSED)
<BR><BR>[Called By]<UL></UL>

<P><STRONG><a name="[1b1]"></a>attmdb_att_set_value</STRONG> (Thumb, 0 bytes, Stack size 0 bytes, rom_symdef.txt(ABSOLUTE))
<BR><BR>[Called By]<UL><LI><a href="#[bc]">&gt;&gt;</a>&nbsp;&nbsp;&nbsp;gattc_write_cmd_ind_handler (via Veneer)
<LI><a href="#[bd]">&gt;&gt;</a>&nbsp;&nbsp;&nbsp;wechat_send_indication_req_handler (via Veneer)
<LI><a href="#[bb]">&gt;&gt;</a>&nbsp;&nbsp;&nbsp;wechat_enable_req_handler (via Veneer)
</UL>

<P><STRONG><a name="[29f]"></a>attmdb_att_partial_value_update</STRONG> (Thumb, 0 bytes, Stack size 0 bytes, rom_symdef.txt(ABSOLUTE), UNUSED)
<BR><BR>[Called By]<UL></UL>

<P><STRONG><a name="[1ae]"></a>attmdb_svc_set_permission</STRONG> (Thumb, 0 bytes, Stack size 0 bytes, rom_symdef.txt(ABSOLUTE))
<BR><BR>[Called By]<UL><LI><a href="#[bb]">&gt;&gt;</a>&nbsp;&nbsp;&nbsp;wechat_enable_req_handler (via Veneer)
<LI><a href="#[ba]">&gt;&gt;</a>&nbsp;&nbsp;&nbsp;wechat_create_db_req_handler (via Veneer)
<LI><a href="#[1ad]">&gt;&gt;</a>&nbsp;&nbsp;&nbsp;wechat_disable (via Veneer)
</UL>

<P><STRONG><a name="[1af]"></a>attm_svc_create_db</STRONG> (Thumb, 0 bytes, Stack size 0 bytes, rom_symdef.txt(ABSOLUTE))
<BR><BR>[Called By]<UL><LI><a href="#[ba]">&gt;&gt;</a>&nbsp;&nbsp;&nbsp;wechat_create_db_req_handler (via Veneer)
</UL>

<P><STRONG><a name="[138]"></a>atts_mtu_exc_resp</STRONG> (Thumb, 0 bytes, Stack size 0 bytes, rom_symdef.txt(ABSOLUTE))
<BR><BR>[Called By]<UL><LI><a href="#[8d]">&gt;&gt;</a>&nbsp;&nbsp;&nbsp;l2cc_pdu_recv_ind_handler (via Veneer)
</UL>

<P><STRONG><a name="[139]"></a>atts_find_info_resp</STRONG> (Thumb, 0 bytes, Stack size 0 bytes, rom_symdef.txt(ABSOLUTE))
<BR><BR>[Called By]<UL><LI><a href="#[8d]">&gt;&gt;</a>&nbsp;&nbsp;&nbsp;l2cc_pdu_recv_ind_handler (via Veneer)
</UL>

<P><STRONG><a name="[13a]"></a>atts_find_by_type_resp</STRONG> (Thumb, 0 bytes, Stack size 0 bytes, rom_symdef.txt(ABSOLUTE))
<BR><BR>[Called By]<UL><LI><a href="#[8d]">&gt;&gt;</a>&nbsp;&nbsp;&nbsp;l2cc_pdu_recv_ind_handler (via Veneer)
</UL>

<P><STRONG><a name="[13b]"></a>atts_read_by_type_resp</STRONG> (Thumb, 0 bytes, Stack size 0 bytes, rom_symdef.txt(ABSOLUTE))
<BR><BR>[Called By]<UL><LI><a href="#[8d]">&gt;&gt;</a>&nbsp;&nbsp;&nbsp;l2cc_pdu_recv_ind_handler (via Veneer)
</UL>

<P><STRONG><a name="[13c]"></a>atts_read_by_grp_type_resp</STRONG> (Thumb, 0 bytes, Stack size 0 bytes, rom_symdef.txt(ABSOLUTE))
<BR><BR>[Called By]<UL><LI><a href="#[8d]">&gt;&gt;</a>&nbsp;&nbsp;&nbsp;l2cc_pdu_recv_ind_handler (via Veneer)
</UL>

<P><STRONG><a name="[13d]"></a>atts_read_resp</STRONG> (Thumb, 0 bytes, Stack size 0 bytes, rom_symdef.txt(ABSOLUTE))
<BR><BR>[Called By]<UL><LI><a href="#[8d]">&gt;&gt;</a>&nbsp;&nbsp;&nbsp;l2cc_pdu_recv_ind_handler (via Veneer)
</UL>

<P><STRONG><a name="[13e]"></a>atts_read_blob_resp</STRONG> (Thumb, 0 bytes, Stack size 0 bytes, rom_symdef.txt(ABSOLUTE))
<BR><BR>[Called By]<UL><LI><a href="#[8d]">&gt;&gt;</a>&nbsp;&nbsp;&nbsp;l2cc_pdu_recv_ind_handler (via Veneer)
</UL>

<P><STRONG><a name="[13f]"></a>atts_read_mult_resp</STRONG> (Thumb, 0 bytes, Stack size 0 bytes, rom_symdef.txt(ABSOLUTE))
<BR><BR>[Called By]<UL><LI><a href="#[8d]">&gt;&gt;</a>&nbsp;&nbsp;&nbsp;l2cc_pdu_recv_ind_handler (via Veneer)
</UL>

<P><STRONG><a name="[140]"></a>atts_write_no_resp</STRONG> (Thumb, 0 bytes, Stack size 0 bytes, rom_symdef.txt(ABSOLUTE))
<BR><BR>[Called By]<UL><LI><a href="#[8d]">&gt;&gt;</a>&nbsp;&nbsp;&nbsp;l2cc_pdu_recv_ind_handler (via Veneer)
</UL>

<P><STRONG><a name="[141]"></a>atts_write_resp</STRONG> (Thumb, 0 bytes, Stack size 0 bytes, rom_symdef.txt(ABSOLUTE))
<BR><BR>[Called By]<UL><LI><a href="#[8d]">&gt;&gt;</a>&nbsp;&nbsp;&nbsp;l2cc_pdu_recv_ind_handler (via Veneer)
</UL>

<P><STRONG><a name="[142]"></a>atts_signed_write_resp</STRONG> (Thumb, 0 bytes, Stack size 0 bytes, rom_symdef.txt(ABSOLUTE))
<BR><BR>[Called By]<UL><LI><a href="#[8d]">&gt;&gt;</a>&nbsp;&nbsp;&nbsp;l2cc_pdu_recv_ind_handler (via Veneer)
</UL>

<P><STRONG><a name="[143]"></a>atts_prepare_write_resp</STRONG> (Thumb, 0 bytes, Stack size 0 bytes, rom_symdef.txt(ABSOLUTE))
<BR><BR>[Called By]<UL><LI><a href="#[8d]">&gt;&gt;</a>&nbsp;&nbsp;&nbsp;l2cc_pdu_recv_ind_handler (via Veneer)
</UL>

<P><STRONG><a name="[144]"></a>atts_execute_write_resp</STRONG> (Thumb, 0 bytes, Stack size 0 bytes, rom_symdef.txt(ABSOLUTE))
<BR><BR>[Called By]<UL><LI><a href="#[8d]">&gt;&gt;</a>&nbsp;&nbsp;&nbsp;l2cc_pdu_recv_ind_handler (via Veneer)
</UL>

<P><STRONG><a name="[136]"></a>atts_send_cmd_cmp</STRONG> (Thumb, 0 bytes, Stack size 0 bytes, rom_symdef.txt(ABSOLUTE))
<BR><BR>[Called By]<UL><LI><a href="#[8d]">&gt;&gt;</a>&nbsp;&nbsp;&nbsp;l2cc_pdu_recv_ind_handler (via Veneer)
</UL>

<P><STRONG><a name="[1b2]"></a>atts_write_rsp_send</STRONG> (Thumb, 0 bytes, Stack size 0 bytes, rom_symdef.txt(ABSOLUTE))
<BR><BR>[Called By]<UL><LI><a href="#[bc]">&gt;&gt;</a>&nbsp;&nbsp;&nbsp;gattc_write_cmd_ind_handler (via Veneer)
</UL>

<P><STRONG><a name="[15d]"></a>smpc_check_max_key_size</STRONG> (Thumb, 0 bytes, Stack size 0 bytes, rom_symdef.txt(ABSOLUTE))
<BR><BR>[Called By]<UL><LI><a href="#[90]">&gt;&gt;</a>&nbsp;&nbsp;&nbsp;smpc_pairing_cfm_handler (via Veneer)
</UL>

<P><STRONG><a name="[15e]"></a>smpc_check_key_distrib</STRONG> (Thumb, 0 bytes, Stack size 0 bytes, rom_symdef.txt(ABSOLUTE))
<BR><BR>[Called By]<UL><LI><a href="#[90]">&gt;&gt;</a>&nbsp;&nbsp;&nbsp;smpc_pairing_cfm_handler (via Veneer)
</UL>

<P><STRONG><a name="[158]"></a>smpc_generate_rand</STRONG> (Thumb, 0 bytes, Stack size 0 bytes, rom_symdef.txt(ABSOLUTE))
<BR><BR>[Called By]<UL><LI><a href="#[90]">&gt;&gt;</a>&nbsp;&nbsp;&nbsp;smpc_pairing_cfm_handler (via Veneer)
</UL>

<P><STRONG><a name="[15c]"></a>smpc_pairing_end</STRONG> (Thumb, 0 bytes, Stack size 0 bytes, rom_symdef.txt(ABSOLUTE))
<BR><BR>[Called By]<UL><LI><a href="#[90]">&gt;&gt;</a>&nbsp;&nbsp;&nbsp;smpc_pairing_cfm_handler (via Veneer)
</UL>

<P><STRONG><a name="[15b]"></a>smpc_tkdp_rcp_start</STRONG> (Thumb, 0 bytes, Stack size 0 bytes, rom_symdef.txt(ABSOLUTE))
<BR><BR>[Called By]<UL><LI><a href="#[90]">&gt;&gt;</a>&nbsp;&nbsp;&nbsp;smpc_pairing_cfm_handler (via Veneer)
</UL>

<P><STRONG><a name="[15a]"></a>smpc_pdu_send</STRONG> (Thumb, 0 bytes, Stack size 0 bytes, rom_symdef.txt(ABSOLUTE))
<BR><BR>[Called By]<UL><LI><a href="#[90]">&gt;&gt;</a>&nbsp;&nbsp;&nbsp;smpc_pairing_cfm_handler (via Veneer)
</UL>

<P><STRONG><a name="[159]"></a>smpc_tkdp_send_continue</STRONG> (Thumb, 0 bytes, Stack size 0 bytes, rom_symdef.txt(ABSOLUTE))
<BR><BR>[Called By]<UL><LI><a href="#[90]">&gt;&gt;</a>&nbsp;&nbsp;&nbsp;smpc_pairing_cfm_handler (via Veneer)
</UL>

<P><STRONG><a name="[15f]"></a>smpc_get_key_sec_prop</STRONG> (Thumb, 0 bytes, Stack size 0 bytes, rom_symdef.txt(ABSOLUTE))
<BR><BR>[Called By]<UL><LI><a href="#[90]">&gt;&gt;</a>&nbsp;&nbsp;&nbsp;smpc_pairing_cfm_handler (via Veneer)
</UL>

<P><STRONG><a name="[160]"></a>smpc_is_sec_mode_reached</STRONG> (Thumb, 0 bytes, Stack size 0 bytes, rom_symdef.txt(ABSOLUTE))
<BR><BR>[Called By]<UL><LI><a href="#[90]">&gt;&gt;</a>&nbsp;&nbsp;&nbsp;smpc_pairing_cfm_handler (via Veneer)
</UL>

<P><STRONG><a name="[1a7]"></a>gapc_send_disconect_ind</STRONG> (Thumb, 0 bytes, Stack size 0 bytes, rom_symdef.txt(ABSOLUTE))
<BR><BR>[Called By]<UL><LI><a href="#[34]">&gt;&gt;</a>&nbsp;&nbsp;&nbsp;prf_cleanup_func (via Veneer)
</UL>

<P><STRONG><a name="[1b0]"></a>gapc_get_conidx</STRONG> (Thumb, 0 bytes, Stack size 0 bytes, rom_symdef.txt(ABSOLUTE))
<BR><BR>[Called By]<UL><LI><a href="#[bb]">&gt;&gt;</a>&nbsp;&nbsp;&nbsp;wechat_enable_req_handler (via Veneer)
</UL>

<P><STRONG><a name="[1a4]"></a>gapc_get_conhdl</STRONG> (Thumb, 0 bytes, Stack size 0 bytes, rom_symdef.txt(ABSOLUTE))
<BR><BR>[Called By]<UL><LI><a href="#[bd]">&gt;&gt;</a>&nbsp;&nbsp;&nbsp;wechat_send_indication_req_handler (via Veneer)
<LI><a href="#[1ad]">&gt;&gt;</a>&nbsp;&nbsp;&nbsp;wechat_disable (via Veneer)
<LI><a href="#[1ab]">&gt;&gt;</a>&nbsp;&nbsp;&nbsp;wechat_enable_indication (via Veneer)
<LI><a href="#[1aa]">&gt;&gt;</a>&nbsp;&nbsp;&nbsp;wechat_send_write_val (via Veneer)
<LI><a href="#[1a3]">&gt;&gt;</a>&nbsp;&nbsp;&nbsp;prf_server_error_ind_send (via Veneer)
</UL>

<P><STRONG><a name="[156]"></a>gapc_get_role</STRONG> (Thumb, 0 bytes, Stack size 0 bytes, rom_symdef.txt(ABSOLUTE))
<BR><BR>[Called By]<UL><LI><a href="#[8e]">&gt;&gt;</a>&nbsp;&nbsp;&nbsp;smpc_send_pairing_req_ind (via Veneer)
<LI><a href="#[90]">&gt;&gt;</a>&nbsp;&nbsp;&nbsp;smpc_pairing_cfm_handler (via Veneer)
</UL>

<P><STRONG><a name="[155]"></a>gapc_get_enc_keysize</STRONG> (Thumb, 0 bytes, Stack size 0 bytes, rom_symdef.txt(ABSOLUTE))
<BR><BR>[Called By]<UL><LI><a href="#[8e]">&gt;&gt;</a>&nbsp;&nbsp;&nbsp;smpc_send_pairing_req_ind (via Veneer)
<LI><a href="#[90]">&gt;&gt;</a>&nbsp;&nbsp;&nbsp;smpc_pairing_cfm_handler (via Veneer)
</UL>

<P><STRONG><a name="[14a]"></a>gapm_get_privacy_flag</STRONG> (Thumb, 0 bytes, Stack size 0 bytes, rom_symdef.txt(ABSOLUTE))
<BR><BR>[Called By]<UL><LI><a href="#[92]">&gt;&gt;</a>&nbsp;&nbsp;&nbsp;patched_gapm_adv_op_sanity (via Veneer)
</UL>

<P><STRONG><a name="[14c]"></a>gapm_set_recon_addr</STRONG> (Thumb, 0 bytes, Stack size 0 bytes, rom_symdef.txt(ABSOLUTE))
<BR><BR>[Called By]<UL><LI><a href="#[92]">&gt;&gt;</a>&nbsp;&nbsp;&nbsp;patched_gapm_adv_op_sanity (via Veneer)
</UL>

<P><STRONG><a name="[19e]"></a>ke_sleep_check</STRONG> (Thumb, 0 bytes, Stack size 0 bytes, rom_symdef.txt(ABSOLUTE))
<BR><BR>[Called By]<UL><LI><a href="#[109]">&gt;&gt;</a>&nbsp;&nbsp;&nbsp;rwip_sleep (via Veneer)
</UL>

<P><STRONG><a name="[153]"></a>ke_event_callback_set</STRONG> (Thumb, 0 bytes, Stack size 0 bytes, rom_symdef.txt(ABSOLUTE))
<BR><BR>[Called By]<UL><LI><a href="#[2f]">&gt;&gt;</a>&nbsp;&nbsp;&nbsp;ke_task_init_func (via Veneer)
</UL>

<P><STRONG><a name="[151]"></a>ke_event_clear</STRONG> (Thumb, 0 bytes, Stack size 0 bytes, rom_symdef.txt(ABSOLUTE))
<BR><BR>[Called By]<UL><LI><a href="#[5a]">&gt;&gt;</a>&nbsp;&nbsp;&nbsp;ke_task_schedule (via Veneer)
</UL>

<P><STRONG><a name="[105]"></a>ke_event_get</STRONG> (Thumb, 0 bytes, Stack size 0 bytes, rom_symdef.txt(ABSOLUTE))
<BR><BR>[Called By]<UL><LI><a href="#[1e]">&gt;&gt;</a>&nbsp;&nbsp;&nbsp;main_func (via Veneer)
</UL>

<P><STRONG><a name="[10d]"></a>ke_mem_is_empty</STRONG> (Thumb, 0 bytes, Stack size 0 bytes, rom_symdef.txt(ABSOLUTE))
<BR><BR>[Called By]<UL><LI><a href="#[10a]">&gt;&gt;</a>&nbsp;&nbsp;&nbsp;arch_goto_sleep (via Veneer)
</UL>

<P><STRONG><a name="[ed]"></a>ke_malloc</STRONG> (Thumb, 0 bytes, Stack size 0 bytes, rom_symdef.txt(ABSOLUTE))
<BR><BR>[Called By]<UL><LI><a href="#[ec]">&gt;&gt;</a>&nbsp;&nbsp;&nbsp;create_msg (via Veneer)
<LI><a href="#[e0]">&gt;&gt;</a>&nbsp;&nbsp;&nbsp;mpbledemo2_data_produce_func (via Veneer)
<LI><a href="#[236]">&gt;&gt;</a>&nbsp;&nbsp;&nbsp;epb_unpack_switch_backgroud_push (via Veneer)
<LI><a href="#[234]">&gt;&gt;</a>&nbsp;&nbsp;&nbsp;epb_unpack_switch_view_push (via Veneer)
<LI><a href="#[232]">&gt;&gt;</a>&nbsp;&nbsp;&nbsp;epb_unpack_recv_data_push (via Veneer)
<LI><a href="#[230]">&gt;&gt;</a>&nbsp;&nbsp;&nbsp;epb_unpack_send_data_response (via Veneer)
<LI><a href="#[22f]">&gt;&gt;</a>&nbsp;&nbsp;&nbsp;epb_pack_send_data_request (via Veneer)
<LI><a href="#[22c]">&gt;&gt;</a>&nbsp;&nbsp;&nbsp;epb_unpack_init_response (via Veneer)
<LI><a href="#[22b]">&gt;&gt;</a>&nbsp;&nbsp;&nbsp;epb_pack_init_request (via Veneer)
<LI><a href="#[228]">&gt;&gt;</a>&nbsp;&nbsp;&nbsp;epb_unpack_auth_response (via Veneer)
<LI><a href="#[227]">&gt;&gt;</a>&nbsp;&nbsp;&nbsp;epb_pack_auth_request (via Veneer)
<LI><a href="#[223]">&gt;&gt;</a>&nbsp;&nbsp;&nbsp;epb_unpack_base_push (via Veneer)
<LI><a href="#[220]">&gt;&gt;</a>&nbsp;&nbsp;&nbsp;epb_unpack_base_response (via Veneer)
<LI><a href="#[1ed]">&gt;&gt;</a>&nbsp;&nbsp;&nbsp;ble_wechat_process_received_data (via Veneer)
</UL>

<P><STRONG><a name="[ee]"></a>ke_free</STRONG> (Thumb, 0 bytes, Stack size 0 bytes, rom_symdef.txt(ABSOLUTE))
<BR><BR>[Called By]<UL><LI><a href="#[ef]">&gt;&gt;</a>&nbsp;&nbsp;&nbsp;delete_msg (via Veneer)
<LI><a href="#[ec]">&gt;&gt;</a>&nbsp;&nbsp;&nbsp;create_msg (via Veneer)
<LI><a href="#[b9]">&gt;&gt;</a>&nbsp;&nbsp;&nbsp;my_lld_stop_ind_handler (via Veneer)
<LI><a href="#[e0]">&gt;&gt;</a>&nbsp;&nbsp;&nbsp;mpbledemo2_data_produce_func (via Veneer)
<LI><a href="#[e1]">&gt;&gt;</a>&nbsp;&nbsp;&nbsp;mpbledemo2_data_free_func (via Veneer)
<LI><a href="#[237]">&gt;&gt;</a>&nbsp;&nbsp;&nbsp;epb_unpack_switch_backgroud_push_free (via Veneer)
<LI><a href="#[236]">&gt;&gt;</a>&nbsp;&nbsp;&nbsp;epb_unpack_switch_backgroud_push (via Veneer)
<LI><a href="#[235]">&gt;&gt;</a>&nbsp;&nbsp;&nbsp;epb_unpack_switch_view_push_free (via Veneer)
<LI><a href="#[234]">&gt;&gt;</a>&nbsp;&nbsp;&nbsp;epb_unpack_switch_view_push (via Veneer)
<LI><a href="#[233]">&gt;&gt;</a>&nbsp;&nbsp;&nbsp;epb_unpack_recv_data_push_free (via Veneer)
<LI><a href="#[232]">&gt;&gt;</a>&nbsp;&nbsp;&nbsp;epb_unpack_recv_data_push (via Veneer)
<LI><a href="#[231]">&gt;&gt;</a>&nbsp;&nbsp;&nbsp;epb_unpack_send_data_response_free (via Veneer)
<LI><a href="#[230]">&gt;&gt;</a>&nbsp;&nbsp;&nbsp;epb_unpack_send_data_response (via Veneer)
<LI><a href="#[22f]">&gt;&gt;</a>&nbsp;&nbsp;&nbsp;epb_pack_send_data_request (via Veneer)
<LI><a href="#[22d]">&gt;&gt;</a>&nbsp;&nbsp;&nbsp;epb_unpack_init_response_free (via Veneer)
<LI><a href="#[22c]">&gt;&gt;</a>&nbsp;&nbsp;&nbsp;epb_unpack_init_response (via Veneer)
<LI><a href="#[22b]">&gt;&gt;</a>&nbsp;&nbsp;&nbsp;epb_pack_init_request (via Veneer)
<LI><a href="#[229]">&gt;&gt;</a>&nbsp;&nbsp;&nbsp;epb_unpack_auth_response_free (via Veneer)
<LI><a href="#[228]">&gt;&gt;</a>&nbsp;&nbsp;&nbsp;epb_unpack_auth_response (via Veneer)
<LI><a href="#[227]">&gt;&gt;</a>&nbsp;&nbsp;&nbsp;epb_pack_auth_request (via Veneer)
<LI><a href="#[224]">&gt;&gt;</a>&nbsp;&nbsp;&nbsp;epb_unpack_base_push_free (via Veneer)
<LI><a href="#[222]">&gt;&gt;</a>&nbsp;&nbsp;&nbsp;epb_unpack_base_response_free (via Veneer)
</UL>

<P><STRONG><a name="[154]"></a>ke_msg_alloc</STRONG> (Thumb, 0 bytes, Stack size 0 bytes, rom_symdef.txt(ABSOLUTE))
<BR><BR>[Called By]<UL><LI><a href="#[8e]">&gt;&gt;</a>&nbsp;&nbsp;&nbsp;smpc_send_pairing_req_ind (via Veneer)
<LI><a href="#[c2]">&gt;&gt;</a>&nbsp;&nbsp;&nbsp;gapm_device_ready_ind_handler (via Veneer)
<LI><a href="#[c1]">&gt;&gt;</a>&nbsp;&nbsp;&nbsp;app_wechat_enable (via Veneer)
<LI><a href="#[c0]">&gt;&gt;</a>&nbsp;&nbsp;&nbsp;app_wechat_create_db (via Veneer)
<LI><a href="#[1d6]">&gt;&gt;</a>&nbsp;&nbsp;&nbsp;app_easy_gap_dev_config_create_msg (via Veneer)
<LI><a href="#[1d5]">&gt;&gt;</a>&nbsp;&nbsp;&nbsp;app_easy_gap_undirected_advertise_start_create_msg (via Veneer)
<LI><a href="#[1bf]">&gt;&gt;</a>&nbsp;&nbsp;&nbsp;app_easy_security_set_tk (via Veneer)
<LI><a href="#[1cd]">&gt;&gt;</a>&nbsp;&nbsp;&nbsp;app_easy_gap_disconnect (via Veneer)
<LI><a href="#[1c9]">&gt;&gt;</a>&nbsp;&nbsp;&nbsp;app_easy_gap_confirm (via Veneer)
<LI><a href="#[ba]">&gt;&gt;</a>&nbsp;&nbsp;&nbsp;wechat_create_db_req_handler (via Veneer)
<LI><a href="#[1ad]">&gt;&gt;</a>&nbsp;&nbsp;&nbsp;wechat_disable (via Veneer)
<LI><a href="#[1ac]">&gt;&gt;</a>&nbsp;&nbsp;&nbsp;wechat_indication_cfm_send (via Veneer)
<LI><a href="#[1ab]">&gt;&gt;</a>&nbsp;&nbsp;&nbsp;wechat_enable_indication (via Veneer)
<LI><a href="#[1aa]">&gt;&gt;</a>&nbsp;&nbsp;&nbsp;wechat_send_write_val (via Veneer)
<LI><a href="#[1a5]">&gt;&gt;</a>&nbsp;&nbsp;&nbsp;prf_server_send_event (via Veneer)
<LI><a href="#[1a3]">&gt;&gt;</a>&nbsp;&nbsp;&nbsp;prf_server_error_ind_send (via Veneer)
<LI><a href="#[e7]">&gt;&gt;</a>&nbsp;&nbsp;&nbsp;mpbledemo2_button_handler (via Veneer)
<LI><a href="#[1fa]">&gt;&gt;</a>&nbsp;&nbsp;&nbsp;app_easy_security_encrypt_cfm_create_msg (via Veneer)
<LI><a href="#[1f9]">&gt;&gt;</a>&nbsp;&nbsp;&nbsp;app_easy_security_bond_cfm_ltk_exch_create_msg (via Veneer)
<LI><a href="#[1f8]">&gt;&gt;</a>&nbsp;&nbsp;&nbsp;app_easy_security_csrk_exch_create_msg (via Veneer)
<LI><a href="#[1f7]">&gt;&gt;</a>&nbsp;&nbsp;&nbsp;app_easy_security_tk_exch_create_msg (via Veneer)
<LI><a href="#[1f6]">&gt;&gt;</a>&nbsp;&nbsp;&nbsp;app_easy_security_pairing_rsp_create_msg (via Veneer)
<LI><a href="#[cf]">&gt;&gt;</a>&nbsp;&nbsp;&nbsp;app_wechat_create_db_cfm_handler (via Veneer)
<LI><a href="#[1e9]">&gt;&gt;</a>&nbsp;&nbsp;&nbsp;ble_wechat_indicate_data_chunk (via Veneer)
</UL>

<P><STRONG><a name="[157]"></a>ke_msg_send</STRONG> (Thumb, 0 bytes, Stack size 0 bytes, rom_symdef.txt(ABSOLUTE))
<BR><BR>[Called By]<UL><LI><a href="#[8e]">&gt;&gt;</a>&nbsp;&nbsp;&nbsp;smpc_send_pairing_req_ind (via Veneer)
<LI><a href="#[c2]">&gt;&gt;</a>&nbsp;&nbsp;&nbsp;gapm_device_ready_ind_handler (via Veneer)
<LI><a href="#[c1]">&gt;&gt;</a>&nbsp;&nbsp;&nbsp;app_wechat_enable (via Veneer)
<LI><a href="#[c0]">&gt;&gt;</a>&nbsp;&nbsp;&nbsp;app_wechat_create_db (via Veneer)
<LI><a href="#[1da]">&gt;&gt;</a>&nbsp;&nbsp;&nbsp;app_easy_gap_dev_configure (via Veneer)
<LI><a href="#[1c0]">&gt;&gt;</a>&nbsp;&nbsp;&nbsp;app_easy_security_tk_exch (via Veneer)
<LI><a href="#[1bc]">&gt;&gt;</a>&nbsp;&nbsp;&nbsp;app_easy_security_send_pairing_rsp (via Veneer)
<LI><a href="#[1c6]">&gt;&gt;</a>&nbsp;&nbsp;&nbsp;app_easy_security_ltk_exch (via Veneer)
<LI><a href="#[1cb]">&gt;&gt;</a>&nbsp;&nbsp;&nbsp;app_easy_security_encrypt_cfm (via Veneer)
<LI><a href="#[1c2]">&gt;&gt;</a>&nbsp;&nbsp;&nbsp;app_easy_security_csrk_exch (via Veneer)
<LI><a href="#[1b4]">&gt;&gt;</a>&nbsp;&nbsp;&nbsp;app_easy_gap_undirected_advertise_start (via Veneer)
<LI><a href="#[1cd]">&gt;&gt;</a>&nbsp;&nbsp;&nbsp;app_easy_gap_disconnect (via Veneer)
<LI><a href="#[1c9]">&gt;&gt;</a>&nbsp;&nbsp;&nbsp;app_easy_gap_confirm (via Veneer)
<LI><a href="#[ba]">&gt;&gt;</a>&nbsp;&nbsp;&nbsp;wechat_create_db_req_handler (via Veneer)
<LI><a href="#[1ad]">&gt;&gt;</a>&nbsp;&nbsp;&nbsp;wechat_disable (via Veneer)
<LI><a href="#[1ac]">&gt;&gt;</a>&nbsp;&nbsp;&nbsp;wechat_indication_cfm_send (via Veneer)
<LI><a href="#[1ab]">&gt;&gt;</a>&nbsp;&nbsp;&nbsp;wechat_enable_indication (via Veneer)
<LI><a href="#[1aa]">&gt;&gt;</a>&nbsp;&nbsp;&nbsp;wechat_send_write_val (via Veneer)
<LI><a href="#[1a5]">&gt;&gt;</a>&nbsp;&nbsp;&nbsp;prf_server_send_event (via Veneer)
<LI><a href="#[1a3]">&gt;&gt;</a>&nbsp;&nbsp;&nbsp;prf_server_error_ind_send (via Veneer)
<LI><a href="#[e7]">&gt;&gt;</a>&nbsp;&nbsp;&nbsp;mpbledemo2_button_handler (via Veneer)
<LI><a href="#[cf]">&gt;&gt;</a>&nbsp;&nbsp;&nbsp;app_wechat_create_db_cfm_handler (via Veneer)
[...]
<BR>[Address Reference Count : 1]<UL><LI> rf_580.o(.text)
</UL>
<P><STRONG><a name="[62]"></a>rf_rssi_convert</STRONG> (Thumb, 4 bytes, Stack size 0 bytes, rf_580.o(.text))
<BR>[Address Reference Count : 1]<UL><LI> rf_580.o(.text)
</UL>
<P><STRONG><a name="[190]"></a>ble_start</STRONG> (Thumb, 14 bytes, Stack size 8 bytes, rwble.o(.text))
<BR><BR>[Stack]<UL><LI>Max Depth = 8<LI>Call Chain = ble_start
</UL>
<BR>[Calls]<UL><LI><a href="#[191]">&gt;&gt;</a>&nbsp;&nbsp;&nbsp;lld_evt_start_isr (via Veneer)
</UL>
<BR>[Called By]<UL><LI><a href="#[7]">&gt;&gt;</a>&nbsp;&nbsp;&nbsp;BLE_FINETGTIM_Handler
<LI><a href="#[9]">&gt;&gt;</a>&nbsp;&nbsp;&nbsp;BLE_CSCNT_Handler
</UL>

<P><STRONG><a name="[198]"></a>rwip_slot_2_lpcycles</STRONG> (Thumb, 18 bytes, Stack size 8 bytes, rwip.o(.text))
<BR><BR>[Stack]<UL><LI>Max Depth = 8<LI>Call Chain = rwip_slot_2_lpcycles
</UL>
<BR>[Calls]<UL><LI><a href="#[f1]">&gt;&gt;</a>&nbsp;&nbsp;&nbsp;__aeabi_uidivmod (via Veneer)
</UL>
<BR>[Called By]<UL><LI><a href="#[109]">&gt;&gt;</a>&nbsp;&nbsp;&nbsp;rwip_sleep
</UL>

<P><STRONG><a name="[199]"></a>rwip_slot_2_lpcycles_rcx</STRONG> (Thumb, 24 bytes, Stack size 8 bytes, rwip.o(.text), UNUSED)
<BR><BR>[Calls]<UL><LI><a href="#[19a]">&gt;&gt;</a>&nbsp;&nbsp;&nbsp;__aeabi_ui2f
<LI><a href="#[19b]">&gt;&gt;</a>&nbsp;&nbsp;&nbsp;__aeabi_fmul
<LI><a href="#[19c]">&gt;&gt;</a>&nbsp;&nbsp;&nbsp;__aeabi_f2uiz
</UL>

<P><STRONG><a name="[ba]"></a>wechat_create_db_req_handler</STRONG> (Thumb, 68 bytes, Stack size 24 bytes, wechat_task.o(.text))
<BR><BR>[Stack]<UL><LI>Max Depth = 24<LI>Call Chain = wechat_create_db_req_handler
</UL>
<BR>[Calls]<UL><LI><a href="#[157]">&gt;&gt;</a>&nbsp;&nbsp;&nbsp;ke_msg_send (via Veneer)
<LI><a href="#[154]">&gt;&gt;</a>&nbsp;&nbsp;&nbsp;ke_msg_alloc (via Veneer)
<LI><a href="#[137]">&gt;&gt;</a>&nbsp;&nbsp;&nbsp;ke_state_set (via Veneer)
<LI><a href="#[1af]">&gt;&gt;</a>&nbsp;&nbsp;&nbsp;attm_svc_create_db (via Veneer)
<LI><a href="#[1ae]">&gt;&gt;</a>&nbsp;&nbsp;&nbsp;attmdb_svc_set_permission (via Veneer)
</UL>
<BR>[Address Reference Count : 1]<UL><LI> wechat_task.o(.constdata)
</UL>
<P><STRONG><a name="[bb]"></a>wechat_enable_req_handler</STRONG> (Thumb, 90 bytes, Stack size 16 bytes, wechat_task.o(.text))
<BR><BR>[Stack]<UL><LI>Max Depth = 40<LI>Call Chain = wechat_enable_req_handler &rArr; prf_server_error_ind_send
</UL>
<BR>[Calls]<UL><LI><a href="#[137]">&gt;&gt;</a>&nbsp;&nbsp;&nbsp;ke_state_set (via Veneer)
<LI><a href="#[1b1]">&gt;&gt;</a>&nbsp;&nbsp;&nbsp;attmdb_att_set_value (via Veneer)
<LI><a href="#[1b0]">&gt;&gt;</a>&nbsp;&nbsp;&nbsp;gapc_get_conidx (via Veneer)
<LI><a href="#[1ae]">&gt;&gt;</a>&nbsp;&nbsp;&nbsp;attmdb_svc_set_permission (via Veneer)
<LI><a href="#[1a3]">&gt;&gt;</a>&nbsp;&nbsp;&nbsp;prf_server_error_ind_send
</UL>
<BR>[Address Reference Count : 1]<UL><LI> wechat_task.o(.constdata)
</UL>
<P><STRONG><a name="[bd]"></a>wechat_send_indication_req_handler</STRONG> (Thumb, 72 bytes, Stack size 16 bytes, wechat_task.o(.text))
<BR><BR>[Stack]<UL><LI>Max Depth = 32<LI>Call Chain = wechat_send_indication_req_handler &rArr; prf_server_send_event
</UL>
<BR>[Calls]<UL><LI><a href="#[1b1]">&gt;&gt;</a>&nbsp;&nbsp;&nbsp;attmdb_att_set_value (via Veneer)
<LI><a href="#[1ac]">&gt;&gt;</a>&nbsp;&nbsp;&nbsp;wechat_indication_cfm_send
<LI><a href="#[1a4]">&gt;&gt;</a>&nbsp;&nbsp;&nbsp;gapc_get_conhdl (via Veneer)
<LI><a href="#[1a5]">&gt;&gt;</a>&nbsp;&nbsp;&nbsp;prf_server_send_event
</UL>
<BR>[Address Reference Count : 1]<UL><LI> wechat_task.o(.constdata)
</UL>
<P><STRONG><a name="[be]"></a>gattc_cmp_evt_handler</STRONG> (Thumb, 32 bytes, Stack size 8 bytes, wechat_task.o(.text))
<BR><BR>[Stack]<UL><LI>Max Depth = 16<LI>Call Chain = gattc_cmp_evt_handler &rArr; wechat_indication_cfm_send
</UL>
<BR>[Calls]<UL><LI><a href="#[1ac]">&gt;&gt;</a>&nbsp;&nbsp;&nbsp;wechat_indication_cfm_send
</UL>
<BR>[Address Reference Count : 1]<UL><LI> wechat_task.o(.constdata)
</UL>
<P><STRONG><a name="[bc]"></a>gattc_write_cmd_ind_handler</STRONG> (Thumb, 148 bytes, Stack size 24 bytes, wechat_task.o(.text))
<BR><BR>[Stack]<UL><LI>Max Depth = 48<LI>Call Chain = gattc_write_cmd_ind_handler &rArr; wechat_send_write_val
</UL>
<BR>[Calls]<UL><LI><a href="#[1b1]">&gt;&gt;</a>&nbsp;&nbsp;&nbsp;attmdb_att_set_value (via Veneer)
<LI><a href="#[1b2]">&gt;&gt;</a>&nbsp;&nbsp;&nbsp;atts_write_rsp_send (via Veneer)
<LI><a href="#[1ab]">&gt;&gt;</a>&nbsp;&nbsp;&nbsp;wechat_enable_indication
<LI><a href="#[1aa]">&gt;&gt;</a>&nbsp;&nbsp;&nbsp;wechat_send_write_val
</UL>
<BR>[Address Reference Count : 1]<UL><LI> wechat_task.o(.constdata)
</UL>
<P><STRONG><a name="[bf]"></a>gap_disconnnect_ind_handler</STRONG> (Thumb, 20 bytes, Stack size 8 bytes, wechat_task.o(.text))
<BR><BR>[Stack]<UL><LI>Max Depth = 24<LI>Call Chain = gap_disconnnect_ind_handler &rArr; wechat_disable
</UL>
<BR>[Calls]<UL><LI><a href="#[1ad]">&gt;&gt;</a>&nbsp;&nbsp;&nbsp;wechat_disable
</UL>
<BR>[Address Reference Count : 1]<UL><LI> wechat_task.o(.constdata)
</UL>
<P><STRONG><a name="[1ce]"></a>app_task_in_user_app</STRONG> (Thumb, 32 bytes, Stack size 0 bytes, app.o(.text))
<BR><BR>[Called By]<UL><LI><a href="#[1cf]">&gt;&gt;</a>&nbsp;&nbsp;&nbsp;app_db_init_next
<LI><a href="#[1b6]">&gt;&gt;</a>&nbsp;&nbsp;&nbsp;app_prf_enable
</UL>

<P><STRONG><a name="[1cf]"></a>app_db_init_next</STRONG> (Thumb, 124 bytes, Stack size 16 bytes, app.o(.text))
<BR><BR>[Stack]<UL><LI>Max Depth = 16<LI>Call Chain = app_db_init_next
</UL>
<BR>[Calls]<UL><LI><a href="#[1ce]">&gt;&gt;</a>&nbsp;&nbsp;&nbsp;app_task_in_user_app
</UL>
<BR>[Called By]<UL><LI><a href="#[1d9]">&gt;&gt;</a>&nbsp;&nbsp;&nbsp;app_db_init
<LI><a href="#[1b9]">&gt;&gt;</a>&nbsp;&nbsp;&nbsp;app_db_init_start
</UL>

<P><STRONG><a name="[1d0]"></a>app_easy_gap_adv_read_from_NVDS</STRONG> (Thumb, 80 bytes, Stack size 40 bytes, app.o(.text))
<BR><BR>[Stack]<UL><LI>Max Depth = 60<LI>Call Chain = app_easy_gap_adv_read_from_NVDS &rArr; malloc
</UL>
<BR>[Calls]<UL><LI><a href="#[101]">&gt;&gt;</a>&nbsp;&nbsp;&nbsp;__aeabi_memcpy (via Veneer)
<LI><a href="#[1d2]">&gt;&gt;</a>&nbsp;&nbsp;&nbsp;nvds_get (via Veneer)
<LI><a href="#[1d1]">&gt;&gt;</a>&nbsp;&nbsp;&nbsp;malloc
<LI><a href="#[1d3]">&gt;&gt;</a>&nbsp;&nbsp;&nbsp;free
</UL>
<BR>[Called By]<UL><LI><a href="#[1d5]">&gt;&gt;</a>&nbsp;&nbsp;&nbsp;app_easy_gap_undirected_advertise_start_create_msg
</UL>

<P><STRONG><a name="[1d4]"></a>app_easy_gap_place_name_ad_struct</STRONG> (Thumb, 36 bytes, Stack size 16 bytes, app.o(.text))
<BR><BR>[Stack]<UL><LI>Max Depth = 16<LI>Call Chain = app_easy_gap_place_name_ad_struct
</UL>
<BR>[Calls]<UL><LI><a href="#[101]">&gt;&gt;</a>&nbsp;&nbsp;&nbsp;__aeabi_memcpy (via Veneer)
</UL>
<BR>[Called By]<UL><LI><a href="#[1d5]">&gt;&gt;</a>&nbsp;&nbsp;&nbsp;app_easy_gap_undirected_advertise_start_create_msg
</UL>

<P><STRONG><a name="[1d5]"></a>app_easy_gap_undirected_advertise_start_create_msg</STRONG> (Thumb, 206 bytes, Stack size 112 bytes, app.o(.text))
<BR><BR>[Stack]<UL><LI>Max Depth = 172<LI>Call Chain = app_easy_gap_undirected_advertise_start_create_msg &rArr; app_easy_gap_adv_read_from_NVDS &rArr; malloc
</UL>
<BR>[Calls]<UL><LI><a href="#[154]">&gt;&gt;</a>&nbsp;&nbsp;&nbsp;ke_msg_alloc (via Veneer)
<LI><a href="#[1d2]">&gt;&gt;</a>&nbsp;&nbsp;&nbsp;nvds_get (via Veneer)
<LI><a href="#[1d4]">&gt;&gt;</a>&nbsp;&nbsp;&nbsp;app_easy_gap_place_name_ad_struct
<LI><a href="#[1d0]">&gt;&gt;</a>&nbsp;&nbsp;&nbsp;app_easy_gap_adv_read_from_NVDS
</UL>
<BR>[Called By]<UL><LI><a href="#[1b4]">&gt;&gt;</a>&nbsp;&nbsp;&nbsp;app_easy_gap_undirected_advertise_start
</UL>

<P><STRONG><a name="[1d6]"></a>app_easy_gap_dev_config_create_msg</STRONG> (Thumb, 82 bytes, Stack size 16 bytes, app.o(.text))
<BR><BR>[Stack]<UL><LI>Max Depth = 16<LI>Call Chain = app_easy_gap_dev_config_create_msg
</UL>
<BR>[Calls]<UL><LI><a href="#[101]">&gt;&gt;</a>&nbsp;&nbsp;&nbsp;__aeabi_memcpy (via Veneer)
<LI><a href="#[154]">&gt;&gt;</a>&nbsp;&nbsp;&nbsp;ke_msg_alloc (via Veneer)
</UL>
<BR>[Called By]<UL><LI><a href="#[1da]">&gt;&gt;</a>&nbsp;&nbsp;&nbsp;app_easy_gap_dev_configure
</UL>

<P><STRONG><a name="[1de]"></a>handler_search</STRONG> (Thumb, 48 bytes, Stack size 8 bytes, app_entry_point.o(.text))
<BR><BR>[Stack]<UL><LI>Max Depth = 8<LI>Call Chain = handler_search
</UL>
<BR>[Called By]<UL><LI><a href="#[1db]">&gt;&gt;</a>&nbsp;&nbsp;&nbsp;app_std_process_event
</UL>

<P><STRONG><a name="[1e0]"></a>app_easy_timer_call_callback</STRONG> (Thumb, 26 bytes, Stack size 0 bytes, app_easy_timer.o(.text))
<BR><BR>[Called By]<UL><LI><a href="#[1df]">&gt;&gt;</a>&nbsp;&nbsp;&nbsp;app_easy_timer_handler
</UL>

<P><STRONG><a name="[63]"></a>app_easy_timer_canceled_handler</STRONG> (Thumb, 2 bytes, Stack size 0 bytes, app_easy_timer.o(.text))
<BR>[Address Reference Count : 1]<UL><LI> app_easy_timer.o(.text)
</UL>
<P><STRONG><a name="[1df]"></a>app_easy_timer_handler</STRONG> (Thumb, 16 bytes, Stack size 8 bytes, app_easy_timer.o(.text))
<BR><BR>[Stack]<UL><LI>Max Depth = 8<LI>Call Chain = app_easy_timer_handler
</UL>
<BR>[Calls]<UL><LI><a href="#[1e0]">&gt;&gt;</a>&nbsp;&nbsp;&nbsp;app_easy_timer_call_callback
</UL>
<BR>[Called By]<UL><LI><a href="#[cb]">&gt;&gt;</a>&nbsp;&nbsp;&nbsp;app_timer_api_process_handler
</UL>

<P><STRONG><a name="[1e1]"></a>app_easy_timer_new_handler</STRONG> (Thumb, 24 bytes, Stack size 8 bytes, app_easy_timer.o(.text))
<BR><BR>[Stack]<UL><LI>Max Depth = 8<LI>Call Chain = app_easy_timer_new_handler
</UL>
<BR>[Calls]<UL><LI><a href="#[1d8]">&gt;&gt;</a>&nbsp;&nbsp;&nbsp;ke_timer_set (via Veneer)
</UL>
<BR>[Called By]<UL><LI><a href="#[cb]">&gt;&gt;</a>&nbsp;&nbsp;&nbsp;app_timer_api_process_handler
</UL>

<P><STRONG><a name="[1e2]"></a>app_easy_timer_cancel_handler</STRONG> (Thumb, 34 bytes, Stack size 0 bytes, app_easy_timer.o(.text))
<BR><BR>[Called By]<UL><LI><a href="#[cb]">&gt;&gt;</a>&nbsp;&nbsp;&nbsp;app_timer_api_process_handler
</UL>

<P><STRONG><a name="[1e4]"></a>app_easy_msg_find_idx</STRONG> (Thumb, 18 bytes, Stack size 0 bytes, app_easy_msg_utils.o(.text))
<BR><BR>[Called By]<UL><LI><a href="#[1e3]">&gt;&gt;</a>&nbsp;&nbsp;&nbsp;app_easy_msg_call_callback
</UL>

<P><STRONG><a name="[1e3]"></a>app_easy_msg_call_callback</STRONG> (Thumb, 32 bytes, Stack size 8 bytes, app_easy_msg_utils.o(.text))
<BR><BR>[Stack]<UL><LI>Max Depth = 8<LI>Call Chain = app_easy_msg_call_callback
</UL>
<BR>[Calls]<UL><LI><a href="#[1e4]">&gt;&gt;</a>&nbsp;&nbsp;&nbsp;app_easy_msg_find_idx
</UL>
<BR>[Called By]<UL><LI><a href="#[cc]">&gt;&gt;</a>&nbsp;&nbsp;&nbsp;app_msg_utils_api_process_handler
</UL>

<P><STRONG><a name="[1e5]"></a>register_all_products</STRONG> (Thumb, 12 bytes, Stack size 0 bytes, app_wechat.o(.text))
<BR><BR>[Called By]<UL><LI><a href="#[12e]">&gt;&gt;</a>&nbsp;&nbsp;&nbsp;app_wechat_init
</UL>

<P><STRONG><a name="[1f6]"></a>app_easy_security_pairing_rsp_create_msg</STRONG> (Thumb, 66 bytes, Stack size 16 bytes, app_easy_security.o(.text))
<BR><BR>[Stack]<UL><LI>Max Depth = 16<LI>Call Chain = app_easy_security_pairing_rsp_create_msg
</UL>
<BR>[Calls]<UL><LI><a href="#[154]">&gt;&gt;</a>&nbsp;&nbsp;&nbsp;ke_msg_alloc (via Veneer)
</UL>
<BR>[Called By]<UL><LI><a href="#[1bc]">&gt;&gt;</a>&nbsp;&nbsp;&nbsp;app_easy_security_send_pairing_rsp
</UL>

<P><STRONG><a name="[1f7]"></a>app_easy_security_tk_exch_create_msg</STRONG> (Thumb, 58 bytes, Stack size 16 bytes, app_easy_security.o(.text))
<BR><BR>[Stack]<UL><LI>Max Depth = 16<LI>Call Chain = app_easy_security_tk_exch_create_msg
</UL>
<BR>[Calls]<UL><LI><a href="#[101]">&gt;&gt;</a>&nbsp;&nbsp;&nbsp;__aeabi_memcpy (via Veneer)
<LI><a href="#[154]">&gt;&gt;</a>&nbsp;&nbsp;&nbsp;ke_msg_alloc (via Veneer)
</UL>
<BR>[Called By]<UL><LI><a href="#[1c0]">&gt;&gt;</a>&nbsp;&nbsp;&nbsp;app_easy_security_tk_exch
</UL>

<P><STRONG><a name="[1f8]"></a>app_easy_security_csrk_exch_create_msg</STRONG> (Thumb, 60 bytes, Stack size 16 bytes, app_easy_security.o(.text))
<BR><BR>[Stack]<UL><LI>Max Depth = 16<LI>Call Chain = app_easy_security_csrk_exch_create_msg
</UL>
<BR>[Calls]<UL><LI><a href="#[101]">&gt;&gt;</a>&nbsp;&nbsp;&nbsp;__aeabi_memcpy (via Veneer)
<LI><a href="#[154]">&gt;&gt;</a>&nbsp;&nbsp;&nbsp;ke_msg_alloc (via Veneer)
</UL>
<BR>[Called By]<UL><LI><a href="#[1c2]">&gt;&gt;</a>&nbsp;&nbsp;&nbsp;app_easy_security_csrk_exch
</UL>

<P><STRONG><a name="[1f9]"></a>app_easy_security_bond_cfm_ltk_exch_create_msg</STRONG> (Thumb, 48 bytes, Stack size 16 bytes, app_easy_security.o(.text))
<BR><BR>[Stack]<UL><LI>Max Depth = 16<LI>Call Chain = app_easy_security_bond_cfm_ltk_exch_create_msg
</UL>
<BR>[Calls]<UL><LI><a href="#[154]">&gt;&gt;</a>&nbsp;&nbsp;&nbsp;ke_msg_alloc (via Veneer)
</UL>
<BR>[Called By]<UL><LI><a href="#[1c5]">&gt;&gt;</a>&nbsp;&nbsp;&nbsp;app_easy_security_set_ltk_exch_from_sec_env
<LI><a href="#[1c6]">&gt;&gt;</a>&nbsp;&nbsp;&nbsp;app_easy_security_ltk_exch
</UL>

<P><STRONG><a name="[1fa]"></a>app_easy_security_encrypt_cfm_create_msg</STRONG> (Thumb, 36 bytes, Stack size 16 bytes, app_easy_security.o(.text))
<BR><BR>[Stack]<UL><LI>Max Depth = 16<LI>Call Chain = app_easy_security_encrypt_cfm_create_msg
</UL>
<BR>[Calls]<UL><LI><a href="#[154]">&gt;&gt;</a>&nbsp;&nbsp;&nbsp;ke_msg_alloc (via Veneer)
</UL>
<BR>[Called By]<UL><LI><a href="#[1ca]">&gt;&gt;</a>&nbsp;&nbsp;&nbsp;app_easy_security_set_encrypt_req_valid
<LI><a href="#[1cc]">&gt;&gt;</a>&nbsp;&nbsp;&nbsp;app_easy_security_set_encrypt_req_invalid
<LI><a href="#[1cb]">&gt;&gt;</a>&nbsp;&nbsp;&nbsp;app_easy_security_encrypt_cfm
</UL>

<P><STRONG><a name="[205]"></a>crc_table</STRONG> (Thumb, 24 bytes, Stack size 0 bytes, crc32.o(.text))
<BR><BR>[Called By]<UL><LI><a href="#[204]">&gt;&gt;</a>&nbsp;&nbsp;&nbsp;crc32
</UL>

<P><STRONG><a name="[209]"></a>epb_get_wire_type</STRONG> (Thumb, 16 bytes, Stack size 0 bytes, epb.o(.text))
<BR><BR>[Called By]<UL><LI><a href="#[208]">&gt;&gt;</a>&nbsp;&nbsp;&nbsp;epb_get_tag_value_offset
</UL>

<P><STRONG><a name="[207]"></a>epb_get_varint32_bits</STRONG> (Thumb, 58 bytes, Stack size 16 bytes, epb.o(.text))
<BR><BR>[Stack]<UL><LI>Max Depth = 16<LI>Call Chain = epb_get_varint32_bits
</UL>
<BR>[Called By]<UL><LI><a href="#[20e]">&gt;&gt;</a>&nbsp;&nbsp;&nbsp;epb_get_bytes
<LI><a href="#[20b]">&gt;&gt;</a>&nbsp;&nbsp;&nbsp;epb_get_uint32
<LI><a href="#[206]">&gt;&gt;</a>&nbsp;&nbsp;&nbsp;epb_get_value_length
</UL>

<P><STRONG><a name="[206]"></a>epb_get_value_length</STRONG> (Thumb, 68 bytes, Stack size 8 bytes, epb.o(.text))
<BR><BR>[Stack]<UL><LI>Max Depth = 24<LI>Call Chain = epb_get_value_length &rArr; epb_get_varint32_bits
</UL>
<BR>[Calls]<UL><LI><a href="#[207]">&gt;&gt;</a>&nbsp;&nbsp;&nbsp;epb_get_varint32_bits
</UL>
<BR>[Called By]<UL><LI><a href="#[208]">&gt;&gt;</a>&nbsp;&nbsp;&nbsp;epb_get_tag_value_offset
</UL>

<P><STRONG><a name="[208]"></a>epb_get_tag_value_offset</STRONG> (Thumb, 92 bytes, Stack size 24 bytes, epb.o(.text))
<BR><BR>[Stack]<UL><LI>Max Depth = 48<LI>Call Chain = epb_get_tag_value_offset &rArr; epb_get_value_length &rArr; epb_get_varint32_bits
</UL>
<BR>[Calls]<UL><LI><a href="#[206]">&gt;&gt;</a>&nbsp;&nbsp;&nbsp;epb_get_value_length
<LI><a href="#[209]">&gt;&gt;</a>&nbsp;&nbsp;&nbsp;epb_get_wire_type
</UL>
<BR>[Called By]<UL><LI><a href="#[20e]">&gt;&gt;</a>&nbsp;&nbsp;&nbsp;epb_get_bytes
<LI><a href="#[20b]">&gt;&gt;</a>&nbsp;&nbsp;&nbsp;epb_get_uint32
<LI><a href="#[20a]">&gt;&gt;</a>&nbsp;&nbsp;&nbsp;epb_has_tag
</UL>

<P><STRONG><a name="[211]"></a>epb_pack_tag</STRONG> (Thumb, 52 bytes, Stack size 16 bytes, epb.o(.text))
<BR><BR>[Stack]<UL><LI>Max Depth = 16<LI>Call Chain = epb_pack_tag
</UL>
<BR>[Calls]<UL><LI><a href="#[212]">&gt;&gt;</a>&nbsp;&nbsp;&nbsp;sizeof_tag
</UL>
<BR>[Called By]<UL><LI><a href="#[218]">&gt;&gt;</a>&nbsp;&nbsp;&nbsp;epb_set_bytes
<LI><a href="#[214]">&gt;&gt;</a>&nbsp;&nbsp;&nbsp;epb_set_uint32
</UL>

<P><STRONG><a name="[213]"></a>epb_pack_varint32_bits</STRONG> (Thumb, 86 bytes, Stack size 24 bytes, epb.o(.text))
<BR><BR>[Stack]<UL><LI>Max Depth = 24<LI>Call Chain = epb_pack_varint32_bits
</UL>
<BR>[Calls]<UL><LI><a href="#[101]">&gt;&gt;</a>&nbsp;&nbsp;&nbsp;__aeabi_memcpy (via Veneer)
</UL>
<BR>[Called By]<UL><LI><a href="#[218]">&gt;&gt;</a>&nbsp;&nbsp;&nbsp;epb_set_bytes
<LI><a href="#[214]">&gt;&gt;</a>&nbsp;&nbsp;&nbsp;epb_set_uint32
</UL>

<P><STRONG><a name="[217]"></a>epb_pack_length_delimited</STRONG> (Thumb, 42 bytes, Stack size 16 bytes, epb.o(.text))
<BR><BR>[Stack]<UL><LI>Max Depth = 16<LI>Call Chain = epb_pack_length_delimited
</UL>
<BR>[Calls]<UL><LI><a href="#[101]">&gt;&gt;</a>&nbsp;&nbsp;&nbsp;__aeabi_memcpy (via Veneer)
</UL>
<BR>[Called By]<UL><LI><a href="#[218]">&gt;&gt;</a>&nbsp;&nbsp;&nbsp;epb_set_bytes
</UL>

<P><STRONG><a name="[212]"></a>sizeof_tag</STRONG> (Thumb, 12 bytes, Stack size 0 bytes, epb.o(.text))
<BR><BR>[Called By]<UL><LI><a href="#[21b]">&gt;&gt;</a>&nbsp;&nbsp;&nbsp;epb_varint32_pack_size
<LI><a href="#[211]">&gt;&gt;</a>&nbsp;&nbsp;&nbsp;epb_pack_tag
</UL>

<P><STRONG><a name="[238]"></a>gpio_button_enable</STRONG> (Thumb, 22 bytes, Stack size 8 bytes, mpbledemo2.o(.text))
<BR><BR>[Stack]<UL><LI>Max Depth = 32<LI>Call Chain = gpio_button_enable &rArr; wkupct_enable_irq
</UL>
<BR>[Calls]<UL><LI><a href="#[239]">&gt;&gt;</a>&nbsp;&nbsp;&nbsp;wkupct_register_callback
<LI><a href="#[16e]">&gt;&gt;</a>&nbsp;&nbsp;&nbsp;wkupct_enable_irq
</UL>
<BR>[Called By]<UL><LI><a href="#[e4]">&gt;&gt;</a>&nbsp;&nbsp;&nbsp;mpbledemo2_init_peripheral_func
<LI><a href="#[64]">&gt;&gt;</a>&nbsp;&nbsp;&nbsp;gpio_button_handler
</UL>

<P><STRONG><a name="[64]"></a>gpio_button_handler</STRONG> (Thumb, 14 bytes, Stack size 8 bytes, mpbledemo2.o(.text))
<BR><BR>[Stack]<UL><LI>Max Depth = 40<LI>Call Chain = gpio_button_handler &rArr; gpio_button_enable &rArr; wkupct_enable_irq
</UL>
<BR>[Calls]<UL><LI><a href="#[e7]">&gt;&gt;</a>&nbsp;&nbsp;&nbsp;mpbledemo2_button_handler
<LI><a href="#[238]">&gt;&gt;</a>&nbsp;&nbsp;&nbsp;gpio_button_enable
</UL>
<BR>[Address Reference Count : 1]<UL><LI> mpbledemo2.o(.text)
</UL>
<P><STRONG><a name="[241]"></a>mpbledemo2_handleCmdFromServer</STRONG> (Thumb, 40 bytes, Stack size 8 bytes, mpbledemo2.o(.text))
<BR><BR>[Stack]<UL><LI>Max Depth = 8<LI>Call Chain = mpbledemo2_handleCmdFromServer
</UL>
<BR>[Called By]<UL><LI><a href="#[e2]">&gt;&gt;</a>&nbsp;&nbsp;&nbsp;mpbledemo2_data_consume_func
</UL>

<P><STRONG><a name="[250]"></a>_printf_core</STRONG> (Thumb, 1020 bytes, Stack size 104 bytes, printf8.o(i._printf_core), UNUSED)
<BR><BR>[Calls]<UL><LI><a href="#[24c]">&gt;&gt;</a>&nbsp;&nbsp;&nbsp;__aeabi_uldivmod
<LI><a href="#[251]">&gt;&gt;</a>&nbsp;&nbsp;&nbsp;_printf_pre_padding
<LI><a href="#[252]">&gt;&gt;</a>&nbsp;&nbsp;&nbsp;_printf_post_padding
</UL>
<BR>[Called By]<UL><LI><a href="#[24f]">&gt;&gt;</a>&nbsp;&nbsp;&nbsp;__0sprintf$8
</UL>

<P><STRONG><a name="[252]"></a>_printf_post_padding</STRONG> (Thumb, 32 bytes, Stack size 24 bytes, printf8.o(i._printf_post_padding), UNUSED)
<BR><BR>[Called By]<UL><LI><a href="#[250]">&gt;&gt;</a>&nbsp;&nbsp;&nbsp;_printf_core
</UL>

<P><STRONG><a name="[251]"></a>_printf_pre_padding</STRONG> (Thumb, 44 bytes, Stack size 40 bytes, printf8.o(i._printf_pre_padding), UNUSED)
<BR><BR>[Called By]<UL><LI><a href="#[250]">&gt;&gt;</a>&nbsp;&nbsp;&nbsp;_printf_core
</UL>

<P><STRONG><a name="[65]"></a>_sputc</STRONG> (Thumb, 10 bytes, Stack size 0 bytes, printf8.o(i._sputc))
<BR><BR>[Called By]<UL><LI><a href="#[24f]">&gt;&gt;</a>&nbsp;&nbsp;&nbsp;__0sprintf$8
</UL>
<BR>[Address Reference Count : 1]<UL><LI> printf8.o(i.__0sprintf$8)
</UL><P>
<H3>
Undefined Global Symbols
</H3><HR></body></html>
