Component: ARM Compiler 5.06 update 1 (build 61) Tool: armlink [4d35a8]

==============================================================================

Section Cross References

    startup_cmsdk_cm0.o(RESET) refers to startup_cmsdk_cm0.o(STACK) for __initial_sp
    startup_cmsdk_cm0.o(RESET) refers to startup_cmsdk_cm0.o(.text) for Reset_Handler
    startup_cmsdk_cm0.o(RESET) refers to gpio.o(.text) for GPIO0_Handler
    startup_cmsdk_cm0.o(.text) refers to system_cmsdk.o(.text) for SystemInit
    startup_cmsdk_cm0.o(.text) refers to entry.o(.ARM.Collect$$$$00000000) for __main
    system_cmsdk.o(.text) refers to system_cmsdk.o(.data) for .data
    peripherals.o(.text) refers to memseta.o(.text) for __aeabi_memclr
    peripherals.o(.text) refers to gpio.o(.text) for GPIO_ConfigurePin
    peripherals.o(.text) refers to peripherals.o(.bss) for .bss
    crc32.o(.text) refers to crc32.o(.data) for .data
    uart.o(.text) refers to peripherals.o(.text) for set_pad_uart
    i2c_eeprom.o(.text) refers to i2c_eeprom.o(.bss) for .bss
    spi_flash.o(.text) refers to spi.o(.text) for spi_set_bitmode
    spi_flash.o(.text) refers to uidiv.o(.text) for __aeabi_uidivmod
    spi_flash.o(.text) refers to spi_flash.o(.bss) for .bss
    spi_flash.o(.text) refers to spi_flash.o(.constdata) for .constdata
    spi.o(.text) refers to gpio.o(.text) for GPIO_SetInactive
    spi.o(.text) refers to spi.o(.bss) for .bss
    gpio.o(.text) refers to gpio.o(.bss) for .bss
    programmer.o(.text) refers to uart.o(.text) for uart_putc
    programmer.o(.text) refers to crc32.o(.text) for crc32
    programmer.o(.text) refers to spi.o(.text) for spi_init
    programmer.o(.text) refers to spi_flash.o(.text) for spi_flash_release_from_power_down
    programmer.o(.text) refers to peripherals.o(.text) for periph_init
    programmer.o(.text) refers to memseta.o(.text) for __aeabi_memclr
    programmer.o(.text) refers to memcpya.o(.text) for __aeabi_memcpy
    programmer.o(.text) refers to gpio.o(.text) for GPIO_ConfigurePin
    programmer.o(.text) refers to i2c_eeprom.o(.text) for i2c_eeprom_init
    programmer.o(.text) refers to peripherals.o(.bss) for spi_sel_pins
    programmer.o(.text) refers to programmer.o(.bss) for .bss
    programmer.o(.text) refers to programmer.o(non_init) for non_init
    programmer.o(.text) refers to programmer.o(.ARM.__AT_0x20002200) for .ARM.__AT_0x20002200
    programmer.o(.text) refers to programmer.o(.data) for .data
    programmer.o(.text) refers to otpc.o(.text) for otpc_clock_enable
    entry.o(.ARM.Collect$$$$00000000) refers (Special) to entry10a.o(.ARM.Collect$$$$0000000D) for __rt_final_cpp
    entry.o(.ARM.Collect$$$$00000000) refers (Special) to entry11a.o(.ARM.Collect$$$$0000000F) for __rt_final_exit
    entry.o(.ARM.Collect$$$$00000000) refers (Special) to entry7b.o(.ARM.Collect$$$$00000008) for _main_clock
    entry.o(.ARM.Collect$$$$00000000) refers (Special) to entry8b.o(.ARM.Collect$$$$0000000A) for _main_cpp_init
    entry.o(.ARM.Collect$$$$00000000) refers (Special) to entry9a.o(.ARM.Collect$$$$0000000B) for _main_init
    entry.o(.ARM.Collect$$$$00000000) refers (Special) to entry5.o(.ARM.Collect$$$$00000004) for _main_scatterload
    entry.o(.ARM.Collect$$$$00000000) refers (Special) to entry2.o(.ARM.Collect$$$$00000001) for _main_stk
    entry2.o(.ARM.Collect$$$$00000001) refers to entry2.o(.ARM.Collect$$$$00002712) for __lit__00000000
    entry2.o(.ARM.Collect$$$$00002712) refers to startup_cmsdk_cm0.o(STACK) for __initial_sp
    entry2.o(__vectab_stack_and_reset_area) refers to startup_cmsdk_cm0.o(STACK) for __initial_sp
    entry2.o(__vectab_stack_and_reset_area) refers to entry.o(.ARM.Collect$$$$00000000) for __main
    entry5.o(.ARM.Collect$$$$00000004) refers to init.o(.text) for __scatterload
    entry9a.o(.ARM.Collect$$$$0000000B) refers to programmer.o(.text) for main
    entry9b.o(.ARM.Collect$$$$0000000C) refers to programmer.o(.text) for main
    init.o(.text) refers to entry5.o(.ARM.Collect$$$$00000004) for __main_after_scatterload


==============================================================================

Removing Unused input sections from the image.

    Removing startup_cmsdk_cm0.o(HEAP), (256 bytes).
    Removing system_cmsdk.o(.data), (4 bytes).
    Removing peripherals.o(.rev16_text), (4 bytes).
    Removing peripherals.o(.revsh_text), (4 bytes).
    Removing uart.o(.rev16_text), (4 bytes).
    Removing uart.o(.revsh_text), (4 bytes).
    Removing i2c_eeprom.o(.rev16_text), (4 bytes).
    Removing i2c_eeprom.o(.revsh_text), (4 bytes).
    Removing spi_flash.o(.rev16_text), (4 bytes).
    Removing spi_flash.o(.revsh_text), (4 bytes).
    Removing spi.o(.rev16_text), (4 bytes).
    Removing spi.o(.revsh_text), (4 bytes).
    Removing gpio.o(.rev16_text), (4 bytes).
    Removing gpio.o(.revsh_text), (4 bytes).
    Removing programmer.o(.rev16_text), (4 bytes).
    Removing programmer.o(.revsh_text), (4 bytes).
    Removing programmer.o(.data), (32 bytes).

17 unused section(s) (total 348 bytes) removed from the image.

==============================================================================

Image Symbol Table

    Local Symbols

    Symbol Name                              Value     Ov Type        Size  Object(Section)

    ../clib/microlib/division.c              0x00000000   Number         0  uidiv.o ABSOLUTE
    ../clib/microlib/init/entry.s            0x00000000   Number         0  entry2.o ABSOLUTE
    ../clib/microlib/init/entry.s            0x00000000   Number         0  entry.o ABSOLUTE
    ../clib/microlib/init/entry.s            0x00000000   Number         0  entry9a.o ABSOLUTE
    ../clib/microlib/init/entry.s            0x00000000   Number         0  entry5.o ABSOLUTE
    ../clib/microlib/init/entry.s            0x00000000   Number         0  entry7a.o ABSOLUTE
    ../clib/microlib/init/entry.s            0x00000000   Number         0  entry7b.o ABSOLUTE
    ../clib/microlib/init/entry.s            0x00000000   Number         0  entry8a.o ABSOLUTE
    ../clib/microlib/init/entry.s            0x00000000   Number         0  entry11b.o ABSOLUTE
    ../clib/microlib/init/entry.s            0x00000000   Number         0  entry11a.o ABSOLUTE
    ../clib/microlib/init/entry.s            0x00000000   Number         0  entry10b.o ABSOLUTE
    ../clib/microlib/init/entry.s            0x00000000   Number         0  entry8b.o ABSOLUTE
    ../clib/microlib/init/entry.s            0x00000000   Number         0  entry10a.o ABSOLUTE
    ../clib/microlib/init/entry.s            0x00000000   Number         0  entry9b.o ABSOLUTE
    ../clib/microlib/string/memcpy.c         0x00000000   Number         0  memcpyb.o ABSOLUTE
    ../clib/microlib/string/memcpy.c         0x00000000   Number         0  memcpya.o ABSOLUTE
    ../clib/microlib/string/memset.c         0x00000000   Number         0  memseta.o ABSOLUTE
    ..\..\sdk\platform\driver\gpio\gpio.c    0x00000000   Number         0  gpio.o ABSOLUTE
    ..\..\sdk\platform\driver\i2c_eeprom\i2c_eeprom.c 0x00000000   Number         0  i2c_eeprom.o ABSOLUTE
    ..\..\sdk\platform\driver\spi\spi.c      0x00000000   Number         0  spi.o ABSOLUTE
    ..\..\sdk\platform\driver\spi_flash\spi_flash.c 0x00000000   Number         0  spi_flash.o ABSOLUTE
    ..\\..\\sdk\\platform\\driver\\gpio\\gpio.c 0x00000000   Number         0  gpio.o ABSOLUTE
    ..\\..\\sdk\\platform\\driver\\i2c_eeprom\\i2c_eeprom.c 0x00000000   Number         0  i2c_eeprom.o ABSOLUTE
    ..\\..\\sdk\\platform\\driver\\spi\\spi.c 0x00000000   Number         0  spi.o ABSOLUTE
    ..\\..\\sdk\\platform\\driver\\spi_flash\\spi_flash.c 0x00000000   Number         0  spi_flash.o ABSOLUTE
    init.s                                   0x00000000   Number         0  init.o ABSOLUTE
    src\\peripherals.c                       0x00000000   Number         0  peripherals.o ABSOLUTE
    src\\programmer.c                        0x00000000   Number         0  programmer.o ABSOLUTE
    src\\uart.c                              0x00000000   Number         0  uart.o ABSOLUTE
    src\crc32.c                              0x00000000   Number         0  crc32.o ABSOLUTE
    src\otpc.c                               0x00000000   Number         0  otpc.o ABSOLUTE
    src\peripherals.c                        0x00000000   Number         0  peripherals.o ABSOLUTE
    src\programmer.c                         0x00000000   Number         0  programmer.o ABSOLUTE
    src\uart.c                               0x00000000   Number         0  uart.o ABSOLUTE
    startup\startup_CMSDK_CM0.s              0x00000000   Number         0  startup_cmsdk_cm0.o ABSOLUTE
    startup\system_CMSDK.c                   0x00000000   Number         0  system_cmsdk.o ABSOLUTE
    RESET                                    0x20000000   Section      160  startup_cmsdk_cm0.o(RESET)
    .ARM.Collect$$$$00000000                 0x200000a0   Section        0  entry.o(.ARM.Collect$$$$00000000)
    .ARM.Collect$$$$00000001                 0x200000a0   Section        4  entry2.o(.ARM.Collect$$$$00000001)
    .ARM.Collect$$$$00000004                 0x200000a4   Section        4  entry5.o(.ARM.Collect$$$$00000004)
    .ARM.Collect$$$$00000008                 0x200000a8   Section        0  entry7b.o(.ARM.Collect$$$$00000008)
    .ARM.Collect$$$$0000000A                 0x200000a8   Section        0  entry8b.o(.ARM.Collect$$$$0000000A)
    .ARM.Collect$$$$0000000B                 0x200000a8   Section        8  entry9a.o(.ARM.Collect$$$$0000000B)
    .ARM.Collect$$$$0000000D                 0x200000b0   Section        0  entry10a.o(.ARM.Collect$$$$0000000D)
    .ARM.Collect$$$$0000000F                 0x200000b0   Section        0  entry11a.o(.ARM.Collect$$$$0000000F)
    .ARM.Collect$$$$00002712                 0x200000b0   Section        4  entry2.o(.ARM.Collect$$$$00002712)
    __lit__00000000                          0x200000b0   Data           4  entry2.o(.ARM.Collect$$$$00002712)
    .text                                    0x200000b4   Section       28  startup_cmsdk_cm0.o(.text)
    .text                                    0x200000d0   Section        0  system_cmsdk.o(.text)
    .text                                    0x20000108   Section        0  peripherals.o(.text)
    .text                                    0x2000025c   Section        0  crc32.o(.text)
    .text                                    0x20000280   Section        0  otpc.o(.text)
    .text                                    0x20000308   Section        0  uart.o(.text)
    .text                                    0x200004a0   Section        0  i2c_eeprom.o(.text)
    read_data_single                         0x2000059f   Thumb Code    94  i2c_eeprom.o(.text)
    .text                                    0x20000718   Section        0  spi_flash.o(.text)
    .text                                    0x20000bf8   Section        0  spi.o(.text)
    .text                                    0x20000d40   Section        0  gpio.o(.text)
    gpioshift16                              0x20000ff1   Thumb Code    32  gpio.o(.text)
    .text                                    0x20001030   Section        0  programmer.o(.text)
    spi_flash_peripheral_init                0x2000127b   Thumb Code    58  programmer.o(.text)
    erase_flash_sectors                      0x200012b5   Thumb Code    58  programmer.o(.text)
    .text                                    0x200017e8   Section        0  uidiv.o(.text)
    .text                                    0x20001814   Section        0  memcpya.o(.text)
    .text                                    0x20001838   Section        0  memseta.o(.text)
    .text                                    0x2000185c   Section       36  init.o(.text)
    .constdata                               0x20001880   Section       80  spi_flash.o(.constdata)
    .data                                    0x200018d0   Section        4  system_cmsdk.o(.data)
    .data                                    0x200018d4   Section     1024  crc32.o(.data)
    crc32_tab                                0x200018d4   Data        1024  crc32.o(.data)
    .data                                    0x20001cd4   Section        9  programmer.o(.data)
    non_init                                 0x20001ce0   Section        3  programmer.o(non_init)
    .bss                                     0x20001ce3   Section       16  peripherals.o(.bss)
    .bss                                     0x20001cf3   Section        2  i2c_eeprom.o(.bss)
    mem_address_size                         0x20001cf3   Data           1  i2c_eeprom.o(.bss)
    i2c_dev_address                          0x20001cf4   Data           1  i2c_eeprom.o(.bss)
    .bss                                     0x20001cf8   Section       16  spi_flash.o(.bss)
    .bss                                     0x20001d08   Section        2  spi.o(.bss)
    .bss                                     0x20001d0c   Section       20  gpio.o(.bss)
    .bss                                     0x20001d20   Section        2  programmer.o(.bss)
    STACK                                    0x20001d28   Section      256  startup_cmsdk_cm0.o(STACK)
    .ARM.__AT_0x20002200                     0x20002200   Section    32768  programmer.o(.ARM.__AT_0x20002200)

    Global Symbols

    Symbol Name                              Value     Ov Type        Size  Object(Section)

    BuildAttributes$$THM_ISAv3M$S$PE$A:L22$X:L11$S22$IEEE1$IW$USESV6$~STKCKD$USESV7$~SHL$OSPACE$EBA8$MICROLIB$REQ8$PRES8$EABIv2 0x00000000   Number         0  anon$$obj.o ABSOLUTE
    __ARM_use_no_argv                        0x00000000   Number         0  programmer.o ABSOLUTE
    __cpp_initialize__aeabi_                  - Undefined Weak Reference
    __cxa_finalize                            - Undefined Weak Reference
    __decompress                              - Undefined Weak Reference
    _clock_init                               - Undefined Weak Reference
    _microlib_exit                            - Undefined Weak Reference
    __Vectors_Size                           0x000000a0   Number         0  startup_cmsdk_cm0.o ABSOLUTE
    __Vectors                                0x20000000   Data           4  startup_cmsdk_cm0.o(RESET)
    __Vectors_End                            0x200000a0   Data           0  startup_cmsdk_cm0.o(RESET)
    __main                                   0x200000a1   Thumb Code     0  entry.o(.ARM.Collect$$$$00000000)
    _main_stk                                0x200000a1   Thumb Code     0  entry2.o(.ARM.Collect$$$$00000001)
    _main_scatterload                        0x200000a5   Thumb Code     0  entry5.o(.ARM.Collect$$$$00000004)
    __main_after_scatterload                 0x200000a9   Thumb Code     0  entry5.o(.ARM.Collect$$$$00000004)
    _main_clock                              0x200000a9   Thumb Code     0  entry7b.o(.ARM.Collect$$$$00000008)
    _main_cpp_init                           0x200000a9   Thumb Code     0  entry8b.o(.ARM.Collect$$$$0000000A)
    _main_init                               0x200000a9   Thumb Code     0  entry9a.o(.ARM.Collect$$$$0000000B)
    __rt_final_cpp                           0x200000b1   Thumb Code     0  entry10a.o(.ARM.Collect$$$$0000000D)
    __rt_final_exit                          0x200000b1   Thumb Code     0  entry11a.o(.ARM.Collect$$$$0000000F)
    Reset_Handler                            0x200000b5   Thumb Code     8  startup_cmsdk_cm0.o(.text)
    NMI_Handler                              0x200000bd   Thumb Code     2  startup_cmsdk_cm0.o(.text)
    HardFault_Handler                        0x200000bf   Thumb Code     2  startup_cmsdk_cm0.o(.text)
    SVC_Handler                              0x200000c1   Thumb Code     2  startup_cmsdk_cm0.o(.text)
    PendSV_Handler                           0x200000c3   Thumb Code     2  startup_cmsdk_cm0.o(.text)
    SysTick_Handler                          0x200000c5   Thumb Code     2  startup_cmsdk_cm0.o(.text)
    ADC_Handler                              0x200000c7   Thumb Code     0  startup_cmsdk_cm0.o(.text)
    BLE_CRYPT_Handler                        0x200000c7   Thumb Code     0  startup_cmsdk_cm0.o(.text)
    BLE_CSCNT_Handler                        0x200000c7   Thumb Code     0  startup_cmsdk_cm0.o(.text)
    BLE_ERROR_Handler                        0x200000c7   Thumb Code     0  startup_cmsdk_cm0.o(.text)
    BLE_EVENT_Handler                        0x200000c7   Thumb Code     0  startup_cmsdk_cm0.o(.text)
    BLE_FINETGTIM_Handler                    0x200000c7   Thumb Code     0  startup_cmsdk_cm0.o(.text)
    BLE_GROSSTGTIM_Handler                   0x200000c7   Thumb Code     0  startup_cmsdk_cm0.o(.text)
    BLE_RADIOCNTL_Handler                    0x200000c7   Thumb Code     0  startup_cmsdk_cm0.o(.text)
    BLE_RX_Handler                           0x200000c7   Thumb Code     0  startup_cmsdk_cm0.o(.text)
    BLE_SLP_Handler                          0x200000c7   Thumb Code     0  startup_cmsdk_cm0.o(.text)
    BLE_WAKEUP_LP_Handler                    0x200000c7   Thumb Code     0  startup_cmsdk_cm0.o(.text)
    I2C_Handler                              0x200000c7   Thumb Code     0  startup_cmsdk_cm0.o(.text)
    KEYBRD_Handler                           0x200000c7   Thumb Code     0  startup_cmsdk_cm0.o(.text)
    RFCAL_Handler                            0x200000c7   Thumb Code     0  startup_cmsdk_cm0.o(.text)
    SPI_Handler                              0x200000c7   Thumb Code     0  startup_cmsdk_cm0.o(.text)
    SWTIM_Handler                            0x200000c7   Thumb Code     0  startup_cmsdk_cm0.o(.text)
    UART2_Handler                            0x200000c7   Thumb Code     0  startup_cmsdk_cm0.o(.text)
    UART_Handler                             0x200000c7   Thumb Code     0  startup_cmsdk_cm0.o(.text)
    WUPCT_Handler                            0x200000c7   Thumb Code     0  startup_cmsdk_cm0.o(.text)
    SystemInit                               0x200000d1   Thumb Code    38  system_cmsdk.o(.text)
    SystemCoreClockUpdate                    0x200000f7   Thumb Code     8  system_cmsdk.o(.text)
    init_i2c_pads                            0x20000109   Thumb Code    28  peripherals.o(.text)
    init_spi_pads                            0x20000125   Thumb Code    42  peripherals.o(.text)
    init_uart_pads                           0x2000014f   Thumb Code    32  peripherals.o(.text)
    periph_init                              0x2000016f   Thumb Code    66  peripherals.o(.text)
    set_pad_uart                             0x200001b1   Thumb Code    40  peripherals.o(.text)
    update_uart_pads                         0x200001d9   Thumb Code    14  peripherals.o(.text)
    set_pad_spi                              0x200001e7   Thumb Code    72  peripherals.o(.text)
    set_pad_eeprom                           0x2000022f   Thumb Code    36  peripherals.o(.text)
    crc32                                    0x2000025d   Thumb Code    32  crc32.o(.text)
    otpc_clock_enable                        0x20000281   Thumb Code    22  otpc.o(.text)
    otpc_clock_disable                       0x20000297   Thumb Code    14  otpc.o(.text)
    otpc_write_fifo                          0x200002a5   Thumb Code    90  otpc.o(.text)
    uart_irq_enable                          0x20000309   Thumb Code     2  uart.o(.text)
    uart_irq_disable                         0x2000030b   Thumb Code     2  uart.o(.text)
    uart_send                                0x2000030d   Thumb Code     6  uart.o(.text)
    uart_recv                                0x20000313   Thumb Code     8  uart.o(.text)
    uart_wait_end_of_tx                      0x2000031b   Thumb Code    10  uart.o(.text)
    uart_wait_end_of_rx                      0x20000325   Thumb Code    10  uart.o(.text)
    uart_rx_poll                             0x2000032f   Thumb Code    10  uart.o(.text)
    uart_pads                                0x20000339   Thumb Code    76  uart.o(.text)
    uart_init                                0x20000385   Thumb Code   100  uart.o(.text)
    uart_putc                                0x200003e9   Thumb Code     6  uart.o(.text)
    uart_getc                                0x200003ef   Thumb Code    14  uart.o(.text)
    uart_print                               0x200003fd   Thumb Code    20  uart.o(.text)
    uart_print_char_hex                      0x20000411   Thumb Code    46  uart.o(.text)
    uart_print_hex                           0x2000043f   Thumb Code    46  uart.o(.text)
    uart_print_int                           0x2000046d   Thumb Code    34  uart.o(.text)
    i2c_eeprom_init                          0x200004a1   Thumb Code    76  i2c_eeprom.o(.text)
    i2c_eeprom_release                       0x200004ed   Thumb Code    20  i2c_eeprom.o(.text)
    i2c_wait_until_eeprom_ready              0x20000501   Thumb Code    42  i2c_eeprom.o(.text)
    i2c_send_address                         0x2000052b   Thumb Code    66  i2c_eeprom.o(.text)
    i2c_eeprom_read_byte                     0x2000056d   Thumb Code    50  i2c_eeprom.o(.text)
    i2c_eeprom_read_data                     0x200005fd   Thumb Code    68  i2c_eeprom.o(.text)
    i2c_eeprom_write_byte                    0x20000641   Thumb Code    44  i2c_eeprom.o(.text)
    i2c_eeprom_write_page                    0x2000066d   Thumb Code   110  i2c_eeprom.o(.text)
    i2c_eeprom_write_data                    0x200006db   Thumb Code    54  i2c_eeprom.o(.text)
    spi_flash_init                           0x20000719   Thumb Code     8  spi_flash.o(.text)
    spi_flash_read_status_reg                0x20000721   Thumb Code    20  spi_flash.o(.text)
    spi_flash_wait_till_ready                0x20000735   Thumb Code    26  spi_flash.o(.text)
    spi_read_flash_jedec_id                  0x2000074f   Thumb Code    60  spi_flash.o(.text)
    spi_flash_auto_detect                    0x2000078b   Thumb Code    76  spi_flash.o(.text)
    spi_flash_set_write_enable               0x200007d7   Thumb Code    60  spi_flash.o(.text)
    spi_flash_write_enable_volatile          0x20000813   Thumb Code    60  spi_flash.o(.text)
    spi_flash_set_write_disable              0x2000084f   Thumb Code    52  spi_flash.o(.text)
    spi_flash_write_status_reg               0x20000883   Thumb Code    32  spi_flash.o(.text)
    spi_flash_read_data                      0x200008a3   Thumb Code    86  spi_flash.o(.text)
    spi_flash_page_program                   0x200008f9   Thumb Code    90  spi_flash.o(.text)
    spi_flash_block_erase                    0x20000953   Thumb Code    40  spi_flash.o(.text)
    spi_flash_chip_erase                     0x2000097b   Thumb Code    36  spi_flash.o(.text)
    spi_read_flash_memory_man_and_dev_id     0x2000099f   Thumb Code    52  spi_flash.o(.text)
    spi_read_flash_unique_id                 0x200009d3   Thumb Code    70  spi_flash.o(.text)
    spi_flash_write_data                     0x20000a19   Thumb Code   110  spi_flash.o(.text)
    spi_flash_power_down                     0x20000a87   Thumb Code    24  spi_flash.o(.text)
    spi_flash_release_from_power_down        0x20000a9f   Thumb Code    18  spi_flash.o(.text)
    spi_flash_configure_memory_protection    0x20000ab1   Thumb Code    52  spi_flash.o(.text)
    spi_flash_chip_erase_forced              0x20000ae5   Thumb Code    38  spi_flash.o(.text)
    spi_flash_page_fill                      0x20000b0b   Thumb Code    88  spi_flash.o(.text)
    spi_flash_fill                           0x20000b63   Thumb Code   106  spi_flash.o(.text)
    spi_flash_enable                         0x20000bcd   Thumb Code    40  spi_flash.o(.text)
    spi_cs_low                               0x20000bf9   Thumb Code    14  spi.o(.text)
    spi_cs_high                              0x20000c07   Thumb Code    14  spi.o(.text)
    spi_init                                 0x20000c15   Thumb Code   138  spi.o(.text)
    spi_set_bitmode                          0x20000c9f   Thumb Code    34  spi.o(.text)
    spi_release                              0x20000cc1   Thumb Code    38  spi.o(.text)
    spi_disable                              0x20000ce7   Thumb Code    12  spi.o(.text)
    spi_access                               0x20000cf3   Thumb Code    46  spi.o(.text)
    spi_transaction                          0x20000d21   Thumb Code    24  spi.o(.text)
    GPIO_init                                0x20000d41   Thumb Code     2  gpio.o(.text)
    GPIO_SetPinFunction                      0x20000d43   Thumb Code    24  gpio.o(.text)
    GPIO_SetInactive                         0x20000d5b   Thumb Code    20  gpio.o(.text)
    GPIO_SetActive                           0x20000d6f   Thumb Code    20  gpio.o(.text)
    GPIO_ConfigurePin                        0x20000d83   Thumb Code    38  gpio.o(.text)
    GPIO_ConfigurePinPower                   0x20000da9   Thumb Code    44  gpio.o(.text)
    GPIO_GetPinStatus                        0x20000dd5   Thumb Code    26  gpio.o(.text)
    GPIO_EnableIRQ                           0x20000def   Thumb Code   224  gpio.o(.text)
    GPIO_GetIRQInputLevel                    0x20000ecf   Thumb Code   140  gpio.o(.text)
    GPIO_SetIRQInputLevel                    0x20000f5b   Thumb Code    30  gpio.o(.text)
    GPIO_ResetIRQ                            0x20000f79   Thumb Code    32  gpio.o(.text)
    GPIO_RegisterCallback                    0x20000f99   Thumb Code    20  gpio.o(.text)
    GPIOn_Handler                            0x20000fad   Thumb Code    48  gpio.o(.text)
    GPIO0_Handler                            0x20000fdd   Thumb Code     4  gpio.o(.text)
    GPIO1_Handler                            0x20000fe1   Thumb Code     4  gpio.o(.text)
    GPIO2_Handler                            0x20000fe5   Thumb Code     4  gpio.o(.text)
    GPIO3_Handler                            0x20000fe9   Thumb Code     4  gpio.o(.text)
    GPIO4_Handler                            0x20000fed   Thumb Code     4  gpio.o(.text)
    communication_error                      0x20001031   Thumb Code     2  programmer.o(.text)
    put_uint8                                0x20001033   Thumb Code     6  programmer.o(.text)
    put_uint16                               0x20001039   Thumb Code    10  programmer.o(.text)
    put_uint32                               0x20001043   Thumb Code    20  programmer.o(.text)
    send_byte                                0x20001057   Thumb Code     8  programmer.o(.text)
    send_uint16                              0x2000105f   Thumb Code    18  programmer.o(.text)
    send_str                                 0x20001071   Thumb Code    20  programmer.o(.text)
    send_uint32                              0x20001085   Thumb Code    18  programmer.o(.text)
    receive_byte                             0x20001097   Thumb Code     8  programmer.o(.text)
    receive_uint16                           0x2000109f   Thumb Code    20  programmer.o(.text)
    receive_uint32                           0x200010b3   Thumb Code    20  programmer.o(.text)
    get_uint16                               0x200010c7   Thumb Code    10  programmer.o(.text)
    get_uint32                               0x200010d1   Thumb Code    24  programmer.o(.text)
    get_uint16_rev                           0x200010e9   Thumb Code    10  programmer.o(.text)
    get_uint32_rev                           0x200010f3   Thumb Code    24  programmer.o(.text)
    receive_packet                           0x2000110b   Thumb Code    52  programmer.o(.text)
    send_packet                              0x2000113f   Thumb Code    48  programmer.o(.text)
    response_action                          0x2000116f   Thumb Code    34  programmer.o(.text)
    response_erase_action_result             0x20001191   Thumb Code    48  programmer.o(.text)
    response_read_action_result              0x200011c1   Thumb Code    22  programmer.o(.text)
    response_action_error                    0x200011d7   Thumb Code    58  programmer.o(.text)
    response_write_action_result             0x20001211   Thumb Code    50  programmer.o(.text)
    response_id_action_result                0x20001243   Thumb Code    44  programmer.o(.text)
    get_write_position                       0x2000126f   Thumb Code     4  programmer.o(.text)
    get_read_position                        0x20001273   Thumb Code     8  programmer.o(.text)
    read_data                                0x200012ef   Thumb Code    10  programmer.o(.text)
    get_action                               0x200012f9   Thumb Code     4  programmer.o(.text)
    get_address                              0x200012fd   Thumb Code     4  programmer.o(.text)
    get_size                                 0x20001301   Thumb Code     4  programmer.o(.text)
    erase_flash_region                       0x20001305   Thumb Code    10  programmer.o(.text)
    main                                     0x2000130f   Thumb Code  1224  programmer.o(.text)
    __aeabi_uidiv                            0x200017e9   Thumb Code     0  uidiv.o(.text)
    __aeabi_uidivmod                         0x200017e9   Thumb Code    44  uidiv.o(.text)
    __aeabi_memcpy                           0x20001815   Thumb Code    36  memcpya.o(.text)
    __aeabi_memcpy4                          0x20001815   Thumb Code     0  memcpya.o(.text)
    __aeabi_memcpy8                          0x20001815   Thumb Code     0  memcpya.o(.text)
    __aeabi_memset                           0x20001839   Thumb Code    14  memseta.o(.text)
    __aeabi_memset4                          0x20001839   Thumb Code     0  memseta.o(.text)
    __aeabi_memset8                          0x20001839   Thumb Code     0  memseta.o(.text)
    __aeabi_memclr                           0x20001847   Thumb Code     4  memseta.o(.text)
    __aeabi_memclr4                          0x20001847   Thumb Code     0  memseta.o(.text)
    __aeabi_memclr8                          0x20001847   Thumb Code     0  memseta.o(.text)
    _memset$wrapper                          0x2000184b   Thumb Code    18  memseta.o(.text)
    __scatterload                            0x2000185d   Thumb Code    28  init.o(.text)
    __scatterload_rt2                        0x2000185d   Thumb Code     0  init.o(.text)
    SPI_FLASH_KNOWN_DEVICES_PARAMETERS_LIST  0x20001880   Data          80  spi_flash.o(.constdata)
    Region$$Table$$Base                      0x200018d0   Number         0  anon$$obj.o(Region$$Table)
    Region$$Table$$Limit                     0x200018d0   Number         0  anon$$obj.o(Region$$Table)
    SystemCoreClock                          0x200018d0   Data           4  system_cmsdk.o(.data)
    vpp_en                                   0x20001cd4   Data           1  programmer.o(.data)
    Headerbuffer                             0x20001cd5   Data           8  programmer.o(.data)
    gpio_port                                0x20001ce0   Data           1  programmer.o(non_init)
    gpio_pin                                 0x20001ce1   Data           1  programmer.o(non_init)
    port_sel                                 0x20001ce2   Data           1  programmer.o(non_init)
    uart_sel_pins                            0x20001ce3   Data           4  peripherals.o(.bss)
    i2c_sel_pins                             0x20001ce7   Data           4  peripherals.o(.bss)
    spi_sel_pins                             0x20001ceb   Data           8  peripherals.o(.bss)
    spi_flash_device_index                   0x20001cf8   Data           2  spi_flash.o(.bss)
    spi_flash_detected_device                0x20001cfc   Data           4  spi_flash.o(.bss)
    spi_flash_size                           0x20001d00   Data           4  spi_flash.o(.bss)
    spi_flash_page_size                      0x20001d04   Data           4  spi_flash.o(.bss)
    spi_driver_cs_pad                        0x20001d08   Data           2  spi.o(.bss)
    GPIOHandlerFunction                      0x20001d0c   Data          20  gpio.o(.bss)
    spi_FLASH_CS_Pad                         0x20001d20   Data           2  programmer.o(.bss)
    __initial_sp                             0x20001e28   Data           0  startup_cmsdk_cm0.o(STACK)
    buffer                                   0x20002200   Data       32768  programmer.o(.ARM.__AT_0x20002200)



==============================================================================

Memory Map of the image

  Image Entry point : 0x200000a1

  Load Region LR_1 (Base: 0x20000000, Size: 0x00001ce0, Max: 0xffffffff, ABSOLUTE)

    Execution Region ER_1 (Base: 0x20000000, Size: 0x00001ce0, Max: 0xffffffff, ABSOLUTE)

    Base Addr    Size         Type   Attr      Idx    E Section Name        Object

    0x20000000   0x000000a0   Data   RO            3    RESET               startup_cmsdk_cm0.o
    0x200000a0   0x00000000   Code   RO          340  * .ARM.Collect$$$$00000000  mc_p.l(entry.o)
    0x200000a0   0x00000004   Code   RO          349    .ARM.Collect$$$$00000001  mc_p.l(entry2.o)
    0x200000a4   0x00000004   Code   RO          352    .ARM.Collect$$$$00000004  mc_p.l(entry5.o)
    0x200000a8   0x00000000   Code   RO          354    .ARM.Collect$$$$00000008  mc_p.l(entry7b.o)
    0x200000a8   0x00000000   Code   RO          356    .ARM.Collect$$$$0000000A  mc_p.l(entry8b.o)
    0x200000a8   0x00000008   Code   RO          357    .ARM.Collect$$$$0000000B  mc_p.l(entry9a.o)
    0x200000b0   0x00000000   Code   RO          359    .ARM.Collect$$$$0000000D  mc_p.l(entry10a.o)
    0x200000b0   0x00000000   Code   RO          361    .ARM.Collect$$$$0000000F  mc_p.l(entry11a.o)
    0x200000b0   0x00000004   Code   RO          350    .ARM.Collect$$$$00002712  mc_p.l(entry2.o)
    0x200000b4   0x0000001c   Code   RO            4    .text               startup_cmsdk_cm0.o
    0x200000d0   0x00000038   Code   RO           10    .text               system_cmsdk.o
    0x20000108   0x00000154   Code   RO           38    .text               peripherals.o
    0x2000025c   0x00000024   Code   RO          118    .text               crc32.o
    0x20000280   0x00000088   Code   RO          135    .text               otpc.o
    0x20000308   0x00000198   Code   RO          152    .text               uart.o
    0x200004a0   0x00000278   Code   RO          173    .text               i2c_eeprom.o
    0x20000718   0x000004e0   Code   RO          198    .text               spi_flash.o
    0x20000bf8   0x00000148   Code   RO          235    .text               spi.o
    0x20000d40   0x000002f0   Code   RO          262    .text               gpio.o
    0x20001030   0x000007b8   Code   RO          295    .text               programmer.o
    0x200017e8   0x0000002c   Code   RO          341    .text               mc_p.l(uidiv.o)
    0x20001814   0x00000024   Code   RO          343    .text               mc_p.l(memcpya.o)
    0x20001838   0x00000024   Code   RO          345    .text               mc_p.l(memseta.o)
    0x2000185c   0x00000024   Code   RO          363    .text               mc_p.l(init.o)
    0x20001880   0x00000050   Data   RO          200    .constdata          spi_flash.o
    0x200018d0   0x00000000   Data   RO          365    Region$$Table       anon$$obj.o
    0x200018d0   0x00000004   Data   RW           12    .data               system_cmsdk.o
    0x200018d4   0x00000400   Data   RW          119    .data               crc32.o
    0x20001cd4   0x00000009   Data   RW          298    .data               programmer.o


    Execution Region ER_2 (Base: 0x20001ce0, Size: 0x00008520, Max: 0xffffffff, ABSOLUTE, UNINIT)

    Base Addr    Size         Type   Attr      Idx    E Section Name        Object

    0x20001ce0   0x00000003   Zero   RW          300    non_init            programmer.o
    0x20001ce3   0x00000010   Zero   RW           39    .bss                peripherals.o
    0x20001cf3   0x00000002   Zero   RW          174    .bss                i2c_eeprom.o
    0x20001cf5   0x00000003   PAD
    0x20001cf8   0x00000010   Zero   RW          199    .bss                spi_flash.o
    0x20001d08   0x00000002   Zero   RW          236    .bss                spi.o
    0x20001d0a   0x00000002   PAD
    0x20001d0c   0x00000014   Zero   RW          263    .bss                gpio.o
    0x20001d20   0x00000002   Zero   RW          297    .bss                programmer.o
    0x20001d22   0x00000006   PAD
    0x20001d28   0x00000100   Zero   RW            1    STACK               startup_cmsdk_cm0.o
    0x20001e28   0x000003d8   PAD
    0x20002200   0x00008000   Zero   RW          296    .ARM.__AT_0x20002200  programmer.o


==============================================================================

Image component sizes


      Code (inc. data)   RO Data    RW Data    ZI Data      Debug   Object Name

        36          4          0       1024          0       1616   crc32.o
       752         32          0          0         20      12946   gpio.o
       632          8          0          0          2       6470   i2c_eeprom.o
       136         10          0          0          0       1047   otpc.o
       340         10          0          0         16       6204   peripherals.o
      1976         74          0          9      32773      14511   programmer.o
       328          8          0          0          2       3731   spi.o
      1248         16         80          0         16     101455   spi_flash.o
        28          8        160          0        256        640   startup_cmsdk_cm0.o
        56         10          0          4          0       5929   system_cmsdk.o
       408         18          0          0          0       3843   uart.o

    ----------------------------------------------------------------------
      5940        198        240       1040      34080     158392   Object Totals
         0          0          0          0          0          0   (incl. Generated)
         0          0          0          3        995          0   (incl. Padding)

    ----------------------------------------------------------------------

      Code (inc. data)   RO Data    RW Data    ZI Data      Debug   Library Member Name

         0          0          0          0          0          0   entry.o
         0          0          0          0          0          0   entry10a.o
         0          0          0          0          0          0   entry11a.o
         8          4          0          0          0          0   entry2.o
         4          0          0          0          0          0   entry5.o
         0          0          0          0          0          0   entry7b.o
         0          0          0          0          0          0   entry8b.o
         8          4          0          0          0          0   entry9a.o
        36          8          0          0          0         68   init.o
        36          0          0          0          0         60   memcpya.o
        36          0          0          0          0        100   memseta.o
        44          0          0          0          0         72   uidiv.o

    ----------------------------------------------------------------------
       172         16          0          0          0        300   Library Totals
         0          0          0          0          0          0   (incl. Padding)

    ----------------------------------------------------------------------

      Code (inc. data)   RO Data    RW Data    ZI Data      Debug   Library Name

       172         16          0          0          0        300   mc_p.l

    ----------------------------------------------------------------------
       172         16          0          0          0        300   Library Totals

    ----------------------------------------------------------------------

==============================================================================


      Code (inc. data)   RO Data    RW Data    ZI Data      Debug   

      6112        214        240       1040      34080     157452   Grand Totals
      6112        214        240       1040      34080     157452   ELF Image Totals
      6112        214        240       1040          0          0   ROM Totals

==============================================================================

    Total RO  Size (Code + RO Data)                 6352 (   6.20kB)
    Total RW  Size (RW Data + ZI Data)             35120 (  34.30kB)
    Total ROM Size (Code + RO Data + RW Data)       7392 (   7.22kB)

==============================================================================

