<html>
<body>
<pre>
<h1>µVision Build Log</h1>
<h2>Tool Versions:</h2>
IDE-Version: ¦ÌVision V5.18.0.0
Copyright (C) 2016 ARM Ltd and ARM Germany GmbH. All rights reserved.
License Information: z MAMA, Microsoft, LIC=JDA30-BZJU5-68CFC-7RXXZ-QM63C-6Q9JT
 
Tool Versions:
Toolchain:       MDK-ARM Professional  Version: 5.18
Toolchain Path:  C:\Keil_v5\ARM\ARMCC\Bin
C Compiler:      Armcc.exe V5.06 update 1 (build 61)
Assembler:       Armasm.exe V5.06 update 1 (build 61)
Linker/Locator:  ArmLink.exe V5.06 update 1 (build 61)
Library Manager: ArmAr.exe V5.06 update 1 (build 61)
Hex Converter:   FromElf.exe V5.06 update 1 (build 61)
CPU DLL:         SARMCM3.DLL V5.18
Dialog DLL:      DARMCM1.DLL V1.12.0.0
Target DLL:      Segger\JL2CM3.dll V2.99.18.0
Dialog DLL:      TARMCM1.DLL V1.9.0.0
 
<h2>Project:</h2>
D:\IHUSRC\ihu\DA1458x_SDK\5.0.3\utilities\flash_programmer\flash_programmer.uvproj
Project File Date:  08/27/2016

<h2>Output:</h2>
*** Using Compiler 'V5.06 update 1 (build 61)', folder: 'C:\Keil_v5\ARM\ARMCC\Bin'
Rebuild Project 'flash_programmer' - Target 'programmer_uart'
assembling startup_CMSDK_CM0.s...
compiling system_CMSDK.c...
compiling otpc.c...
compiling crc32.c...
compiling peripherals.c...
compiling i2c_eeprom.c...
compiling uart.c...
compiling spi_flash.c...
compiling spi.c...
compiling gpio.c...
compiling programmer.c...
linking...
Program Size: Code=6112 RO-data=240 RW-data=1040 ZI-data=34080  
FromELF: creating hex file...
After Build - User command #1: hex2bin Out_uart/flash_programmer.hex
hex2bin v1.0.10, Copyright (C) 2012 Jacques Pelletier & contributors
Lowest address  = 00000000
Highest address = 00001CDF
Pad Byte        = FF
8-bit Checksum = 92
".\Out_uart\flash_programmer.axf" - 0 Error(s), 0 Warning(s).
Build Time Elapsed:  00:00:02
</pre>
</body>
</html>
