<html>
<body>
<pre>
<h1>礦ision Build Log</h1>
<h2>Tool Versions:</h2>
IDE-Version: μVision V5.18.0.0
Copyright (C) 2016 ARM Ltd and ARM Germany GmbH. All rights reserved.
License Information: z MAMA, Microsoft, LIC=JDA30-BZJU5-68CFC-7RXXZ-QM63C-6Q9JT
 
Tool Versions:
Toolchain:       MDK-ARM Professional  Version: 5.18
Toolchain Path:  C:\Keil_v5\ARM\ARMCC\Bin
C Compiler:      Armcc.exe V5.06 update 1 (build 61)
Assembler:       Armasm.exe V5.06 update 1 (build 61)
Linker/Locator:  ArmLink.exe V5.06 update 1 (build 61)
Library Manager: ArmAr.exe V5.06 update 1 (build 61)
Hex Converter:   FromElf.exe V5.06 update 1 (build 61)
CPU DLL:         SARMCM3.DLL V5.18
Dialog DLL:      DARMSTM.DLL V1.65.0.0
Target DLL:      UL2CM3.DLL V1.157.5.0
Dialog DLL:      TARMSTM.DLL V1.64.0.0
 
<h2>Project:</h2>
D:\BXXH2016\临时参考资料\IHU开发资料\STM32\STM32官方库\STM32F2x7_ETH_IAP_V1.1.0\Project\MDK-ARM\Project.uvproj
Project File Date:  10/25/2011

<h2>Output:</h2>
*** Using Compiler 'V5.06 update 1 (build 61)', folder: 'C:\Keil_v5\ARM\ARMCC\Bin'
Build target 'STM322xG_EVAL'
assembling startup_stm32f2xx.s...
compiling core_cm3.c...
compiling system_stm32f2xx.c...
compiling flash_if.c...
compiling tftpserver.c...
compiling main.c...
compiling stm32f2x7_eth_bsp.c...
compiling netconf.c...
compiling httpserver.c...
compiling stm32f2xx_it.c...
compiling tcpip.c...
compiling api_msg.c...
compiling netbuf.c...
compiling api_lib.c...
compiling err.c...
compiling netdb.c...
compiling netifapi.c...
compiling sockets.c...
compiling icmp.c...
compiling ip_frag.c...
compiling igmp.c...
compiling inet.c...
compiling autoip.c...
compiling inet_chksum.c...
compiling ip.c...
compiling ip_addr.c...
compiling dns.c...
compiling udp.c...
compiling init.c...
compiling mem.c...
..\..\Utilities\Third_Party\lwip_v1.3.2\src\core\mem.c(184): warning:  #550-D: variable "mem_sem" was set but never used
  static sys_sem_t mem_sem;
..\..\Utilities\Third_Party\lwip_v1.3.2\src\core\mem.c: 1 warning, 0 errors
compiling dhcp.c...
compiling memp.c...
compiling netif.c...
compiling pbuf.c...
compiling sys.c...
compiling stats.c...
compiling raw.c...
compiling tcp.c...
compiling tcp_in.c...
compiling stm32f2xx_syscfg.c...
compiling tcp_out.c...
..\..\Utilities\Third_Party\lwip_v1.3.2\src\core\tcp_out.c(465): warning:  #550-D: variable "tcphdr" was set but never used
    struct tcp_hdr *tcphdr;
..\..\Utilities\Third_Party\lwip_v1.3.2\src\core\tcp_out.c(935): warning:  #550-D: variable "tcphdr" was set but never used
    struct tcp_hdr *tcphdr;
..\..\Utilities\Third_Party\lwip_v1.3.2\src\core\tcp_out.c: 2 warnings, 0 errors
compiling stm32f2xx_sdio.c...
compiling ethernetif.c...
compiling etharp.c...
compiling stm32f2xx_usart.c...
compiling misc.c...
compiling stm32f2xx_exti.c...
compiling stm32f2xx_gpio.c...
compiling stm32f2xx_dma.c...
compiling stm32f2xx_flash.c...
compiling stm32f2xx_fsmc.c...
compiling stm32f2xx_i2c.c...
compiling stm32f2xx_rcc.c...
compiling stm322xg_eval.c...
compiling stm32f2x7_eth.c...
compiling stm322xg_eval_lcd.c...
linking...
Program Size: Code=30900 RO-data=7636 RW-data=352 ZI-data=32880  
".\STM322xG_EVAL\STM322xG_EVAL.axf" - 0 Error(s), 3 Warning(s).
Build Time Elapsed:  00:00:18
</pre>
</body>
</html>
