<html>
<body>
<pre>
<h1>µVision Build Log</h1>
<h2>Tool Versions:</h2>
IDE-Version: ¦ÌVision V5.18.0.0
Copyright (C) 2016 ARM Ltd and ARM Germany GmbH. All rights reserved.
License Information: z MAMA, Microsoft, LIC=JDA30-BZJU5-68CFC-7RXXZ-QM63C-6Q9JT
 
Tool Versions:
Toolchain:       MDK-ARM Professional  Version: 5.18
Toolchain Path:  C:\Keil_v5\ARM\ARMCC\Bin
C Compiler:      Armcc.exe V5.06 update 1 (build 61)
Assembler:       Armasm.exe V5.06 update 1 (build 61)
Linker/Locator:  ArmLink.exe V5.06 update 1 (build 61)
Library Manager: ArmAr.exe V5.06 update 1 (build 61)
Hex Converter:   FromElf.exe V5.06 update 1 (build 61)
CPU DLL:         SARMCM3.DLL V5.18
Dialog DLL:      DCM.DLL V1.13.6.0
Target DLL:      UL2CM3.DLL V1.157.5.0
Dialog DLL:      TCM.DLL V1.14.8.0
 
<h2>Project:</h2>
D:\IHUSRC\ihu\PrjScycbUcosIII\EvalBoards\ST\STM3220G-EVAL\uCOS-III\KeilMDK\uCOS-III-Scycb.uvgui.uvproj
Project File Date:  09/20/2016

<h2>Output:</h2>
*** Using Compiler 'V5.06 update 1 (build 61)', folder: 'C:\Keil_v5\ARM\ARMCC\Bin'
Build Project 'uCOS-III-Scycb.uvgui' - Target 'uCOS-III Scycb'
compiling os_app_hooks.c...
compiling bsp_ser.c...
compiling bsp.c...
compiling bsp_ioe.c...
compiling app.c...
assembling cstartup.s...
compiling bsp_lcd.c...
compiling bsp_int.c...
compiling bsp_os.c...
compiling stm32f2xx_adc.c...
compiling misc.c...
compiling stm32f2xx_cryp.c...
compiling stm32f2xx_crc.c...
compiling stm32f2xx_can.c...
compiling stm32f2xx_cryp_aes.c...
compiling stm32f2xx_cryp_des.c...
compiling stm32f2xx_cryp_tdes.c...
compiling stm32f2xx_dbgmcu.c...
compiling stm32f2xx_dac.c...
compiling stm32f2xx_dcmi.c...
compiling stm32f2xx_dma.c...
compiling stm32f2xx_exti.c...
compiling stm32f2xx_gpio.c...
compiling stm32f2xx_fsmc.c...
compiling stm32f2xx_hash.c...
compiling stm32f2xx_flash.c...
compiling stm32f2xx_hash_md5.c...
compiling stm32f2xx_hash_sha1.c...
compiling stm32f2xx_iwdg.c...
compiling stm32f2xx_rng.c...
compiling stm32f2xx_pwr.c...
compiling stm32f2xx_i2c.c...
compiling stm32f2xx_rcc.c...
compiling stm32f2xx_rtc.c...
compiling lib_ascii.c...
compiling stm32f2xx_sdio.c...
compiling stm32f2xx_spi.c...
compiling stm32f2xx_syscfg.c...
compiling lib_math.c...
compiling stm32f2xx_usart.c...
assembling lib_mem_a.asm...
compiling stm32f2xx_wwdg.c...
assembling cpu_a.asm...
compiling cpu_core.c...
compiling stm32f2xx_tim.c...
assembling os_cpu_a.s...
compiling lib_str.c...
compiling lib_mem.c...
compiling os_cfg_app.c...
compiling os_cpu_c.c...
compiling cpu_c.c...
compiling os_dbg.c...
compiling os_int.c...
compiling os_core.c...
compiling os_msg.c...
compiling os_pend_multi.c...
compiling os_mutex.c...
compiling os_flag.c...
compiling os_mem.c...
compiling os_prio.c...
compiling os_q.c...
compiling os_time.c...
compiling os_sem.c...
compiling os_tick.c...
compiling os_stat.c...
compiling os_task.c...
compiling l2adclibra.c...
compiling os_var.c...
compiling l1timer_ucos.c...
compiling os_tmr.c...
compiling l2didocap.c...
compiling l2ethorion.c...
compiling l2gpiocancer.c...
compiling l2ledpisces.c...
compiling l2i2caries.c...
compiling l2pwmtaurus.c...
compiling l2spileo.c...
compiling l2spsvirgo.c...
compiling l3scycb.c...
compiling vmucoslayer.c...
linking...
Program Size: Code=46452 RO-data=1892 RW-data=232 ZI-data=17160  
FromELF: creating hex file...
".\Obj\uCOS-III.axf" - 0 Error(s), 0 Warning(s).
Build Time Elapsed:  00:00:20
</pre>
</body>
</html>
