<html>
<body>
<pre>
<h1>µVision Build Log</h1>
<h2>Tool Versions:</h2>
IDE-Version: ¦ÌVision V5.18.0.0
Copyright (C) 2016 ARM Ltd and ARM Germany GmbH. All rights reserved.
License Information: puhui bearix, bayes, LIC=V85DY-IEWT4-YCCJ1-CBHT4-2RW7F-N9XIH
 
Tool Versions:
Toolchain:       MDK-ARM Professional  Version: 5.18
Toolchain Path:  C:\Keil_v5\ARM\ARMCC\Bin
C Compiler:      Armcc.exe V5.06 update 1 (build 61)
Assembler:       Armasm.exe V5.06 update 1 (build 61)
Linker/Locator:  ArmLink.exe V5.06 update 1 (build 61)
Library Manager: ArmAr.exe V5.06 update 1 (build 61)
Hex Converter:   FromElf.exe V5.06 update 1 (build 61)
CPU DLL:         SARMCM3.DLL V5.18
Dialog DLL:      DCM.DLL V1.13.6.0
Target DLL:      UL2CM3.DLL V1.157.5.0
Dialog DLL:      TCM.DLL V1.14.8.0
 
<h2>Project:</h2>
E:\workspace\bxxh\ihu\PrjScycbUcosIII\EvalBoards\ST\STM3220G-EVAL\uCOS-III\KeilMDK\uCOS-III-Scycb.uvgui.uvproj
Project File Date:  10/13/2016

<h2>Output:</h2>
*** Using Compiler 'V5.06 update 1 (build 61)', folder: 'C:\Keil_v5\ARM\ARMCC\Bin'
Build Project 'uCOS-III-Scycb.uvgui' - Target 'uCOS-III Scycb'
compiling l1timer_ucos.c...
compiling vmucoslayer.c...
compiling l2adclibra.c...
compiling l2didocap.c...
compiling l2ethorion.c...
compiling app.c...
compiling l2gpiocancer.c...
compiling l2i2caries.c...
compiling l2ledpisces.c...
compiling l2pwmtaurus.c...
compiling l2spileo.c...
compiling l2spsvirgo.c...
compiling l3scycb.c...
linking...
Program Size: Code=67532 RO-data=5260 RW-data=1032 ZI-data=82336  
FromELF: creating hex file...
".\Obj\uCOS-III.axf" - 0 Error(s), 0 Warning(s).
Build Time Elapsed:  00:00:07
</pre>
</body>
</html>
