<html>
<body>
<pre>
<h1>µVision Build Log</h1>
<h2>Project:</h2>
C:\Users\daniel01\Desktop\Micrium_STM3220G-Eval_uCOS-III\Micrium\Software\EvalBoards\ST\STM3220G-EVAL\uCOS-III\KeilMDK\uCOS-III.uvproj
Project File Date:  01/23/2013

<h2>Output:</h2>
Build target 'uCOS-III'
compiling app.c...
compiling os_app_hooks.c...
compiling bsp.c...
compiling bsp_int.c...
compiling bsp_ioe.c...
compiling bsp_lcd.c...
compiling bsp_ser.c...
compiling bsp_os.c...
assembling cstartup.s...
compiling misc.c...
compiling stm32f2xx_adc.c...
compiling stm32f2xx_can.c...
compiling stm32f2xx_crc.c...
compiling stm32f2xx_cryp.c...
compiling stm32f2xx_cryp_aes.c...
compiling stm32f2xx_cryp_des.c...
compiling stm32f2xx_cryp_tdes.c...
compiling stm32f2xx_dac.c...
compiling stm32f2xx_dbgmcu.c...
compiling stm32f2xx_dcmi.c...
compiling stm32f2xx_dma.c...
compiling stm32f2xx_exti.c...
compiling stm32f2xx_flash.c...
compiling stm32f2xx_fsmc.c...
compiling stm32f2xx_gpio.c...
compiling stm32f2xx_hash.c...
compiling stm32f2xx_hash_md5.c...
compiling stm32f2xx_hash_sha1.c...
compiling stm32f2xx_i2c.c...
compiling stm32f2xx_iwdg.c...
compiling stm32f2xx_pwr.c...
compiling stm32f2xx_rcc.c...
compiling stm32f2xx_rng.c...
compiling stm32f2xx_rtc.c...
compiling stm32f2xx_sdio.c...
compiling stm32f2xx_spi.c...
compiling stm32f2xx_syscfg.c...
compiling stm32f2xx_tim.c...
compiling stm32f2xx_usart.c...
compiling stm32f2xx_wwdg.c...
compiling lib_ascii.c...
compiling lib_math.c...
compiling lib_mem.c...
compiling lib_str.c...
assembling lib_mem_a.asm...
compiling cpu_core.c...
assembling cpu_a.asm...
compiling cpu_c.c...
assembling os_cpu_a.s...
compiling os_cpu_c.c...
compiling os_cfg_app.c...
compiling os_core.c...
compiling os_dbg.c...
compiling os_flag.c...
compiling os_int.c...
compiling os_mem.c...
compiling os_msg.c...
compiling os_mutex.c...
compiling os_pend_multi.c...
compiling os_prio.c...
compiling os_q.c...
compiling os_sem.c...
compiling os_stat.c...
compiling os_task.c...
compiling os_tick.c...
compiling os_time.c...
compiling os_tmr.c...
compiling os_var.c...
linking...
Program Size: Code=46552 RO-data=1892 RW-data=232 ZI-data=17160  
".\Obj\uCOS-III.axf" - 0 Error(s), 0 Warning(s).
Clean started: Project: 'uCOS-III'
   deleting intermediate output files for target 'uCOS-III'
Clean started: Project: 'uCOS-III'
   deleting intermediate output files for target 'uCOS-III'
