<html>
<body>
<pre>
<h1>µVision Build Log</h1>
<h2>Tool Versions:</h2>
IDE-Version: ¦ÌVision V5.18.0.0
Copyright (C) 2016 ARM Ltd and ARM Germany GmbH. All rights reserved.
License Information: z MAMA, Microsoft, LIC=JDA30-BZJU5-68CFC-7RXXZ-QM63C-6Q9JT
 
Tool Versions:
Toolchain:       MDK-ARM Professional  Version: 5.18
Toolchain Path:  C:\Keil_v5\ARM\ARMCC\Bin
C Compiler:      Armcc.exe V5.06 update 1 (build 61)
Assembler:       Armasm.exe V5.06 update 1 (build 61)
Linker/Locator:  ArmLink.exe V5.06 update 1 (build 61)
Library Manager: ArmAr.exe V5.06 update 1 (build 61)
Hex Converter:   FromElf.exe V5.06 update 1 (build 61)
CPU DLL:         SARMCM3.DLL V5.18
Dialog DLL:      DCM.DLL V1.13.6.0
Target DLL:      UL2CM3.DLL V1.157.5.0
Dialog DLL:      TCM.DLL V1.14.8.0
 
<h2>Project:</h2>
D:\IHUSRC\ihu\PrjCclFreeRTOS\PrjCclFreeRTOS\MDK-ARM\PrjCclFreeRTOS.uvprojx
Project File Date:  10/29/2016

<h2>Output:</h2>
*** Using Compiler 'V5.06 update 1 (build 61)', folder: 'C:\Keil_v5\ARM\ARMCC\Bin'
Build target 'PrjCclFreeRTOS'
compiling tim.c...
compiling i2c.c...
compiling system_stm32f2xx.c...
compiling stm32f2xx_hal_timebase_TIM.c...
compiling adc.c...
compiling wwdg.c...
compiling stm32f2xx_it.c...
compiling freertos.c...
compiling gpio.c...
compiling rtc.c...
compiling stm32f2xx_hal_msp.c...
compiling main.c...
compiling iwdg.c...
compiling usart.c...
compiling spi.c...
compiling croutine.c...
compiling event_groups.c...
compiling cmsis_os.c...
compiling tasks.c...
compiling heap_4.c...
compiling list.c...
compiling queue.c...
compiling port.c...
compiling timers.c...
compiling rng.c...
compiling can.c...
compiling dma.c...
compiling stm32f2xx_hal_dma.c...
compiling stm32f2xx_hal_rtc_ex.c...
compiling stm32f2xx_hal_tim_ex.c...
compiling stm32f2xx_hal_rcc.c...
compiling stm32f2xx_hal_pwr.c...
compiling stm32f2xx_hal_dma_ex.c...
compiling stm32f2xx_hal_adc_ex.c...
compiling stm32f2xx_hal_tim.c...
compiling stm32f2xx_hal_i2c.c...
compiling stm32f2xx_hal_adc.c...
compiling stm32f2xx_hal_flash_ex.c...
compiling stm32f2xx_hal_cortex.c...
compiling stm32f2xx_hal_rcc_ex.c...
compiling stm32f2xx_hal_rng.c...
compiling stm32f2xx_hal_iwdg.c...
compiling stm32f2xx_hal_pwr_ex.c...
compiling stm32f2xx_hal_spi.c...
compiling stm32f2xx_hal.c...
compiling stm32f2xx_hal_uart.c...
compiling stm32f2xx_hal_can.c...
compiling stm32f2xx_hal_flash.c...
compiling stm32f2xx_hal_wwdg.c...
compiling stm32f2xx_hal_gpio.c...
compiling stm32f2xx_hal_rtc.c...
linking...
Program Size: Code=35776 RO-data=520 RW-data=148 ZI-data=18164  
"PrjCclFreeRTOS\PrjCclFreeRTOS.axf" - 0 Error(s), 0 Warning(s).

<h2>Software Packages used:</h2>

Package Vendor: ARM
                http://www.keil.com/pack/ARM.CMSIS.4.5.0.pack
                ARM::CMSIS:CORE:4.3.0
                CMSIS (Cortex Microcontroller Software Interface Standard)
   * Component: CORE Version: 4.3.0

<h2>Collection of Component include folders:</h2>
  D:\IHUSRC\ihu\PrjCclFreeRTOS\PrjCclFreeRTOS\MDK-ARM\RTE
  C:\Keil_v5\ARM\PACK\ARM\CMSIS\4.5.0\CMSIS\Include
  C:\Keil_v5\ARM\PACK\Keil\STM32F2xx_DFP\2.6.0\Drivers\CMSIS\Device\ST\STM32F2xx\Include

<h2>Collection of Component Files used:</h2>

   * Component: ARM::CMSIS:CORE:4.3.0
Build Time Elapsed:  00:00:27
</pre>
</body>
</html>
