<html>
<body>
<pre>
<h1>µVision Build Log</h1>
<h2>Tool Versions:</h2>
IDE-Version: ¦ÌVision V5.18.0.0
Copyright (C) 2016 ARM Ltd and ARM Germany GmbH. All rights reserved.
License Information: z MAMA, Microsoft, LIC=JDA30-BZJU5-68CFC-7RXXZ-QM63C-6Q9JT
 
Tool Versions:
Toolchain:       MDK-ARM Professional  Version: 5.18
Toolchain Path:  C:\Keil_v5\ARM\ARMCC\Bin
C Compiler:      Armcc.exe V5.06 update 1 (build 61)
Assembler:       Armasm.exe V5.06 update 1 (build 61)
Linker/Locator:  ArmLink.exe V5.06 update 1 (build 61)
Library Manager: ArmAr.exe V5.06 update 1 (build 61)
Hex Converter:   FromElf.exe V5.06 update 1 (build 61)
CPU DLL:         SARMCM3.DLL V5.18
Dialog DLL:      DCM.DLL V1.13.6.0
Target DLL:      UL2CM3.DLL V1.157.5.0
Dialog DLL:      TCM.DLL V1.14.8.0
 
<h2>Project:</h2>
D:\IHUSRC\ihu\PrjCclFo@207VC\MDK-ARM\PrjCclFo@207VC.uvprojx
Project File Date:  02/01/2017

<h2>Output:</h2>
*** Using Compiler 'V5.06 update 1 (build 61)', folder: 'C:\Keil_v5\ARM\ARMCC\Bin'
Build Project 'PrjCclFo@207VC' - Target 'PrjCclFo@207VC'
compiling bsp_usart.c...
compiling bsp_i2c.c...
compiling bsp_calendar.c...
compiling bsp_led.c...
compiling bsp_dido.c...
compiling bsp_adc.c...
compiling main.c...
compiling bsp_camera.c...
compiling bsp_rtc.c...
compiling bsp_cpuid.c...
compiling bsp_stmflash.c...
compiling bsp_ov2640.c...
compiling bsp_spi.c...
compiling l1timer_freeos.c...
compiling l1vmfo.c...
compiling vmfreeoslayer.c...
compiling vmmw_ble.c...
compiling l2adclibra.c...
compiling vmmw_rfid.c...
compiling huixmlcodec.c...
compiling vmmw_gprs.c...
compiling l2i2caries.c...
compiling l2ledpisces.c...
compiling l2didocap.c...
compiling l2dcmiaris.c...
compiling l2spsvirgo.c...
compiling l3ccl.c...
linking...
Program Size: Code=89636 RO-data=11940 RW-data=1888 ZI-data=87800  
"PrjCclFo@207VC\PrjCclFo@207VC.axf" - 0 Error(s), 0 Warning(s).

<h2>Collection of Component include folders:</h2>
  D:\IHUSRC\ihu\PrjCclFo@207VC\MDK-ARM\RTE
  C:\Keil_v5\ARM\PACK\Keil\STM32F2xx_DFP\2.6.0\Drivers\CMSIS\Device\ST\STM32F2xx\Include

<h2>Collection of Component Files used:</h2>
Build Time Elapsed:  00:00:29
</pre>
</body>
</html>
