<!doctype html public "-//w3c//dtd html 4.0 transitional//en">
<html><head>
<title>Static Call Graph - [PrjCclFo@207VC\PrjCclFo@207VC.axf]</title></head>
<body><HR>
<H1>Static Call Graph for image PrjCclFo@207VC\PrjCclFo@207VC.axf</H1><HR>
<BR><P>#&#060CALLGRAPH&#062# ARM Linker, 5060061: Last Updated: Sun Feb 05 14:24:47 2017
<BR><P>
<H3>Maximum Stack Usage =       2792 bytes + Unknown(Cycles, Untraceable Function Pointers)</H3><H3>
Call chain for Maximum Stack Depth:</H3>
fsm_spsvirgo_ccl_event_report_send &rArr; func_cloud_standard_xml_unpack &rArr; func_cloud_spsvirgo_ccl_msg_ccl_state_confirm_received_handle &rArr; ihu_message_send &rArr; ihu_msgid_to_string &rArr; IhuErrorPrintFo &rArr; xQueueTakeMutexRecursive &rArr; xQueueGenericReceive &rArr; xTaskResumeAll &rArr; xTaskIncrementTick
<P>
<H3>
Mutually Recursive functions
</H3> <LI><a href="#[6f]">ADC_IRQHandler</a>&nbsp;&nbsp;&nbsp;&rArr;&nbsp;&nbsp;&nbsp;<a href="#[6f]">ADC_IRQHandler</a><BR>
 <LI><a href="#[57]">BusFault_Handler</a>&nbsp;&nbsp;&nbsp;&rArr;&nbsp;&nbsp;&nbsp;<a href="#[57]">BusFault_Handler</a><BR>
 <LI><a href="#[55]">HardFault_Handler</a>&nbsp;&nbsp;&nbsp;&rArr;&nbsp;&nbsp;&nbsp;<a href="#[55]">HardFault_Handler</a><BR>
 <LI><a href="#[56]">MemManage_Handler</a>&nbsp;&nbsp;&nbsp;&rArr;&nbsp;&nbsp;&nbsp;<a href="#[56]">MemManage_Handler</a><BR>
 <LI><a href="#[c2]">StartDefaultTask</a>&nbsp;&nbsp;&nbsp;&rArr;&nbsp;&nbsp;&nbsp;<a href="#[c2]">StartDefaultTask</a><BR>
 <LI><a href="#[c3]">StartTask02</a>&nbsp;&nbsp;&nbsp;&rArr;&nbsp;&nbsp;&nbsp;<a href="#[c3]">StartTask02</a><BR>
 <LI><a href="#[58]">UsageFault_Handler</a>&nbsp;&nbsp;&nbsp;&rArr;&nbsp;&nbsp;&nbsp;<a href="#[58]">UsageFault_Handler</a><BR>
</UL>
<P>
<H3>
Function Pointers
</H3><UL>
 <LI><a href="#[6f]">ADC_IRQHandler</a> from startup_stm32f207xx.o(.text) referenced from startup_stm32f207xx.o(RESET)
 <LI><a href="#[57]">BusFault_Handler</a> from stm32f2xx_it.o(i.BusFault_Handler) referenced from startup_stm32f207xx.o(RESET)
 <LI><a href="#[71]">CAN1_RX0_IRQHandler</a> from startup_stm32f207xx.o(.text) referenced from startup_stm32f207xx.o(RESET)
 <LI><a href="#[72]">CAN1_RX1_IRQHandler</a> from startup_stm32f207xx.o(.text) referenced from startup_stm32f207xx.o(RESET)
 <LI><a href="#[73]">CAN1_SCE_IRQHandler</a> from startup_stm32f207xx.o(.text) referenced from startup_stm32f207xx.o(RESET)
 <LI><a href="#[70]">CAN1_TX_IRQHandler</a> from startup_stm32f207xx.o(.text) referenced from startup_stm32f207xx.o(RESET)
 <LI><a href="#[9d]">CAN2_RX0_IRQHandler</a> from startup_stm32f207xx.o(.text) referenced from startup_stm32f207xx.o(RESET)
 <LI><a href="#[9e]">CAN2_RX1_IRQHandler</a> from startup_stm32f207xx.o(.text) referenced from startup_stm32f207xx.o(RESET)
 <LI><a href="#[9f]">CAN2_SCE_IRQHandler</a> from startup_stm32f207xx.o(.text) referenced from startup_stm32f207xx.o(RESET)
 <LI><a href="#[9c]">CAN2_TX_IRQHandler</a> from startup_stm32f207xx.o(.text) referenced from startup_stm32f207xx.o(RESET)
 <LI><a href="#[c1]">Callback01</a> from main.o(i.Callback01) referenced from main.o(.constdata)
 <LI><a href="#[b0]">DCMI_DMAError</a> from stm32f2xx_hal_dcmi.o(i.DCMI_DMAError) referenced from stm32f2xx_hal_dcmi.o(i.HAL_DCMI_IRQHandler)
 <LI><a href="#[ab]">DCMI_IRQHandler</a> from stm32f2xx_it.o(i.DCMI_IRQHandler) referenced from startup_stm32f207xx.o(RESET)
 <LI><a href="#[68]">DMA1_Stream0_IRQHandler</a> from startup_stm32f207xx.o(.text) referenced from startup_stm32f207xx.o(RESET)
 <LI><a href="#[69]">DMA1_Stream1_IRQHandler</a> from startup_stm32f207xx.o(.text) referenced from startup_stm32f207xx.o(RESET)
 <LI><a href="#[6a]">DMA1_Stream2_IRQHandler</a> from startup_stm32f207xx.o(.text) referenced from startup_stm32f207xx.o(RESET)
 <LI><a href="#[6b]">DMA1_Stream3_IRQHandler</a> from startup_stm32f207xx.o(.text) referenced from startup_stm32f207xx.o(RESET)
 <LI><a href="#[6c]">DMA1_Stream4_IRQHandler</a> from startup_stm32f207xx.o(.text) referenced from startup_stm32f207xx.o(RESET)
 <LI><a href="#[6d]">DMA1_Stream5_IRQHandler</a> from startup_stm32f207xx.o(.text) referenced from startup_stm32f207xx.o(RESET)
 <LI><a href="#[6e]">DMA1_Stream6_IRQHandler</a> from startup_stm32f207xx.o(.text) referenced from startup_stm32f207xx.o(RESET)
 <LI><a href="#[8c]">DMA1_Stream7_IRQHandler</a> from startup_stm32f207xx.o(.text) referenced from startup_stm32f207xx.o(RESET)
 <LI><a href="#[95]">DMA2_Stream0_IRQHandler</a> from startup_stm32f207xx.o(.text) referenced from startup_stm32f207xx.o(RESET)
 <LI><a href="#[96]">DMA2_Stream1_IRQHandler</a> from startup_stm32f207xx.o(.text) referenced from startup_stm32f207xx.o(RESET)
 <LI><a href="#[97]">DMA2_Stream2_IRQHandler</a> from startup_stm32f207xx.o(.text) referenced from startup_stm32f207xx.o(RESET)
 <LI><a href="#[98]">DMA2_Stream3_IRQHandler</a> from startup_stm32f207xx.o(.text) referenced from startup_stm32f207xx.o(RESET)
 <LI><a href="#[99]">DMA2_Stream4_IRQHandler</a> from startup_stm32f207xx.o(.text) referenced from startup_stm32f207xx.o(RESET)
 <LI><a href="#[a1]">DMA2_Stream5_IRQHandler</a> from startup_stm32f207xx.o(.text) referenced from startup_stm32f207xx.o(RESET)
 <LI><a href="#[a2]">DMA2_Stream6_IRQHandler</a> from startup_stm32f207xx.o(.text) referenced from startup_stm32f207xx.o(RESET)
 <LI><a href="#[a3]">DMA2_Stream7_IRQHandler</a> from startup_stm32f207xx.o(.text) referenced from startup_stm32f207xx.o(RESET)
 <LI><a href="#[5a]">DebugMon_Handler</a> from stm32f2xx_it.o(i.DebugMon_Handler) referenced from startup_stm32f207xx.o(RESET)
 <LI><a href="#[9a]">ETH_IRQHandler</a> from startup_stm32f207xx.o(.text) referenced from startup_stm32f207xx.o(RESET)
 <LI><a href="#[9b]">ETH_WKUP_IRQHandler</a> from startup_stm32f207xx.o(.text) referenced from startup_stm32f207xx.o(RESET)
 <LI><a href="#[63]">EXTI0_IRQHandler</a> from startup_stm32f207xx.o(.text) referenced from startup_stm32f207xx.o(RESET)
 <LI><a href="#[85]">EXTI15_10_IRQHandler</a> from startup_stm32f207xx.o(.text) referenced from startup_stm32f207xx.o(RESET)
 <LI><a href="#[64]">EXTI1_IRQHandler</a> from startup_stm32f207xx.o(.text) referenced from startup_stm32f207xx.o(RESET)
 <LI><a href="#[65]">EXTI2_IRQHandler</a> from startup_stm32f207xx.o(.text) referenced from startup_stm32f207xx.o(RESET)
 <LI><a href="#[66]">EXTI3_IRQHandler</a> from startup_stm32f207xx.o(.text) referenced from startup_stm32f207xx.o(RESET)
 <LI><a href="#[67]">EXTI4_IRQHandler</a> from startup_stm32f207xx.o(.text) referenced from startup_stm32f207xx.o(RESET)
 <LI><a href="#[74]">EXTI9_5_IRQHandler</a> from startup_stm32f207xx.o(.text) referenced from startup_stm32f207xx.o(RESET)
 <LI><a href="#[61]">FLASH_IRQHandler</a> from startup_stm32f207xx.o(.text) referenced from startup_stm32f207xx.o(RESET)
 <LI><a href="#[8d]">FSMC_IRQHandler</a> from startup_stm32f207xx.o(.text) referenced from startup_stm32f207xx.o(RESET)
 <LI><a href="#[bd]">FsmProcessingLaunch</a> from vmfreeoslayer.o(i.FsmProcessingLaunch) referenced from vmfreeoslayer.o(i.ihu_task_create_and_run)
 <LI><a href="#[ac]">HASH_RNG_IRQHandler</a> from startup_stm32f207xx.o(.text) referenced from startup_stm32f207xx.o(RESET)
 <LI><a href="#[55]">HardFault_Handler</a> from stm32f2xx_it.o(i.HardFault_Handler) referenced from startup_stm32f207xx.o(RESET)
 <LI><a href="#[7d]">I2C1_ER_IRQHandler</a> from stm32f2xx_it.o(i.I2C1_ER_IRQHandler) referenced from startup_stm32f207xx.o(RESET)
 <LI><a href="#[7c]">I2C1_EV_IRQHandler</a> from stm32f2xx_it.o(i.I2C1_EV_IRQHandler) referenced from startup_stm32f207xx.o(RESET)
 <LI><a href="#[7f]">I2C2_ER_IRQHandler</a> from startup_stm32f207xx.o(.text) referenced from startup_stm32f207xx.o(RESET)
 <LI><a href="#[7e]">I2C2_EV_IRQHandler</a> from startup_stm32f207xx.o(.text) referenced from startup_stm32f207xx.o(RESET)
 <LI><a href="#[a6]">I2C3_ER_IRQHandler</a> from startup_stm32f207xx.o(.text) referenced from startup_stm32f207xx.o(RESET)
 <LI><a href="#[a5]">I2C3_EV_IRQHandler</a> from startup_stm32f207xx.o(.text) referenced from startup_stm32f207xx.o(RESET)
 <LI><a href="#[b9]">I2C_DMAAbort</a> from stm32f2xx_hal_i2c.o(i.I2C_DMAAbort) referenced from stm32f2xx_hal_i2c.o(i.I2C_ITError)
 <LI><a href="#[56]">MemManage_Handler</a> from stm32f2xx_it.o(i.MemManage_Handler) referenced from startup_stm32f207xx.o(RESET)
 <LI><a href="#[54]">NMI_Handler</a> from stm32f2xx_it.o(i.NMI_Handler) referenced from startup_stm32f207xx.o(RESET)
 <LI><a href="#[a0]">OTG_FS_IRQHandler</a> from startup_stm32f207xx.o(.text) referenced from startup_stm32f207xx.o(RESET)
 <LI><a href="#[87]">OTG_FS_WKUP_IRQHandler</a> from startup_stm32f207xx.o(.text) referenced from startup_stm32f207xx.o(RESET)
 <LI><a href="#[a8]">OTG_HS_EP1_IN_IRQHandler</a> from startup_stm32f207xx.o(.text) referenced from startup_stm32f207xx.o(RESET)
 <LI><a href="#[a7]">OTG_HS_EP1_OUT_IRQHandler</a> from startup_stm32f207xx.o(.text) referenced from startup_stm32f207xx.o(RESET)
 <LI><a href="#[aa]">OTG_HS_IRQHandler</a> from startup_stm32f207xx.o(.text) referenced from startup_stm32f207xx.o(RESET)
 <LI><a href="#[a9]">OTG_HS_WKUP_IRQHandler</a> from startup_stm32f207xx.o(.text) referenced from startup_stm32f207xx.o(RESET)
 <LI><a href="#[5e]">PVD_IRQHandler</a> from startup_stm32f207xx.o(.text) referenced from startup_stm32f207xx.o(RESET)
 <LI><a href="#[5b]">PendSV_Handler</a> from port.o(.emb_text) referenced from startup_stm32f207xx.o(RESET)
 <LI><a href="#[62]">RCC_IRQHandler</a> from startup_stm32f207xx.o(.text) referenced from startup_stm32f207xx.o(RESET)
 <LI><a href="#[86]">RTC_Alarm_IRQHandler</a> from startup_stm32f207xx.o(.text) referenced from startup_stm32f207xx.o(RESET)
 <LI><a href="#[60]">RTC_WKUP_IRQHandler</a> from startup_stm32f207xx.o(.text) referenced from startup_stm32f207xx.o(RESET)
 <LI><a href="#[53]">Reset_Handler</a> from startup_stm32f207xx.o(.text) referenced from startup_stm32f207xx.o(RESET)
 <LI><a href="#[8e]">SDIO_IRQHandler</a> from startup_stm32f207xx.o(.text) referenced from startup_stm32f207xx.o(RESET)
 <LI><a href="#[80]">SPI1_IRQHandler</a> from startup_stm32f207xx.o(.text) referenced from startup_stm32f207xx.o(RESET)
 <LI><a href="#[81]">SPI2_IRQHandler</a> from stm32f2xx_it.o(i.SPI2_IRQHandler) referenced from startup_stm32f207xx.o(RESET)
 <LI><a href="#[90]">SPI3_IRQHandler</a> from startup_stm32f207xx.o(.text) referenced from startup_stm32f207xx.o(RESET)
 <LI><a href="#[b4]">SPI_2linesRxISR_16BIT</a> from stm32f2xx_hal_spi.o(i.SPI_2linesRxISR_16BIT) referenced from stm32f2xx_hal_spi.o(i.HAL_SPI_TransmitReceive_IT)
 <LI><a href="#[b6]">SPI_2linesRxISR_8BIT</a> from stm32f2xx_hal_spi.o(i.SPI_2linesRxISR_8BIT) referenced from stm32f2xx_hal_spi.o(i.HAL_SPI_TransmitReceive_IT)
 <LI><a href="#[b5]">SPI_2linesTxISR_16BIT</a> from stm32f2xx_hal_spi.o(i.SPI_2linesTxISR_16BIT) referenced from stm32f2xx_hal_spi.o(i.HAL_SPI_TransmitReceive_IT)
 <LI><a href="#[b7]">SPI_2linesTxISR_8BIT</a> from stm32f2xx_hal_spi.o(i.SPI_2linesTxISR_8BIT) referenced from stm32f2xx_hal_spi.o(i.HAL_SPI_TransmitReceive_IT)
 <LI><a href="#[b1]">SPI_DMAAbortOnError</a> from stm32f2xx_hal_spi.o(i.SPI_DMAAbortOnError) referenced from stm32f2xx_hal_spi.o(i.HAL_SPI_IRQHandler)
 <LI><a href="#[b2]">SPI_RxISR_16BIT</a> from stm32f2xx_hal_spi.o(i.SPI_RxISR_16BIT) referenced from stm32f2xx_hal_spi.o(i.HAL_SPI_Receive_IT)
 <LI><a href="#[b3]">SPI_RxISR_8BIT</a> from stm32f2xx_hal_spi.o(i.SPI_RxISR_8BIT) referenced from stm32f2xx_hal_spi.o(i.HAL_SPI_Receive_IT)
 <LI><a href="#[59]">SVC_Handler</a> from port.o(.emb_text) referenced from startup_stm32f207xx.o(RESET)
 <LI><a href="#[c2]">StartDefaultTask</a> from main.o(i.StartDefaultTask) referenced from main.o(.constdata)
 <LI><a href="#[c3]">StartTask02</a> from main.o(i.StartTask02) referenced from main.o(.constdata)
 <LI><a href="#[5c]">SysTick_Handler</a> from stm32f2xx_it.o(i.SysTick_Handler) referenced from startup_stm32f207xx.o(RESET)
 <LI><a href="#[ae]">SystemInit</a> from system_stm32f2xx.o(i.SystemInit) referenced from startup_stm32f207xx.o(.text)
 <LI><a href="#[5f]">TAMP_STAMP_IRQHandler</a> from startup_stm32f207xx.o(.text) referenced from startup_stm32f207xx.o(RESET)
 <LI><a href="#[75]">TIM1_BRK_TIM9_IRQHandler</a> from startup_stm32f207xx.o(.text) referenced from startup_stm32f207xx.o(RESET)
 <LI><a href="#[78]">TIM1_CC_IRQHandler</a> from startup_stm32f207xx.o(.text) referenced from startup_stm32f207xx.o(RESET)
 <LI><a href="#[77]">TIM1_TRG_COM_TIM11_IRQHandler</a> from startup_stm32f207xx.o(.text) referenced from startup_stm32f207xx.o(RESET)
 <LI><a href="#[76]">TIM1_UP_TIM10_IRQHandler</a> from stm32f2xx_it.o(i.TIM1_UP_TIM10_IRQHandler) referenced from startup_stm32f207xx.o(RESET)
 <LI><a href="#[79]">TIM2_IRQHandler</a> from startup_stm32f207xx.o(.text) referenced from startup_stm32f207xx.o(RESET)
 <LI><a href="#[7a]">TIM3_IRQHandler</a> from startup_stm32f207xx.o(.text) referenced from startup_stm32f207xx.o(RESET)
 <LI><a href="#[7b]">TIM4_IRQHandler</a> from startup_stm32f207xx.o(.text) referenced from startup_stm32f207xx.o(RESET)
 <LI><a href="#[8f]">TIM5_IRQHandler</a> from startup_stm32f207xx.o(.text) referenced from startup_stm32f207xx.o(RESET)
 <LI><a href="#[93]">TIM6_DAC_IRQHandler</a> from startup_stm32f207xx.o(.text) referenced from startup_stm32f207xx.o(RESET)
 <LI><a href="#[94]">TIM7_IRQHandler</a> from startup_stm32f207xx.o(.text) referenced from startup_stm32f207xx.o(RESET)
 <LI><a href="#[88]">TIM8_BRK_TIM12_IRQHandler</a> from startup_stm32f207xx.o(.text) referenced from startup_stm32f207xx.o(RESET)
 <LI><a href="#[8b]">TIM8_CC_IRQHandler</a> from startup_stm32f207xx.o(.text) referenced from startup_stm32f207xx.o(RESET)
 <LI><a href="#[8a]">TIM8_TRG_COM_TIM14_IRQHandler</a> from startup_stm32f207xx.o(.text) referenced from startup_stm32f207xx.o(RESET)
 <LI><a href="#[89]">TIM8_UP_TIM13_IRQHandler</a> from startup_stm32f207xx.o(.text) referenced from startup_stm32f207xx.o(RESET)
 <LI><a href="#[91]">UART4_IRQHandler</a> from stm32f2xx_it.o(i.UART4_IRQHandler) referenced from startup_stm32f207xx.o(RESET)
 <LI><a href="#[92]">UART5_IRQHandler</a> from startup_stm32f207xx.o(.text) referenced from startup_stm32f207xx.o(RESET)
 <LI><a href="#[b8]">UART_DMAAbortOnError</a> from stm32f2xx_hal_uart.o(i.UART_DMAAbortOnError) referenced from stm32f2xx_hal_uart.o(i.HAL_UART_IRQHandler)
 <LI><a href="#[82]">USART1_IRQHandler</a> from stm32f2xx_it.o(i.USART1_IRQHandler) referenced from startup_stm32f207xx.o(RESET)
 <LI><a href="#[83]">USART2_IRQHandler</a> from stm32f2xx_it.o(i.USART2_IRQHandler) referenced from startup_stm32f207xx.o(RESET)
 <LI><a href="#[84]">USART3_IRQHandler</a> from stm32f2xx_it.o(i.USART3_IRQHandler) referenced from startup_stm32f207xx.o(RESET)
 <LI><a href="#[a4]">USART6_IRQHandler</a> from startup_stm32f207xx.o(.text) referenced from startup_stm32f207xx.o(RESET)
 <LI><a href="#[58]">UsageFault_Handler</a> from stm32f2xx_it.o(i.UsageFault_Handler) referenced from startup_stm32f207xx.o(RESET)
 <LI><a href="#[5d]">WWDG_IRQHandler</a> from startup_stm32f207xx.o(.text) referenced from startup_stm32f207xx.o(RESET)
 <LI><a href="#[af]">__main</a> from entry.o(.ARM.Collect$$$$00000000) referenced from startup_stm32f207xx.o(.text)
 <LI><a href="#[ba]">_snputc</a> from printfa.o(i._snputc) referenced from printfa.o(i.__0snprintf)
 <LI><a href="#[ba]">_snputc</a> from printfa.o(i._snputc) referenced from printfa.o(i.__0vsnprintf)
 <LI><a href="#[bb]">_sputc</a> from printfa.o(i._sputc) referenced from printfa.o(i.__0sprintf)
 <LI><a href="#[d]">fsm_adclibra_init</a> from l2adclibra.o(i.fsm_adclibra_init) referenced 2 times from l2adclibra.o(.data)
 <LI><a href="#[e]">fsm_adclibra_restart</a> from l2adclibra.o(i.fsm_adclibra_restart) referenced 6 times from l2adclibra.o(.data)
 <LI><a href="#[f]">fsm_adclibra_stop_rcv</a> from l2adclibra.o(i.fsm_adclibra_stop_rcv) referenced 4 times from l2adclibra.o(.data)
 <LI><a href="#[c]">fsm_adclibra_task_entry</a> from l2adclibra.o(i.fsm_adclibra_task_entry) referenced 2 times from l2adclibra.o(.data)
 <LI><a href="#[10]">fsm_adclibra_time_out</a> from l2adclibra.o(i.fsm_adclibra_time_out) referenced 2 times from l2adclibra.o(.data)
 <LI><a href="#[49]">fsm_ccl_dcmi_sensor_status_resp</a> from l3ccl.o(i.fsm_ccl_dcmi_sensor_status_resp) referenced 2 times from l3ccl.o(.data)
 <LI><a href="#[4c]">fsm_ccl_dido_door_open_event</a> from l3ccl.o(i.fsm_ccl_dido_door_open_event) referenced 2 times from l3ccl.o(.data)
 <LI><a href="#[4d]">fsm_ccl_dido_event_status_update</a> from l3ccl.o(i.fsm_ccl_dido_event_status_update) referenced 4 times from l3ccl.o(.data)
 <LI><a href="#[46]">fsm_ccl_dido_sensor_status_resp</a> from l3ccl.o(i.fsm_ccl_dido_sensor_status_resp) referenced 2 times from l3ccl.o(.data)
 <LI><a href="#[50]">fsm_ccl_event_fault_trigger_to_stop</a> from l3ccl.o(i.fsm_ccl_event_fault_trigger_to_stop) referenced 4 times from l3ccl.o(.data)
 <LI><a href="#[52]">fsm_ccl_event_lock_trigger_to_work</a> from l3ccl.o(i.fsm_ccl_event_lock_trigger_to_work) referenced 2 times from l3ccl.o(.data)
 <LI><a href="#[48]">fsm_ccl_i2c_sensor_status_resp</a> from l3ccl.o(i.fsm_ccl_i2c_sensor_status_resp) referenced 2 times from l3ccl.o(.data)
 <LI><a href="#[42]">fsm_ccl_init</a> from l3ccl.o(i.fsm_ccl_init) referenced 2 times from l3ccl.o(.data)
 <LI><a href="#[4f]">fsm_ccl_lock_and_door_close_event</a> from l3ccl.o(i.fsm_ccl_lock_and_door_close_event) referenced 4 times from l3ccl.o(.data)
 <LI><a href="#[43]">fsm_ccl_restart</a> from l3ccl.o(i.fsm_ccl_restart) referenced 16 times from l3ccl.o(.data)
 <LI><a href="#[4e]">fsm_ccl_sps_close_door_report_cfm</a> from l3ccl.o(i.fsm_ccl_sps_close_door_report_cfm) referenced 8 times from l3ccl.o(.data)
 <LI><a href="#[4b]">fsm_ccl_sps_cloud_fb</a> from l3ccl.o(i.fsm_ccl_sps_cloud_fb) referenced 2 times from l3ccl.o(.data)
 <LI><a href="#[4a]">fsm_ccl_sps_event_report_cfm</a> from l3ccl.o(i.fsm_ccl_sps_event_report_cfm) referenced 2 times from l3ccl.o(.data)
 <LI><a href="#[51]">fsm_ccl_sps_fault_report_cfm</a> from l3ccl.o(i.fsm_ccl_sps_fault_report_cfm) referenced 4 times from l3ccl.o(.data)
 <LI><a href="#[47]">fsm_ccl_sps_sensor_status_resp</a> from l3ccl.o(i.fsm_ccl_sps_sensor_status_resp) referenced 2 times from l3ccl.o(.data)
 <LI><a href="#[44]">fsm_ccl_stop_rcv</a> from l3ccl.o(i.fsm_ccl_stop_rcv) referenced 2 times from l3ccl.o(.data)
 <LI><a href="#[41]">fsm_ccl_task_entry</a> from l3ccl.o(i.fsm_ccl_task_entry) referenced 2 times from l3ccl.o(.data)
 <LI><a href="#[45]">fsm_ccl_time_out</a> from l3ccl.o(i.fsm_ccl_time_out) referenced 12 times from l3ccl.o(.data)
 <LI><a href="#[3]">fsm_com_do_nothing</a> from vmfreeoslayer.o(i.fsm_com_do_nothing) referenced 4 times from l1timer_freeos.o(.data)
 <LI><a href="#[40]">fsm_dcmiaris_ccl_ctrl_cmd</a> from l2dcmiaris.o(i.fsm_dcmiaris_ccl_ctrl_cmd) referenced 2 times from l2dcmiaris.o(.data)
 <LI><a href="#[3f]">fsm_dcmiaris_ccl_sensor_status_req</a> from l2dcmiaris.o(i.fsm_dcmiaris_ccl_sensor_status_req) referenced 2 times from l2dcmiaris.o(.data)
 <LI><a href="#[3b]">fsm_dcmiaris_init</a> from l2dcmiaris.o(i.fsm_dcmiaris_init) referenced 2 times from l2dcmiaris.o(.data)
 <LI><a href="#[3c]">fsm_dcmiaris_restart</a> from l2dcmiaris.o(i.fsm_dcmiaris_restart) referenced 6 times from l2dcmiaris.o(.data)
 <LI><a href="#[3d]">fsm_dcmiaris_stop_rcv</a> from l2dcmiaris.o(i.fsm_dcmiaris_stop_rcv) referenced 4 times from l2dcmiaris.o(.data)
 <LI><a href="#[3a]">fsm_dcmiaris_task_entry</a> from l2dcmiaris.o(i.fsm_dcmiaris_task_entry) referenced 2 times from l2dcmiaris.o(.data)
 <LI><a href="#[3e]">fsm_dcmiaris_time_out</a> from l2dcmiaris.o(i.fsm_dcmiaris_time_out) referenced 2 times from l2dcmiaris.o(.data)
 <LI><a href="#[17]">fsm_didocap_ccl_ctrl_cmd</a> from l2didocap.o(i.fsm_didocap_ccl_ctrl_cmd) referenced 2 times from l2didocap.o(.data)
 <LI><a href="#[16]">fsm_didocap_ccl_sensor_status_req</a> from l2didocap.o(i.fsm_didocap_ccl_sensor_status_req) referenced 2 times from l2didocap.o(.data)
 <LI><a href="#[12]">fsm_didocap_init</a> from l2didocap.o(i.fsm_didocap_init) referenced 2 times from l2didocap.o(.data)
 <LI><a href="#[13]">fsm_didocap_restart</a> from l2didocap.o(i.fsm_didocap_restart) referenced 6 times from l2didocap.o(.data)
 <LI><a href="#[14]">fsm_didocap_stop_rcv</a> from l2didocap.o(i.fsm_didocap_stop_rcv) referenced 4 times from l2didocap.o(.data)
 <LI><a href="#[11]">fsm_didocap_task_entry</a> from l2didocap.o(i.fsm_didocap_task_entry) referenced 2 times from l2didocap.o(.data)
 <LI><a href="#[15]">fsm_didocap_time_out</a> from l2didocap.o(i.fsm_didocap_time_out) referenced 2 times from l2didocap.o(.data)
 <LI><a href="#[1e]">fsm_i2caries_ccl_ctrl_cmd</a> from l2i2caries.o(i.fsm_i2caries_ccl_ctrl_cmd) referenced 2 times from l2i2caries.o(.data)
 <LI><a href="#[1d]">fsm_i2caries_ccl_sensor_status_req</a> from l2i2caries.o(i.fsm_i2caries_ccl_sensor_status_req) referenced 2 times from l2i2caries.o(.data)
 <LI><a href="#[19]">fsm_i2caries_init</a> from l2i2caries.o(i.fsm_i2caries_init) referenced 2 times from l2i2caries.o(.data)
 <LI><a href="#[1a]">fsm_i2caries_restart</a> from l2i2caries.o(i.fsm_i2caries_restart) referenced 6 times from l2i2caries.o(.data)
 <LI><a href="#[1b]">fsm_i2caries_stop_rcv</a> from l2i2caries.o(i.fsm_i2caries_stop_rcv) referenced 4 times from l2i2caries.o(.data)
 <LI><a href="#[18]">fsm_i2caries_task_entry</a> from l2i2caries.o(i.fsm_i2caries_task_entry) referenced 2 times from l2i2caries.o(.data)
 <LI><a href="#[1c]">fsm_i2caries_time_out</a> from l2i2caries.o(i.fsm_i2caries_time_out) referenced 2 times from l2i2caries.o(.data)
 <LI><a href="#[20]">fsm_ledpisces_init</a> from l2ledpisces.o(i.fsm_ledpisces_init) referenced 2 times from l2ledpisces.o(.data)
 <LI><a href="#[21]">fsm_ledpisces_restart</a> from l2ledpisces.o(i.fsm_ledpisces_restart) referenced 6 times from l2ledpisces.o(.data)
 <LI><a href="#[22]">fsm_ledpisces_stop_rcv</a> from l2ledpisces.o(i.fsm_ledpisces_stop_rcv) referenced 4 times from l2ledpisces.o(.data)
 <LI><a href="#[1f]">fsm_ledpisces_task_entry</a> from l2ledpisces.o(i.fsm_ledpisces_task_entry) referenced 2 times from l2ledpisces.o(.data)
 <LI><a href="#[23]">fsm_ledpisces_time_out</a> from l2ledpisces.o(i.fsm_ledpisces_time_out) referenced 2 times from l2ledpisces.o(.data)
 <LI><a href="#[39]">fsm_spsvirgo_ccl_close_door_report_send</a> from l2spsvirgo.o(i.fsm_spsvirgo_ccl_close_door_report_send) referenced 2 times from l2spsvirgo.o(.data)
 <LI><a href="#[37]">fsm_spsvirgo_ccl_ctrl_cmd</a> from l2spsvirgo.o(i.fsm_spsvirgo_ccl_ctrl_cmd) referenced 2 times from l2spsvirgo.o(.data)
 <LI><a href="#[36]">fsm_spsvirgo_ccl_event_report_send</a> from l2spsvirgo.o(i.fsm_spsvirgo_ccl_event_report_send) referenced 2 times from l2spsvirgo.o(.data)
 <LI><a href="#[38]">fsm_spsvirgo_ccl_fault_report_send</a> from l2spsvirgo.o(i.fsm_spsvirgo_ccl_fault_report_send) referenced 2 times from l2spsvirgo.o(.data)
 <LI><a href="#[34]">fsm_spsvirgo_ccl_open_auth_inq</a> from l2spsvirgo.o(i.fsm_spsvirgo_ccl_open_auth_inq) referenced 2 times from l2spsvirgo.o(.data)
 <LI><a href="#[35]">fsm_spsvirgo_ccl_sensor_status_req</a> from l2spsvirgo.o(i.fsm_spsvirgo_ccl_sensor_status_req) referenced 2 times from l2spsvirgo.o(.data)
 <LI><a href="#[2f]">fsm_spsvirgo_init</a> from l2spsvirgo.o(i.fsm_spsvirgo_init) referenced 2 times from l2spsvirgo.o(.data)
 <LI><a href="#[33]">fsm_spsvirgo_l2frame_rcv</a> from l2spsvirgo.o(i.fsm_spsvirgo_l2frame_rcv) referenced 2 times from l2spsvirgo.o(.data)
 <LI><a href="#[30]">fsm_spsvirgo_restart</a> from l2spsvirgo.o(i.fsm_spsvirgo_restart) referenced 10 times from l2spsvirgo.o(.data)
 <LI><a href="#[31]">fsm_spsvirgo_stop_rcv</a> from l2spsvirgo.o(i.fsm_spsvirgo_stop_rcv) referenced 4 times from l2spsvirgo.o(.data)
 <LI><a href="#[2e]">fsm_spsvirgo_task_entry</a> from l2spsvirgo.o(i.fsm_spsvirgo_task_entry) referenced 2 times from l2spsvirgo.o(.data)
 <LI><a href="#[32]">fsm_spsvirgo_time_out</a> from l2spsvirgo.o(i.fsm_spsvirgo_time_out) referenced 4 times from l2spsvirgo.o(.data)
 <LI><a href="#[1]">fsm_timer_init</a> from l1timer_freeos.o(i.fsm_timer_init) referenced 2 times from l1timer_freeos.o(.data)
 <LI><a href="#[2]">fsm_timer_restart</a> from l1timer_freeos.o(i.fsm_timer_restart) referenced 4 times from l1timer_freeos.o(.data)
 <LI><a href="#[4]">fsm_timer_stop_rcv</a> from l1timer_freeos.o(i.fsm_timer_stop_rcv) referenced 2 times from l1timer_freeos.o(.data)
 <LI><a href="#[0]">fsm_timer_task_entry</a> from l1timer_freeos.o(i.fsm_timer_task_entry) referenced 2 times from l1timer_freeos.o(.data)
 <LI><a href="#[b]">fsm_vmfo_heart_beat</a> from l1vmfo.o(i.fsm_vmfo_heart_beat) referenced 2 times from l1vmfo.o(.data)
 <LI><a href="#[6]">fsm_vmfo_init</a> from l1vmfo.o(i.fsm_vmfo_init) referenced 2 times from l1vmfo.o(.data)
 <LI><a href="#[a]">fsm_vmfo_init_fb</a> from l1vmfo.o(i.fsm_vmfo_init_fb) referenced 2 times from l1vmfo.o(.data)
 <LI><a href="#[7]">fsm_vmfo_restart</a> from l1vmfo.o(i.fsm_vmfo_restart) referenced 6 times from l1vmfo.o(.data)
 <LI><a href="#[8]">fsm_vmfo_stop_rcv</a> from l1vmfo.o(i.fsm_vmfo_stop_rcv) referenced 4 times from l1vmfo.o(.data)
 <LI><a href="#[5]">fsm_vmfo_task_entry</a> from l1vmfo.o(i.fsm_vmfo_task_entry) referenced 2 times from l1vmfo.o(.data)
 <LI><a href="#[9]">fsm_vmfo_time_out</a> from l1vmfo.o(i.fsm_vmfo_time_out) referenced 2 times from l1vmfo.o(.data)
 <LI><a href="#[bc]">func_timer_routine_handler_1s</a> from l1timer_freeos.o(i.func_timer_routine_handler_1s) referenced from l1timer_freeos.o(i.fsm_timer_init)
 <LI><a href="#[27]">ihu_bsp_stm32_dido_f2board_lock1_do1_off</a> from bsp_dido.o(i.ihu_bsp_stm32_dido_f2board_lock1_do1_off) referenced 2 times from l2ledpisces.o(.data)
 <LI><a href="#[26]">ihu_bsp_stm32_dido_f2board_lock1_do1_on</a> from bsp_dido.o(i.ihu_bsp_stm32_dido_f2board_lock1_do1_on) referenced 2 times from l2ledpisces.o(.data)
 <LI><a href="#[29]">ihu_bsp_stm32_dido_f2board_lock2_do1_off</a> from bsp_dido.o(i.ihu_bsp_stm32_dido_f2board_lock2_do1_off) referenced 2 times from l2ledpisces.o(.data)
 <LI><a href="#[28]">ihu_bsp_stm32_dido_f2board_lock2_do1_on</a> from bsp_dido.o(i.ihu_bsp_stm32_dido_f2board_lock2_do1_on) referenced 2 times from l2ledpisces.o(.data)
 <LI><a href="#[2b]">ihu_bsp_stm32_dido_f2board_lock3_do1_off</a> from bsp_dido.o(i.ihu_bsp_stm32_dido_f2board_lock3_do1_off) referenced 2 times from l2ledpisces.o(.data)
 <LI><a href="#[2a]">ihu_bsp_stm32_dido_f2board_lock3_do1_on</a> from bsp_dido.o(i.ihu_bsp_stm32_dido_f2board_lock3_do1_on) referenced 2 times from l2ledpisces.o(.data)
 <LI><a href="#[2d]">ihu_bsp_stm32_dido_f2board_lock4_do1_off</a> from bsp_dido.o(i.ihu_bsp_stm32_dido_f2board_lock4_do1_off) referenced 2 times from l2ledpisces.o(.data)
 <LI><a href="#[2c]">ihu_bsp_stm32_dido_f2board_lock4_do1_on</a> from bsp_dido.o(i.ihu_bsp_stm32_dido_f2board_lock4_do1_on) referenced 2 times from l2ledpisces.o(.data)
 <LI><a href="#[25]">ihu_bsp_stm32_led_f2board_off</a> from bsp_led.o(i.ihu_bsp_stm32_led_f2board_off) referenced 2 times from l2ledpisces.o(.data)
 <LI><a href="#[24]">ihu_bsp_stm32_led_f2board_on</a> from bsp_led.o(i.ihu_bsp_stm32_led_f2board_on) referenced 2 times from l2ledpisces.o(.data)
 <LI><a href="#[ad]">main</a> from main.o(i.main) referenced from entry9a.o(.ARM.Collect$$$$0000000B)
 <LI><a href="#[bf]">prvIdleTask</a> from tasks.o(i.prvIdleTask) referenced from tasks.o(i.vTaskStartScheduler)
 <LI><a href="#[be]">prvTaskExitError</a> from port.o(i.prvTaskExitError) referenced from port.o(i.pxPortInitialiseStack)
 <LI><a href="#[c0]">prvTimerTask</a> from timers.o(i.prvTimerTask) referenced from timers.o(i.xTimerCreateTimerTask)
</UL>
<P>
<H3>
Global Symbols
</H3>
<P><STRONG><a name="[af]"></a>__main</STRONG> (Thumb, 0 bytes, Stack size unknown bytes, entry.o(.ARM.Collect$$$$00000000))
<BR>[Address Reference Count : 1]<UL><LI> startup_stm32f207xx.o(.text)
</UL>
<P><STRONG><a name="[2a2]"></a>_main_stk</STRONG> (Thumb, 0 bytes, Stack size unknown bytes, entry2.o(.ARM.Collect$$$$00000001))

<P><STRONG><a name="[c4]"></a>_main_scatterload</STRONG> (Thumb, 0 bytes, Stack size unknown bytes, entry5.o(.ARM.Collect$$$$00000004))
<BR><BR>[Calls]<UL><LI><a href="#[c5]">&gt;&gt;</a>&nbsp;&nbsp;&nbsp;__scatterload
</UL>

<P><STRONG><a name="[e4]"></a>__main_after_scatterload</STRONG> (Thumb, 0 bytes, Stack size unknown bytes, entry5.o(.ARM.Collect$$$$00000004))
<BR><BR>[Called By]<UL><LI><a href="#[c5]">&gt;&gt;</a>&nbsp;&nbsp;&nbsp;__scatterload
</UL>

<P><STRONG><a name="[2a3]"></a>_main_clock</STRONG> (Thumb, 0 bytes, Stack size unknown bytes, entry7b.o(.ARM.Collect$$$$00000008))

<P><STRONG><a name="[2a4]"></a>_main_cpp_init</STRONG> (Thumb, 0 bytes, Stack size unknown bytes, entry8b.o(.ARM.Collect$$$$0000000A))

<P><STRONG><a name="[2a5]"></a>_main_init</STRONG> (Thumb, 0 bytes, Stack size unknown bytes, entry9a.o(.ARM.Collect$$$$0000000B))

<P><STRONG><a name="[2a6]"></a>__rt_final_cpp</STRONG> (Thumb, 0 bytes, Stack size unknown bytes, entry10a.o(.ARM.Collect$$$$0000000D))

<P><STRONG><a name="[2a7]"></a>__rt_final_exit</STRONG> (Thumb, 0 bytes, Stack size unknown bytes, entry11a.o(.ARM.Collect$$$$0000000F))

<P><STRONG><a name="[59]"></a>SVC_Handler</STRONG> (Thumb, 32 bytes, Stack size 0 bytes, port.o(.emb_text))
<BR>[Address Reference Count : 1]<UL><LI> startup_stm32f207xx.o(RESET)
</UL>
<P><STRONG><a name="[298]"></a>__asm___6_port_c_39a90d8d__prvStartFirstTask</STRONG> (Thumb, 28 bytes, Stack size 0 bytes, port.o(.emb_text))
<BR><BR>[Called By]<UL><LI><a href="#[294]">&gt;&gt;</a>&nbsp;&nbsp;&nbsp;xPortStartScheduler
</UL>

<P><STRONG><a name="[5b]"></a>PendSV_Handler</STRONG> (Thumb, 64 bytes, Stack size 0 bytes, port.o(.emb_text))
<BR><BR>[Stack]<UL><LI>Max Depth = 8<LI>Call Chain = PendSV_Handler &rArr; vTaskSwitchContext
</UL>
<BR>[Calls]<UL><LI><a href="#[c6]">&gt;&gt;</a>&nbsp;&nbsp;&nbsp;vTaskSwitchContext
</UL>
<BR>[Address Reference Count : 1]<UL><LI> startup_stm32f207xx.o(RESET)
</UL>
<P><STRONG><a name="[266]"></a>ulPortSetInterruptMask</STRONG> (Thumb, 14 bytes, Stack size 0 bytes, port.o(.emb_text))
<BR><BR>[Called By]<UL><LI><a href="#[281]">&gt;&gt;</a>&nbsp;&nbsp;&nbsp;xTaskRemoveFromEventList
<LI><a href="#[26e]">&gt;&gt;</a>&nbsp;&nbsp;&nbsp;xTaskPriorityDisinherit
<LI><a href="#[29c]">&gt;&gt;</a>&nbsp;&nbsp;&nbsp;xTaskCheckForTimeOut
<LI><a href="#[291]">&gt;&gt;</a>&nbsp;&nbsp;&nbsp;vTaskSetTimeOutState
<LI><a href="#[28d]">&gt;&gt;</a>&nbsp;&nbsp;&nbsp;vTaskPlaceOnEventListRestricted
<LI><a href="#[28e]">&gt;&gt;</a>&nbsp;&nbsp;&nbsp;vTaskPlaceOnEventList
<LI><a href="#[28b]">&gt;&gt;</a>&nbsp;&nbsp;&nbsp;vPortValidateInterruptPriority
<LI><a href="#[168]">&gt;&gt;</a>&nbsp;&nbsp;&nbsp;xQueueTakeMutexRecursive
<LI><a href="#[16a]">&gt;&gt;</a>&nbsp;&nbsp;&nbsp;xQueueGiveMutexRecursive
<LI><a href="#[29a]">&gt;&gt;</a>&nbsp;&nbsp;&nbsp;xQueueGenericReset
<LI><a href="#[269]">&gt;&gt;</a>&nbsp;&nbsp;&nbsp;xTaskResumeAll
<LI><a href="#[24a]">&gt;&gt;</a>&nbsp;&nbsp;&nbsp;xTaskGenericCreate
<LI><a href="#[29d]">&gt;&gt;</a>&nbsp;&nbsp;&nbsp;xQueueGenericSendFromISR
<LI><a href="#[243]">&gt;&gt;</a>&nbsp;&nbsp;&nbsp;xQueueGenericSend
<LI><a href="#[242]">&gt;&gt;</a>&nbsp;&nbsp;&nbsp;xQueueGenericReceive
<LI><a href="#[240]">&gt;&gt;</a>&nbsp;&nbsp;&nbsp;xQueueGenericCreate
<LI><a href="#[260]">&gt;&gt;</a>&nbsp;&nbsp;&nbsp;vPortFree
<LI><a href="#[265]">&gt;&gt;</a>&nbsp;&nbsp;&nbsp;vPortExitCritical
<LI><a href="#[262]">&gt;&gt;</a>&nbsp;&nbsp;&nbsp;vPortEnterCritical
<LI><a href="#[25f]">&gt;&gt;</a>&nbsp;&nbsp;&nbsp;pvPortMalloc
<LI><a href="#[1d0]">&gt;&gt;</a>&nbsp;&nbsp;&nbsp;xTimerGenericCommand
<LI><a href="#[292]">&gt;&gt;</a>&nbsp;&nbsp;&nbsp;xTimerCreateTimerTask
<LI><a href="#[1ce]">&gt;&gt;</a>&nbsp;&nbsp;&nbsp;xTimerCreate
<LI><a href="#[27e]">&gt;&gt;</a>&nbsp;&nbsp;&nbsp;prvSwitchTimerLists
<LI><a href="#[27a]">&gt;&gt;</a>&nbsp;&nbsp;&nbsp;prvProcessReceivedCommands
<LI><a href="#[279]">&gt;&gt;</a>&nbsp;&nbsp;&nbsp;prvProcessExpiredTimer
<LI><a href="#[261]">&gt;&gt;</a>&nbsp;&nbsp;&nbsp;prvCheckForValidListAndQueue
<LI><a href="#[bf]">&gt;&gt;</a>&nbsp;&nbsp;&nbsp;prvIdleTask
<LI><a href="#[258]">&gt;&gt;</a>&nbsp;&nbsp;&nbsp;vTaskStartScheduler
<LI><a href="#[246]">&gt;&gt;</a>&nbsp;&nbsp;&nbsp;vTaskDelay
<LI><a href="#[299]">&gt;&gt;</a>&nbsp;&nbsp;&nbsp;xTaskIncrementTick
<LI><a href="#[28a]">&gt;&gt;</a>&nbsp;&nbsp;&nbsp;vTaskStepTick
<LI><a href="#[25a]">&gt;&gt;</a>&nbsp;&nbsp;&nbsp;xPortSysTickHandler
<LI><a href="#[c6]">&gt;&gt;</a>&nbsp;&nbsp;&nbsp;vTaskSwitchContext
<LI><a href="#[be]">&gt;&gt;</a>&nbsp;&nbsp;&nbsp;prvTaskExitError
</UL>

<P><STRONG><a name="[286]"></a>vPortClearInterruptMask</STRONG> (Thumb, 6 bytes, Stack size 0 bytes, port.o(.emb_text))
<BR><BR>[Called By]<UL><LI><a href="#[29d]">&gt;&gt;</a>&nbsp;&nbsp;&nbsp;xQueueGenericSendFromISR
<LI><a href="#[265]">&gt;&gt;</a>&nbsp;&nbsp;&nbsp;vPortExitCritical
<LI><a href="#[25a]">&gt;&gt;</a>&nbsp;&nbsp;&nbsp;xPortSysTickHandler
</UL>

<P><STRONG><a name="[28c]"></a>vPortGetIPSR</STRONG> (Thumb, 6 bytes, Stack size 0 bytes, port.o(.emb_text))
<BR><BR>[Called By]<UL><LI><a href="#[28b]">&gt;&gt;</a>&nbsp;&nbsp;&nbsp;vPortValidateInterruptPriority
</UL>

<P><STRONG><a name="[53]"></a>Reset_Handler</STRONG> (Thumb, 8 bytes, Stack size 0 bytes, startup_stm32f207xx.o(.text))
<BR>[Address Reference Count : 1]<UL><LI> startup_stm32f207xx.o(RESET)
</UL>
<P><STRONG><a name="[6f]"></a>ADC_IRQHandler</STRONG> (Thumb, 0 bytes, Stack size 0 bytes, startup_stm32f207xx.o(.text))
<BR><BR>[Calls]<UL><LI><a href="#[6f]">&gt;&gt;</a>&nbsp;&nbsp;&nbsp;ADC_IRQHandler
</UL>
<BR>[Called By]<UL><LI><a href="#[6f]">&gt;&gt;</a>&nbsp;&nbsp;&nbsp;ADC_IRQHandler
</UL>
<BR>[Address Reference Count : 1]<UL><LI> startup_stm32f207xx.o(RESET)
</UL>
<P><STRONG><a name="[71]"></a>CAN1_RX0_IRQHandler</STRONG> (Thumb, 0 bytes, Stack size 0 bytes, startup_stm32f207xx.o(.text))
<BR>[Address Reference Count : 1]<UL><LI> startup_stm32f207xx.o(RESET)
</UL>
<P><STRONG><a name="[72]"></a>CAN1_RX1_IRQHandler</STRONG> (Thumb, 0 bytes, Stack size 0 bytes, startup_stm32f207xx.o(.text))
<BR>[Address Reference Count : 1]<UL><LI> startup_stm32f207xx.o(RESET)
</UL>
<P><STRONG><a name="[73]"></a>CAN1_SCE_IRQHandler</STRONG> (Thumb, 0 bytes, Stack size 0 bytes, startup_stm32f207xx.o(.text))
<BR>[Address Reference Count : 1]<UL><LI> startup_stm32f207xx.o(RESET)
</UL>
<P><STRONG><a name="[70]"></a>CAN1_TX_IRQHandler</STRONG> (Thumb, 0 bytes, Stack size 0 bytes, startup_stm32f207xx.o(.text))
<BR>[Address Reference Count : 1]<UL><LI> startup_stm32f207xx.o(RESET)
</UL>
<P><STRONG><a name="[9d]"></a>CAN2_RX0_IRQHandler</STRONG> (Thumb, 0 bytes, Stack size 0 bytes, startup_stm32f207xx.o(.text))
<BR>[Address Reference Count : 1]<UL><LI> startup_stm32f207xx.o(RESET)
</UL>
<P><STRONG><a name="[9e]"></a>CAN2_RX1_IRQHandler</STRONG> (Thumb, 0 bytes, Stack size 0 bytes, startup_stm32f207xx.o(.text))
<BR>[Address Reference Count : 1]<UL><LI> startup_stm32f207xx.o(RESET)
</UL>
<P><STRONG><a name="[9f]"></a>CAN2_SCE_IRQHandler</STRONG> (Thumb, 0 bytes, Stack size 0 bytes, startup_stm32f207xx.o(.text))
<BR>[Address Reference Count : 1]<UL><LI> startup_stm32f207xx.o(RESET)
</UL>
<P><STRONG><a name="[9c]"></a>CAN2_TX_IRQHandler</STRONG> (Thumb, 0 bytes, Stack size 0 bytes, startup_stm32f207xx.o(.text))
<BR>[Address Reference Count : 1]<UL><LI> startup_stm32f207xx.o(RESET)
</UL>
<P><STRONG><a name="[68]"></a>DMA1_Stream0_IRQHandler</STRONG> (Thumb, 0 bytes, Stack size 0 bytes, startup_stm32f207xx.o(.text))
<BR>[Address Reference Count : 1]<UL><LI> startup_stm32f207xx.o(RESET)
</UL>
<P><STRONG><a name="[69]"></a>DMA1_Stream1_IRQHandler</STRONG> (Thumb, 0 bytes, Stack size 0 bytes, startup_stm32f207xx.o(.text))
<BR>[Address Reference Count : 1]<UL><LI> startup_stm32f207xx.o(RESET)
</UL>
<P><STRONG><a name="[6a]"></a>DMA1_Stream2_IRQHandler</STRONG> (Thumb, 0 bytes, Stack size 0 bytes, startup_stm32f207xx.o(.text))
<BR>[Address Reference Count : 1]<UL><LI> startup_stm32f207xx.o(RESET)
</UL>
<P><STRONG><a name="[6b]"></a>DMA1_Stream3_IRQHandler</STRONG> (Thumb, 0 bytes, Stack size 0 bytes, startup_stm32f207xx.o(.text))
<BR>[Address Reference Count : 1]<UL><LI> startup_stm32f207xx.o(RESET)
</UL>
<P><STRONG><a name="[6c]"></a>DMA1_Stream4_IRQHandler</STRONG> (Thumb, 0 bytes, Stack size 0 bytes, startup_stm32f207xx.o(.text))
<BR>[Address Reference Count : 1]<UL><LI> startup_stm32f207xx.o(RESET)
</UL>
<P><STRONG><a name="[6d]"></a>DMA1_Stream5_IRQHandler</STRONG> (Thumb, 0 bytes, Stack size 0 bytes, startup_stm32f207xx.o(.text))
<BR>[Address Reference Count : 1]<UL><LI> startup_stm32f207xx.o(RESET)
</UL>
<P><STRONG><a name="[6e]"></a>DMA1_Stream6_IRQHandler</STRONG> (Thumb, 0 bytes, Stack size 0 bytes, startup_stm32f207xx.o(.text))
<BR>[Address Reference Count : 1]<UL><LI> startup_stm32f207xx.o(RESET)
</UL>
<P><STRONG><a name="[8c]"></a>DMA1_Stream7_IRQHandler</STRONG> (Thumb, 0 bytes, Stack size 0 bytes, startup_stm32f207xx.o(.text))
<BR>[Address Reference Count : 1]<UL><LI> startup_stm32f207xx.o(RESET)
</UL>
<P><STRONG><a name="[95]"></a>DMA2_Stream0_IRQHandler</STRONG> (Thumb, 0 bytes, Stack size 0 bytes, startup_stm32f207xx.o(.text))
<BR>[Address Reference Count : 1]<UL><LI> startup_stm32f207xx.o(RESET)
</UL>
<P><STRONG><a name="[96]"></a>DMA2_Stream1_IRQHandler</STRONG> (Thumb, 0 bytes, Stack size 0 bytes, startup_stm32f207xx.o(.text))
<BR>[Address Reference Count : 1]<UL><LI> startup_stm32f207xx.o(RESET)
</UL>
<P><STRONG><a name="[97]"></a>DMA2_Stream2_IRQHandler</STRONG> (Thumb, 0 bytes, Stack size 0 bytes, startup_stm32f207xx.o(.text))
<BR>[Address Reference Count : 1]<UL><LI> startup_stm32f207xx.o(RESET)
</UL>
<P><STRONG><a name="[98]"></a>DMA2_Stream3_IRQHandler</STRONG> (Thumb, 0 bytes, Stack size 0 bytes, startup_stm32f207xx.o(.text))
<BR>[Address Reference Count : 1]<UL><LI> startup_stm32f207xx.o(RESET)
</UL>
<P><STRONG><a name="[99]"></a>DMA2_Stream4_IRQHandler</STRONG> (Thumb, 0 bytes, Stack size 0 bytes, startup_stm32f207xx.o(.text))
<BR>[Address Reference Count : 1]<UL><LI> startup_stm32f207xx.o(RESET)
</UL>
<P><STRONG><a name="[a1]"></a>DMA2_Stream5_IRQHandler</STRONG> (Thumb, 0 bytes, Stack size 0 bytes, startup_stm32f207xx.o(.text))
<BR>[Address Reference Count : 1]<UL><LI> startup_stm32f207xx.o(RESET)
</UL>
<P><STRONG><a name="[a2]"></a>DMA2_Stream6_IRQHandler</STRONG> (Thumb, 0 bytes, Stack size 0 bytes, startup_stm32f207xx.o(.text))
<BR>[Address Reference Count : 1]<UL><LI> startup_stm32f207xx.o(RESET)
</UL>
<P><STRONG><a name="[a3]"></a>DMA2_Stream7_IRQHandler</STRONG> (Thumb, 0 bytes, Stack size 0 bytes, startup_stm32f207xx.o(.text))
<BR>[Address Reference Count : 1]<UL><LI> startup_stm32f207xx.o(RESET)
</UL>
<P><STRONG><a name="[9a]"></a>ETH_IRQHandler</STRONG> (Thumb, 0 bytes, Stack size 0 bytes, startup_stm32f207xx.o(.text))
<BR>[Address Reference Count : 1]<UL><LI> startup_stm32f207xx.o(RESET)
</UL>
<P><STRONG><a name="[9b]"></a>ETH_WKUP_IRQHandler</STRONG> (Thumb, 0 bytes, Stack size 0 bytes, startup_stm32f207xx.o(.text))
<BR>[Address Reference Count : 1]<UL><LI> startup_stm32f207xx.o(RESET)
</UL>
<P><STRONG><a name="[63]"></a>EXTI0_IRQHandler</STRONG> (Thumb, 0 bytes, Stack size 0 bytes, startup_stm32f207xx.o(.text))
<BR>[Address Reference Count : 1]<UL><LI> startup_stm32f207xx.o(RESET)
</UL>
<P><STRONG><a name="[85]"></a>EXTI15_10_IRQHandler</STRONG> (Thumb, 0 bytes, Stack size 0 bytes, startup_stm32f207xx.o(.text))
<BR>[Address Reference Count : 1]<UL><LI> startup_stm32f207xx.o(RESET)
</UL>
<P><STRONG><a name="[64]"></a>EXTI1_IRQHandler</STRONG> (Thumb, 0 bytes, Stack size 0 bytes, startup_stm32f207xx.o(.text))
<BR>[Address Reference Count : 1]<UL><LI> startup_stm32f207xx.o(RESET)
</UL>
<P><STRONG><a name="[65]"></a>EXTI2_IRQHandler</STRONG> (Thumb, 0 bytes, Stack size 0 bytes, startup_stm32f207xx.o(.text))
<BR>[Address Reference Count : 1]<UL><LI> startup_stm32f207xx.o(RESET)
</UL>
<P><STRONG><a name="[66]"></a>EXTI3_IRQHandler</STRONG> (Thumb, 0 bytes, Stack size 0 bytes, startup_stm32f207xx.o(.text))
<BR>[Address Reference Count : 1]<UL><LI> startup_stm32f207xx.o(RESET)
</UL>
<P><STRONG><a name="[67]"></a>EXTI4_IRQHandler</STRONG> (Thumb, 0 bytes, Stack size 0 bytes, startup_stm32f207xx.o(.text))
<BR>[Address Reference Count : 1]<UL><LI> startup_stm32f207xx.o(RESET)
</UL>
<P><STRONG><a name="[74]"></a>EXTI9_5_IRQHandler</STRONG> (Thumb, 0 bytes, Stack size 0 bytes, startup_stm32f207xx.o(.text))
<BR>[Address Reference Count : 1]<UL><LI> startup_stm32f207xx.o(RESET)
</UL>
<P><STRONG><a name="[61]"></a>FLASH_IRQHandler</STRONG> (Thumb, 0 bytes, Stack size 0 bytes, startup_stm32f207xx.o(.text))
<BR>[Address Reference Count : 1]<UL><LI> startup_stm32f207xx.o(RESET)
</UL>
<P><STRONG><a name="[8d]"></a>FSMC_IRQHandler</STRONG> (Thumb, 0 bytes, Stack size 0 bytes, startup_stm32f207xx.o(.text))
<BR>[Address Reference Count : 1]<UL><LI> startup_stm32f207xx.o(RESET)
</UL>
<P><STRONG><a name="[ac]"></a>HASH_RNG_IRQHandler</STRONG> (Thumb, 0 bytes, Stack size 0 bytes, startup_stm32f207xx.o(.text))
<BR>[Address Reference Count : 1]<UL><LI> startup_stm32f207xx.o(RESET)
</UL>
<P><STRONG><a name="[7f]"></a>I2C2_ER_IRQHandler</STRONG> (Thumb, 0 bytes, Stack size 0 bytes, startup_stm32f207xx.o(.text))
<BR>[Address Reference Count : 1]<UL><LI> startup_stm32f207xx.o(RESET)
</UL>
<P><STRONG><a name="[7e]"></a>I2C2_EV_IRQHandler</STRONG> (Thumb, 0 bytes, Stack size 0 bytes, startup_stm32f207xx.o(.text))
<BR>[Address Reference Count : 1]<UL><LI> startup_stm32f207xx.o(RESET)
</UL>
<P><STRONG><a name="[a6]"></a>I2C3_ER_IRQHandler</STRONG> (Thumb, 0 bytes, Stack size 0 bytes, startup_stm32f207xx.o(.text))
<BR>[Address Reference Count : 1]<UL><LI> startup_stm32f207xx.o(RESET)
</UL>
<P><STRONG><a name="[a5]"></a>I2C3_EV_IRQHandler</STRONG> (Thumb, 0 bytes, Stack size 0 bytes, startup_stm32f207xx.o(.text))
<BR>[Address Reference Count : 1]<UL><LI> startup_stm32f207xx.o(RESET)
</UL>
<P><STRONG><a name="[a0]"></a>OTG_FS_IRQHandler</STRONG> (Thumb, 0 bytes, Stack size 0 bytes, startup_stm32f207xx.o(.text))
<BR>[Address Reference Count : 1]<UL><LI> startup_stm32f207xx.o(RESET)
</UL>
<P><STRONG><a name="[87]"></a>OTG_FS_WKUP_IRQHandler</STRONG> (Thumb, 0 bytes, Stack size 0 bytes, startup_stm32f207xx.o(.text))
<BR>[Address Reference Count : 1]<UL><LI> startup_stm32f207xx.o(RESET)
</UL>
<P><STRONG><a name="[a8]"></a>OTG_HS_EP1_IN_IRQHandler</STRONG> (Thumb, 0 bytes, Stack size 0 bytes, startup_stm32f207xx.o(.text))
<BR>[Address Reference Count : 1]<UL><LI> startup_stm32f207xx.o(RESET)
</UL>
<P><STRONG><a name="[a7]"></a>OTG_HS_EP1_OUT_IRQHandler</STRONG> (Thumb, 0 bytes, Stack size 0 bytes, startup_stm32f207xx.o(.text))
<BR>[Address Reference Count : 1]<UL><LI> startup_stm32f207xx.o(RESET)
</UL>
<P><STRONG><a name="[aa]"></a>OTG_HS_IRQHandler</STRONG> (Thumb, 0 bytes, Stack size 0 bytes, startup_stm32f207xx.o(.text))
<BR>[Address Reference Count : 1]<UL><LI> startup_stm32f207xx.o(RESET)
</UL>
<P><STRONG><a name="[a9]"></a>OTG_HS_WKUP_IRQHandler</STRONG> (Thumb, 0 bytes, Stack size 0 bytes, startup_stm32f207xx.o(.text))
<BR>[Address Reference Count : 1]<UL><LI> startup_stm32f207xx.o(RESET)
</UL>
<P><STRONG><a name="[5e]"></a>PVD_IRQHandler</STRONG> (Thumb, 0 bytes, Stack size 0 bytes, startup_stm32f207xx.o(.text))
<BR>[Address Reference Count : 1]<UL><LI> startup_stm32f207xx.o(RESET)
</UL>
<P><STRONG><a name="[62]"></a>RCC_IRQHandler</STRONG> (Thumb, 0 bytes, Stack size 0 bytes, startup_stm32f207xx.o(.text))
<BR>[Address Reference Count : 1]<UL><LI> startup_stm32f207xx.o(RESET)
</UL>
<P><STRONG><a name="[86]"></a>RTC_Alarm_IRQHandler</STRONG> (Thumb, 0 bytes, Stack size 0 bytes, startup_stm32f207xx.o(.text))
<BR>[Address Reference Count : 1]<UL><LI> startup_stm32f207xx.o(RESET)
</UL>
<P><STRONG><a name="[60]"></a>RTC_WKUP_IRQHandler</STRONG> (Thumb, 0 bytes, Stack size 0 bytes, startup_stm32f207xx.o(.text))
<BR>[Address Reference Count : 1]<UL><LI> startup_stm32f207xx.o(RESET)
</UL>
<P><STRONG><a name="[8e]"></a>SDIO_IRQHandler</STRONG> (Thumb, 0 bytes, Stack size 0 bytes, startup_stm32f207xx.o(.text))
<BR>[Address Reference Count : 1]<UL><LI> startup_stm32f207xx.o(RESET)
</UL>
<P><STRONG><a name="[80]"></a>SPI1_IRQHandler</STRONG> (Thumb, 0 bytes, Stack size 0 bytes, startup_stm32f207xx.o(.text))
<BR>[Address Reference Count : 1]<UL><LI> startup_stm32f207xx.o(RESET)
</UL>
<P><STRONG><a name="[90]"></a>SPI3_IRQHandler</STRONG> (Thumb, 0 bytes, Stack size 0 bytes, startup_stm32f207xx.o(.text))
<BR>[Address Reference Count : 1]<UL><LI> startup_stm32f207xx.o(RESET)
</UL>
<P><STRONG><a name="[5f]"></a>TAMP_STAMP_IRQHandler</STRONG> (Thumb, 0 bytes, Stack size 0 bytes, startup_stm32f207xx.o(.text))
<BR>[Address Reference Count : 1]<UL><LI> startup_stm32f207xx.o(RESET)
</UL>
<P><STRONG><a name="[75]"></a>TIM1_BRK_TIM9_IRQHandler</STRONG> (Thumb, 0 bytes, Stack size 0 bytes, startup_stm32f207xx.o(.text))
<BR>[Address Reference Count : 1]<UL><LI> startup_stm32f207xx.o(RESET)
</UL>
<P><STRONG><a name="[78]"></a>TIM1_CC_IRQHandler</STRONG> (Thumb, 0 bytes, Stack size 0 bytes, startup_stm32f207xx.o(.text))
<BR>[Address Reference Count : 1]<UL><LI> startup_stm32f207xx.o(RESET)
</UL>
<P><STRONG><a name="[77]"></a>TIM1_TRG_COM_TIM11_IRQHandler</STRONG> (Thumb, 0 bytes, Stack size 0 bytes, startup_stm32f207xx.o(.text))
<BR>[Address Reference Count : 1]<UL><LI> startup_stm32f207xx.o(RESET)
</UL>
<P><STRONG><a name="[79]"></a>TIM2_IRQHandler</STRONG> (Thumb, 0 bytes, Stack size 0 bytes, startup_stm32f207xx.o(.text))
<BR>[Address Reference Count : 1]<UL><LI> startup_stm32f207xx.o(RESET)
</UL>
<P><STRONG><a name="[7a]"></a>TIM3_IRQHandler</STRONG> (Thumb, 0 bytes, Stack size 0 bytes, startup_stm32f207xx.o(.text))
<BR>[Address Reference Count : 1]<UL><LI> startup_stm32f207xx.o(RESET)
</UL>
<P><STRONG><a name="[7b]"></a>TIM4_IRQHandler</STRONG> (Thumb, 0 bytes, Stack size 0 bytes, startup_stm32f207xx.o(.text))
<BR>[Address Reference Count : 1]<UL><LI> startup_stm32f207xx.o(RESET)
</UL>
<P><STRONG><a name="[8f]"></a>TIM5_IRQHandler</STRONG> (Thumb, 0 bytes, Stack size 0 bytes, startup_stm32f207xx.o(.text))
<BR>[Address Reference Count : 1]<UL><LI> startup_stm32f207xx.o(RESET)
</UL>
<P><STRONG><a name="[93]"></a>TIM6_DAC_IRQHandler</STRONG> (Thumb, 0 bytes, Stack size 0 bytes, startup_stm32f207xx.o(.text))
<BR>[Address Reference Count : 1]<UL><LI> startup_stm32f207xx.o(RESET)
</UL>
<P><STRONG><a name="[94]"></a>TIM7_IRQHandler</STRONG> (Thumb, 0 bytes, Stack size 0 bytes, startup_stm32f207xx.o(.text))
<BR>[Address Reference Count : 1]<UL><LI> startup_stm32f207xx.o(RESET)
</UL>
<P><STRONG><a name="[88]"></a>TIM8_BRK_TIM12_IRQHandler</STRONG> (Thumb, 0 bytes, Stack size 0 bytes, startup_stm32f207xx.o(.text))
<BR>[Address Reference Count : 1]<UL><LI> startup_stm32f207xx.o(RESET)
</UL>
<P><STRONG><a name="[8b]"></a>TIM8_CC_IRQHandler</STRONG> (Thumb, 0 bytes, Stack size 0 bytes, startup_stm32f207xx.o(.text))
<BR>[Address Reference Count : 1]<UL><LI> startup_stm32f207xx.o(RESET)
</UL>
<P><STRONG><a name="[8a]"></a>TIM8_TRG_COM_TIM14_IRQHandler</STRONG> (Thumb, 0 bytes, Stack size 0 bytes, startup_stm32f207xx.o(.text))
<BR>[Address Reference Count : 1]<UL><LI> startup_stm32f207xx.o(RESET)
</UL>
<P><STRONG><a name="[89]"></a>TIM8_UP_TIM13_IRQHandler</STRONG> (Thumb, 0 bytes, Stack size 0 bytes, startup_stm32f207xx.o(.text))
<BR>[Address Reference Count : 1]<UL><LI> startup_stm32f207xx.o(RESET)
</UL>
<P><STRONG><a name="[92]"></a>UART5_IRQHandler</STRONG> (Thumb, 0 bytes, Stack size 0 bytes, startup_stm32f207xx.o(.text))
<BR>[Address Reference Count : 1]<UL><LI> startup_stm32f207xx.o(RESET)
</UL>
<P><STRONG><a name="[a4]"></a>USART6_IRQHandler</STRONG> (Thumb, 0 bytes, Stack size 0 bytes, startup_stm32f207xx.o(.text))
<BR>[Address Reference Count : 1]<UL><LI> startup_stm32f207xx.o(RESET)
</UL>
<P><STRONG><a name="[5d]"></a>WWDG_IRQHandler</STRONG> (Thumb, 0 bytes, Stack size 0 bytes, startup_stm32f207xx.o(.text))
<BR>[Address Reference Count : 1]<UL><LI> startup_stm32f207xx.o(RESET)
</UL>
<P><STRONG><a name="[1a7]"></a>rand</STRONG> (Thumb, 20 bytes, Stack size 0 bytes, rand.o(.text))
<BR><BR>[Called By]<UL><LI><a href="#[1]">&gt;&gt;</a>&nbsp;&nbsp;&nbsp;fsm_timer_init
<LI><a href="#[1c1]">&gt;&gt;</a>&nbsp;&nbsp;&nbsp;ihu_didocap_ccl_sleep_and_fault_mode_ul_scan_illegal_rsv2_value
<LI><a href="#[1c0]">&gt;&gt;</a>&nbsp;&nbsp;&nbsp;ihu_didocap_ccl_sleep_and_fault_mode_ul_scan_illegal_rsv1_value
<LI><a href="#[1c3]">&gt;&gt;</a>&nbsp;&nbsp;&nbsp;ihu_didocap_ccl_sleep_and_fault_mode_ul_scan_illegal_dcmi_value
<LI><a href="#[1c6]">&gt;&gt;</a>&nbsp;&nbsp;&nbsp;ihu_vmmw_gprsmod_http_data_transmit_with_receive
<LI><a href="#[3f]">&gt;&gt;</a>&nbsp;&nbsp;&nbsp;fsm_dcmiaris_ccl_sensor_status_req
<LI><a href="#[35]">&gt;&gt;</a>&nbsp;&nbsp;&nbsp;fsm_spsvirgo_ccl_sensor_status_req
<LI><a href="#[1d]">&gt;&gt;</a>&nbsp;&nbsp;&nbsp;fsm_i2caries_ccl_sensor_status_req
<LI><a href="#[1af]">&gt;&gt;</a>&nbsp;&nbsp;&nbsp;func_didocap_time_out_sleep_mode_external_trigger_period_scan
<LI><a href="#[21d]">&gt;&gt;</a>&nbsp;&nbsp;&nbsp;func_didocap_ccl_work_mode_ul_scan_enable_lock_trigger
<LI><a href="#[218]">&gt;&gt;</a>&nbsp;&nbsp;&nbsp;func_didocap_ccl_work_mode_ul_scan_door_and_lock_status_change
<LI><a href="#[213]">&gt;&gt;</a>&nbsp;&nbsp;&nbsp;func_didocap_ccl_work_mode_ul_scan_any_door_open
<LI><a href="#[211]">&gt;&gt;</a>&nbsp;&nbsp;&nbsp;func_didocap_ccl_sleep_mode_ul_scan_shake_trigger
<LI><a href="#[20c]">&gt;&gt;</a>&nbsp;&nbsp;&nbsp;func_didocap_ccl_sleep_mode_ul_scan_lock_trigger
<LI><a href="#[16]">&gt;&gt;</a>&nbsp;&nbsp;&nbsp;fsm_didocap_ccl_sensor_status_req
</UL>

<P><STRONG><a name="[2a8]"></a>srand</STRONG> (Thumb, 6 bytes, Stack size 0 bytes, rand.o(.text), UNUSED)

<P><STRONG><a name="[156]"></a>__aeabi_memcpy</STRONG> (Thumb, 36 bytes, Stack size 0 bytes, memcpya.o(.text))
<BR><BR>[Called By]<UL><LI><a href="#[26d]">&gt;&gt;</a>&nbsp;&nbsp;&nbsp;prvCopyDataToQueue
<LI><a href="#[26c]">&gt;&gt;</a>&nbsp;&nbsp;&nbsp;prvCopyDataFromQueue
<LI><a href="#[157]">&gt;&gt;</a>&nbsp;&nbsp;&nbsp;ihu_message_send
<LI><a href="#[154]">&gt;&gt;</a>&nbsp;&nbsp;&nbsp;HAL_UART_RxCpltCallback
<LI><a href="#[23d]">&gt;&gt;</a>&nbsp;&nbsp;&nbsp;ihu_bsp_stm32_f2board_equid_get
<LI><a href="#[1ca]">&gt;&gt;</a>&nbsp;&nbsp;&nbsp;ihu_vmmw_gprsmod_tcp_text_data_transmit_with_receive
<LI><a href="#[1c6]">&gt;&gt;</a>&nbsp;&nbsp;&nbsp;ihu_vmmw_gprsmod_http_data_transmit_with_receive
<LI><a href="#[9]">&gt;&gt;</a>&nbsp;&nbsp;&nbsp;fsm_vmfo_time_out
<LI><a href="#[a]">&gt;&gt;</a>&nbsp;&nbsp;&nbsp;fsm_vmfo_init_fb
<LI><a href="#[b]">&gt;&gt;</a>&nbsp;&nbsp;&nbsp;fsm_vmfo_heart_beat
<LI><a href="#[3e]">&gt;&gt;</a>&nbsp;&nbsp;&nbsp;fsm_dcmiaris_time_out
<LI><a href="#[3f]">&gt;&gt;</a>&nbsp;&nbsp;&nbsp;fsm_dcmiaris_ccl_sensor_status_req
<LI><a href="#[40]">&gt;&gt;</a>&nbsp;&nbsp;&nbsp;fsm_dcmiaris_ccl_ctrl_cmd
<LI><a href="#[32]">&gt;&gt;</a>&nbsp;&nbsp;&nbsp;fsm_spsvirgo_time_out
<LI><a href="#[33]">&gt;&gt;</a>&nbsp;&nbsp;&nbsp;fsm_spsvirgo_l2frame_rcv
<LI><a href="#[35]">&gt;&gt;</a>&nbsp;&nbsp;&nbsp;fsm_spsvirgo_ccl_sensor_status_req
<LI><a href="#[34]">&gt;&gt;</a>&nbsp;&nbsp;&nbsp;fsm_spsvirgo_ccl_open_auth_inq
<LI><a href="#[38]">&gt;&gt;</a>&nbsp;&nbsp;&nbsp;fsm_spsvirgo_ccl_fault_report_send
<LI><a href="#[36]">&gt;&gt;</a>&nbsp;&nbsp;&nbsp;fsm_spsvirgo_ccl_event_report_send
<LI><a href="#[37]">&gt;&gt;</a>&nbsp;&nbsp;&nbsp;fsm_spsvirgo_ccl_ctrl_cmd
<LI><a href="#[39]">&gt;&gt;</a>&nbsp;&nbsp;&nbsp;fsm_spsvirgo_ccl_close_door_report_send
<LI><a href="#[23]">&gt;&gt;</a>&nbsp;&nbsp;&nbsp;fsm_ledpisces_time_out
<LI><a href="#[1c]">&gt;&gt;</a>&nbsp;&nbsp;&nbsp;fsm_i2caries_time_out
<LI><a href="#[1d]">&gt;&gt;</a>&nbsp;&nbsp;&nbsp;fsm_i2caries_ccl_sensor_status_req
<LI><a href="#[1e]">&gt;&gt;</a>&nbsp;&nbsp;&nbsp;fsm_i2caries_ccl_ctrl_cmd
<LI><a href="#[1af]">&gt;&gt;</a>&nbsp;&nbsp;&nbsp;func_didocap_time_out_sleep_mode_external_trigger_period_scan
<LI><a href="#[15]">&gt;&gt;</a>&nbsp;&nbsp;&nbsp;fsm_didocap_time_out
<LI><a href="#[16]">&gt;&gt;</a>&nbsp;&nbsp;&nbsp;fsm_didocap_ccl_sensor_status_req
<LI><a href="#[17]">&gt;&gt;</a>&nbsp;&nbsp;&nbsp;fsm_didocap_ccl_ctrl_cmd
<LI><a href="#[10]">&gt;&gt;</a>&nbsp;&nbsp;&nbsp;fsm_adclibra_time_out
<LI><a href="#[45]">&gt;&gt;</a>&nbsp;&nbsp;&nbsp;fsm_ccl_time_out
<LI><a href="#[47]">&gt;&gt;</a>&nbsp;&nbsp;&nbsp;fsm_ccl_sps_sensor_status_resp
<LI><a href="#[51]">&gt;&gt;</a>&nbsp;&nbsp;&nbsp;fsm_ccl_sps_fault_report_cfm
<LI><a href="#[4a]">&gt;&gt;</a>&nbsp;&nbsp;&nbsp;fsm_ccl_sps_event_report_cfm
<LI><a href="#[4b]">&gt;&gt;</a>&nbsp;&nbsp;&nbsp;fsm_ccl_sps_cloud_fb
<LI><a href="#[4e]">&gt;&gt;</a>&nbsp;&nbsp;&nbsp;fsm_ccl_sps_close_door_report_cfm
<LI><a href="#[4f]">&gt;&gt;</a>&nbsp;&nbsp;&nbsp;fsm_ccl_lock_and_door_close_event
<LI><a href="#[48]">&gt;&gt;</a>&nbsp;&nbsp;&nbsp;fsm_ccl_i2c_sensor_status_resp
<LI><a href="#[52]">&gt;&gt;</a>&nbsp;&nbsp;&nbsp;fsm_ccl_event_lock_trigger_to_work
<LI><a href="#[50]">&gt;&gt;</a>&nbsp;&nbsp;&nbsp;fsm_ccl_event_fault_trigger_to_stop
<LI><a href="#[46]">&gt;&gt;</a>&nbsp;&nbsp;&nbsp;fsm_ccl_dido_sensor_status_resp
<LI><a href="#[4d]">&gt;&gt;</a>&nbsp;&nbsp;&nbsp;fsm_ccl_dido_event_status_update
<LI><a href="#[4c]">&gt;&gt;</a>&nbsp;&nbsp;&nbsp;fsm_ccl_dido_door_open_event
<LI><a href="#[49]">&gt;&gt;</a>&nbsp;&nbsp;&nbsp;fsm_ccl_dcmi_sensor_status_resp
</UL>

<P><STRONG><a name="[1c4]"></a>__aeabi_memcpy4</STRONG> (Thumb, 0 bytes, Stack size 0 bytes, memcpya.o(.text))
<BR><BR>[Called By]<UL><LI><a href="#[ad]">&gt;&gt;</a>&nbsp;&nbsp;&nbsp;main
<LI><a href="#[1c6]">&gt;&gt;</a>&nbsp;&nbsp;&nbsp;ihu_vmmw_gprsmod_http_data_transmit_with_receive
<LI><a href="#[34]">&gt;&gt;</a>&nbsp;&nbsp;&nbsp;fsm_spsvirgo_ccl_open_auth_inq
<LI><a href="#[38]">&gt;&gt;</a>&nbsp;&nbsp;&nbsp;fsm_spsvirgo_ccl_fault_report_send
<LI><a href="#[36]">&gt;&gt;</a>&nbsp;&nbsp;&nbsp;fsm_spsvirgo_ccl_event_report_send
<LI><a href="#[39]">&gt;&gt;</a>&nbsp;&nbsp;&nbsp;fsm_spsvirgo_ccl_close_door_report_send
</UL>

<P><STRONG><a name="[2a9]"></a>__aeabi_memcpy8</STRONG> (Thumb, 0 bytes, Stack size 0 bytes, memcpya.o(.text), UNUSED)

<P><STRONG><a name="[c8]"></a>__aeabi_memset</STRONG> (Thumb, 14 bytes, Stack size 0 bytes, memseta.o(.text))
<BR><BR>[Called By]<UL><LI><a href="#[25e]">&gt;&gt;</a>&nbsp;&nbsp;&nbsp;prvAllocateTCBAndStack
<LI><a href="#[c9]">&gt;&gt;</a>&nbsp;&nbsp;&nbsp;_memset$wrapper
<LI><a href="#[c7]">&gt;&gt;</a>&nbsp;&nbsp;&nbsp;__aeabi_memclr
</UL>

<P><STRONG><a name="[2aa]"></a>__aeabi_memset4</STRONG> (Thumb, 0 bytes, Stack size 0 bytes, memseta.o(.text), UNUSED)

<P><STRONG><a name="[2ab]"></a>__aeabi_memset8</STRONG> (Thumb, 0 bytes, Stack size 0 bytes, memseta.o(.text), UNUSED)

<P><STRONG><a name="[c7]"></a>__aeabi_memclr</STRONG> (Thumb, 4 bytes, Stack size 0 bytes, memseta.o(.text))
<BR><BR>[Calls]<UL><LI><a href="#[c8]">&gt;&gt;</a>&nbsp;&nbsp;&nbsp;__aeabi_memset
</UL>
<BR>[Called By]<UL><LI><a href="#[ef]">&gt;&gt;</a>&nbsp;&nbsp;&nbsp;IhuErrorPrintFo
<LI><a href="#[ed]">&gt;&gt;</a>&nbsp;&nbsp;&nbsp;IhuDebugPrintId
<LI><a href="#[ee]">&gt;&gt;</a>&nbsp;&nbsp;&nbsp;IhuDebugPrintFo
<LI><a href="#[1c7]">&gt;&gt;</a>&nbsp;&nbsp;&nbsp;func_cloud_standard_xml_unpack
<LI><a href="#[1c5]">&gt;&gt;</a>&nbsp;&nbsp;&nbsp;func_cloud_standard_xml_pack
<LI><a href="#[6]">&gt;&gt;</a>&nbsp;&nbsp;&nbsp;fsm_vmfo_init
<LI><a href="#[3b]">&gt;&gt;</a>&nbsp;&nbsp;&nbsp;fsm_dcmiaris_init
<LI><a href="#[33]">&gt;&gt;</a>&nbsp;&nbsp;&nbsp;fsm_spsvirgo_l2frame_rcv
<LI><a href="#[2f]">&gt;&gt;</a>&nbsp;&nbsp;&nbsp;fsm_spsvirgo_init
<LI><a href="#[34]">&gt;&gt;</a>&nbsp;&nbsp;&nbsp;fsm_spsvirgo_ccl_open_auth_inq
<LI><a href="#[38]">&gt;&gt;</a>&nbsp;&nbsp;&nbsp;fsm_spsvirgo_ccl_fault_report_send
<LI><a href="#[36]">&gt;&gt;</a>&nbsp;&nbsp;&nbsp;fsm_spsvirgo_ccl_event_report_send
<LI><a href="#[39]">&gt;&gt;</a>&nbsp;&nbsp;&nbsp;fsm_spsvirgo_ccl_close_door_report_send
<LI><a href="#[19]">&gt;&gt;</a>&nbsp;&nbsp;&nbsp;fsm_i2caries_init
<LI><a href="#[12]">&gt;&gt;</a>&nbsp;&nbsp;&nbsp;fsm_didocap_init
<LI><a href="#[d]">&gt;&gt;</a>&nbsp;&nbsp;&nbsp;fsm_adclibra_init
<LI><a href="#[1a4]">&gt;&gt;</a>&nbsp;&nbsp;&nbsp;func_ccl_time_out_event_report_period_scan
<LI><a href="#[42]">&gt;&gt;</a>&nbsp;&nbsp;&nbsp;fsm_ccl_init
</UL>

<P><STRONG><a name="[f5]"></a>__aeabi_memclr4</STRONG> (Thumb, 0 bytes, Stack size 0 bytes, memseta.o(.text))
<BR><BR>[Called By]<UL><LI><a href="#[157]">&gt;&gt;</a>&nbsp;&nbsp;&nbsp;ihu_message_send
<LI><a href="#[154]">&gt;&gt;</a>&nbsp;&nbsp;&nbsp;HAL_UART_RxCpltCallback
<LI><a href="#[1]">&gt;&gt;</a>&nbsp;&nbsp;&nbsp;fsm_timer_init
<LI><a href="#[1c7]">&gt;&gt;</a>&nbsp;&nbsp;&nbsp;func_cloud_standard_xml_unpack
<LI><a href="#[1c5]">&gt;&gt;</a>&nbsp;&nbsp;&nbsp;func_cloud_standard_xml_pack
<LI><a href="#[1ca]">&gt;&gt;</a>&nbsp;&nbsp;&nbsp;ihu_vmmw_gprsmod_tcp_text_data_transmit_with_receive
<LI><a href="#[1c6]">&gt;&gt;</a>&nbsp;&nbsp;&nbsp;ihu_vmmw_gprsmod_http_data_transmit_with_receive
<LI><a href="#[24e]">&gt;&gt;</a>&nbsp;&nbsp;&nbsp;ihu_vm_system_init
<LI><a href="#[245]">&gt;&gt;</a>&nbsp;&nbsp;&nbsp;ihu_msgid_to_string
<LI><a href="#[bd]">&gt;&gt;</a>&nbsp;&nbsp;&nbsp;FsmProcessingLaunch
<LI><a href="#[3f]">&gt;&gt;</a>&nbsp;&nbsp;&nbsp;fsm_dcmiaris_ccl_sensor_status_req
<LI><a href="#[33]">&gt;&gt;</a>&nbsp;&nbsp;&nbsp;fsm_spsvirgo_l2frame_rcv
<LI><a href="#[35]">&gt;&gt;</a>&nbsp;&nbsp;&nbsp;fsm_spsvirgo_ccl_sensor_status_req
<LI><a href="#[34]">&gt;&gt;</a>&nbsp;&nbsp;&nbsp;fsm_spsvirgo_ccl_open_auth_inq
<LI><a href="#[38]">&gt;&gt;</a>&nbsp;&nbsp;&nbsp;fsm_spsvirgo_ccl_fault_report_send
<LI><a href="#[36]">&gt;&gt;</a>&nbsp;&nbsp;&nbsp;fsm_spsvirgo_ccl_event_report_send
<LI><a href="#[39]">&gt;&gt;</a>&nbsp;&nbsp;&nbsp;fsm_spsvirgo_ccl_close_door_report_send
<LI><a href="#[1d]">&gt;&gt;</a>&nbsp;&nbsp;&nbsp;fsm_i2caries_ccl_sensor_status_req
<LI><a href="#[1af]">&gt;&gt;</a>&nbsp;&nbsp;&nbsp;func_didocap_time_out_sleep_mode_external_trigger_period_scan
<LI><a href="#[16]">&gt;&gt;</a>&nbsp;&nbsp;&nbsp;fsm_didocap_ccl_sensor_status_req
<LI><a href="#[1a5]">&gt;&gt;</a>&nbsp;&nbsp;&nbsp;func_ccl_time_out_lock_work_active
<LI><a href="#[47]">&gt;&gt;</a>&nbsp;&nbsp;&nbsp;fsm_ccl_sps_sensor_status_resp
<LI><a href="#[48]">&gt;&gt;</a>&nbsp;&nbsp;&nbsp;fsm_ccl_i2c_sensor_status_resp
<LI><a href="#[52]">&gt;&gt;</a>&nbsp;&nbsp;&nbsp;fsm_ccl_event_lock_trigger_to_work
<LI><a href="#[50]">&gt;&gt;</a>&nbsp;&nbsp;&nbsp;fsm_ccl_event_fault_trigger_to_stop
<LI><a href="#[46]">&gt;&gt;</a>&nbsp;&nbsp;&nbsp;fsm_ccl_dido_sensor_status_resp
<LI><a href="#[49]">&gt;&gt;</a>&nbsp;&nbsp;&nbsp;fsm_ccl_dcmi_sensor_status_resp
</UL>

<P><STRONG><a name="[2ac]"></a>__aeabi_memclr8</STRONG> (Thumb, 0 bytes, Stack size 0 bytes, memseta.o(.text), UNUSED)

<P><STRONG><a name="[c9]"></a>_memset$wrapper</STRONG> (Thumb, 18 bytes, Stack size 8 bytes, memseta.o(.text), UNUSED)
<BR><BR>[Calls]<UL><LI><a href="#[c8]">&gt;&gt;</a>&nbsp;&nbsp;&nbsp;__aeabi_memset
</UL>

<P><STRONG><a name="[16c]"></a>strcat</STRONG> (Thumb, 24 bytes, Stack size 0 bytes, strcat.o(.text))
<BR><BR>[Called By]<UL><LI><a href="#[ed]">&gt;&gt;</a>&nbsp;&nbsp;&nbsp;IhuDebugPrintId
<LI><a href="#[1c5]">&gt;&gt;</a>&nbsp;&nbsp;&nbsp;func_cloud_standard_xml_pack
<LI><a href="#[1ca]">&gt;&gt;</a>&nbsp;&nbsp;&nbsp;ihu_vmmw_gprsmod_tcp_text_data_transmit_with_receive
<LI><a href="#[1c6]">&gt;&gt;</a>&nbsp;&nbsp;&nbsp;ihu_vmmw_gprsmod_http_data_transmit_with_receive
<LI><a href="#[244]">&gt;&gt;</a>&nbsp;&nbsp;&nbsp;ihu_taskid_to_string
<LI><a href="#[245]">&gt;&gt;</a>&nbsp;&nbsp;&nbsp;ihu_msgid_to_string
</UL>

<P><STRONG><a name="[1d7]"></a>strstr</STRONG> (Thumb, 36 bytes, Stack size 12 bytes, strstr.o(.text))
<BR><BR>[Stack]<UL><LI>Max Depth = 12<LI>Call Chain = strstr
</UL>
<BR>[Called By]<UL><LI><a href="#[1c7]">&gt;&gt;</a>&nbsp;&nbsp;&nbsp;func_cloud_standard_xml_unpack
<LI><a href="#[1ca]">&gt;&gt;</a>&nbsp;&nbsp;&nbsp;ihu_vmmw_gprsmod_tcp_text_data_transmit_with_receive
<LI><a href="#[1c6]">&gt;&gt;</a>&nbsp;&nbsp;&nbsp;ihu_vmmw_gprsmod_http_data_transmit_with_receive
<LI><a href="#[23e]">&gt;&gt;</a>&nbsp;&nbsp;&nbsp;ihu_vmmw_gprsmod_get_rssi_value
<LI><a href="#[228]">&gt;&gt;</a>&nbsp;&nbsp;&nbsp;func_gprsmod_wait_AT_command_fb
<LI><a href="#[227]">&gt;&gt;</a>&nbsp;&nbsp;&nbsp;func_gprsmod_setup_gprs_session_connection
<LI><a href="#[220]">&gt;&gt;</a>&nbsp;&nbsp;&nbsp;func_gprsmod_send_AT_command
<LI><a href="#[223]">&gt;&gt;</a>&nbsp;&nbsp;&nbsp;func_gprsmod_module_info_retrieve
<LI><a href="#[221]">&gt;&gt;</a>&nbsp;&nbsp;&nbsp;func_gprsmod_gsm_info_retrieve
<LI><a href="#[1c8]">&gt;&gt;</a>&nbsp;&nbsp;&nbsp;ihu_vmmw_blemod_hc05_uart_fetch_mac_addr_test_mode
<LI><a href="#[1d6]">&gt;&gt;</a>&nbsp;&nbsp;&nbsp;func_blemod_wait_AT_command_fb
</UL>

<P><STRONG><a name="[209]"></a>strncpy</STRONG> (Thumb, 24 bytes, Stack size 8 bytes, strncpy.o(.text))
<BR><BR>[Stack]<UL><LI>Max Depth = 8<LI>Call Chain = strncpy
</UL>
<BR>[Called By]<UL><LI><a href="#[1c7]">&gt;&gt;</a>&nbsp;&nbsp;&nbsp;func_cloud_standard_xml_unpack
<LI><a href="#[23e]">&gt;&gt;</a>&nbsp;&nbsp;&nbsp;ihu_vmmw_gprsmod_get_rssi_value
<LI><a href="#[223]">&gt;&gt;</a>&nbsp;&nbsp;&nbsp;func_gprsmod_module_info_retrieve
<LI><a href="#[221]">&gt;&gt;</a>&nbsp;&nbsp;&nbsp;func_gprsmod_gsm_info_retrieve
<LI><a href="#[1c8]">&gt;&gt;</a>&nbsp;&nbsp;&nbsp;ihu_vmmw_blemod_hc05_uart_fetch_mac_addr_test_mode
<LI><a href="#[24e]">&gt;&gt;</a>&nbsp;&nbsp;&nbsp;ihu_vm_system_init
<LI><a href="#[244]">&gt;&gt;</a>&nbsp;&nbsp;&nbsp;ihu_taskid_to_string
<LI><a href="#[245]">&gt;&gt;</a>&nbsp;&nbsp;&nbsp;ihu_msgid_to_string
</UL>

<P><STRONG><a name="[166]"></a>strlen</STRONG> (Thumb, 14 bytes, Stack size 0 bytes, strlen.o(.text))
<BR><BR>[Called By]<UL><LI><a href="#[169]">&gt;&gt;</a>&nbsp;&nbsp;&nbsp;ihu_bsp_stm32_sps_print_send_data
<LI><a href="#[ef]">&gt;&gt;</a>&nbsp;&nbsp;&nbsp;IhuErrorPrintFo
<LI><a href="#[ee]">&gt;&gt;</a>&nbsp;&nbsp;&nbsp;IhuDebugPrintFo
<LI><a href="#[1c5]">&gt;&gt;</a>&nbsp;&nbsp;&nbsp;func_cloud_standard_xml_pack
<LI><a href="#[220]">&gt;&gt;</a>&nbsp;&nbsp;&nbsp;func_gprsmod_send_AT_command
<LI><a href="#[244]">&gt;&gt;</a>&nbsp;&nbsp;&nbsp;ihu_taskid_to_string
<LI><a href="#[245]">&gt;&gt;</a>&nbsp;&nbsp;&nbsp;ihu_msgid_to_string
</UL>

<P><STRONG><a name="[20a]"></a>strcmp</STRONG> (Thumb, 28 bytes, Stack size 8 bytes, strcmp.o(.text))
<BR><BR>[Stack]<UL><LI>Max Depth = 8<LI>Call Chain = strcmp
</UL>
<BR>[Called By]<UL><LI><a href="#[1c7]">&gt;&gt;</a>&nbsp;&nbsp;&nbsp;func_cloud_standard_xml_unpack
</UL>

<P><STRONG><a name="[167]"></a>strncat</STRONG> (Thumb, 40 bytes, Stack size 8 bytes, strncat.o(.text))
<BR><BR>[Stack]<UL><LI>Max Depth = 8<LI>Call Chain = strncat
</UL>
<BR>[Called By]<UL><LI><a href="#[ef]">&gt;&gt;</a>&nbsp;&nbsp;&nbsp;IhuErrorPrintFo
<LI><a href="#[ee]">&gt;&gt;</a>&nbsp;&nbsp;&nbsp;IhuDebugPrintFo
</UL>

<P><STRONG><a name="[250]"></a>strcpy</STRONG> (Thumb, 18 bytes, Stack size 0 bytes, strcpy.o(.text))
<BR><BR>[Called By]<UL><LI><a href="#[1ca]">&gt;&gt;</a>&nbsp;&nbsp;&nbsp;ihu_vmmw_gprsmod_tcp_text_data_transmit_with_receive
<LI><a href="#[1c6]">&gt;&gt;</a>&nbsp;&nbsp;&nbsp;ihu_vmmw_gprsmod_http_data_transmit_with_receive
<LI><a href="#[24e]">&gt;&gt;</a>&nbsp;&nbsp;&nbsp;ihu_vm_system_init
</UL>

<P><STRONG><a name="[241]"></a>strerror</STRONG> (Thumb, 40 bytes, Stack size 0 bytes, strerror.o(.text))
<BR><BR>[Called By]<UL><LI><a href="#[157]">&gt;&gt;</a>&nbsp;&nbsp;&nbsp;ihu_message_send
<LI><a href="#[249]">&gt;&gt;</a>&nbsp;&nbsp;&nbsp;ihu_task_create
<LI><a href="#[f6]">&gt;&gt;</a>&nbsp;&nbsp;&nbsp;ihu_message_rcv
<LI><a href="#[23f]">&gt;&gt;</a>&nbsp;&nbsp;&nbsp;ihu_message_queue_create
</UL>

<P><STRONG><a name="[ca]"></a>strtol</STRONG> (Thumb, 112 bytes, Stack size 32 bytes, strtol.o(.text))
<BR><BR>[Stack]<UL><LI>Max Depth = 72<LI>Call Chain = strtol &rArr; _strtoul
</UL>
<BR>[Calls]<UL><LI><a href="#[cd]">&gt;&gt;</a>&nbsp;&nbsp;&nbsp;__aeabi_errno_addr
<LI><a href="#[cc]">&gt;&gt;</a>&nbsp;&nbsp;&nbsp;_strtoul
<LI><a href="#[cb]">&gt;&gt;</a>&nbsp;&nbsp;&nbsp;__rt_ctype_table
</UL>
<BR>[Called By]<UL><LI><a href="#[23e]">&gt;&gt;</a>&nbsp;&nbsp;&nbsp;ihu_vmmw_gprsmod_get_rssi_value
</UL>

<P><STRONG><a name="[ce]"></a>strtoul</STRONG> (Thumb, 114 bytes, Stack size 40 bytes, strtoul.o(.text))
<BR><BR>[Stack]<UL><LI>Max Depth = 80<LI>Call Chain = strtoul &rArr; _strtoul
</UL>
<BR>[Calls]<UL><LI><a href="#[cd]">&gt;&gt;</a>&nbsp;&nbsp;&nbsp;__aeabi_errno_addr
<LI><a href="#[cc]">&gt;&gt;</a>&nbsp;&nbsp;&nbsp;_strtoul
<LI><a href="#[cb]">&gt;&gt;</a>&nbsp;&nbsp;&nbsp;__rt_ctype_table
</UL>
<BR>[Called By]<UL><LI><a href="#[1c7]">&gt;&gt;</a>&nbsp;&nbsp;&nbsp;func_cloud_standard_xml_unpack
<LI><a href="#[1c8]">&gt;&gt;</a>&nbsp;&nbsp;&nbsp;ihu_vmmw_blemod_hc05_uart_fetch_mac_addr_test_mode
</UL>

<P><STRONG><a name="[cf]"></a>__aeabi_fadd</STRONG> (Thumb, 164 bytes, Stack size 16 bytes, fadd.o(.text))
<BR><BR>[Stack]<UL><LI>Max Depth = 20<LI>Call Chain = __aeabi_fadd &rArr; _float_epilogue
</UL>
<BR>[Calls]<UL><LI><a href="#[d1]">&gt;&gt;</a>&nbsp;&nbsp;&nbsp;_float_round
<LI><a href="#[d0]">&gt;&gt;</a>&nbsp;&nbsp;&nbsp;_float_epilogue
</UL>
<BR>[Called By]<UL><LI><a href="#[23e]">&gt;&gt;</a>&nbsp;&nbsp;&nbsp;ihu_vmmw_gprsmod_get_rssi_value
<LI><a href="#[d3]">&gt;&gt;</a>&nbsp;&nbsp;&nbsp;__aeabi_frsub
<LI><a href="#[d2]">&gt;&gt;</a>&nbsp;&nbsp;&nbsp;__aeabi_fsub
</UL>

<P><STRONG><a name="[d2]"></a>__aeabi_fsub</STRONG> (Thumb, 6 bytes, Stack size 0 bytes, fadd.o(.text), UNUSED)
<BR><BR>[Calls]<UL><LI><a href="#[cf]">&gt;&gt;</a>&nbsp;&nbsp;&nbsp;__aeabi_fadd
</UL>

<P><STRONG><a name="[d3]"></a>__aeabi_frsub</STRONG> (Thumb, 6 bytes, Stack size 0 bytes, fadd.o(.text), UNUSED)
<BR><BR>[Calls]<UL><LI><a href="#[cf]">&gt;&gt;</a>&nbsp;&nbsp;&nbsp;__aeabi_fadd
</UL>

<P><STRONG><a name="[232]"></a>__aeabi_fmul</STRONG> (Thumb, 100 bytes, Stack size 8 bytes, fmul.o(.text))
<BR><BR>[Stack]<UL><LI>Max Depth = 8<LI>Call Chain = __aeabi_fmul
</UL>
<BR>[Called By]<UL><LI><a href="#[22e]">&gt;&gt;</a>&nbsp;&nbsp;&nbsp;ihu_bsp_stm32_adc1_ccl_get_battery_value
<LI><a href="#[238]">&gt;&gt;</a>&nbsp;&nbsp;&nbsp;ihu_bsp_stm32_dido_f2board_dht11_temp_read
<LI><a href="#[237]">&gt;&gt;</a>&nbsp;&nbsp;&nbsp;ihu_bsp_stm32_dido_f2board_dht11_humid_read
<LI><a href="#[23e]">&gt;&gt;</a>&nbsp;&nbsp;&nbsp;ihu_vmmw_gprsmod_get_rssi_value
</UL>

<P><STRONG><a name="[d4]"></a>__aeabi_fdiv</STRONG> (Thumb, 124 bytes, Stack size 8 bytes, fdiv.o(.text))
<BR><BR>[Stack]<UL><LI>Max Depth = 8<LI>Call Chain = __aeabi_fdiv
</UL>
<BR>[Calls]<UL><LI><a href="#[d1]">&gt;&gt;</a>&nbsp;&nbsp;&nbsp;_float_round
</UL>
<BR>[Called By]<UL><LI><a href="#[1dd]">&gt;&gt;</a>&nbsp;&nbsp;&nbsp;func_bsp_stm32_dido_dht11_read_temp_and_humidity
</UL>

<P><STRONG><a name="[231]"></a>__ARM_scalbnf</STRONG> (Thumb, 24 bytes, Stack size 0 bytes, fscalb.o(.text))
<BR><BR>[Called By]<UL><LI><a href="#[22e]">&gt;&gt;</a>&nbsp;&nbsp;&nbsp;ihu_bsp_stm32_adc1_ccl_get_battery_value
</UL>

<P><STRONG><a name="[2ad]"></a>scalbnf</STRONG> (Thumb, 0 bytes, Stack size 0 bytes, fscalb.o(.text), UNUSED)

<P><STRONG><a name="[d5]"></a>__aeabi_dadd</STRONG> (Thumb, 322 bytes, Stack size 48 bytes, dadd.o(.text), UNUSED)
<BR><BR>[Calls]<UL><LI><a href="#[d9]">&gt;&gt;</a>&nbsp;&nbsp;&nbsp;_double_round
<LI><a href="#[d8]">&gt;&gt;</a>&nbsp;&nbsp;&nbsp;_double_epilogue
<LI><a href="#[d7]">&gt;&gt;</a>&nbsp;&nbsp;&nbsp;__aeabi_lasr
<LI><a href="#[d6]">&gt;&gt;</a>&nbsp;&nbsp;&nbsp;__aeabi_llsl
</UL>
<BR>[Called By]<UL><LI><a href="#[da]">&gt;&gt;</a>&nbsp;&nbsp;&nbsp;__aeabi_dsub
<LI><a href="#[db]">&gt;&gt;</a>&nbsp;&nbsp;&nbsp;__aeabi_drsub
<LI><a href="#[195]">&gt;&gt;</a>&nbsp;&nbsp;&nbsp;_fp_digits
</UL>

<P><STRONG><a name="[da]"></a>__aeabi_dsub</STRONG> (Thumb, 6 bytes, Stack size 0 bytes, dadd.o(.text), UNUSED)
<BR><BR>[Calls]<UL><LI><a href="#[d5]">&gt;&gt;</a>&nbsp;&nbsp;&nbsp;__aeabi_dadd
</UL>

<P><STRONG><a name="[db]"></a>__aeabi_drsub</STRONG> (Thumb, 6 bytes, Stack size 0 bytes, dadd.o(.text), UNUSED)
<BR><BR>[Calls]<UL><LI><a href="#[d5]">&gt;&gt;</a>&nbsp;&nbsp;&nbsp;__aeabi_dadd
</UL>

<P><STRONG><a name="[dc]"></a>__aeabi_ddiv</STRONG> (Thumb, 222 bytes, Stack size 32 bytes, ddiv.o(.text), UNUSED)
<BR><BR>[Calls]<UL><LI><a href="#[d9]">&gt;&gt;</a>&nbsp;&nbsp;&nbsp;_double_round
</UL>
<BR>[Called By]<UL><LI><a href="#[195]">&gt;&gt;</a>&nbsp;&nbsp;&nbsp;_fp_digits
</UL>

<P><STRONG><a name="[dd]"></a>__aeabi_i2f</STRONG> (Thumb, 18 bytes, Stack size 0 bytes, fflti.o(.text))
<BR><BR>[Stack]<UL><LI>Max Depth = 4<LI>Call Chain = __aeabi_i2f &rArr; _float_epilogue
</UL>
<BR>[Calls]<UL><LI><a href="#[d0]">&gt;&gt;</a>&nbsp;&nbsp;&nbsp;_float_epilogue
</UL>
<BR>[Called By]<UL><LI><a href="#[23e]">&gt;&gt;</a>&nbsp;&nbsp;&nbsp;ihu_vmmw_gprsmod_get_rssi_value
</UL>

<P><STRONG><a name="[de]"></a>__aeabi_ui2f</STRONG> (Thumb, 10 bytes, Stack size 0 bytes, ffltui.o(.text))
<BR><BR>[Stack]<UL><LI>Max Depth = 4<LI>Call Chain = __aeabi_ui2f &rArr; _float_epilogue
</UL>
<BR>[Calls]<UL><LI><a href="#[d0]">&gt;&gt;</a>&nbsp;&nbsp;&nbsp;_float_epilogue
</UL>
<BR>[Called By]<UL><LI><a href="#[22e]">&gt;&gt;</a>&nbsp;&nbsp;&nbsp;ihu_bsp_stm32_adc1_ccl_get_battery_value
<LI><a href="#[1dd]">&gt;&gt;</a>&nbsp;&nbsp;&nbsp;func_bsp_stm32_dido_dht11_read_temp_and_humidity
</UL>

<P><STRONG><a name="[234]"></a>__aeabi_f2iz</STRONG> (Thumb, 50 bytes, Stack size 0 bytes, ffixi.o(.text))
<BR><BR>[Called By]<UL><LI><a href="#[22e]">&gt;&gt;</a>&nbsp;&nbsp;&nbsp;ihu_bsp_stm32_adc1_ccl_get_battery_value
<LI><a href="#[238]">&gt;&gt;</a>&nbsp;&nbsp;&nbsp;ihu_bsp_stm32_dido_f2board_dht11_temp_read
<LI><a href="#[237]">&gt;&gt;</a>&nbsp;&nbsp;&nbsp;ihu_bsp_stm32_dido_f2board_dht11_humid_read
<LI><a href="#[23e]">&gt;&gt;</a>&nbsp;&nbsp;&nbsp;ihu_vmmw_gprsmod_get_rssi_value
</UL>

<P><STRONG><a name="[2ae]"></a>__aeabi_uidiv</STRONG> (Thumb, 0 bytes, Stack size 12 bytes, uidiv.o(.text), UNUSED)

<P><STRONG><a name="[199]"></a>__aeabi_uidivmod</STRONG> (Thumb, 44 bytes, Stack size 12 bytes, uidiv.o(.text), UNUSED)
<BR><BR>[Called By]<UL><LI><a href="#[192]">&gt;&gt;</a>&nbsp;&nbsp;&nbsp;_printf_core
</UL>

<P><STRONG><a name="[df]"></a>__aeabi_uldivmod</STRONG> (Thumb, 98 bytes, Stack size 40 bytes, uldiv.o(.text), UNUSED)
<BR><BR>[Calls]<UL><LI><a href="#[e0]">&gt;&gt;</a>&nbsp;&nbsp;&nbsp;__aeabi_llsr
<LI><a href="#[d6]">&gt;&gt;</a>&nbsp;&nbsp;&nbsp;__aeabi_llsl
</UL>
<BR>[Called By]<UL><LI><a href="#[192]">&gt;&gt;</a>&nbsp;&nbsp;&nbsp;_printf_core
<LI><a href="#[195]">&gt;&gt;</a>&nbsp;&nbsp;&nbsp;_fp_digits
</UL>

<P><STRONG><a name="[d6]"></a>__aeabi_llsl</STRONG> (Thumb, 30 bytes, Stack size 0 bytes, llshl.o(.text), UNUSED)
<BR><BR>[Called By]<UL><LI><a href="#[d8]">&gt;&gt;</a>&nbsp;&nbsp;&nbsp;_double_epilogue
<LI><a href="#[d5]">&gt;&gt;</a>&nbsp;&nbsp;&nbsp;__aeabi_dadd
<LI><a href="#[e3]">&gt;&gt;</a>&nbsp;&nbsp;&nbsp;__aeabi_d2ulz
<LI><a href="#[df]">&gt;&gt;</a>&nbsp;&nbsp;&nbsp;__aeabi_uldivmod
</UL>

<P><STRONG><a name="[2af]"></a>_ll_shift_l</STRONG> (Thumb, 0 bytes, Stack size 0 bytes, llshl.o(.text), UNUSED)

<P><STRONG><a name="[e0]"></a>__aeabi_llsr</STRONG> (Thumb, 32 bytes, Stack size 0 bytes, llushr.o(.text), UNUSED)
<BR><BR>[Called By]<UL><LI><a href="#[d8]">&gt;&gt;</a>&nbsp;&nbsp;&nbsp;_double_epilogue
<LI><a href="#[e3]">&gt;&gt;</a>&nbsp;&nbsp;&nbsp;__aeabi_d2ulz
<LI><a href="#[df]">&gt;&gt;</a>&nbsp;&nbsp;&nbsp;__aeabi_uldivmod
</UL>

<P><STRONG><a name="[2b0]"></a>_ll_ushift_r</STRONG> (Thumb, 0 bytes, Stack size 0 bytes, llushr.o(.text), UNUSED)

<P><STRONG><a name="[d7]"></a>__aeabi_lasr</STRONG> (Thumb, 36 bytes, Stack size 0 bytes, llsshr.o(.text), UNUSED)
<BR><BR>[Called By]<UL><LI><a href="#[d5]">&gt;&gt;</a>&nbsp;&nbsp;&nbsp;__aeabi_dadd
</UL>

<P><STRONG><a name="[2b1]"></a>_ll_sshift_r</STRONG> (Thumb, 0 bytes, Stack size 0 bytes, llsshr.o(.text), UNUSED)

<P><STRONG><a name="[cb]"></a>__rt_ctype_table</STRONG> (Thumb, 4 bytes, Stack size 0 bytes, ctype_o.o(.text))
<BR><BR>[Called By]<UL><LI><a href="#[ce]">&gt;&gt;</a>&nbsp;&nbsp;&nbsp;strtoul
<LI><a href="#[ca]">&gt;&gt;</a>&nbsp;&nbsp;&nbsp;strtol
</UL>

<P><STRONG><a name="[cc]"></a>_strtoul</STRONG> (Thumb, 158 bytes, Stack size 40 bytes, _strtoul.o(.text))
<BR><BR>[Stack]<UL><LI>Max Depth = 40<LI>Call Chain = _strtoul
</UL>
<BR>[Calls]<UL><LI><a href="#[cd]">&gt;&gt;</a>&nbsp;&nbsp;&nbsp;__aeabi_errno_addr
<LI><a href="#[e1]">&gt;&gt;</a>&nbsp;&nbsp;&nbsp;_chval
</UL>
<BR>[Called By]<UL><LI><a href="#[ce]">&gt;&gt;</a>&nbsp;&nbsp;&nbsp;strtoul
<LI><a href="#[ca]">&gt;&gt;</a>&nbsp;&nbsp;&nbsp;strtol
</UL>

<P><STRONG><a name="[2b2]"></a>__I$use$fp</STRONG> (Thumb, 0 bytes, Stack size 0 bytes, iusefp.o(.text), UNUSED)

<P><STRONG><a name="[d1]"></a>_float_round</STRONG> (Thumb, 18 bytes, Stack size 0 bytes, fepilogue.o(.text))
<BR><BR>[Called By]<UL><LI><a href="#[d4]">&gt;&gt;</a>&nbsp;&nbsp;&nbsp;__aeabi_fdiv
<LI><a href="#[cf]">&gt;&gt;</a>&nbsp;&nbsp;&nbsp;__aeabi_fadd
</UL>

<P><STRONG><a name="[d0]"></a>_float_epilogue</STRONG> (Thumb, 92 bytes, Stack size 4 bytes, fepilogue.o(.text))
<BR><BR>[Stack]<UL><LI>Max Depth = 4<LI>Call Chain = _float_epilogue
</UL>
<BR>[Called By]<UL><LI><a href="#[de]">&gt;&gt;</a>&nbsp;&nbsp;&nbsp;__aeabi_ui2f
<LI><a href="#[dd]">&gt;&gt;</a>&nbsp;&nbsp;&nbsp;__aeabi_i2f
<LI><a href="#[cf]">&gt;&gt;</a>&nbsp;&nbsp;&nbsp;__aeabi_fadd
</UL>

<P><STRONG><a name="[d9]"></a>_double_round</STRONG> (Thumb, 30 bytes, Stack size 8 bytes, depilogue.o(.text), UNUSED)
<BR><BR>[Called By]<UL><LI><a href="#[dc]">&gt;&gt;</a>&nbsp;&nbsp;&nbsp;__aeabi_ddiv
<LI><a href="#[d8]">&gt;&gt;</a>&nbsp;&nbsp;&nbsp;_double_epilogue
<LI><a href="#[d5]">&gt;&gt;</a>&nbsp;&nbsp;&nbsp;__aeabi_dadd
</UL>

<P><STRONG><a name="[d8]"></a>_double_epilogue</STRONG> (Thumb, 156 bytes, Stack size 32 bytes, depilogue.o(.text), UNUSED)
<BR><BR>[Calls]<UL><LI><a href="#[d9]">&gt;&gt;</a>&nbsp;&nbsp;&nbsp;_double_round
<LI><a href="#[e0]">&gt;&gt;</a>&nbsp;&nbsp;&nbsp;__aeabi_llsr
<LI><a href="#[d6]">&gt;&gt;</a>&nbsp;&nbsp;&nbsp;__aeabi_llsl
</UL>
<BR>[Called By]<UL><LI><a href="#[e2]">&gt;&gt;</a>&nbsp;&nbsp;&nbsp;__aeabi_dmul
<LI><a href="#[d5]">&gt;&gt;</a>&nbsp;&nbsp;&nbsp;__aeabi_dadd
</UL>

<P><STRONG><a name="[e2]"></a>__aeabi_dmul</STRONG> (Thumb, 228 bytes, Stack size 48 bytes, dmul.o(.text), UNUSED)
<BR><BR>[Calls]<UL><LI><a href="#[d8]">&gt;&gt;</a>&nbsp;&nbsp;&nbsp;_double_epilogue
</UL>
<BR>[Called By]<UL><LI><a href="#[195]">&gt;&gt;</a>&nbsp;&nbsp;&nbsp;_fp_digits
</UL>

<P><STRONG><a name="[e3]"></a>__aeabi_d2ulz</STRONG> (Thumb, 48 bytes, Stack size 0 bytes, dfixul.o(.text), UNUSED)
<BR><BR>[Calls]<UL><LI><a href="#[e0]">&gt;&gt;</a>&nbsp;&nbsp;&nbsp;__aeabi_llsr
<LI><a href="#[d6]">&gt;&gt;</a>&nbsp;&nbsp;&nbsp;__aeabi_llsl
</UL>
<BR>[Called By]<UL><LI><a href="#[195]">&gt;&gt;</a>&nbsp;&nbsp;&nbsp;_fp_digits
</UL>

<P><STRONG><a name="[196]"></a>__aeabi_cdrcmple</STRONG> (Thumb, 48 bytes, Stack size 0 bytes, cdrcmple.o(.text), UNUSED)
<BR><BR>[Called By]<UL><LI><a href="#[195]">&gt;&gt;</a>&nbsp;&nbsp;&nbsp;_fp_digits
</UL>

<P><STRONG><a name="[c5]"></a>__scatterload</STRONG> (Thumb, 28 bytes, Stack size 0 bytes, init.o(.text))
<BR><BR>[Calls]<UL><LI><a href="#[e4]">&gt;&gt;</a>&nbsp;&nbsp;&nbsp;__main_after_scatterload
</UL>
<BR>[Called By]<UL><LI><a href="#[c4]">&gt;&gt;</a>&nbsp;&nbsp;&nbsp;_main_scatterload
</UL>

<P><STRONG><a name="[2b3]"></a>__scatterload_rt2</STRONG> (Thumb, 0 bytes, Stack size 0 bytes, init.o(.text), UNUSED)

<P><STRONG><a name="[e1]"></a>_chval</STRONG> (Thumb, 28 bytes, Stack size 0 bytes, _chval.o(.text))
<BR><BR>[Called By]<UL><LI><a href="#[cc]">&gt;&gt;</a>&nbsp;&nbsp;&nbsp;_strtoul
</UL>

<P><STRONG><a name="[2b4]"></a>__decompress</STRONG> (Thumb, 0 bytes, Stack size unknown bytes, __dczerorl2.o(.text), UNUSED)

<P><STRONG><a name="[2b5]"></a>__decompress1</STRONG> (Thumb, 86 bytes, Stack size unknown bytes, __dczerorl2.o(.text), UNUSED)

<P><STRONG><a name="[fb]"></a>BSP_CAMERA_ErrorCallback</STRONG> (Thumb, 2 bytes, Stack size 0 bytes, bsp_camera.o(i.BSP_CAMERA_ErrorCallback))
<BR><BR>[Called By]<UL><LI><a href="#[ea]">&gt;&gt;</a>&nbsp;&nbsp;&nbsp;HAL_DCMI_ErrorCallback
</UL>

<P><STRONG><a name="[fd]"></a>BSP_CAMERA_FrameEventCallback</STRONG> (Thumb, 2 bytes, Stack size 0 bytes, bsp_camera.o(i.BSP_CAMERA_FrameEventCallback))
<BR><BR>[Called By]<UL><LI><a href="#[fc]">&gt;&gt;</a>&nbsp;&nbsp;&nbsp;HAL_DCMI_FrameEventCallback
</UL>

<P><STRONG><a name="[103]"></a>BSP_CAMERA_LineEventCallback</STRONG> (Thumb, 2 bytes, Stack size 0 bytes, bsp_camera.o(i.BSP_CAMERA_LineEventCallback))
<BR><BR>[Called By]<UL><LI><a href="#[ff]">&gt;&gt;</a>&nbsp;&nbsp;&nbsp;HAL_DCMI_LineEventCallback
</UL>

<P><STRONG><a name="[106]"></a>BSP_CAMERA_VsyncEventCallback</STRONG> (Thumb, 2 bytes, Stack size 0 bytes, bsp_camera.o(i.BSP_CAMERA_VsyncEventCallback))
<BR><BR>[Called By]<UL><LI><a href="#[100]">&gt;&gt;</a>&nbsp;&nbsp;&nbsp;HAL_DCMI_VsyncEventCallback
</UL>

<P><STRONG><a name="[57]"></a>BusFault_Handler</STRONG> (Thumb, 2 bytes, Stack size 0 bytes, stm32f2xx_it.o(i.BusFault_Handler))
<BR><BR>[Calls]<UL><LI><a href="#[57]">&gt;&gt;</a>&nbsp;&nbsp;&nbsp;BusFault_Handler
</UL>
<BR>[Called By]<UL><LI><a href="#[57]">&gt;&gt;</a>&nbsp;&nbsp;&nbsp;BusFault_Handler
</UL>
<BR>[Address Reference Count : 1]<UL><LI> startup_stm32f207xx.o(RESET)
</UL>
<P><STRONG><a name="[c1]"></a>Callback01</STRONG> (Thumb, 2 bytes, Stack size 0 bytes, main.o(i.Callback01))
<BR>[Address Reference Count : 1]<UL><LI> main.o(.constdata)
</UL>
<P><STRONG><a name="[e5]"></a>CalulateCRC</STRONG> (Thumb, 100 bytes, Stack size 24 bytes, vmmw_rfid.o(i.CalulateCRC))
<BR><BR>[Stack]<UL><LI>Max Depth = 160<LI>Call Chain = CalulateCRC &rArr; SetBitMask &rArr; WriteRawRC &rArr; SPI_FLASH_SendByte &rArr; HAL_SPI_TransmitReceive &rArr; SPI_CheckFlag_BSY &rArr; SPI_WaitFlagStateUntilTimeout
</UL>
<BR>[Calls]<UL><LI><a href="#[e7]">&gt;&gt;</a>&nbsp;&nbsp;&nbsp;WriteRawRC
<LI><a href="#[e8]">&gt;&gt;</a>&nbsp;&nbsp;&nbsp;SetBitMask
<LI><a href="#[e9]">&gt;&gt;</a>&nbsp;&nbsp;&nbsp;ReadRawRC
<LI><a href="#[e6]">&gt;&gt;</a>&nbsp;&nbsp;&nbsp;ClearBitMask
</UL>
<BR>[Called By]<UL><LI><a href="#[185]">&gt;&gt;</a>&nbsp;&nbsp;&nbsp;PcdSelect
<LI><a href="#[182]">&gt;&gt;</a>&nbsp;&nbsp;&nbsp;PcdRead
<LI><a href="#[181]">&gt;&gt;</a>&nbsp;&nbsp;&nbsp;PcdHalt
</UL>

<P><STRONG><a name="[e6]"></a>ClearBitMask</STRONG> (Thumb, 26 bytes, Stack size 16 bytes, vmmw_rfid.o(i.ClearBitMask))
<BR><BR>[Stack]<UL><LI>Max Depth = 136<LI>Call Chain = ClearBitMask &rArr; WriteRawRC &rArr; SPI_FLASH_SendByte &rArr; HAL_SPI_TransmitReceive &rArr; SPI_CheckFlag_BSY &rArr; SPI_WaitFlagStateUntilTimeout
</UL>
<BR>[Calls]<UL><LI><a href="#[e7]">&gt;&gt;</a>&nbsp;&nbsp;&nbsp;WriteRawRC
<LI><a href="#[e9]">&gt;&gt;</a>&nbsp;&nbsp;&nbsp;ReadRawRC
</UL>
<BR>[Called By]<UL><LI><a href="#[185]">&gt;&gt;</a>&nbsp;&nbsp;&nbsp;PcdSelect
<LI><a href="#[183]">&gt;&gt;</a>&nbsp;&nbsp;&nbsp;PcdRequest
<LI><a href="#[17f]">&gt;&gt;</a>&nbsp;&nbsp;&nbsp;PcdComMF522
[...]
</UL>
<BR>[Calls]<UL><LI><a href="#[266]">&gt;&gt;</a>&nbsp;&nbsp;&nbsp;ulPortSetInterruptMask
<LI><a href="#[1d0]">&gt;&gt;</a>&nbsp;&nbsp;&nbsp;xTimerGenericCommand
<LI><a href="#[25d]">&gt;&gt;</a>&nbsp;&nbsp;&nbsp;vListInsert
<LI><a href="#[26a]">&gt;&gt;</a>&nbsp;&nbsp;&nbsp;uxListRemove
</UL>
<BR>[Called By]<UL><LI><a href="#[27b]">&gt;&gt;</a>&nbsp;&nbsp;&nbsp;prvSampleTimeNow
</UL>

<P><STRONG><a name="[c0]"></a>prvTimerTask</STRONG> (Thumb, 20 bytes, Stack size 8 bytes, timers.o(i.prvTimerTask))
<BR><BR>[Stack]<UL><LI>Max Depth = 208<LI>Call Chain = prvTimerTask &rArr; prvProcessReceivedCommands &rArr; prvSampleTimeNow &rArr; prvSwitchTimerLists &rArr; xTimerGenericCommand &rArr; xQueueGenericSend &rArr; xTaskResumeAll &rArr; xTaskIncrementTick
</UL>
<BR>[Calls]<UL><LI><a href="#[27c]">&gt;&gt;</a>&nbsp;&nbsp;&nbsp;prvProcessTimerOrBlockTask
<LI><a href="#[27a]">&gt;&gt;</a>&nbsp;&nbsp;&nbsp;prvProcessReceivedCommands
<LI><a href="#[27f]">&gt;&gt;</a>&nbsp;&nbsp;&nbsp;prvGetNextExpireTime
</UL>
<BR>[Address Reference Count : 1]<UL><LI> timers.o(i.xTimerCreateTimerTask)
</UL>
<P><STRONG><a name="[26c]"></a>prvCopyDataFromQueue</STRONG> (Thumb, 40 bytes, Stack size 8 bytes, queue.o(i.prvCopyDataFromQueue))
<BR><BR>[Stack]<UL><LI>Max Depth = 8<LI>Call Chain = prvCopyDataFromQueue
</UL>
<BR>[Calls]<UL><LI><a href="#[156]">&gt;&gt;</a>&nbsp;&nbsp;&nbsp;__aeabi_memcpy
</UL>
<BR>[Called By]<UL><LI><a href="#[242]">&gt;&gt;</a>&nbsp;&nbsp;&nbsp;xQueueGenericReceive
</UL>

<P><STRONG><a name="[26d]"></a>prvCopyDataToQueue</STRONG> (Thumb, 112 bytes, Stack size 16 bytes, queue.o(i.prvCopyDataToQueue))
<BR><BR>[Stack]<UL><LI>Max Depth = 32<LI>Call Chain = prvCopyDataToQueue &rArr; xTaskPriorityDisinherit
</UL>
<BR>[Calls]<UL><LI><a href="#[26e]">&gt;&gt;</a>&nbsp;&nbsp;&nbsp;xTaskPriorityDisinherit
<LI><a href="#[156]">&gt;&gt;</a>&nbsp;&nbsp;&nbsp;__aeabi_memcpy
</UL>
<BR>[Called By]<UL><LI><a href="#[29d]">&gt;&gt;</a>&nbsp;&nbsp;&nbsp;xQueueGenericSendFromISR
<LI><a href="#[243]">&gt;&gt;</a>&nbsp;&nbsp;&nbsp;xQueueGenericSend
</UL>

<P><STRONG><a name="[277]"></a>prvIsQueueEmpty</STRONG> (Thumb, 26 bytes, Stack size 8 bytes, queue.o(i.prvIsQueueEmpty))
<BR><BR>[Stack]<UL><LI>Max Depth = 16<LI>Call Chain = prvIsQueueEmpty &rArr; vPortExitCritical
</UL>
<BR>[Calls]<UL><LI><a href="#[265]">&gt;&gt;</a>&nbsp;&nbsp;&nbsp;vPortExitCritical
<LI><a href="#[262]">&gt;&gt;</a>&nbsp;&nbsp;&nbsp;vPortEnterCritical
</UL>
<BR>[Called By]<UL><LI><a href="#[242]">&gt;&gt;</a>&nbsp;&nbsp;&nbsp;xQueueGenericReceive
</UL>

<P><STRONG><a name="[278]"></a>prvIsQueueFull</STRONG> (Thumb, 30 bytes, Stack size 8 bytes, queue.o(i.prvIsQueueFull))
<BR><BR>[Stack]<UL><LI>Max Depth = 16<LI>Call Chain = prvIsQueueFull &rArr; vPortExitCritical
</UL>
<BR>[Calls]<UL><LI><a href="#[265]">&gt;&gt;</a>&nbsp;&nbsp;&nbsp;vPortExitCritical
<LI><a href="#[262]">&gt;&gt;</a>&nbsp;&nbsp;&nbsp;vPortEnterCritical
</UL>
<BR>[Called By]<UL><LI><a href="#[243]">&gt;&gt;</a>&nbsp;&nbsp;&nbsp;xQueueGenericSend
</UL>

<P><STRONG><a name="[280]"></a>prvUnlockQueue</STRONG> (Thumb, 100 bytes, Stack size 16 bytes, queue.o(i.prvUnlockQueue))
<BR><BR>[Stack]<UL><LI>Max Depth = 40<LI>Call Chain = prvUnlockQueue &rArr; xTaskRemoveFromEventList
</UL>
<BR>[Calls]<UL><LI><a href="#[281]">&gt;&gt;</a>&nbsp;&nbsp;&nbsp;xTaskRemoveFromEventList
<LI><a href="#[282]">&gt;&gt;</a>&nbsp;&nbsp;&nbsp;vTaskMissedYield
<LI><a href="#[265]">&gt;&gt;</a>&nbsp;&nbsp;&nbsp;vPortExitCritical
<LI><a href="#[262]">&gt;&gt;</a>&nbsp;&nbsp;&nbsp;vPortEnterCritical
</UL>
<BR>[Called By]<UL><LI><a href="#[243]">&gt;&gt;</a>&nbsp;&nbsp;&nbsp;xQueueGenericSend
<LI><a href="#[242]">&gt;&gt;</a>&nbsp;&nbsp;&nbsp;xQueueGenericReceive
<LI><a href="#[27d]">&gt;&gt;</a>&nbsp;&nbsp;&nbsp;vQueueWaitForMessageRestricted
</UL>

<P><STRONG><a name="[be]"></a>prvTaskExitError</STRONG> (Thumb, 20 bytes, Stack size 0 bytes, port.o(i.prvTaskExitError))
<BR><BR>[Calls]<UL><LI><a href="#[266]">&gt;&gt;</a>&nbsp;&nbsp;&nbsp;ulPortSetInterruptMask
</UL>
<BR>[Address Reference Count : 1]<UL><LI> port.o(i.pxPortInitialiseStack)
</UL>
<P><STRONG><a name="[25b]"></a>makeFreeRtosPriority</STRONG> (Thumb, 12 bytes, Stack size 0 bytes, cmsis_os.o(i.makeFreeRtosPriority))
<BR><BR>[Called By]<UL><LI><a href="#[255]">&gt;&gt;</a>&nbsp;&nbsp;&nbsp;osThreadCreate
</UL>

<P><STRONG><a name="[25c]"></a>prvAddCurrentTaskToDelayedList</STRONG> (Thumb, 50 bytes, Stack size 16 bytes, tasks.o(i.prvAddCurrentTaskToDelayedList))
<BR><BR>[Stack]<UL><LI>Max Depth = 28<LI>Call Chain = prvAddCurrentTaskToDelayedList &rArr; vListInsert
</UL>
<BR>[Calls]<UL><LI><a href="#[25d]">&gt;&gt;</a>&nbsp;&nbsp;&nbsp;vListInsert
</UL>
<BR>[Called By]<UL><LI><a href="#[28d]">&gt;&gt;</a>&nbsp;&nbsp;&nbsp;vTaskPlaceOnEventListRestricted
<LI><a href="#[28e]">&gt;&gt;</a>&nbsp;&nbsp;&nbsp;vTaskPlaceOnEventList
<LI><a href="#[246]">&gt;&gt;</a>&nbsp;&nbsp;&nbsp;vTaskDelay
</UL>

<P><STRONG><a name="[25e]"></a>prvAllocateTCBAndStack</STRONG> (Thumb, 62 bytes, Stack size 16 bytes, tasks.o(i.prvAllocateTCBAndStack))
<BR><BR>[Stack]<UL><LI>Max Depth = 88<LI>Call Chain = prvAllocateTCBAndStack &rArr; pvPortMalloc &rArr; xTaskResumeAll &rArr; xTaskIncrementTick
</UL>
<BR>[Calls]<UL><LI><a href="#[260]">&gt;&gt;</a>&nbsp;&nbsp;&nbsp;vPortFree
<LI><a href="#[25f]">&gt;&gt;</a>&nbsp;&nbsp;&nbsp;pvPortMalloc
<LI><a href="#[c8]">&gt;&gt;</a>&nbsp;&nbsp;&nbsp;__aeabi_memset
</UL>
<BR>[Called By]<UL><LI><a href="#[24a]">&gt;&gt;</a>&nbsp;&nbsp;&nbsp;xTaskGenericCreate
</UL>

<P><STRONG><a name="[267]"></a>prvCheckTasksWaitingTermination</STRONG> (Thumb, 74 bytes, Stack size 16 bytes, tasks.o(i.prvCheckTasksWaitingTermination))
<BR><BR>[Stack]<UL><LI>Max Depth = 88<LI>Call Chain = prvCheckTasksWaitingTermination &rArr; prvDeleteTCB &rArr; vPortFree &rArr; xTaskResumeAll &rArr; xTaskIncrementTick
</UL>
<BR>[Calls]<UL><LI><a href="#[269]">&gt;&gt;</a>&nbsp;&nbsp;&nbsp;xTaskResumeAll
<LI><a href="#[268]">&gt;&gt;</a>&nbsp;&nbsp;&nbsp;vTaskSuspendAll
<LI><a href="#[265]">&gt;&gt;</a>&nbsp;&nbsp;&nbsp;vPortExitCritical
<LI><a href="#[262]">&gt;&gt;</a>&nbsp;&nbsp;&nbsp;vPortEnterCritical
<LI><a href="#[26a]">&gt;&gt;</a>&nbsp;&nbsp;&nbsp;uxListRemove
<LI><a href="#[26b]">&gt;&gt;</a>&nbsp;&nbsp;&nbsp;prvDeleteTCB
</UL>
<BR>[Called By]<UL><LI><a href="#[bf]">&gt;&gt;</a>&nbsp;&nbsp;&nbsp;prvIdleTask
</UL>

<P><STRONG><a name="[26b]"></a>prvDeleteTCB</STRONG> (Thumb, 20 bytes, Stack size 8 bytes, tasks.o(i.prvDeleteTCB))
<BR><BR>[Stack]<UL><LI>Max Depth = 72<LI>Call Chain = prvDeleteTCB &rArr; vPortFree &rArr; xTaskResumeAll &rArr; xTaskIncrementTick
</UL>
<BR>[Calls]<UL><LI><a href="#[260]">&gt;&gt;</a>&nbsp;&nbsp;&nbsp;vPortFree
</UL>
<BR>[Called By]<UL><LI><a href="#[267]">&gt;&gt;</a>&nbsp;&nbsp;&nbsp;prvCheckTasksWaitingTermination
</UL>

<P><STRONG><a name="[271]"></a>prvGetExpectedIdleTime</STRONG> (Thumb, 34 bytes, Stack size 0 bytes, tasks.o(i.prvGetExpectedIdleTime))
<BR><BR>[Called By]<UL><LI><a href="#[bf]">&gt;&gt;</a>&nbsp;&nbsp;&nbsp;prvIdleTask
</UL>

<P><STRONG><a name="[bf]"></a>prvIdleTask</STRONG> (Thumb, 66 bytes, Stack size 0 bytes, tasks.o(i.prvIdleTask))
<BR><BR>[Stack]<UL><LI>Max Depth = 88<LI>Call Chain = prvIdleTask &rArr; prvCheckTasksWaitingTermination &rArr; prvDeleteTCB &rArr; vPortFree &rArr; xTaskResumeAll &rArr; xTaskIncrementTick
</UL>
<BR>[Calls]<UL><LI><a href="#[269]">&gt;&gt;</a>&nbsp;&nbsp;&nbsp;xTaskResumeAll
<LI><a href="#[268]">&gt;&gt;</a>&nbsp;&nbsp;&nbsp;vTaskSuspendAll
<LI><a href="#[26f]">&gt;&gt;</a>&nbsp;&nbsp;&nbsp;vPortYield
<LI><a href="#[266]">&gt;&gt;</a>&nbsp;&nbsp;&nbsp;ulPortSetInterruptMask
<LI><a href="#[270]">&gt;&gt;</a>&nbsp;&nbsp;&nbsp;vApplicationIdleHook
<LI><a href="#[271]">&gt;&gt;</a>&nbsp;&nbsp;&nbsp;prvGetExpectedIdleTime
<LI><a href="#[267]">&gt;&gt;</a>&nbsp;&nbsp;&nbsp;prvCheckTasksWaitingTermination
<LI><a href="#[272]">&gt;&gt;</a>&nbsp;&nbsp;&nbsp;vPortSuppressTicksAndSleep
</UL>
<BR>[Address Reference Count : 1]<UL><LI> tasks.o(i.vTaskStartScheduler)
</UL>
<P><STRONG><a name="[273]"></a>prvInitialiseTCBVariables</STRONG> (Thumb, 78 bytes, Stack size 16 bytes, tasks.o(i.prvInitialiseTCBVariables))
<BR><BR>[Stack]<UL><LI>Max Depth = 16<LI>Call Chain = prvInitialiseTCBVariables
</UL>
<BR>[Calls]<UL><LI><a href="#[274]">&gt;&gt;</a>&nbsp;&nbsp;&nbsp;vListInitialiseItem
</UL>
<BR>[Called By]<UL><LI><a href="#[24a]">&gt;&gt;</a>&nbsp;&nbsp;&nbsp;xTaskGenericCreate
</UL>

<P><STRONG><a name="[275]"></a>prvInitialiseTaskLists</STRONG> (Thumb, 74 bytes, Stack size 16 bytes, tasks.o(i.prvInitialiseTaskLists))
<BR><BR>[Stack]<UL><LI>Max Depth = 16<LI>Call Chain = prvInitialiseTaskLists
</UL>
<BR>[Calls]<UL><LI><a href="#[263]">&gt;&gt;</a>&nbsp;&nbsp;&nbsp;vListInitialise
</UL>
<BR>[Called By]<UL><LI><a href="#[24a]">&gt;&gt;</a>&nbsp;&nbsp;&nbsp;xTaskGenericCreate
</UL>

<P><STRONG><a name="[2a1]"></a>prvResetNextTaskUnblockTime</STRONG> (Thumb, 30 bytes, Stack size 0 bytes, tasks.o(i.prvResetNextTaskUnblockTime))
<BR><BR>[Called By]<UL><LI><a href="#[281]">&gt;&gt;</a>&nbsp;&nbsp;&nbsp;xTaskRemoveFromEventList
<LI><a href="#[299]">&gt;&gt;</a>&nbsp;&nbsp;&nbsp;xTaskIncrementTick
</UL>

<P><STRONG><a name="[283]"></a>prvHeapInit</STRONG> (Thumb, 68 bytes, Stack size 0 bytes, heap_4.o(i.prvHeapInit))
<BR><BR>[Called By]<UL><LI><a href="#[25f]">&gt;&gt;</a>&nbsp;&nbsp;&nbsp;pvPortMalloc
</UL>

<P><STRONG><a name="[284]"></a>prvInsertBlockIntoFreeList</STRONG> (Thumb, 78 bytes, Stack size 12 bytes, heap_4.o(i.prvInsertBlockIntoFreeList))
<BR><BR>[Stack]<UL><LI>Max Depth = 12<LI>Call Chain = prvInsertBlockIntoFreeList
</UL>
<BR>[Called By]<UL><LI><a href="#[260]">&gt;&gt;</a>&nbsp;&nbsp;&nbsp;vPortFree
<LI><a href="#[25f]">&gt;&gt;</a>&nbsp;&nbsp;&nbsp;pvPortMalloc
</UL>

<P><STRONG><a name="[16f]"></a>MX_ADC1_Init</STRONG> (Thumb, 68 bytes, Stack size 32 bytes, main.o(i.MX_ADC1_Init))
<BR><BR>[Stack]<UL><LI>Max Depth = 120<LI>Call Chain = MX_ADC1_Init &rArr; HAL_ADC_Init &rArr; HAL_ADC_MspInit &rArr; HAL_GPIO_Init
</UL>
<BR>[Calls]<UL><LI><a href="#[170]">&gt;&gt;</a>&nbsp;&nbsp;&nbsp;Error_Handler
<LI><a href="#[f7]">&gt;&gt;</a>&nbsp;&nbsp;&nbsp;HAL_ADC_Init
<LI><a href="#[171]">&gt;&gt;</a>&nbsp;&nbsp;&nbsp;HAL_ADC_ConfigChannel
</UL>
<BR>[Called By]<UL><LI><a href="#[ad]">&gt;&gt;</a>&nbsp;&nbsp;&nbsp;main
</UL>

<P><STRONG><a name="[172]"></a>MX_DCMI_Init</STRONG> (Thumb, 48 bytes, Stack size 8 bytes, main.o(i.MX_DCMI_Init))
<BR><BR>[Stack]<UL><LI>Max Depth = 112<LI>Call Chain = MX_DCMI_Init &rArr; HAL_DCMI_Init &rArr; HAL_DCMI_MspInit &rArr; HAL_GPIO_Init
</UL>
<BR>[Calls]<UL><LI><a href="#[170]">&gt;&gt;</a>&nbsp;&nbsp;&nbsp;Error_Handler
<LI><a href="#[101]">&gt;&gt;</a>&nbsp;&nbsp;&nbsp;HAL_DCMI_Init
</UL>
<BR>[Called By]<UL><LI><a href="#[ad]">&gt;&gt;</a>&nbsp;&nbsp;&nbsp;main
</UL>

<P><STRONG><a name="[173]"></a>MX_GPIO_Init</STRONG> (Thumb, 420 bytes, Stack size 64 bytes, main.o(i.MX_GPIO_Init))
<BR><BR>[Stack]<UL><LI>Max Depth = 104<LI>Call Chain = MX_GPIO_Init &rArr; HAL_GPIO_Init
</UL>
<BR>[Calls]<UL><LI><a href="#[174]">&gt;&gt;</a>&nbsp;&nbsp;&nbsp;HAL_GPIO_WritePin
<LI><a href="#[fa]">&gt;&gt;</a>&nbsp;&nbsp;&nbsp;HAL_GPIO_Init
</UL>
<BR>[Called By]<UL><LI><a href="#[ad]">&gt;&gt;</a>&nbsp;&nbsp;&nbsp;main
</UL>

<P><STRONG><a name="[175]"></a>MX_I2C1_Init</STRONG> (Thumb, 50 bytes, Stack size 8 bytes, main.o(i.MX_I2C1_Init))
<BR><BR>[Stack]<UL><LI>Max Depth = 96<LI>Call Chain = MX_I2C1_Init &rArr; HAL_I2C_Init &rArr; HAL_I2C_MspInit &rArr; HAL_GPIO_Init
</UL>
<BR>[Calls]<UL><LI><a href="#[170]">&gt;&gt;</a>&nbsp;&nbsp;&nbsp;Error_Handler
<LI><a href="#[11a]">&gt;&gt;</a>&nbsp;&nbsp;&nbsp;HAL_I2C_Init
</UL>
<BR>[Called By]<UL><LI><a href="#[ad]">&gt;&gt;</a>&nbsp;&nbsp;&nbsp;main
</UL>

<P><STRONG><a name="[176]"></a>MX_NVIC_Init</STRONG> (Thumb, 86 bytes, Stack size 8 bytes, main.o(i.MX_NVIC_Init))
<BR><BR>[Stack]<UL><LI>Max Depth = 24<LI>Call Chain = MX_NVIC_Init &rArr; HAL_NVIC_SetPriority
</UL>
<BR>[Calls]<UL><LI><a href="#[104]">&gt;&gt;</a>&nbsp;&nbsp;&nbsp;HAL_NVIC_SetPriority
<LI><a href="#[105]">&gt;&gt;</a>&nbsp;&nbsp;&nbsp;HAL_NVIC_EnableIRQ
</UL>
<BR>[Called By]<UL><LI><a href="#[ad]">&gt;&gt;</a>&nbsp;&nbsp;&nbsp;main
</UL>

<P><STRONG><a name="[177]"></a>MX_RTC_Init</STRONG> (Thumb, 116 bytes, Stack size 24 bytes, main.o(i.MX_RTC_Init))
<BR><BR>[Stack]<UL><LI>Max Depth = 72<LI>Call Chain = MX_RTC_Init &rArr; HAL_RTC_SetTime &rArr; HAL_RTC_WaitForSynchro
</UL>
<BR>[Calls]<UL><LI><a href="#[170]">&gt;&gt;</a>&nbsp;&nbsp;&nbsp;Error_Handler
<LI><a href="#[135]">&gt;&gt;</a>&nbsp;&nbsp;&nbsp;HAL_RTC_SetTime
<LI><a href="#[132]">&gt;&gt;</a>&nbsp;&nbsp;&nbsp;HAL_RTC_SetDate
<LI><a href="#[12f]">&gt;&gt;</a>&nbsp;&nbsp;&nbsp;HAL_RTC_Init
</UL>
<BR>[Called By]<UL><LI><a href="#[ad]">&gt;&gt;</a>&nbsp;&nbsp;&nbsp;main
</UL>

<P><STRONG><a name="[178]"></a>MX_SPI2_Init</STRONG> (Thumb, 62 bytes, Stack size 8 bytes, main.o(i.MX_SPI2_Init))
<BR><BR>[Stack]<UL><LI>Max Depth = 112<LI>Call Chain = MX_SPI2_Init &rArr; HAL_SPI_Init &rArr; HAL_SPI_MspInit &rArr; HAL_GPIO_Init
</UL>
<BR>[Calls]<UL><LI><a href="#[170]">&gt;&gt;</a>&nbsp;&nbsp;&nbsp;Error_Handler
<LI><a href="#[138]">&gt;&gt;</a>&nbsp;&nbsp;&nbsp;HAL_SPI_Init
</UL>
<BR>[Called By]<UL><LI><a href="#[ad]">&gt;&gt;</a>&nbsp;&nbsp;&nbsp;main
</UL>

<P><STRONG><a name="[179]"></a>MX_UART4_Init</STRONG> (Thumb, 48 bytes, Stack size 8 bytes, main.o(i.MX_UART4_Init))
<BR><BR>[Stack]<UL><LI>Max Depth = 112<LI>Call Chain = MX_UART4_Init &rArr; HAL_UART_Init &rArr; HAL_UART_MspInit &rArr; HAL_GPIO_Init
</UL>
<BR>[Calls]<UL><LI><a href="#[170]">&gt;&gt;</a>&nbsp;&nbsp;&nbsp;Error_Handler
<LI><a href="#[151]">&gt;&gt;</a>&nbsp;&nbsp;&nbsp;HAL_UART_Init
</UL>
<BR>[Called By]<UL><LI><a href="#[ad]">&gt;&gt;</a>&nbsp;&nbsp;&nbsp;main
</UL>

<P><STRONG><a name="[17a]"></a>MX_USART1_UART_Init</STRONG> (Thumb, 48 bytes, Stack size 8 bytes, main.o(i.MX_USART1_UART_Init))
<BR><BR>[Stack]<UL><LI>Max Depth = 112<LI>Call Chain = MX_USART1_UART_Init &rArr; HAL_UART_Init &rArr; HAL_UART_MspInit &rArr; HAL_GPIO_Init
</UL>
<BR>[Calls]<UL><LI><a href="#[170]">&gt;&gt;</a>&nbsp;&nbsp;&nbsp;Error_Handler
<LI><a href="#[151]">&gt;&gt;</a>&nbsp;&nbsp;&nbsp;HAL_UART_Init
</UL>
<BR>[Called By]<UL><LI><a href="#[ad]">&gt;&gt;</a>&nbsp;&nbsp;&nbsp;main
</UL>

<P><STRONG><a name="[17b]"></a>MX_USART2_UART_Init</STRONG> (Thumb, 48 bytes, Stack size 8 bytes, main.o(i.MX_USART2_UART_Init))
<BR><BR>[Stack]<UL><LI>Max Depth = 112<LI>Call Chain = MX_USART2_UART_Init &rArr; HAL_UART_Init &rArr; HAL_UART_MspInit &rArr; HAL_GPIO_Init
</UL>
<BR>[Calls]<UL><LI><a href="#[170]">&gt;&gt;</a>&nbsp;&nbsp;&nbsp;Error_Handler
<LI><a href="#[151]">&gt;&gt;</a>&nbsp;&nbsp;&nbsp;HAL_UART_Init
</UL>
<BR>[Called By]<UL><LI><a href="#[ad]">&gt;&gt;</a>&nbsp;&nbsp;&nbsp;main
</UL>

<P><STRONG><a name="[17c]"></a>MX_USART3_UART_Init</STRONG> (Thumb, 48 bytes, Stack size 8 bytes, main.o(i.MX_USART3_UART_Init))
<BR><BR>[Stack]<UL><LI>Max Depth = 112<LI>Call Chain = MX_USART3_UART_Init &rArr; HAL_UART_Init &rArr; HAL_UART_MspInit &rArr; HAL_GPIO_Init
</UL>
<BR>[Calls]<UL><LI><a href="#[170]">&gt;&gt;</a>&nbsp;&nbsp;&nbsp;Error_Handler
<LI><a href="#[151]">&gt;&gt;</a>&nbsp;&nbsp;&nbsp;HAL_UART_Init
</UL>
<BR>[Called By]<UL><LI><a href="#[ad]">&gt;&gt;</a>&nbsp;&nbsp;&nbsp;main
</UL>

<P><STRONG><a name="[1dc]"></a>DHT11_Delay</STRONG> (Thumb, 22 bytes, Stack size 0 bytes, bsp_dido.o(i.DHT11_Delay))
<BR><BR>[Called By]<UL><LI><a href="#[1dd]">&gt;&gt;</a>&nbsp;&nbsp;&nbsp;func_bsp_stm32_dido_dht11_read_temp_and_humidity
<LI><a href="#[1da]">&gt;&gt;</a>&nbsp;&nbsp;&nbsp;func_bsp_stm32_dido_dht11_read_byte
</UL>

<P><STRONG><a name="[1d8]"></a>func_bsp_stm32_dido_dht11_mode_IPU</STRONG> (Thumb, 28 bytes, Stack size 24 bytes, bsp_dido.o(i.func_bsp_stm32_dido_dht11_mode_IPU))
<BR><BR>[Stack]<UL><LI>Max Depth = 64<LI>Call Chain = func_bsp_stm32_dido_dht11_mode_IPU &rArr; HAL_GPIO_Init
</UL>
<BR>[Calls]<UL><LI><a href="#[fa]">&gt;&gt;</a>&nbsp;&nbsp;&nbsp;HAL_GPIO_Init
</UL>
<BR>[Called By]<UL><LI><a href="#[1dd]">&gt;&gt;</a>&nbsp;&nbsp;&nbsp;func_bsp_stm32_dido_dht11_read_temp_and_humidity
</UL>

<P><STRONG><a name="[1d9]"></a>func_bsp_stm32_dido_dht11_mode_out_PP</STRONG> (Thumb, 28 bytes, Stack size 24 bytes, bsp_dido.o(i.func_bsp_stm32_dido_dht11_mode_out_PP))
<BR><BR>[Stack]<UL><LI>Max Depth = 64<LI>Call Chain = func_bsp_stm32_dido_dht11_mode_out_PP &rArr; HAL_GPIO_Init
</UL>
<BR>[Calls]<UL><LI><a href="#[fa]">&gt;&gt;</a>&nbsp;&nbsp;&nbsp;HAL_GPIO_Init
</UL>
<BR>[Called By]<UL><LI><a href="#[1e6]">&gt;&gt;</a>&nbsp;&nbsp;&nbsp;ihu_bsp_stm32_dido_f2board_dht11_init
<LI><a href="#[1dd]">&gt;&gt;</a>&nbsp;&nbsp;&nbsp;func_bsp_stm32_dido_dht11_read_temp_and_humidity
</UL>

<P><STRONG><a name="[1da]"></a>func_bsp_stm32_dido_dht11_read_byte</STRONG> (Thumb, 92 bytes, Stack size 24 bytes, bsp_dido.o(i.func_bsp_stm32_dido_dht11_read_byte))
<BR><BR>[Stack]<UL><LI>Max Depth = 24<LI>Call Chain = func_bsp_stm32_dido_dht11_read_byte
</UL>
<BR>[Calls]<UL><LI><a href="#[1db]">&gt;&gt;</a>&nbsp;&nbsp;&nbsp;HAL_GPIO_ReadPin
<LI><a href="#[1dc]">&gt;&gt;</a>&nbsp;&nbsp;&nbsp;DHT11_Delay
</UL>
<BR>[Called By]<UL><LI><a href="#[1dd]">&gt;&gt;</a>&nbsp;&nbsp;&nbsp;func_bsp_stm32_dido_dht11_read_temp_and_humidity
</UL>

<P><STRONG><a name="[195]"></a>_fp_digits</STRONG> (Thumb, 334 bytes, Stack size 56 bytes, printfa.o(i._fp_digits), UNUSED)
<BR><BR>[Calls]<UL><LI><a href="#[dc]">&gt;&gt;</a>&nbsp;&nbsp;&nbsp;__aeabi_ddiv
<LI><a href="#[e2]">&gt;&gt;</a>&nbsp;&nbsp;&nbsp;__aeabi_dmul
<LI><a href="#[d5]">&gt;&gt;</a>&nbsp;&nbsp;&nbsp;__aeabi_dadd
<LI><a href="#[e3]">&gt;&gt;</a>&nbsp;&nbsp;&nbsp;__aeabi_d2ulz
<LI><a href="#[196]">&gt;&gt;</a>&nbsp;&nbsp;&nbsp;__aeabi_cdrcmple
<LI><a href="#[df]">&gt;&gt;</a>&nbsp;&nbsp;&nbsp;__aeabi_uldivmod
</UL>
<BR>[Called By]<UL><LI><a href="#[192]">&gt;&gt;</a>&nbsp;&nbsp;&nbsp;_printf_core
</UL>

<P><STRONG><a name="[192]"></a>_printf_core</STRONG> (Thumb, 1744 bytes, Stack size 136 bytes, printfa.o(i._printf_core), UNUSED)
<BR><BR>[Calls]<UL><LI><a href="#[197]">&gt;&gt;</a>&nbsp;&nbsp;&nbsp;_printf_pre_padding
<LI><a href="#[198]">&gt;&gt;</a>&nbsp;&nbsp;&nbsp;_printf_post_padding
<LI><a href="#[195]">&gt;&gt;</a>&nbsp;&nbsp;&nbsp;_fp_digits
<LI><a href="#[df]">&gt;&gt;</a>&nbsp;&nbsp;&nbsp;__aeabi_uldivmod
<LI><a href="#[199]">&gt;&gt;</a>&nbsp;&nbsp;&nbsp;__aeabi_uidivmod
</UL>
<BR>[Called By]<UL><LI><a href="#[194]">&gt;&gt;</a>&nbsp;&nbsp;&nbsp;__0vsnprintf
<LI><a href="#[193]">&gt;&gt;</a>&nbsp;&nbsp;&nbsp;__0sprintf
<LI><a href="#[191]">&gt;&gt;</a>&nbsp;&nbsp;&nbsp;__0snprintf
</UL>

<P><STRONG><a name="[198]"></a>_printf_post_padding</STRONG> (Thumb, 36 bytes, Stack size 24 bytes, printfa.o(i._printf_post_padding), UNUSED)
<BR><BR>[Called By]<UL><LI><a href="#[192]">&gt;&gt;</a>&nbsp;&nbsp;&nbsp;_printf_core
</UL>

<P><STRONG><a name="[197]"></a>_printf_pre_padding</STRONG> (Thumb, 46 bytes, Stack size 24 bytes, printfa.o(i._printf_pre_padding), UNUSED)
<BR><BR>[Called By]<UL><LI><a href="#[192]">&gt;&gt;</a>&nbsp;&nbsp;&nbsp;_printf_core
</UL>

<P><STRONG><a name="[ba]"></a>_snputc</STRONG> (Thumb, 22 bytes, Stack size 0 bytes, printfa.o(i._snputc))
<BR>[Address Reference Count : 2]<UL><LI> printfa.o(i.__0snprintf)
<LI> printfa.o(i.__0vsnprintf)
</UL>
<P><STRONG><a name="[bb]"></a>_sputc</STRONG> (Thumb, 10 bytes, Stack size 0 bytes, printfa.o(i._sputc))
<BR><BR>[Called By]<UL><LI><a href="#[193]">&gt;&gt;</a>&nbsp;&nbsp;&nbsp;__0sprintf
</UL>
<BR>[Address Reference Count : 1]<UL><LI> printfa.o(i.__0sprintf)
</UL><P>
<H3>
Undefined Global Symbols
</H3><HR></body></html>
