<!doctype html public "-//w3c//dtd html 4.0 transitional//en">
<html><head>
<title>Static Call Graph - [PrjCclFo@207VC\PrjCclFo@207VC.axf]</title></head>
<body><HR>
<H1>Static Call Graph for image PrjCclFo@207VC\PrjCclFo@207VC.axf</H1><HR>
<BR><P>#&#060CALLGRAPH&#062# ARM Linker, 5060061: Last Updated: Tue Mar 28 12:08:33 2017
<BR><P>
<H3>Maximum Stack Usage =       2832 bytes + Unknown(Cycles, Untraceable Function Pointers)</H3><H3>
Call chain for Maximum Stack Depth:</H3>
fsm_spsvirgo_ccl_event_report_send &rArr; func_cloud_standard_xml_unpack &rArr; func_cloud_spsvirgo_ccl_msg_ccl_state_confirm_received_handle &rArr; ihu_message_send &rArr; ihu_msgid_to_string &rArr; IhuErrorPrintFo &rArr; xQueueTakeMutexRecursive &rArr; xQueueGenericReceive &rArr; xTaskResumeAll &rArr; xTaskIncrementTick
<P>
<H3>
Mutually Recursive functions
</H3> <LI><a href="#[70]">ADC_IRQHandler</a>&nbsp;&nbsp;&nbsp;&rArr;&nbsp;&nbsp;&nbsp;<a href="#[70]">ADC_IRQHandler</a><BR>
 <LI><a href="#[58]">BusFault_Handler</a>&nbsp;&nbsp;&nbsp;&rArr;&nbsp;&nbsp;&nbsp;<a href="#[58]">BusFault_Handler</a><BR>
 <LI><a href="#[56]">HardFault_Handler</a>&nbsp;&nbsp;&nbsp;&rArr;&nbsp;&nbsp;&nbsp;<a href="#[56]">HardFault_Handler</a><BR>
 <LI><a href="#[57]">MemManage_Handler</a>&nbsp;&nbsp;&nbsp;&rArr;&nbsp;&nbsp;&nbsp;<a href="#[57]">MemManage_Handler</a><BR>
 <LI><a href="#[c1]">StartDefaultTask</a>&nbsp;&nbsp;&nbsp;&rArr;&nbsp;&nbsp;&nbsp;<a href="#[c1]">StartDefaultTask</a><BR>
 <LI><a href="#[c2]">StartTask02</a>&nbsp;&nbsp;&nbsp;&rArr;&nbsp;&nbsp;&nbsp;<a href="#[c2]">StartTask02</a><BR>
 <LI><a href="#[59]">UsageFault_Handler</a>&nbsp;&nbsp;&nbsp;&rArr;&nbsp;&nbsp;&nbsp;<a href="#[59]">UsageFault_Handler</a><BR>
 <LI><a href="#[ec]">Error_Handler</a>&nbsp;&nbsp;&nbsp;&rArr;&nbsp;&nbsp;&nbsp;<a href="#[ec]">Error_Handler</a><BR>
</UL>
<P>
<H3>
Function Pointers
</H3><UL>
 <LI><a href="#[70]">ADC_IRQHandler</a> from startup_stm32f207xx.o(.text) referenced from startup_stm32f207xx.o(RESET)
 <LI><a href="#[58]">BusFault_Handler</a> from stm32f2xx_it.o(i.BusFault_Handler) referenced from startup_stm32f207xx.o(RESET)
 <LI><a href="#[72]">CAN1_RX0_IRQHandler</a> from startup_stm32f207xx.o(.text) referenced from startup_stm32f207xx.o(RESET)
 <LI><a href="#[73]">CAN1_RX1_IRQHandler</a> from startup_stm32f207xx.o(.text) referenced from startup_stm32f207xx.o(RESET)
 <LI><a href="#[74]">CAN1_SCE_IRQHandler</a> from startup_stm32f207xx.o(.text) referenced from startup_stm32f207xx.o(RESET)
 <LI><a href="#[71]">CAN1_TX_IRQHandler</a> from startup_stm32f207xx.o(.text) referenced from startup_stm32f207xx.o(RESET)
 <LI><a href="#[9e]">CAN2_RX0_IRQHandler</a> from startup_stm32f207xx.o(.text) referenced from startup_stm32f207xx.o(RESET)
 <LI><a href="#[9f]">CAN2_RX1_IRQHandler</a> from startup_stm32f207xx.o(.text) referenced from startup_stm32f207xx.o(RESET)
 <LI><a href="#[a0]">CAN2_SCE_IRQHandler</a> from startup_stm32f207xx.o(.text) referenced from startup_stm32f207xx.o(RESET)
 <LI><a href="#[9d]">CAN2_TX_IRQHandler</a> from startup_stm32f207xx.o(.text) referenced from startup_stm32f207xx.o(RESET)
 <LI><a href="#[c0]">Callback01</a> from freertos.o(i.Callback01) referenced from freertos.o(.constdata)
 <LI><a href="#[b1]">DCMI_DMAError</a> from stm32f2xx_hal_dcmi.o(i.DCMI_DMAError) referenced from stm32f2xx_hal_dcmi.o(i.HAL_DCMI_IRQHandler)
 <LI><a href="#[ac]">DCMI_IRQHandler</a> from stm32f2xx_it.o(i.DCMI_IRQHandler) referenced from startup_stm32f207xx.o(RESET)
 <LI><a href="#[69]">DMA1_Stream0_IRQHandler</a> from startup_stm32f207xx.o(.text) referenced from startup_stm32f207xx.o(RESET)
 <LI><a href="#[6a]">DMA1_Stream1_IRQHandler</a> from startup_stm32f207xx.o(.text) referenced from startup_stm32f207xx.o(RESET)
 <LI><a href="#[6b]">DMA1_Stream2_IRQHandler</a> from startup_stm32f207xx.o(.text) referenced from startup_stm32f207xx.o(RESET)
 <LI><a href="#[6c]">DMA1_Stream3_IRQHandler</a> from startup_stm32f207xx.o(.text) referenced from startup_stm32f207xx.o(RESET)
 <LI><a href="#[6d]">DMA1_Stream4_IRQHandler</a> from startup_stm32f207xx.o(.text) referenced from startup_stm32f207xx.o(RESET)
 <LI><a href="#[6e]">DMA1_Stream5_IRQHandler</a> from startup_stm32f207xx.o(.text) referenced from startup_stm32f207xx.o(RESET)
 <LI><a href="#[6f]">DMA1_Stream6_IRQHandler</a> from startup_stm32f207xx.o(.text) referenced from startup_stm32f207xx.o(RESET)
 <LI><a href="#[8d]">DMA1_Stream7_IRQHandler</a> from startup_stm32f207xx.o(.text) referenced from startup_stm32f207xx.o(RESET)
 <LI><a href="#[96]">DMA2_Stream0_IRQHandler</a> from startup_stm32f207xx.o(.text) referenced from startup_stm32f207xx.o(RESET)
 <LI><a href="#[97]">DMA2_Stream1_IRQHandler</a> from startup_stm32f207xx.o(.text) referenced from startup_stm32f207xx.o(RESET)
 <LI><a href="#[98]">DMA2_Stream2_IRQHandler</a> from startup_stm32f207xx.o(.text) referenced from startup_stm32f207xx.o(RESET)
 <LI><a href="#[99]">DMA2_Stream3_IRQHandler</a> from startup_stm32f207xx.o(.text) referenced from startup_stm32f207xx.o(RESET)
 <LI><a href="#[9a]">DMA2_Stream4_IRQHandler</a> from startup_stm32f207xx.o(.text) referenced from startup_stm32f207xx.o(RESET)
 <LI><a href="#[a2]">DMA2_Stream5_IRQHandler</a> from startup_stm32f207xx.o(.text) referenced from startup_stm32f207xx.o(RESET)
 <LI><a href="#[a3]">DMA2_Stream6_IRQHandler</a> from startup_stm32f207xx.o(.text) referenced from startup_stm32f207xx.o(RESET)
 <LI><a href="#[a4]">DMA2_Stream7_IRQHandler</a> from startup_stm32f207xx.o(.text) referenced from startup_stm32f207xx.o(RESET)
 <LI><a href="#[5b]">DebugMon_Handler</a> from stm32f2xx_it.o(i.DebugMon_Handler) referenced from startup_stm32f207xx.o(RESET)
 <LI><a href="#[9b]">ETH_IRQHandler</a> from startup_stm32f207xx.o(.text) referenced from startup_stm32f207xx.o(RESET)
 <LI><a href="#[9c]">ETH_WKUP_IRQHandler</a> from startup_stm32f207xx.o(.text) referenced from startup_stm32f207xx.o(RESET)
 <LI><a href="#[64]">EXTI0_IRQHandler</a> from startup_stm32f207xx.o(.text) referenced from startup_stm32f207xx.o(RESET)
 <LI><a href="#[86]">EXTI15_10_IRQHandler</a> from startup_stm32f207xx.o(.text) referenced from startup_stm32f207xx.o(RESET)
 <LI><a href="#[65]">EXTI1_IRQHandler</a> from startup_stm32f207xx.o(.text) referenced from startup_stm32f207xx.o(RESET)
 <LI><a href="#[66]">EXTI2_IRQHandler</a> from startup_stm32f207xx.o(.text) referenced from startup_stm32f207xx.o(RESET)
 <LI><a href="#[67]">EXTI3_IRQHandler</a> from startup_stm32f207xx.o(.text) referenced from startup_stm32f207xx.o(RESET)
 <LI><a href="#[68]">EXTI4_IRQHandler</a> from startup_stm32f207xx.o(.text) referenced from startup_stm32f207xx.o(RESET)
 <LI><a href="#[75]">EXTI9_5_IRQHandler</a> from stm32f2xx_it.o(i.EXTI9_5_IRQHandler) referenced from startup_stm32f207xx.o(RESET)
 <LI><a href="#[62]">FLASH_IRQHandler</a> from startup_stm32f207xx.o(.text) referenced from startup_stm32f207xx.o(RESET)
 <LI><a href="#[8e]">FSMC_IRQHandler</a> from startup_stm32f207xx.o(.text) referenced from startup_stm32f207xx.o(RESET)
 <LI><a href="#[bc]">FsmProcessingLaunch</a> from vmfreeoslayer.o(i.FsmProcessingLaunch) referenced from vmfreeoslayer.o(i.ihu_task_create_and_run)
 <LI><a href="#[ad]">HASH_RNG_IRQHandler</a> from startup_stm32f207xx.o(.text) referenced from startup_stm32f207xx.o(RESET)
 <LI><a href="#[56]">HardFault_Handler</a> from stm32f2xx_it.o(i.HardFault_Handler) referenced from startup_stm32f207xx.o(RESET)
 <LI><a href="#[7e]">I2C1_ER_IRQHandler</a> from startup_stm32f207xx.o(.text) referenced from startup_stm32f207xx.o(RESET)
 <LI><a href="#[7d]">I2C1_EV_IRQHandler</a> from startup_stm32f207xx.o(.text) referenced from startup_stm32f207xx.o(RESET)
 <LI><a href="#[80]">I2C2_ER_IRQHandler</a> from startup_stm32f207xx.o(.text) referenced from startup_stm32f207xx.o(RESET)
 <LI><a href="#[7f]">I2C2_EV_IRQHandler</a> from startup_stm32f207xx.o(.text) referenced from startup_stm32f207xx.o(RESET)
 <LI><a href="#[a7]">I2C3_ER_IRQHandler</a> from startup_stm32f207xx.o(.text) referenced from startup_stm32f207xx.o(RESET)
 <LI><a href="#[a6]">I2C3_EV_IRQHandler</a> from startup_stm32f207xx.o(.text) referenced from startup_stm32f207xx.o(RESET)
 <LI><a href="#[57]">MemManage_Handler</a> from stm32f2xx_it.o(i.MemManage_Handler) referenced from startup_stm32f207xx.o(RESET)
 <LI><a href="#[55]">NMI_Handler</a> from stm32f2xx_it.o(i.NMI_Handler) referenced from startup_stm32f207xx.o(RESET)
 <LI><a href="#[a1]">OTG_FS_IRQHandler</a> from startup_stm32f207xx.o(.text) referenced from startup_stm32f207xx.o(RESET)
 <LI><a href="#[88]">OTG_FS_WKUP_IRQHandler</a> from startup_stm32f207xx.o(.text) referenced from startup_stm32f207xx.o(RESET)
 <LI><a href="#[a9]">OTG_HS_EP1_IN_IRQHandler</a> from startup_stm32f207xx.o(.text) referenced from startup_stm32f207xx.o(RESET)
 <LI><a href="#[a8]">OTG_HS_EP1_OUT_IRQHandler</a> from startup_stm32f207xx.o(.text) referenced from startup_stm32f207xx.o(RESET)
 <LI><a href="#[ab]">OTG_HS_IRQHandler</a> from startup_stm32f207xx.o(.text) referenced from startup_stm32f207xx.o(RESET)
 <LI><a href="#[aa]">OTG_HS_WKUP_IRQHandler</a> from startup_stm32f207xx.o(.text) referenced from startup_stm32f207xx.o(RESET)
 <LI><a href="#[5f]">PVD_IRQHandler</a> from startup_stm32f207xx.o(.text) referenced from startup_stm32f207xx.o(RESET)
 <LI><a href="#[5c]">PendSV_Handler</a> from port.o(.emb_text) referenced from startup_stm32f207xx.o(RESET)
 <LI><a href="#[63]">RCC_IRQHandler</a> from startup_stm32f207xx.o(.text) referenced from startup_stm32f207xx.o(RESET)
 <LI><a href="#[87]">RTC_Alarm_IRQHandler</a> from startup_stm32f207xx.o(.text) referenced from startup_stm32f207xx.o(RESET)
 <LI><a href="#[61]">RTC_WKUP_IRQHandler</a> from startup_stm32f207xx.o(.text) referenced from startup_stm32f207xx.o(RESET)
 <LI><a href="#[54]">Reset_Handler</a> from startup_stm32f207xx.o(.text) referenced from startup_stm32f207xx.o(RESET)
 <LI><a href="#[8f]">SDIO_IRQHandler</a> from startup_stm32f207xx.o(.text) referenced from startup_stm32f207xx.o(RESET)
 <LI><a href="#[81]">SPI1_IRQHandler</a> from startup_stm32f207xx.o(.text) referenced from startup_stm32f207xx.o(RESET)
 <LI><a href="#[82]">SPI2_IRQHandler</a> from startup_stm32f207xx.o(.text) referenced from startup_stm32f207xx.o(RESET)
 <LI><a href="#[91]">SPI3_IRQHandler</a> from startup_stm32f207xx.o(.text) referenced from startup_stm32f207xx.o(RESET)
 <LI><a href="#[b4]">SPI_2linesRxISR_16BIT</a> from stm32f2xx_hal_spi.o(i.SPI_2linesRxISR_16BIT) referenced from stm32f2xx_hal_spi.o(i.HAL_SPI_TransmitReceive_IT)
 <LI><a href="#[b6]">SPI_2linesRxISR_8BIT</a> from stm32f2xx_hal_spi.o(i.SPI_2linesRxISR_8BIT) referenced from stm32f2xx_hal_spi.o(i.HAL_SPI_TransmitReceive_IT)
 <LI><a href="#[b5]">SPI_2linesTxISR_16BIT</a> from stm32f2xx_hal_spi.o(i.SPI_2linesTxISR_16BIT) referenced from stm32f2xx_hal_spi.o(i.HAL_SPI_TransmitReceive_IT)
 <LI><a href="#[b7]">SPI_2linesTxISR_8BIT</a> from stm32f2xx_hal_spi.o(i.SPI_2linesTxISR_8BIT) referenced from stm32f2xx_hal_spi.o(i.HAL_SPI_TransmitReceive_IT)
 <LI><a href="#[b2]">SPI_RxISR_16BIT</a> from stm32f2xx_hal_spi.o(i.SPI_RxISR_16BIT) referenced from stm32f2xx_hal_spi.o(i.HAL_SPI_Receive_IT)
 <LI><a href="#[b3]">SPI_RxISR_8BIT</a> from stm32f2xx_hal_spi.o(i.SPI_RxISR_8BIT) referenced from stm32f2xx_hal_spi.o(i.HAL_SPI_Receive_IT)
 <LI><a href="#[5a]">SVC_Handler</a> from port.o(.emb_text) referenced from startup_stm32f207xx.o(RESET)
 <LI><a href="#[c1]">StartDefaultTask</a> from freertos.o(i.StartDefaultTask) referenced from freertos.o(.constdata)
 <LI><a href="#[c2]">StartTask02</a> from freertos.o(i.StartTask02) referenced from freertos.o(.constdata)
 <LI><a href="#[5d]">SysTick_Handler</a> from stm32f2xx_it.o(i.SysTick_Handler) referenced from startup_stm32f207xx.o(RESET)
 <LI><a href="#[af]">SystemInit</a> from system_stm32f2xx.o(i.SystemInit) referenced from startup_stm32f207xx.o(.text)
 <LI><a href="#[60]">TAMP_STAMP_IRQHandler</a> from startup_stm32f207xx.o(.text) referenced from startup_stm32f207xx.o(RESET)
 <LI><a href="#[76]">TIM1_BRK_TIM9_IRQHandler</a> from startup_stm32f207xx.o(.text) referenced from startup_stm32f207xx.o(RESET)
 <LI><a href="#[79]">TIM1_CC_IRQHandler</a> from startup_stm32f207xx.o(.text) referenced from startup_stm32f207xx.o(RESET)
 <LI><a href="#[78]">TIM1_TRG_COM_TIM11_IRQHandler</a> from startup_stm32f207xx.o(.text) referenced from startup_stm32f207xx.o(RESET)
 <LI><a href="#[77]">TIM1_UP_TIM10_IRQHandler</a> from stm32f2xx_it.o(i.TIM1_UP_TIM10_IRQHandler) referenced from startup_stm32f207xx.o(RESET)
 <LI><a href="#[7a]">TIM2_IRQHandler</a> from startup_stm32f207xx.o(.text) referenced from startup_stm32f207xx.o(RESET)
 <LI><a href="#[7b]">TIM3_IRQHandler</a> from startup_stm32f207xx.o(.text) referenced from startup_stm32f207xx.o(RESET)
 <LI><a href="#[7c]">TIM4_IRQHandler</a> from startup_stm32f207xx.o(.text) referenced from startup_stm32f207xx.o(RESET)
 <LI><a href="#[90]">TIM5_IRQHandler</a> from startup_stm32f207xx.o(.text) referenced from startup_stm32f207xx.o(RESET)
 <LI><a href="#[94]">TIM6_DAC_IRQHandler</a> from startup_stm32f207xx.o(.text) referenced from startup_stm32f207xx.o(RESET)
 <LI><a href="#[95]">TIM7_IRQHandler</a> from startup_stm32f207xx.o(.text) referenced from startup_stm32f207xx.o(RESET)
 <LI><a href="#[89]">TIM8_BRK_TIM12_IRQHandler</a> from startup_stm32f207xx.o(.text) referenced from startup_stm32f207xx.o(RESET)
 <LI><a href="#[8c]">TIM8_CC_IRQHandler</a> from startup_stm32f207xx.o(.text) referenced from startup_stm32f207xx.o(RESET)
 <LI><a href="#[8b]">TIM8_TRG_COM_TIM14_IRQHandler</a> from startup_stm32f207xx.o(.text) referenced from startup_stm32f207xx.o(RESET)
 <LI><a href="#[8a]">TIM8_UP_TIM13_IRQHandler</a> from startup_stm32f207xx.o(.text) referenced from startup_stm32f207xx.o(RESET)
 <LI><a href="#[92]">UART4_IRQHandler</a> from stm32f2xx_it.o(i.UART4_IRQHandler) referenced from startup_stm32f207xx.o(RESET)
 <LI><a href="#[93]">UART5_IRQHandler</a> from startup_stm32f207xx.o(.text) referenced from startup_stm32f207xx.o(RESET)
 <LI><a href="#[b8]">UART_DMAAbortOnError</a> from stm32f2xx_hal_uart.o(i.UART_DMAAbortOnError) referenced from stm32f2xx_hal_uart.o(i.HAL_UART_IRQHandler)
 <LI><a href="#[83]">USART1_IRQHandler</a> from stm32f2xx_it.o(i.USART1_IRQHandler) referenced from startup_stm32f207xx.o(RESET)
 <LI><a href="#[84]">USART2_IRQHandler</a> from stm32f2xx_it.o(i.USART2_IRQHandler) referenced from startup_stm32f207xx.o(RESET)
 <LI><a href="#[85]">USART3_IRQHandler</a> from stm32f2xx_it.o(i.USART3_IRQHandler) referenced from startup_stm32f207xx.o(RESET)
 <LI><a href="#[a5]">USART6_IRQHandler</a> from startup_stm32f207xx.o(.text) referenced from startup_stm32f207xx.o(RESET)
 <LI><a href="#[59]">UsageFault_Handler</a> from stm32f2xx_it.o(i.UsageFault_Handler) referenced from startup_stm32f207xx.o(RESET)
 <LI><a href="#[5e]">WWDG_IRQHandler</a> from startup_stm32f207xx.o(.text) referenced from startup_stm32f207xx.o(RESET)
 <LI><a href="#[b0]">__main</a> from entry.o(.ARM.Collect$$$$00000000) referenced from startup_stm32f207xx.o(.text)
 <LI><a href="#[b9]">_snputc</a> from printfa.o(i._snputc) referenced from printfa.o(i.__0snprintf)
 <LI><a href="#[b9]">_snputc</a> from printfa.o(i._snputc) referenced from printfa.o(i.__0vsnprintf)
 <LI><a href="#[ba]">_sputc</a> from printfa.o(i._sputc) referenced from printfa.o(i.__0sprintf)
 <LI><a href="#[d]">fsm_adclibra_init</a> from l2adclibra.o(i.fsm_adclibra_init) referenced 4 times from l2adclibra.o(.data)
 <LI><a href="#[10]">fsm_adclibra_restart</a> from l2adclibra.o(i.fsm_adclibra_restart) referenced 2 times from l2adclibra.o(.data)
 <LI><a href="#[f]">fsm_adclibra_stop_rcv</a> from l2adclibra.o(i.fsm_adclibra_stop_rcv) referenced 2 times from l2adclibra.o(.data)
 <LI><a href="#[c]">fsm_adclibra_task_entry</a> from l2adclibra.o(i.fsm_adclibra_task_entry) referenced 2 times from l2adclibra.o(.data)
 <LI><a href="#[11]">fsm_adclibra_time_out</a> from l2adclibra.o(i.fsm_adclibra_time_out) referenced 2 times from l2adclibra.o(.data)
 <LI><a href="#[4a]">fsm_ccl_dcmi_sensor_status_resp</a> from l3ccl.o(i.fsm_ccl_dcmi_sensor_status_resp) referenced 2 times from l3ccl.o(.data)
 <LI><a href="#[4d]">fsm_ccl_dido_door_open_event</a> from l3ccl.o(i.fsm_ccl_dido_door_open_event) referenced 2 times from l3ccl.o(.data)
 <LI><a href="#[4e]">fsm_ccl_dido_event_status_update</a> from l3ccl.o(i.fsm_ccl_dido_event_status_update) referenced 4 times from l3ccl.o(.data)
 <LI><a href="#[47]">fsm_ccl_dido_sensor_status_resp</a> from l3ccl.o(i.fsm_ccl_dido_sensor_status_resp) referenced 2 times from l3ccl.o(.data)
 <LI><a href="#[51]">fsm_ccl_event_fault_trigger_to_stop</a> from l3ccl.o(i.fsm_ccl_event_fault_trigger_to_stop) referenced 4 times from l3ccl.o(.data)
 <LI><a href="#[53]">fsm_ccl_event_lock_trigger_to_work</a> from l3ccl.o(i.fsm_ccl_event_lock_trigger_to_work) referenced 2 times from l3ccl.o(.data)
 <LI><a href="#[49]">fsm_ccl_i2c_sensor_status_resp</a> from l3ccl.o(i.fsm_ccl_i2c_sensor_status_resp) referenced 2 times from l3ccl.o(.data)
 <LI><a href="#[43]">fsm_ccl_init</a> from l3ccl.o(i.fsm_ccl_init) referenced 4 times from l3ccl.o(.data)
 <LI><a href="#[50]">fsm_ccl_lock_and_door_close_event</a> from l3ccl.o(i.fsm_ccl_lock_and_door_close_event) referenced 4 times from l3ccl.o(.data)
 <LI><a href="#[45]">fsm_ccl_restart</a> from l3ccl.o(i.fsm_ccl_restart) referenced 2 times from l3ccl.o(.data)
 <LI><a href="#[4f]">fsm_ccl_sps_close_door_report_cfm</a> from l3ccl.o(i.fsm_ccl_sps_close_door_report_cfm) referenced 8 times from l3ccl.o(.data)
 <LI><a href="#[4c]">fsm_ccl_sps_cloud_fb</a> from l3ccl.o(i.fsm_ccl_sps_cloud_fb) referenced 2 times from l3ccl.o(.data)
 <LI><a href="#[4b]">fsm_ccl_sps_event_report_cfm</a> from l3ccl.o(i.fsm_ccl_sps_event_report_cfm) referenced 2 times from l3ccl.o(.data)
 <LI><a href="#[52]">fsm_ccl_sps_fault_report_cfm</a> from l3ccl.o(i.fsm_ccl_sps_fault_report_cfm) referenced 4 times from l3ccl.o(.data)
 <LI><a href="#[48]">fsm_ccl_sps_sensor_status_resp</a> from l3ccl.o(i.fsm_ccl_sps_sensor_status_resp) referenced 2 times from l3ccl.o(.data)
 <LI><a href="#[44]">fsm_ccl_stop_rcv</a> from l3ccl.o(i.fsm_ccl_stop_rcv) referenced 2 times from l3ccl.o(.data)
 <LI><a href="#[42]">fsm_ccl_task_entry</a> from l3ccl.o(i.fsm_ccl_task_entry) referenced 2 times from l3ccl.o(.data)
 <LI><a href="#[46]">fsm_ccl_time_out</a> from l3ccl.o(i.fsm_ccl_time_out) referenced 2 times from l3ccl.o(.data)
 <LI><a href="#[3]">fsm_com_do_nothing</a> from vmfreeoslayer.o(i.fsm_com_do_nothing) referenced 60 times from l1timer_freeos.o(.data)
 <LI><a href="#[e]">fsm_com_heart_beat_rcv</a> from vmfreeoslayer.o(i.fsm_com_heart_beat_rcv) referenced 14 times from l2adclibra.o(.data)
 <LI><a href="#[41]">fsm_dcmiaris_ccl_ctrl_cmd</a> from l2dcmiaris.o(i.fsm_dcmiaris_ccl_ctrl_cmd) referenced 2 times from l2dcmiaris.o(.data)
 <LI><a href="#[40]">fsm_dcmiaris_ccl_sensor_status_req</a> from l2dcmiaris.o(i.fsm_dcmiaris_ccl_sensor_status_req) referenced 2 times from l2dcmiaris.o(.data)
 <LI><a href="#[3c]">fsm_dcmiaris_init</a> from l2dcmiaris.o(i.fsm_dcmiaris_init) referenced 4 times from l2dcmiaris.o(.data)
 <LI><a href="#[3e]">fsm_dcmiaris_restart</a> from l2dcmiaris.o(i.fsm_dcmiaris_restart) referenced 2 times from l2dcmiaris.o(.data)
 <LI><a href="#[3d]">fsm_dcmiaris_stop_rcv</a> from l2dcmiaris.o(i.fsm_dcmiaris_stop_rcv) referenced 2 times from l2dcmiaris.o(.data)
 <LI><a href="#[3b]">fsm_dcmiaris_task_entry</a> from l2dcmiaris.o(i.fsm_dcmiaris_task_entry) referenced 2 times from l2dcmiaris.o(.data)
 <LI><a href="#[3f]">fsm_dcmiaris_time_out</a> from l2dcmiaris.o(i.fsm_dcmiaris_time_out) referenced 2 times from l2dcmiaris.o(.data)
 <LI><a href="#[18]">fsm_didocap_ccl_ctrl_cmd</a> from l2didocap.o(i.fsm_didocap_ccl_ctrl_cmd) referenced 2 times from l2didocap.o(.data)
 <LI><a href="#[17]">fsm_didocap_ccl_sensor_status_req</a> from l2didocap.o(i.fsm_didocap_ccl_sensor_status_req) referenced 2 times from l2didocap.o(.data)
 <LI><a href="#[13]">fsm_didocap_init</a> from l2didocap.o(i.fsm_didocap_init) referenced 4 times from l2didocap.o(.data)
 <LI><a href="#[15]">fsm_didocap_restart</a> from l2didocap.o(i.fsm_didocap_restart) referenced 2 times from l2didocap.o(.data)
 <LI><a href="#[14]">fsm_didocap_stop_rcv</a> from l2didocap.o(i.fsm_didocap_stop_rcv) referenced 2 times from l2didocap.o(.data)
 <LI><a href="#[12]">fsm_didocap_task_entry</a> from l2didocap.o(i.fsm_didocap_task_entry) referenced 2 times from l2didocap.o(.data)
 <LI><a href="#[16]">fsm_didocap_time_out</a> from l2didocap.o(i.fsm_didocap_time_out) referenced 2 times from l2didocap.o(.data)
 <LI><a href="#[1f]">fsm_i2caries_ccl_ctrl_cmd</a> from l2i2caries.o(i.fsm_i2caries_ccl_ctrl_cmd) referenced 2 times from l2i2caries.o(.data)
 <LI><a href="#[1e]">fsm_i2caries_ccl_sensor_status_req</a> from l2i2caries.o(i.fsm_i2caries_ccl_sensor_status_req) referenced 2 times from l2i2caries.o(.data)
 <LI><a href="#[1a]">fsm_i2caries_init</a> from l2i2caries.o(i.fsm_i2caries_init) referenced 4 times from l2i2caries.o(.data)
 <LI><a href="#[1c]">fsm_i2caries_restart</a> from l2i2caries.o(i.fsm_i2caries_restart) referenced 2 times from l2i2caries.o(.data)
 <LI><a href="#[1b]">fsm_i2caries_stop_rcv</a> from l2i2caries.o(i.fsm_i2caries_stop_rcv) referenced 2 times from l2i2caries.o(.data)
 <LI><a href="#[19]">fsm_i2caries_task_entry</a> from l2i2caries.o(i.fsm_i2caries_task_entry) referenced 2 times from l2i2caries.o(.data)
 <LI><a href="#[1d]">fsm_i2caries_time_out</a> from l2i2caries.o(i.fsm_i2caries_time_out) referenced 2 times from l2i2caries.o(.data)
 <LI><a href="#[21]">fsm_ledpisces_init</a> from l2ledpisces.o(i.fsm_ledpisces_init) referenced 4 times from l2ledpisces.o(.data)
 <LI><a href="#[23]">fsm_ledpisces_restart</a> from l2ledpisces.o(i.fsm_ledpisces_restart) referenced 4 times from l2ledpisces.o(.data)
 <LI><a href="#[22]">fsm_ledpisces_stop_rcv</a> from l2ledpisces.o(i.fsm_ledpisces_stop_rcv) referenced 4 times from l2ledpisces.o(.data)
 <LI><a href="#[20]">fsm_ledpisces_task_entry</a> from l2ledpisces.o(i.fsm_ledpisces_task_entry) referenced 2 times from l2ledpisces.o(.data)
 <LI><a href="#[24]">fsm_ledpisces_time_out</a> from l2ledpisces.o(i.fsm_ledpisces_time_out) referenced 2 times from l2ledpisces.o(.data)
 <LI><a href="#[3a]">fsm_spsvirgo_ccl_close_door_report_send</a> from l2spsvirgo.o(i.fsm_spsvirgo_ccl_close_door_report_send) referenced 2 times from l2spsvirgo.o(.data)
 <LI><a href="#[38]">fsm_spsvirgo_ccl_ctrl_cmd</a> from l2spsvirgo.o(i.fsm_spsvirgo_ccl_ctrl_cmd) referenced 2 times from l2spsvirgo.o(.data)
 <LI><a href="#[37]">fsm_spsvirgo_ccl_event_report_send</a> from l2spsvirgo.o(i.fsm_spsvirgo_ccl_event_report_send) referenced 2 times from l2spsvirgo.o(.data)
 <LI><a href="#[39]">fsm_spsvirgo_ccl_fault_report_send</a> from l2spsvirgo.o(i.fsm_spsvirgo_ccl_fault_report_send) referenced 2 times from l2spsvirgo.o(.data)
 <LI><a href="#[35]">fsm_spsvirgo_ccl_open_auth_inq</a> from l2spsvirgo.o(i.fsm_spsvirgo_ccl_open_auth_inq) referenced 2 times from l2spsvirgo.o(.data)
 <LI><a href="#[36]">fsm_spsvirgo_ccl_sensor_status_req</a> from l2spsvirgo.o(i.fsm_spsvirgo_ccl_sensor_status_req) referenced 2 times from l2spsvirgo.o(.data)
 <LI><a href="#[30]">fsm_spsvirgo_init</a> from l2spsvirgo.o(i.fsm_spsvirgo_init) referenced 4 times from l2spsvirgo.o(.data)
 <LI><a href="#[34]">fsm_spsvirgo_l2frame_rcv</a> from l2spsvirgo.o(i.fsm_spsvirgo_l2frame_rcv) referenced 2 times from l2spsvirgo.o(.data)
 <LI><a href="#[32]">fsm_spsvirgo_restart</a> from l2spsvirgo.o(i.fsm_spsvirgo_restart) referenced 4 times from l2spsvirgo.o(.data)
 <LI><a href="#[31]">fsm_spsvirgo_stop_rcv</a> from l2spsvirgo.o(i.fsm_spsvirgo_stop_rcv) referenced 4 times from l2spsvirgo.o(.data)
 <LI><a href="#[2f]">fsm_spsvirgo_task_entry</a> from l2spsvirgo.o(i.fsm_spsvirgo_task_entry) referenced 2 times from l2spsvirgo.o(.data)
 <LI><a href="#[33]">fsm_spsvirgo_time_out</a> from l2spsvirgo.o(i.fsm_spsvirgo_time_out) referenced 4 times from l2spsvirgo.o(.data)
 <LI><a href="#[1]">fsm_timer_init</a> from l1timer_freeos.o(i.fsm_timer_init) referenced 2 times from l1timer_freeos.o(.data)
 <LI><a href="#[2]">fsm_timer_restart</a> from l1timer_freeos.o(i.fsm_timer_restart) referenced 4 times from l1timer_freeos.o(.data)
 <LI><a href="#[4]">fsm_timer_stop_rcv</a> from l1timer_freeos.o(i.fsm_timer_stop_rcv) referenced 2 times from l1timer_freeos.o(.data)
 <LI><a href="#[0]">fsm_timer_task_entry</a> from l1timer_freeos.o(i.fsm_timer_task_entry) referenced 2 times from l1timer_freeos.o(.data)
 <LI><a href="#[b]">fsm_vmfo_heart_beat</a> from l1vmfo.o(i.fsm_vmfo_heart_beat) referenced 2 times from l1vmfo.o(.data)
 <LI><a href="#[6]">fsm_vmfo_init</a> from l1vmfo.o(i.fsm_vmfo_init) referenced 2 times from l1vmfo.o(.data)
 <LI><a href="#[a]">fsm_vmfo_init_fb</a> from l1vmfo.o(i.fsm_vmfo_init_fb) referenced 2 times from l1vmfo.o(.data)
 <LI><a href="#[7]">fsm_vmfo_restart</a> from l1vmfo.o(i.fsm_vmfo_restart) referenced 6 times from l1vmfo.o(.data)
 <LI><a href="#[8]">fsm_vmfo_stop_rcv</a> from l1vmfo.o(i.fsm_vmfo_stop_rcv) referenced 4 times from l1vmfo.o(.data)
 <LI><a href="#[5]">fsm_vmfo_task_entry</a> from l1vmfo.o(i.fsm_vmfo_task_entry) referenced 2 times from l1vmfo.o(.data)
 <LI><a href="#[9]">fsm_vmfo_time_out</a> from l1vmfo.o(i.fsm_vmfo_time_out) referenced 2 times from l1vmfo.o(.data)
 <LI><a href="#[bb]">func_timer_routine_handler_1s</a> from l1timer_freeos.o(i.func_timer_routine_handler_1s) referenced from l1timer_freeos.o(i.fsm_timer_init)
 <LI><a href="#[28]">ihu_bsp_stm32_dido_f2board_lock1_do1_off</a> from bsp_dido.o(i.ihu_bsp_stm32_dido_f2board_lock1_do1_off) referenced 2 times from l2ledpisces.o(.data)
 <LI><a href="#[27]">ihu_bsp_stm32_dido_f2board_lock1_do1_on</a> from bsp_dido.o(i.ihu_bsp_stm32_dido_f2board_lock1_do1_on) referenced 2 times from l2ledpisces.o(.data)
 <LI><a href="#[2a]">ihu_bsp_stm32_dido_f2board_lock2_do1_off</a> from bsp_dido.o(i.ihu_bsp_stm32_dido_f2board_lock2_do1_off) referenced 2 times from l2ledpisces.o(.data)
 <LI><a href="#[29]">ihu_bsp_stm32_dido_f2board_lock2_do1_on</a> from bsp_dido.o(i.ihu_bsp_stm32_dido_f2board_lock2_do1_on) referenced 2 times from l2ledpisces.o(.data)
 <LI><a href="#[2c]">ihu_bsp_stm32_dido_f2board_lock3_do1_off</a> from bsp_dido.o(i.ihu_bsp_stm32_dido_f2board_lock3_do1_off) referenced 2 times from l2ledpisces.o(.data)
 <LI><a href="#[2b]">ihu_bsp_stm32_dido_f2board_lock3_do1_on</a> from bsp_dido.o(i.ihu_bsp_stm32_dido_f2board_lock3_do1_on) referenced 2 times from l2ledpisces.o(.data)
 <LI><a href="#[2e]">ihu_bsp_stm32_dido_f2board_lock4_do1_off</a> from bsp_dido.o(i.ihu_bsp_stm32_dido_f2board_lock4_do1_off) referenced 2 times from l2ledpisces.o(.data)
 <LI><a href="#[2d]">ihu_bsp_stm32_dido_f2board_lock4_do1_on</a> from bsp_dido.o(i.ihu_bsp_stm32_dido_f2board_lock4_do1_on) referenced 2 times from l2ledpisces.o(.data)
 <LI><a href="#[26]">ihu_bsp_stm32_led_f2board_off</a> from bsp_led.o(i.ihu_bsp_stm32_led_f2board_off) referenced 2 times from l2ledpisces.o(.data)
 <LI><a href="#[25]">ihu_bsp_stm32_led_f2board_on</a> from bsp_led.o(i.ihu_bsp_stm32_led_f2board_on) referenced 2 times from l2ledpisces.o(.data)
 <LI><a href="#[ae]">main</a> from main.o(i.main) referenced from entry9a.o(.ARM.Collect$$$$0000000B)
 <LI><a href="#[be]">prvIdleTask</a> from tasks.o(i.prvIdleTask) referenced from tasks.o(i.vTaskStartScheduler)
 <LI><a href="#[bd]">prvTaskExitError</a> from port.o(i.prvTaskExitError) referenced from port.o(i.pxPortInitialiseStack)
 <LI><a href="#[bf]">prvTimerTask</a> from timers.o(i.prvTimerTask) referenced from timers.o(i.xTimerCreateTimerTask)
</UL>
<P>
<H3>
Global Symbols
</H3>
<P><STRONG><a name="[b0]"></a>__main</STRONG> (Thumb, 0 bytes, Stack size unknown bytes, entry.o(.ARM.Collect$$$$00000000))
<BR>[Address Reference Count : 1]<UL><LI> startup_stm32f207xx.o(.text)
</UL>
<P><STRONG><a name="[2c6]"></a>_main_stk</STRONG> (Thumb, 0 bytes, Stack size unknown bytes, entry2.o(.ARM.Collect$$$$00000001))

<P><STRONG><a name="[c3]"></a>_main_scatterload</STRONG> (Thumb, 0 bytes, Stack size unknown bytes, entry5.o(.ARM.Collect$$$$00000004))
<BR><BR>[Calls]<UL><LI><a href="#[c4]">&gt;&gt;</a>&nbsp;&nbsp;&nbsp;__scatterload
</UL>

<P><STRONG><a name="[e6]"></a>__main_after_scatterload</STRONG> (Thumb, 0 bytes, Stack size unknown bytes, entry5.o(.ARM.Collect$$$$00000004))
<BR><BR>[Called By]<UL><LI><a href="#[c4]">&gt;&gt;</a>&nbsp;&nbsp;&nbsp;__scatterload
</UL>

<P><STRONG><a name="[2c7]"></a>_main_clock</STRONG> (Thumb, 0 bytes, Stack size unknown bytes, entry7b.o(.ARM.Collect$$$$00000008))

<P><STRONG><a name="[2c8]"></a>_main_cpp_init</STRONG> (Thumb, 0 bytes, Stack size unknown bytes, entry8b.o(.ARM.Collect$$$$0000000A))

<P><STRONG><a name="[2c9]"></a>_main_init</STRONG> (Thumb, 0 bytes, Stack size unknown bytes, entry9a.o(.ARM.Collect$$$$0000000B))

<P><STRONG><a name="[2ca]"></a>__rt_final_cpp</STRONG> (Thumb, 0 bytes, Stack size unknown bytes, entry10a.o(.ARM.Collect$$$$0000000D))

<P><STRONG><a name="[2cb]"></a>__rt_final_exit</STRONG> (Thumb, 0 bytes, Stack size unknown bytes, entry11a.o(.ARM.Collect$$$$0000000F))

<P><STRONG><a name="[5a]"></a>SVC_Handler</STRONG> (Thumb, 32 bytes, Stack size 0 bytes, port.o(.emb_text))
<BR>[Address Reference Count : 1]<UL><LI> startup_stm32f207xx.o(RESET)
</UL>
<P><STRONG><a name="[2bc]"></a>__asm___6_port_c_39a90d8d__prvStartFirstTask</STRONG> (Thumb, 28 bytes, Stack size 0 bytes, port.o(.emb_text))
<BR><BR>[Called By]<UL><LI><a href="#[2b8]">&gt;&gt;</a>&nbsp;&nbsp;&nbsp;xPortStartScheduler
</UL>

<P><STRONG><a name="[5c]"></a>PendSV_Handler</STRONG> (Thumb, 64 bytes, Stack size 0 bytes, port.o(.emb_text))
<BR><BR>[Stack]<UL><LI>Max Depth = 8<LI>Call Chain = PendSV_Handler &rArr; vTaskSwitchContext
</UL>
<BR>[Calls]<UL><LI><a href="#[c5]">&gt;&gt;</a>&nbsp;&nbsp;&nbsp;vTaskSwitchContext
</UL>
<BR>[Address Reference Count : 1]<UL><LI> startup_stm32f207xx.o(RESET)
</UL>
<P><STRONG><a name="[289]"></a>ulPortSetInterruptMask</STRONG> (Thumb, 14 bytes, Stack size 0 bytes, port.o(.emb_text))
<BR><BR>[Called By]<UL><LI><a href="#[2a4]">&gt;&gt;</a>&nbsp;&nbsp;&nbsp;xTaskRemoveFromEventList
<LI><a href="#[291]">&gt;&gt;</a>&nbsp;&nbsp;&nbsp;xTaskPriorityDisinherit
<LI><a href="#[2c0]">&gt;&gt;</a>&nbsp;&nbsp;&nbsp;xTaskCheckForTimeOut
<LI><a href="#[2b5]">&gt;&gt;</a>&nbsp;&nbsp;&nbsp;vTaskSetTimeOutState
<LI><a href="#[2b1]">&gt;&gt;</a>&nbsp;&nbsp;&nbsp;vTaskPlaceOnEventListRestricted
<LI><a href="#[2b2]">&gt;&gt;</a>&nbsp;&nbsp;&nbsp;vTaskPlaceOnEventList
<LI><a href="#[2af]">&gt;&gt;</a>&nbsp;&nbsp;&nbsp;vPortValidateInterruptPriority
<LI><a href="#[15c]">&gt;&gt;</a>&nbsp;&nbsp;&nbsp;xQueueTakeMutexRecursive
<LI><a href="#[15e]">&gt;&gt;</a>&nbsp;&nbsp;&nbsp;xQueueGiveMutexRecursive
<LI><a href="#[2be]">&gt;&gt;</a>&nbsp;&nbsp;&nbsp;xQueueGenericReset
<LI><a href="#[28c]">&gt;&gt;</a>&nbsp;&nbsp;&nbsp;xTaskResumeAll
<LI><a href="#[26c]">&gt;&gt;</a>&nbsp;&nbsp;&nbsp;xTaskGenericCreate
<LI><a href="#[2c1]">&gt;&gt;</a>&nbsp;&nbsp;&nbsp;xQueueGenericSendFromISR
<LI><a href="#[264]">&gt;&gt;</a>&nbsp;&nbsp;&nbsp;xQueueGenericSend
<LI><a href="#[263]">&gt;&gt;</a>&nbsp;&nbsp;&nbsp;xQueueGenericReceive
<LI><a href="#[261]">&gt;&gt;</a>&nbsp;&nbsp;&nbsp;xQueueGenericCreate
<LI><a href="#[283]">&gt;&gt;</a>&nbsp;&nbsp;&nbsp;vPortFree
<LI><a href="#[288]">&gt;&gt;</a>&nbsp;&nbsp;&nbsp;vPortExitCritical
<LI><a href="#[285]">&gt;&gt;</a>&nbsp;&nbsp;&nbsp;vPortEnterCritical
<LI><a href="#[282]">&gt;&gt;</a>&nbsp;&nbsp;&nbsp;pvPortMalloc
<LI><a href="#[1c5]">&gt;&gt;</a>&nbsp;&nbsp;&nbsp;xTimerGenericCommand
<LI><a href="#[2b6]">&gt;&gt;</a>&nbsp;&nbsp;&nbsp;xTimerCreateTimerTask
<LI><a href="#[1c3]">&gt;&gt;</a>&nbsp;&nbsp;&nbsp;xTimerCreate
<LI><a href="#[2a1]">&gt;&gt;</a>&nbsp;&nbsp;&nbsp;prvSwitchTimerLists
<LI><a href="#[29d]">&gt;&gt;</a>&nbsp;&nbsp;&nbsp;prvProcessReceivedCommands
<LI><a href="#[29c]">&gt;&gt;</a>&nbsp;&nbsp;&nbsp;prvProcessExpiredTimer
<LI><a href="#[284]">&gt;&gt;</a>&nbsp;&nbsp;&nbsp;prvCheckForValidListAndQueue
<LI><a href="#[be]">&gt;&gt;</a>&nbsp;&nbsp;&nbsp;prvIdleTask
<LI><a href="#[27b]">&gt;&gt;</a>&nbsp;&nbsp;&nbsp;vTaskStartScheduler
<LI><a href="#[268]">&gt;&gt;</a>&nbsp;&nbsp;&nbsp;vTaskDelay
<LI><a href="#[2bd]">&gt;&gt;</a>&nbsp;&nbsp;&nbsp;xTaskIncrementTick
<LI><a href="#[2ae]">&gt;&gt;</a>&nbsp;&nbsp;&nbsp;vTaskStepTick
<LI><a href="#[27d]">&gt;&gt;</a>&nbsp;&nbsp;&nbsp;xPortSysTickHandler
<LI><a href="#[c5]">&gt;&gt;</a>&nbsp;&nbsp;&nbsp;vTaskSwitchContext
<LI><a href="#[bd]">&gt;&gt;</a>&nbsp;&nbsp;&nbsp;prvTaskExitError
</UL>

<P><STRONG><a name="[2aa]"></a>vPortClearInterruptMask</STRONG> (Thumb, 6 bytes, Stack size 0 bytes, port.o(.emb_text))
<BR><BR>[Called By]<UL><LI><a href="#[2c1]">&gt;&gt;</a>&nbsp;&nbsp;&nbsp;xQueueGenericSendFromISR
<LI><a href="#[288]">&gt;&gt;</a>&nbsp;&nbsp;&nbsp;vPortExitCritical
<LI><a href="#[27d]">&gt;&gt;</a>&nbsp;&nbsp;&nbsp;xPortSysTickHandler
</UL>

<P><STRONG><a name="[2b0]"></a>vPortGetIPSR</STRONG> (Thumb, 6 bytes, Stack size 0 bytes, port.o(.emb_text))
<BR><BR>[Called By]<UL><LI><a href="#[2af]">&gt;&gt;</a>&nbsp;&nbsp;&nbsp;vPortValidateInterruptPriority
</UL>

<P><STRONG><a name="[54]"></a>Reset_Handler</STRONG> (Thumb, 8 bytes, Stack size 0 bytes, startup_stm32f207xx.o(.text))
<BR>[Address Reference Count : 1]<UL><LI> startup_stm32f207xx.o(RESET)
</UL>
<P><STRONG><a name="[70]"></a>ADC_IRQHandler</STRONG> (Thumb, 0 bytes, Stack size 0 bytes, startup_stm32f207xx.o(.text))
<BR><BR>[Calls]<UL><LI><a href="#[70]">&gt;&gt;</a>&nbsp;&nbsp;&nbsp;ADC_IRQHandler
</UL>
<BR>[Called By]<UL><LI><a href="#[70]">&gt;&gt;</a>&nbsp;&nbsp;&nbsp;ADC_IRQHandler
</UL>
<BR>[Address Reference Count : 1]<UL><LI> startup_stm32f207xx.o(RESET)
</UL>
<P><STRONG><a name="[72]"></a>CAN1_RX0_IRQHandler</STRONG> (Thumb, 0 bytes, Stack size 0 bytes, startup_stm32f207xx.o(.text))
<BR>[Address Reference Count : 1]<UL><LI> startup_stm32f207xx.o(RESET)
</UL>
<P><STRONG><a name="[73]"></a>CAN1_RX1_IRQHandler</STRONG> (Thumb, 0 bytes, Stack size 0 bytes, startup_stm32f207xx.o(.text))
<BR>[Address Reference Count : 1]<UL><LI> startup_stm32f207xx.o(RESET)
</UL>
<P><STRONG><a name="[74]"></a>CAN1_SCE_IRQHandler</STRONG> (Thumb, 0 bytes, Stack size 0 bytes, startup_stm32f207xx.o(.text))
<BR>[Address Reference Count : 1]<UL><LI> startup_stm32f207xx.o(RESET)
</UL>
<P><STRONG><a name="[71]"></a>CAN1_TX_IRQHandler</STRONG> (Thumb, 0 bytes, Stack size 0 bytes, startup_stm32f207xx.o(.text))
<BR>[Address Reference Count : 1]<UL><LI> startup_stm32f207xx.o(RESET)
</UL>
<P><STRONG><a name="[9e]"></a>CAN2_RX0_IRQHandler</STRONG> (Thumb, 0 bytes, Stack size 0 bytes, startup_stm32f207xx.o(.text))
<BR>[Address Reference Count : 1]<UL><LI> startup_stm32f207xx.o(RESET)
</UL>
<P><STRONG><a name="[9f]"></a>CAN2_RX1_IRQHandler</STRONG> (Thumb, 0 bytes, Stack size 0 bytes, startup_stm32f207xx.o(.text))
<BR>[Address Reference Count : 1]<UL><LI> startup_stm32f207xx.o(RESET)
</UL>
<P><STRONG><a name="[a0]"></a>CAN2_SCE_IRQHandler</STRONG> (Thumb, 0 bytes, Stack size 0 bytes, startup_stm32f207xx.o(.text))
<BR>[Address Reference Count : 1]<UL><LI> startup_stm32f207xx.o(RESET)
</UL>
<P><STRONG><a name="[9d]"></a>CAN2_TX_IRQHandler</STRONG> (Thumb, 0 bytes, Stack size 0 bytes, startup_stm32f207xx.o(.text))
<BR>[Address Reference Count : 1]<UL><LI> startup_stm32f207xx.o(RESET)
</UL>
<P><STRONG><a name="[69]"></a>DMA1_Stream0_IRQHandler</STRONG> (Thumb, 0 bytes, Stack size 0 bytes, startup_stm32f207xx.o(.text))
<BR>[Address Reference Count : 1]<UL><LI> startup_stm32f207xx.o(RESET)
</UL>
<P><STRONG><a name="[6a]"></a>DMA1_Stream1_IRQHandler</STRONG> (Thumb, 0 bytes, Stack size 0 bytes, startup_stm32f207xx.o(.text))
<BR>[Address Reference Count : 1]<UL><LI> startup_stm32f207xx.o(RESET)
</UL>
<P><STRONG><a name="[6b]"></a>DMA1_Stream2_IRQHandler</STRONG> (Thumb, 0 bytes, Stack size 0 bytes, startup_stm32f207xx.o(.text))
<BR>[Address Reference Count : 1]<UL><LI> startup_stm32f207xx.o(RESET)
</UL>
<P><STRONG><a name="[6c]"></a>DMA1_Stream3_IRQHandler</STRONG> (Thumb, 0 bytes, Stack size 0 bytes, startup_stm32f207xx.o(.text))
<BR>[Address Reference Count : 1]<UL><LI> startup_stm32f207xx.o(RESET)
</UL>
<P><STRONG><a name="[6d]"></a>DMA1_Stream4_IRQHandler</STRONG> (Thumb, 0 bytes, Stack size 0 bytes, startup_stm32f207xx.o(.text))
<BR>[Address Reference Count : 1]<UL><LI> startup_stm32f207xx.o(RESET)
</UL>
<P><STRONG><a name="[6e]"></a>DMA1_Stream5_IRQHandler</STRONG> (Thumb, 0 bytes, Stack size 0 bytes, startup_stm32f207xx.o(.text))
<BR>[Address Reference Count : 1]<UL><LI> startup_stm32f207xx.o(RESET)
</UL>
<P><STRONG><a name="[6f]"></a>DMA1_Stream6_IRQHandler</STRONG> (Thumb, 0 bytes, Stack size 0 bytes, startup_stm32f207xx.o(.text))
<BR>[Address Reference Count : 1]<UL><LI> startup_stm32f207xx.o(RESET)
</UL>
<P><STRONG><a name="[8d]"></a>DMA1_Stream7_IRQHandler</STRONG> (Thumb, 0 bytes, Stack size 0 bytes, startup_stm32f207xx.o(.text))
<BR>[Address Reference Count : 1]<UL><LI> startup_stm32f207xx.o(RESET)
</UL>
<P><STRONG><a name="[96]"></a>DMA2_Stream0_IRQHandler</STRONG> (Thumb, 0 bytes, Stack size 0 bytes, startup_stm32f207xx.o(.text))
<BR>[Address Reference Count : 1]<UL><LI> startup_stm32f207xx.o(RESET)
</UL>
<P><STRONG><a name="[97]"></a>DMA2_Stream1_IRQHandler</STRONG> (Thumb, 0 bytes, Stack size 0 bytes, startup_stm32f207xx.o(.text))
<BR>[Address Reference Count : 1]<UL><LI> startup_stm32f207xx.o(RESET)
</UL>
<P><STRONG><a name="[98]"></a>DMA2_Stream2_IRQHandler</STRONG> (Thumb, 0 bytes, Stack size 0 bytes, startup_stm32f207xx.o(.text))
<BR>[Address Reference Count : 1]<UL><LI> startup_stm32f207xx.o(RESET)
</UL>
<P><STRONG><a name="[99]"></a>DMA2_Stream3_IRQHandler</STRONG> (Thumb, 0 bytes, Stack size 0 bytes, startup_stm32f207xx.o(.text))
<BR>[Address Reference Count : 1]<UL><LI> startup_stm32f207xx.o(RESET)
</UL>
<P><STRONG><a name="[9a]"></a>DMA2_Stream4_IRQHandler</STRONG> (Thumb, 0 bytes, Stack size 0 bytes, startup_stm32f207xx.o(.text))
<BR>[Address Reference Count : 1]<UL><LI> startup_stm32f207xx.o(RESET)
</UL>
<P><STRONG><a name="[a2]"></a>DMA2_Stream5_IRQHandler</STRONG> (Thumb, 0 bytes, Stack size 0 bytes, startup_stm32f207xx.o(.text))
<BR>[Address Reference Count : 1]<UL><LI> startup_stm32f207xx.o(RESET)
</UL>
<P><STRONG><a name="[a3]"></a>DMA2_Stream6_IRQHandler</STRONG> (Thumb, 0 bytes, Stack size 0 bytes, startup_stm32f207xx.o(.text))
<BR>[Address Reference Count : 1]<UL><LI> startup_stm32f207xx.o(RESET)
</UL>
<P><STRONG><a name="[a4]"></a>DMA2_Stream7_IRQHandler</STRONG> (Thumb, 0 bytes, Stack size 0 bytes, startup_stm32f207xx.o(.text))
<BR>[Address Reference Count : 1]<UL><LI> startup_stm32f207xx.o(RESET)
</UL>
<P><STRONG><a name="[9b]"></a>ETH_IRQHandler</STRONG> (Thumb, 0 bytes, Stack size 0 bytes, startup_stm32f207xx.o(.text))
<BR>[Address Reference Count : 1]<UL><LI> startup_stm32f207xx.o(RESET)
</UL>
<P><STRONG><a name="[9c]"></a>ETH_WKUP_IRQHandler</STRONG> (Thumb, 0 bytes, Stack size 0 bytes, startup_stm32f207xx.o(.text))
<BR>[Address Reference Count : 1]<UL><LI> startup_stm32f207xx.o(RESET)
</UL>
<P><STRONG><a name="[64]"></a>EXTI0_IRQHandler</STRONG> (Thumb, 0 bytes, Stack size 0 bytes, startup_stm32f207xx.o(.text))
<BR>[Address Reference Count : 1]<UL><LI> startup_stm32f207xx.o(RESET)
</UL>
<P><STRONG><a name="[86]"></a>EXTI15_10_IRQHandler</STRONG> (Thumb, 0 bytes, Stack size 0 bytes, startup_stm32f207xx.o(.text))
<BR>[Address Reference Count : 1]<UL><LI> startup_stm32f207xx.o(RESET)
</UL>
<P><STRONG><a name="[65]"></a>EXTI1_IRQHandler</STRONG> (Thumb, 0 bytes, Stack size 0 bytes, startup_stm32f207xx.o(.text))
<BR>[Address Reference Count : 1]<UL><LI> startup_stm32f207xx.o(RESET)
</UL>
<P><STRONG><a name="[66]"></a>EXTI2_IRQHandler</STRONG> (Thumb, 0 bytes, Stack size 0 bytes, startup_stm32f207xx.o(.text))
<BR>[Address Reference Count : 1]<UL><LI> startup_stm32f207xx.o(RESET)
</UL>
<P><STRONG><a name="[67]"></a>EXTI3_IRQHandler</STRONG> (Thumb, 0 bytes, Stack size 0 bytes, startup_stm32f207xx.o(.text))
<BR>[Address Reference Count : 1]<UL><LI> startup_stm32f207xx.o(RESET)
</UL>
<P><STRONG><a name="[68]"></a>EXTI4_IRQHandler</STRONG> (Thumb, 0 bytes, Stack size 0 bytes, startup_stm32f207xx.o(.text))
<BR>[Address Reference Count : 1]<UL><LI> startup_stm32f207xx.o(RESET)
</UL>
<P><STRONG><a name="[62]"></a>FLASH_IRQHandler</STRONG> (Thumb, 0 bytes, Stack size 0 bytes, startup_stm32f207xx.o(.text))
<BR>[Address Reference Count : 1]<UL><LI> startup_stm32f207xx.o(RESET)
</UL>
<P><STRONG><a name="[8e]"></a>FSMC_IRQHandler</STRONG> (Thumb, 0 bytes, Stack size 0 bytes, startup_stm32f207xx.o(.text))
<BR>[Address Reference Count : 1]<UL><LI> startup_stm32f207xx.o(RESET)
</UL>
<P><STRONG><a name="[ad]"></a>HASH_RNG_IRQHandler</STRONG> (Thumb, 0 bytes, Stack size 0 bytes, startup_stm32f207xx.o(.text))
<BR>[Address Reference Count : 1]<UL><LI> startup_stm32f207xx.o(RESET)
</UL>
<P><STRONG><a name="[7e]"></a>I2C1_ER_IRQHandler</STRONG> (Thumb, 0 bytes, Stack size 0 bytes, startup_stm32f207xx.o(.text))
<BR>[Address Reference Count : 1]<UL><LI> startup_stm32f207xx.o(RESET)
</UL>
<P><STRONG><a name="[7d]"></a>I2C1_EV_IRQHandler</STRONG> (Thumb, 0 bytes, Stack size 0 bytes, startup_stm32f207xx.o(.text))
<BR>[Address Reference Count : 1]<UL><LI> startup_stm32f207xx.o(RESET)
</UL>
<P><STRONG><a name="[80]"></a>I2C2_ER_IRQHandler</STRONG> (Thumb, 0 bytes, Stack size 0 bytes, startup_stm32f207xx.o(.text))
<BR>[Address Reference Count : 1]<UL><LI> startup_stm32f207xx.o(RESET)
</UL>
<P><STRONG><a name="[7f]"></a>I2C2_EV_IRQHandler</STRONG> (Thumb, 0 bytes, Stack size 0 bytes, startup_stm32f207xx.o(.text))
<BR>[Address Reference Count : 1]<UL><LI> startup_stm32f207xx.o(RESET)
</UL>
<P><STRONG><a name="[a7]"></a>I2C3_ER_IRQHandler</STRONG> (Thumb, 0 bytes, Stack size 0 bytes, startup_stm32f207xx.o(.text))
<BR>[Address Reference Count : 1]<UL><LI> startup_stm32f207xx.o(RESET)
</UL>
<P><STRONG><a name="[a6]"></a>I2C3_EV_IRQHandler</STRONG> (Thumb, 0 bytes, Stack size 0 bytes, startup_stm32f207xx.o(.text))
<BR>[Address Reference Count : 1]<UL><LI> startup_stm32f207xx.o(RESET)
</UL>
<P><STRONG><a name="[a1]"></a>OTG_FS_IRQHandler</STRONG> (Thumb, 0 bytes, Stack size 0 bytes, startup_stm32f207xx.o(.text))
<BR>[Address Reference Count : 1]<UL><LI> startup_stm32f207xx.o(RESET)
</UL>
<P><STRONG><a name="[88]"></a>OTG_FS_WKUP_IRQHandler</STRONG> (Thumb, 0 bytes, Stack size 0 bytes, startup_stm32f207xx.o(.text))
<BR>[Address Reference Count : 1]<UL><LI> startup_stm32f207xx.o(RESET)
</UL>
<P><STRONG><a name="[a9]"></a>OTG_HS_EP1_IN_IRQHandler</STRONG> (Thumb, 0 bytes, Stack size 0 bytes, startup_stm32f207xx.o(.text))
<BR>[Address Reference Count : 1]<UL><LI> startup_stm32f207xx.o(RESET)
</UL>
<P><STRONG><a name="[a8]"></a>OTG_HS_EP1_OUT_IRQHandler</STRONG> (Thumb, 0 bytes, Stack size 0 bytes, startup_stm32f207xx.o(.text))
<BR>[Address Reference Count : 1]<UL><LI> startup_stm32f207xx.o(RESET)
</UL>
<P><STRONG><a name="[ab]"></a>OTG_HS_IRQHandler</STRONG> (Thumb, 0 bytes, Stack size 0 bytes, startup_stm32f207xx.o(.text))
<BR>[Address Reference Count : 1]<UL><LI> startup_stm32f207xx.o(RESET)
</UL>
<P><STRONG><a name="[aa]"></a>OTG_HS_WKUP_IRQHandler</STRONG> (Thumb, 0 bytes, Stack size 0 bytes, startup_stm32f207xx.o(.text))
<BR>[Address Reference Count : 1]<UL><LI> startup_stm32f207xx.o(RESET)
</UL>
<P><STRONG><a name="[5f]"></a>PVD_IRQHandler</STRONG> (Thumb, 0 bytes, Stack size 0 bytes, startup_stm32f207xx.o(.text))
<BR>[Address Reference Count : 1]<UL><LI> startup_stm32f207xx.o(RESET)
</UL>
<P><STRONG><a name="[63]"></a>RCC_IRQHandler</STRONG> (Thumb, 0 bytes, Stack size 0 bytes, startup_stm32f207xx.o(.text))
<BR>[Address Reference Count : 1]<UL><LI> startup_stm32f207xx.o(RESET)
</UL>
<P><STRONG><a name="[87]"></a>RTC_Alarm_IRQHandler</STRONG> (Thumb, 0 bytes, Stack size 0 bytes, startup_stm32f207xx.o(.text))
<BR>[Address Reference Count : 1]<UL><LI> startup_stm32f207xx.o(RESET)
</UL>
<P><STRONG><a name="[61]"></a>RTC_WKUP_IRQHandler</STRONG> (Thumb, 0 bytes, Stack size 0 bytes, startup_stm32f207xx.o(.text))
<BR>[Address Reference Count : 1]<UL><LI> startup_stm32f207xx.o(RESET)
</UL>
<P><STRONG><a name="[8f]"></a>SDIO_IRQHandler</STRONG> (Thumb, 0 bytes, Stack size 0 bytes, startup_stm32f207xx.o(.text))
<BR>[Address Reference Count : 1]<UL><LI> startup_stm32f207xx.o(RESET)
</UL>
<P><STRONG><a name="[81]"></a>SPI1_IRQHandler</STRONG> (Thumb, 0 bytes, Stack size 0 bytes, startup_stm32f207xx.o(.text))
<BR>[Address Reference Count : 1]<UL><LI> startup_stm32f207xx.o(RESET)
</UL>
<P><STRONG><a name="[82]"></a>SPI2_IRQHandler</STRONG> (Thumb, 0 bytes, Stack size 0 bytes, startup_stm32f207xx.o(.text))
<BR>[Address Reference Count : 1]<UL><LI> startup_stm32f207xx.o(RESET)
</UL>
<P><STRONG><a name="[91]"></a>SPI3_IRQHandler</STRONG> (Thumb, 0 bytes, Stack size 0 bytes, startup_stm32f207xx.o(.text))
<BR>[Address Reference Count : 1]<UL><LI> startup_stm32f207xx.o(RESET)
</UL>
<P><STRONG><a name="[60]"></a>TAMP_STAMP_IRQHandler</STRONG> (Thumb, 0 bytes, Stack size 0 bytes, startup_stm32f207xx.o(.text))
<BR>[Address Reference Count : 1]<UL><LI> startup_stm32f207xx.o(RESET)
</UL>
<P><STRONG><a name="[76]"></a>TIM1_BRK_TIM9_IRQHandler</STRONG> (Thumb, 0 bytes, Stack size 0 bytes, startup_stm32f207xx.o(.text))
<BR>[Address Reference Count : 1]<UL><LI> startup_stm32f207xx.o(RESET)
</UL>
<P><STRONG><a name="[79]"></a>TIM1_CC_IRQHandler</STRONG> (Thumb, 0 bytes, Stack size 0 bytes, startup_stm32f207xx.o(.text))
<BR>[Address Reference Count : 1]<UL><LI> startup_stm32f207xx.o(RESET)
</UL>
<P><STRONG><a name="[78]"></a>TIM1_TRG_COM_TIM11_IRQHandler</STRONG> (Thumb, 0 bytes, Stack size 0 bytes, startup_stm32f207xx.o(.text))
<BR>[Address Reference Count : 1]<UL><LI> startup_stm32f207xx.o(RESET)
</UL>
<P><STRONG><a name="[7a]"></a>TIM2_IRQHandler</STRONG> (Thumb, 0 bytes, Stack size 0 bytes, startup_stm32f207xx.o(.text))
<BR>[Address Reference Count : 1]<UL><LI> startup_stm32f207xx.o(RESET)
</UL>
<P><STRONG><a name="[7b]"></a>TIM3_IRQHandler</STRONG> (Thumb, 0 bytes, Stack size 0 bytes, startup_stm32f207xx.o(.text))
<BR>[Address Reference Count : 1]<UL><LI> startup_stm32f207xx.o(RESET)
</UL>
<P><STRONG><a name="[7c]"></a>TIM4_IRQHandler</STRONG> (Thumb, 0 bytes, Stack size 0 bytes, startup_stm32f207xx.o(.text))
<BR>[Address Reference Count : 1]<UL><LI> startup_stm32f207xx.o(RESET)
</UL>
<P><STRONG><a name="[90]"></a>TIM5_IRQHandler</STRONG> (Thumb, 0 bytes, Stack size 0 bytes, startup_stm32f207xx.o(.text))
<BR>[Address Reference Count : 1]<UL><LI> startup_stm32f207xx.o(RESET)
</UL>
<P><STRONG><a name="[94]"></a>TIM6_DAC_IRQHandler</STRONG> (Thumb, 0 bytes, Stack size 0 bytes, startup_stm32f207xx.o(.text))
<BR>[Address Reference Count : 1]<UL><LI> startup_stm32f207xx.o(RESET)
</UL>
<P><STRONG><a name="[95]"></a>TIM7_IRQHandler</STRONG> (Thumb, 0 bytes, Stack size 0 bytes, startup_stm32f207xx.o(.text))
<BR>[Address Reference Count : 1]<UL><LI> startup_stm32f207xx.o(RESET)
</UL>
<P><STRONG><a name="[89]"></a>TIM8_BRK_TIM12_IRQHandler</STRONG> (Thumb, 0 bytes, Stack size 0 bytes, startup_stm32f207xx.o(.text))
<BR>[Address Reference Count : 1]<UL><LI> startup_stm32f207xx.o(RESET)
</UL>
<P><STRONG><a name="[8c]"></a>TIM8_CC_IRQHandler</STRONG> (Thumb, 0 bytes, Stack size 0 bytes, startup_stm32f207xx.o(.text))
<BR>[Address Reference Count : 1]<UL><LI> startup_stm32f207xx.o(RESET)
</UL>
<P><STRONG><a name="[8b]"></a>TIM8_TRG_COM_TIM14_IRQHandler</STRONG> (Thumb, 0 bytes, Stack size 0 bytes, startup_stm32f207xx.o(.text))
<BR>[Address Reference Count : 1]<UL><LI> startup_stm32f207xx.o(RESET)
</UL>
<P><STRONG><a name="[8a]"></a>TIM8_UP_TIM13_IRQHandler</STRONG> (Thumb, 0 bytes, Stack size 0 bytes, startup_stm32f207xx.o(.text))
<BR>[Address Reference Count : 1]<UL><LI> startup_stm32f207xx.o(RESET)
</UL>
<P><STRONG><a name="[93]"></a>UART5_IRQHandler</STRONG> (Thumb, 0 bytes, Stack size 0 bytes, startup_stm32f207xx.o(.text))
<BR>[Address Reference Count : 1]<UL><LI> startup_stm32f207xx.o(RESET)
</UL>
<P><STRONG><a name="[a5]"></a>USART6_IRQHandler</STRONG> (Thumb, 0 bytes, Stack size 0 bytes, startup_stm32f207xx.o(.text))
<BR>[Address Reference Count : 1]<UL><LI> startup_stm32f207xx.o(RESET)
</UL>
<P><STRONG><a name="[5e]"></a>WWDG_IRQHandler</STRONG> (Thumb, 0 bytes, Stack size 0 bytes, startup_stm32f207xx.o(.text))
<BR>[Address Reference Count : 1]<UL><LI> startup_stm32f207xx.o(RESET)
</UL>
<P><STRONG><a name="[198]"></a>rand</STRONG> (Thumb, 20 bytes, Stack size 0 bytes, rand.o(.text))
<BR><BR>[Called By]<UL><LI><a href="#[1bc]">&gt;&gt;</a>&nbsp;&nbsp;&nbsp;ihu_vmmw_blemod_hc05_uart_fetch_mac_addr_in_AT_cmd_mode
<LI><a href="#[1]">&gt;&gt;</a>&nbsp;&nbsp;&nbsp;fsm_timer_init
<LI><a href="#[1a0]">&gt;&gt;</a>&nbsp;&nbsp;&nbsp;func_didocap_time_out_sleep_mode_external_trigger_period_scan
<LI><a href="#[213]">&gt;&gt;</a>&nbsp;&nbsp;&nbsp;func_didocap_ccl_work_mode_ul_scan_enable_lock_trigger
<LI><a href="#[20e]">&gt;&gt;</a>&nbsp;&nbsp;&nbsp;func_didocap_ccl_work_mode_ul_scan_door_and_lock_status_change
<LI><a href="#[209]">&gt;&gt;</a>&nbsp;&nbsp;&nbsp;func_didocap_ccl_work_mode_ul_scan_any_door_open
<LI><a href="#[207]">&gt;&gt;</a>&nbsp;&nbsp;&nbsp;func_didocap_ccl_sleep_mode_ul_scan_shake_trigger
<LI><a href="#[202]">&gt;&gt;</a>&nbsp;&nbsp;&nbsp;func_didocap_ccl_sleep_mode_ul_scan_lock_trigger
<LI><a href="#[17]">&gt;&gt;</a>&nbsp;&nbsp;&nbsp;fsm_didocap_ccl_sensor_status_req
<LI><a href="#[1b6]">&gt;&gt;</a>&nbsp;&nbsp;&nbsp;ihu_didocap_ccl_sleep_and_fault_mode_ul_scan_illegal_rsv2_value
<LI><a href="#[1b5]">&gt;&gt;</a>&nbsp;&nbsp;&nbsp;ihu_didocap_ccl_sleep_and_fault_mode_ul_scan_illegal_rsv1_value
<LI><a href="#[1b8]">&gt;&gt;</a>&nbsp;&nbsp;&nbsp;ihu_didocap_ccl_sleep_and_fault_mode_ul_scan_illegal_dcmi_value
<LI><a href="#[1ba]">&gt;&gt;</a>&nbsp;&nbsp;&nbsp;ihu_vmmw_gprsmod_http_data_transmit_with_receive
<LI><a href="#[40]">&gt;&gt;</a>&nbsp;&nbsp;&nbsp;fsm_dcmiaris_ccl_sensor_status_req
<LI><a href="#[36]">&gt;&gt;</a>&nbsp;&nbsp;&nbsp;fsm_spsvirgo_ccl_sensor_status_req
</UL>

<P><STRONG><a name="[272]"></a>srand</STRONG> (Thumb, 6 bytes, Stack size 0 bytes, rand.o(.text))
<BR><BR>[Called By]<UL><LI><a href="#[1bc]">&gt;&gt;</a>&nbsp;&nbsp;&nbsp;ihu_vmmw_blemod_hc05_uart_fetch_mac_addr_in_AT_cmd_mode
</UL>

<P><STRONG><a name="[18c]"></a>__aeabi_memcpy</STRONG> (Thumb, 36 bytes, Stack size 0 bytes, memcpya.o(.text))
<BR><BR>[Called By]<UL><LI><a href="#[290]">&gt;&gt;</a>&nbsp;&nbsp;&nbsp;prvCopyDataToQueue
<LI><a href="#[28f]">&gt;&gt;</a>&nbsp;&nbsp;&nbsp;prvCopyDataFromQueue
<LI><a href="#[18a]">&gt;&gt;</a>&nbsp;&nbsp;&nbsp;ihu_message_send
<LI><a href="#[25c]">&gt;&gt;</a>&nbsp;&nbsp;&nbsp;ihu_bsp_stm32_f2board_equid_get
<LI><a href="#[9]">&gt;&gt;</a>&nbsp;&nbsp;&nbsp;fsm_vmfo_time_out
<LI><a href="#[a]">&gt;&gt;</a>&nbsp;&nbsp;&nbsp;fsm_vmfo_init_fb
<LI><a href="#[b]">&gt;&gt;</a>&nbsp;&nbsp;&nbsp;fsm_vmfo_heart_beat
<LI><a href="#[1a0]">&gt;&gt;</a>&nbsp;&nbsp;&nbsp;func_didocap_time_out_sleep_mode_external_trigger_period_scan
<LI><a href="#[16]">&gt;&gt;</a>&nbsp;&nbsp;&nbsp;fsm_didocap_time_out
<LI><a href="#[17]">&gt;&gt;</a>&nbsp;&nbsp;&nbsp;fsm_didocap_ccl_sensor_status_req
<LI><a href="#[18]">&gt;&gt;</a>&nbsp;&nbsp;&nbsp;fsm_didocap_ccl_ctrl_cmd
<LI><a href="#[11]">&gt;&gt;</a>&nbsp;&nbsp;&nbsp;fsm_adclibra_time_out
<LI><a href="#[1bd]">&gt;&gt;</a>&nbsp;&nbsp;&nbsp;ihu_vmmw_rfidmod_mf522_spi_read_id
<LI><a href="#[1bf]">&gt;&gt;</a>&nbsp;&nbsp;&nbsp;ihu_vmmw_gprsmod_tcp_text_data_transmit_with_receive
<LI><a href="#[1ba]">&gt;&gt;</a>&nbsp;&nbsp;&nbsp;ihu_vmmw_gprsmod_http_data_transmit_with_receive
<LI><a href="#[46]">&gt;&gt;</a>&nbsp;&nbsp;&nbsp;fsm_ccl_time_out
<LI><a href="#[48]">&gt;&gt;</a>&nbsp;&nbsp;&nbsp;fsm_ccl_sps_sensor_status_resp
<LI><a href="#[52]">&gt;&gt;</a>&nbsp;&nbsp;&nbsp;fsm_ccl_sps_fault_report_cfm
<LI><a href="#[4b]">&gt;&gt;</a>&nbsp;&nbsp;&nbsp;fsm_ccl_sps_event_report_cfm
<LI><a href="#[4c]">&gt;&gt;</a>&nbsp;&nbsp;&nbsp;fsm_ccl_sps_cloud_fb
<LI><a href="#[4f]">&gt;&gt;</a>&nbsp;&nbsp;&nbsp;fsm_ccl_sps_close_door_report_cfm
<LI><a href="#[50]">&gt;&gt;</a>&nbsp;&nbsp;&nbsp;fsm_ccl_lock_and_door_close_event
<LI><a href="#[49]">&gt;&gt;</a>&nbsp;&nbsp;&nbsp;fsm_ccl_i2c_sensor_status_resp
<LI><a href="#[53]">&gt;&gt;</a>&nbsp;&nbsp;&nbsp;fsm_ccl_event_lock_trigger_to_work
<LI><a href="#[51]">&gt;&gt;</a>&nbsp;&nbsp;&nbsp;fsm_ccl_event_fault_trigger_to_stop
<LI><a href="#[47]">&gt;&gt;</a>&nbsp;&nbsp;&nbsp;fsm_ccl_dido_sensor_status_resp
<LI><a href="#[4e]">&gt;&gt;</a>&nbsp;&nbsp;&nbsp;fsm_ccl_dido_event_status_update
<LI><a href="#[4d]">&gt;&gt;</a>&nbsp;&nbsp;&nbsp;fsm_ccl_dido_door_open_event
<LI><a href="#[4a]">&gt;&gt;</a>&nbsp;&nbsp;&nbsp;fsm_ccl_dcmi_sensor_status_resp
<LI><a href="#[3f]">&gt;&gt;</a>&nbsp;&nbsp;&nbsp;fsm_dcmiaris_time_out
<LI><a href="#[40]">&gt;&gt;</a>&nbsp;&nbsp;&nbsp;fsm_dcmiaris_ccl_sensor_status_req
<LI><a href="#[41]">&gt;&gt;</a>&nbsp;&nbsp;&nbsp;fsm_dcmiaris_ccl_ctrl_cmd
<LI><a href="#[33]">&gt;&gt;</a>&nbsp;&nbsp;&nbsp;fsm_spsvirgo_time_out
<LI><a href="#[34]">&gt;&gt;</a>&nbsp;&nbsp;&nbsp;fsm_spsvirgo_l2frame_rcv
<LI><a href="#[36]">&gt;&gt;</a>&nbsp;&nbsp;&nbsp;fsm_spsvirgo_ccl_sensor_status_req
<LI><a href="#[35]">&gt;&gt;</a>&nbsp;&nbsp;&nbsp;fsm_spsvirgo_ccl_open_auth_inq
<LI><a href="#[39]">&gt;&gt;</a>&nbsp;&nbsp;&nbsp;fsm_spsvirgo_ccl_fault_report_send
<LI><a href="#[37]">&gt;&gt;</a>&nbsp;&nbsp;&nbsp;fsm_spsvirgo_ccl_event_report_send
<LI><a href="#[38]">&gt;&gt;</a>&nbsp;&nbsp;&nbsp;fsm_spsvirgo_ccl_ctrl_cmd
<LI><a href="#[3a]">&gt;&gt;</a>&nbsp;&nbsp;&nbsp;fsm_spsvirgo_ccl_close_door_report_send
<LI><a href="#[24]">&gt;&gt;</a>&nbsp;&nbsp;&nbsp;fsm_ledpisces_time_out
<LI><a href="#[1d]">&gt;&gt;</a>&nbsp;&nbsp;&nbsp;fsm_i2caries_time_out
<LI><a href="#[1e]">&gt;&gt;</a>&nbsp;&nbsp;&nbsp;fsm_i2caries_ccl_sensor_status_req
<LI><a href="#[1f]">&gt;&gt;</a>&nbsp;&nbsp;&nbsp;fsm_i2caries_ccl_ctrl_cmd
</UL>

<P><STRONG><a name="[165]"></a>__aeabi_memcpy4</STRONG> (Thumb, 0 bytes, Stack size 0 bytes, memcpya.o(.text))
<BR><BR>[Called By]<UL><LI><a href="#[163]">&gt;&gt;</a>&nbsp;&nbsp;&nbsp;MX_FREERTOS_Init
<LI><a href="#[1ba]">&gt;&gt;</a>&nbsp;&nbsp;&nbsp;ihu_vmmw_gprsmod_http_data_transmit_with_receive
<LI><a href="#[35]">&gt;&gt;</a>&nbsp;&nbsp;&nbsp;fsm_spsvirgo_ccl_open_auth_inq
<LI><a href="#[39]">&gt;&gt;</a>&nbsp;&nbsp;&nbsp;fsm_spsvirgo_ccl_fault_report_send
<LI><a href="#[37]">&gt;&gt;</a>&nbsp;&nbsp;&nbsp;fsm_spsvirgo_ccl_event_report_send
<LI><a href="#[3a]">&gt;&gt;</a>&nbsp;&nbsp;&nbsp;fsm_spsvirgo_ccl_close_door_report_send
</UL>

<P><STRONG><a name="[2cc]"></a>__aeabi_memcpy8</STRONG> (Thumb, 0 bytes, Stack size 0 bytes, memcpya.o(.text), UNUSED)

<P><STRONG><a name="[c7]"></a>__aeabi_memset</STRONG> (Thumb, 14 bytes, Stack size 0 bytes, memseta.o(.text))
<BR><BR>[Called By]<UL><LI><a href="#[281]">&gt;&gt;</a>&nbsp;&nbsp;&nbsp;prvAllocateTCBAndStack
<LI><a href="#[c8]">&gt;&gt;</a>&nbsp;&nbsp;&nbsp;_memset$wrapper
<LI><a href="#[c6]">&gt;&gt;</a>&nbsp;&nbsp;&nbsp;__aeabi_memclr
</UL>

<P><STRONG><a name="[2cd]"></a>__aeabi_memset4</STRONG> (Thumb, 0 bytes, Stack size 0 bytes, memseta.o(.text), UNUSED)

<P><STRONG><a name="[2ce]"></a>__aeabi_memset8</STRONG> (Thumb, 0 bytes, Stack size 0 bytes, memseta.o(.text), UNUSED)

<P><STRONG><a name="[c6]"></a>__aeabi_memclr</STRONG> (Thumb, 4 bytes, Stack size 0 bytes, memseta.o(.text))
<BR><BR>[Calls]<UL><LI><a href="#[c7]">&gt;&gt;</a>&nbsp;&nbsp;&nbsp;__aeabi_memset
</UL>
<BR>[Called By]<UL><LI><a href="#[f0]">&gt;&gt;</a>&nbsp;&nbsp;&nbsp;IhuErrorPrintFo
<LI><a href="#[ee]">&gt;&gt;</a>&nbsp;&nbsp;&nbsp;IhuDebugPrintId
<LI><a href="#[ef]">&gt;&gt;</a>&nbsp;&nbsp;&nbsp;IhuDebugPrintFo
<LI><a href="#[6]">&gt;&gt;</a>&nbsp;&nbsp;&nbsp;fsm_vmfo_init
<LI><a href="#[13]">&gt;&gt;</a>&nbsp;&nbsp;&nbsp;fsm_didocap_init
<LI><a href="#[d]">&gt;&gt;</a>&nbsp;&nbsp;&nbsp;fsm_adclibra_init
<LI><a href="#[1b9]">&gt;&gt;</a>&nbsp;&nbsp;&nbsp;func_cloud_standard_xml_pack
<LI><a href="#[195]">&gt;&gt;</a>&nbsp;&nbsp;&nbsp;func_ccl_time_out_event_report_period_scan
<LI><a href="#[43]">&gt;&gt;</a>&nbsp;&nbsp;&nbsp;fsm_ccl_init
<LI><a href="#[3c]">&gt;&gt;</a>&nbsp;&nbsp;&nbsp;fsm_dcmiaris_init
<LI><a href="#[34]">&gt;&gt;</a>&nbsp;&nbsp;&nbsp;fsm_spsvirgo_l2frame_rcv
<LI><a href="#[30]">&gt;&gt;</a>&nbsp;&nbsp;&nbsp;fsm_spsvirgo_init
<LI><a href="#[35]">&gt;&gt;</a>&nbsp;&nbsp;&nbsp;fsm_spsvirgo_ccl_open_auth_inq
<LI><a href="#[39]">&gt;&gt;</a>&nbsp;&nbsp;&nbsp;fsm_spsvirgo_ccl_fault_report_send
<LI><a href="#[37]">&gt;&gt;</a>&nbsp;&nbsp;&nbsp;fsm_spsvirgo_ccl_event_report_send
<LI><a href="#[3a]">&gt;&gt;</a>&nbsp;&nbsp;&nbsp;fsm_spsvirgo_ccl_close_door_report_send
<LI><a href="#[1a]">&gt;&gt;</a>&nbsp;&nbsp;&nbsp;fsm_i2caries_init
</UL>

<P><STRONG><a name="[f6]"></a>__aeabi_memclr4</STRONG> (Thumb, 0 bytes, Stack size 0 bytes, memseta.o(.text))
<BR><BR>[Called By]<UL><LI><a href="#[18a]">&gt;&gt;</a>&nbsp;&nbsp;&nbsp;ihu_message_send
<LI><a href="#[1bc]">&gt;&gt;</a>&nbsp;&nbsp;&nbsp;ihu_vmmw_blemod_hc05_uart_fetch_mac_addr_in_AT_cmd_mode
<LI><a href="#[26f]">&gt;&gt;</a>&nbsp;&nbsp;&nbsp;ihu_vm_system_ctr_table_init
<LI><a href="#[267]">&gt;&gt;</a>&nbsp;&nbsp;&nbsp;ihu_timerid_to_string
<LI><a href="#[266]">&gt;&gt;</a>&nbsp;&nbsp;&nbsp;ihu_msgid_to_string
<LI><a href="#[bc]">&gt;&gt;</a>&nbsp;&nbsp;&nbsp;FsmProcessingLaunch
<LI><a href="#[1]">&gt;&gt;</a>&nbsp;&nbsp;&nbsp;fsm_timer_init
<LI><a href="#[1a0]">&gt;&gt;</a>&nbsp;&nbsp;&nbsp;func_didocap_time_out_sleep_mode_external_trigger_period_scan
<LI><a href="#[17]">&gt;&gt;</a>&nbsp;&nbsp;&nbsp;fsm_didocap_ccl_sensor_status_req
<LI><a href="#[1bb]">&gt;&gt;</a>&nbsp;&nbsp;&nbsp;func_cloud_standard_xml_unpack
<LI><a href="#[1b9]">&gt;&gt;</a>&nbsp;&nbsp;&nbsp;func_cloud_standard_xml_pack
<LI><a href="#[1bf]">&gt;&gt;</a>&nbsp;&nbsp;&nbsp;ihu_vmmw_gprsmod_tcp_text_data_transmit_with_receive
<LI><a href="#[1ba]">&gt;&gt;</a>&nbsp;&nbsp;&nbsp;ihu_vmmw_gprsmod_http_data_transmit_with_receive
<LI><a href="#[196]">&gt;&gt;</a>&nbsp;&nbsp;&nbsp;func_ccl_time_out_lock_work_active
<LI><a href="#[48]">&gt;&gt;</a>&nbsp;&nbsp;&nbsp;fsm_ccl_sps_sensor_status_resp
<LI><a href="#[49]">&gt;&gt;</a>&nbsp;&nbsp;&nbsp;fsm_ccl_i2c_sensor_status_resp
<LI><a href="#[53]">&gt;&gt;</a>&nbsp;&nbsp;&nbsp;fsm_ccl_event_lock_trigger_to_work
<LI><a href="#[51]">&gt;&gt;</a>&nbsp;&nbsp;&nbsp;fsm_ccl_event_fault_trigger_to_stop
<LI><a href="#[47]">&gt;&gt;</a>&nbsp;&nbsp;&nbsp;fsm_ccl_dido_sensor_status_resp
<LI><a href="#[4a]">&gt;&gt;</a>&nbsp;&nbsp;&nbsp;fsm_ccl_dcmi_sensor_status_resp
<LI><a href="#[40]">&gt;&gt;</a>&nbsp;&nbsp;&nbsp;fsm_dcmiaris_ccl_sensor_status_req
<LI><a href="#[34]">&gt;&gt;</a>&nbsp;&nbsp;&nbsp;fsm_spsvirgo_l2frame_rcv
<LI><a href="#[36]">&gt;&gt;</a>&nbsp;&nbsp;&nbsp;fsm_spsvirgo_ccl_sensor_status_req
<LI><a href="#[35]">&gt;&gt;</a>&nbsp;&nbsp;&nbsp;fsm_spsvirgo_ccl_open_auth_inq
<LI><a href="#[39]">&gt;&gt;</a>&nbsp;&nbsp;&nbsp;fsm_spsvirgo_ccl_fault_report_send
<LI><a href="#[37]">&gt;&gt;</a>&nbsp;&nbsp;&nbsp;fsm_spsvirgo_ccl_event_report_send
<LI><a href="#[3a]">&gt;&gt;</a>&nbsp;&nbsp;&nbsp;fsm_spsvirgo_ccl_close_door_report_send
<LI><a href="#[1e]">&gt;&gt;</a>&nbsp;&nbsp;&nbsp;fsm_i2caries_ccl_sensor_status_req
</UL>

<P><STRONG><a name="[2cf]"></a>__aeabi_memclr8</STRONG> (Thumb, 0 bytes, Stack size 0 bytes, memseta.o(.text), UNUSED)

<P><STRONG><a name="[c8]"></a>_memset$wrapper</STRONG> (Thumb, 18 bytes, Stack size 8 bytes, memseta.o(.text), UNUSED)
<BR><BR>[Calls]<UL><LI><a href="#[c7]">&gt;&gt;</a>&nbsp;&nbsp;&nbsp;__aeabi_memset
</UL>

<P><STRONG><a name="[160]"></a>strcat</STRONG> (Thumb, 24 bytes, Stack size 0 bytes, strcat.o(.text))
<BR><BR>[Called By]<UL><LI><a href="#[ee]">&gt;&gt;</a>&nbsp;&nbsp;&nbsp;IhuDebugPrintId
<LI><a href="#[267]">&gt;&gt;</a>&nbsp;&nbsp;&nbsp;ihu_timerid_to_string
<LI><a href="#[265]">&gt;&gt;</a>&nbsp;&nbsp;&nbsp;ihu_taskid_to_string
<LI><a href="#[266]">&gt;&gt;</a>&nbsp;&nbsp;&nbsp;ihu_msgid_to_string
<LI><a href="#[1b9]">&gt;&gt;</a>&nbsp;&nbsp;&nbsp;func_cloud_standard_xml_pack
<LI><a href="#[1bf]">&gt;&gt;</a>&nbsp;&nbsp;&nbsp;ihu_vmmw_gprsmod_tcp_text_data_transmit_with_receive
<LI><a href="#[1ba]">&gt;&gt;</a>&nbsp;&nbsp;&nbsp;ihu_vmmw_gprsmod_http_data_transmit_with_receive
</UL>

<P><STRONG><a name="[1ce]"></a>strstr</STRONG> (Thumb, 36 bytes, Stack size 12 bytes, strstr.o(.text))
<BR><BR>[Stack]<UL><LI>Max Depth = 12<LI>Call Chain = strstr
</UL>
<BR>[Called By]<UL><LI><a href="#[1bc]">&gt;&gt;</a>&nbsp;&nbsp;&nbsp;ihu_vmmw_blemod_hc05_uart_fetch_mac_addr_in_AT_cmd_mode
<LI><a href="#[1ca]">&gt;&gt;</a>&nbsp;&nbsp;&nbsp;func_blemod_uart_send_AT_command
<LI><a href="#[1bb]">&gt;&gt;</a>&nbsp;&nbsp;&nbsp;func_cloud_standard_xml_unpack
<LI><a href="#[1bf]">&gt;&gt;</a>&nbsp;&nbsp;&nbsp;ihu_vmmw_gprsmod_tcp_text_data_transmit_with_receive
<LI><a href="#[1ba]">&gt;&gt;</a>&nbsp;&nbsp;&nbsp;ihu_vmmw_gprsmod_http_data_transmit_with_receive
<LI><a href="#[25f]">&gt;&gt;</a>&nbsp;&nbsp;&nbsp;ihu_vmmw_gprsmod_get_rssi_value
<LI><a href="#[21e]">&gt;&gt;</a>&nbsp;&nbsp;&nbsp;func_gprsmod_wait_AT_command_fb
<LI><a href="#[21d]">&gt;&gt;</a>&nbsp;&nbsp;&nbsp;func_gprsmod_setup_gprs_session_connection
<LI><a href="#[216]">&gt;&gt;</a>&nbsp;&nbsp;&nbsp;func_gprsmod_send_AT_command
<LI><a href="#[219]">&gt;&gt;</a>&nbsp;&nbsp;&nbsp;func_gprsmod_module_info_retrieve
<LI><a href="#[217]">&gt;&gt;</a>&nbsp;&nbsp;&nbsp;func_gprsmod_gsm_info_retrieve
</UL>

<P><STRONG><a name="[1ff]"></a>strncpy</STRONG> (Thumb, 24 bytes, Stack size 8 bytes, strncpy.o(.text))
<BR><BR>[Stack]<UL><LI>Max Depth = 8<LI>Call Chain = strncpy
</UL>
<BR>[Called By]<UL><LI><a href="#[1bc]">&gt;&gt;</a>&nbsp;&nbsp;&nbsp;ihu_vmmw_blemod_hc05_uart_fetch_mac_addr_in_AT_cmd_mode
<LI><a href="#[26f]">&gt;&gt;</a>&nbsp;&nbsp;&nbsp;ihu_vm_system_ctr_table_init
<LI><a href="#[267]">&gt;&gt;</a>&nbsp;&nbsp;&nbsp;ihu_timerid_to_string
<LI><a href="#[265]">&gt;&gt;</a>&nbsp;&nbsp;&nbsp;ihu_taskid_to_string
<LI><a href="#[266]">&gt;&gt;</a>&nbsp;&nbsp;&nbsp;ihu_msgid_to_string
<LI><a href="#[1bb]">&gt;&gt;</a>&nbsp;&nbsp;&nbsp;func_cloud_standard_xml_unpack
<LI><a href="#[25f]">&gt;&gt;</a>&nbsp;&nbsp;&nbsp;ihu_vmmw_gprsmod_get_rssi_value
<LI><a href="#[219]">&gt;&gt;</a>&nbsp;&nbsp;&nbsp;func_gprsmod_module_info_retrieve
<LI><a href="#[217]">&gt;&gt;</a>&nbsp;&nbsp;&nbsp;func_gprsmod_gsm_info_retrieve
</UL>

<P><STRONG><a name="[15a]"></a>strlen</STRONG> (Thumb, 14 bytes, Stack size 0 bytes, strlen.o(.text))
<BR><BR>[Called By]<UL><LI><a href="#[15d]">&gt;&gt;</a>&nbsp;&nbsp;&nbsp;ihu_bsp_stm32_sps_print_send_data
<LI><a href="#[f0]">&gt;&gt;</a>&nbsp;&nbsp;&nbsp;IhuErrorPrintFo
<LI><a href="#[ef]">&gt;&gt;</a>&nbsp;&nbsp;&nbsp;IhuDebugPrintFo
<LI><a href="#[1ca]">&gt;&gt;</a>&nbsp;&nbsp;&nbsp;func_blemod_uart_send_AT_command
<LI><a href="#[267]">&gt;&gt;</a>&nbsp;&nbsp;&nbsp;ihu_timerid_to_string
<LI><a href="#[265]">&gt;&gt;</a>&nbsp;&nbsp;&nbsp;ihu_taskid_to_string
<LI><a href="#[266]">&gt;&gt;</a>&nbsp;&nbsp;&nbsp;ihu_msgid_to_string
<LI><a href="#[1b9]">&gt;&gt;</a>&nbsp;&nbsp;&nbsp;func_cloud_standard_xml_pack
<LI><a href="#[216]">&gt;&gt;</a>&nbsp;&nbsp;&nbsp;func_gprsmod_send_AT_command
</UL>

<P><STRONG><a name="[200]"></a>strcmp</STRONG> (Thumb, 28 bytes, Stack size 8 bytes, strcmp.o(.text))
<BR><BR>[Stack]<UL><LI>Max Depth = 8<LI>Call Chain = strcmp
</UL>
<BR>[Called By]<UL><LI><a href="#[1bb]">&gt;&gt;</a>&nbsp;&nbsp;&nbsp;func_cloud_standard_xml_unpack
</UL>

<P><STRONG><a name="[278]"></a>memcmp</STRONG> (Thumb, 26 bytes, Stack size 12 bytes, memcmp.o(.text))
<BR><BR>[Stack]<UL><LI>Max Depth = 12<LI>Call Chain = memcmp
</UL>
<BR>[Called By]<UL><LI><a href="#[1bd]">&gt;&gt;</a>&nbsp;&nbsp;&nbsp;ihu_vmmw_rfidmod_mf522_spi_read_id
</UL>

<P><STRONG><a name="[15b]"></a>strncat</STRONG> (Thumb, 40 bytes, Stack size 8 bytes, strncat.o(.text))
<BR><BR>[Stack]<UL><LI>Max Depth = 8<LI>Call Chain = strncat
</UL>
<BR>[Called By]<UL><LI><a href="#[f0]">&gt;&gt;</a>&nbsp;&nbsp;&nbsp;IhuErrorPrintFo
<LI><a href="#[ef]">&gt;&gt;</a>&nbsp;&nbsp;&nbsp;IhuDebugPrintFo
</UL>

<P><STRONG><a name="[271]"></a>strcpy</STRONG> (Thumb, 18 bytes, Stack size 0 bytes, strcpy.o(.text))
<BR><BR>[Called By]<UL><LI><a href="#[26f]">&gt;&gt;</a>&nbsp;&nbsp;&nbsp;ihu_vm_system_ctr_table_init
<LI><a href="#[1bf]">&gt;&gt;</a>&nbsp;&nbsp;&nbsp;ihu_vmmw_gprsmod_tcp_text_data_transmit_with_receive
<LI><a href="#[1ba]">&gt;&gt;</a>&nbsp;&nbsp;&nbsp;ihu_vmmw_gprsmod_http_data_transmit_with_receive
</UL>

<P><STRONG><a name="[262]"></a>strerror</STRONG> (Thumb, 40 bytes, Stack size 0 bytes, strerror.o(.text))
<BR><BR>[Called By]<UL><LI><a href="#[18a]">&gt;&gt;</a>&nbsp;&nbsp;&nbsp;ihu_message_send
<LI><a href="#[26b]">&gt;&gt;</a>&nbsp;&nbsp;&nbsp;ihu_task_create
<LI><a href="#[f7]">&gt;&gt;</a>&nbsp;&nbsp;&nbsp;ihu_message_rcv
<LI><a href="#[260]">&gt;&gt;</a>&nbsp;&nbsp;&nbsp;ihu_message_queue_create
</UL>

<P><STRONG><a name="[c9]"></a>strtol</STRONG> (Thumb, 112 bytes, Stack size 32 bytes, strtol.o(.text))
<BR><BR>[Stack]<UL><LI>Max Depth = 72<LI>Call Chain = strtol &rArr; _strtoul
</UL>
<BR>[Calls]<UL><LI><a href="#[cb]">&gt;&gt;</a>&nbsp;&nbsp;&nbsp;_strtoul
<LI><a href="#[ca]">&gt;&gt;</a>&nbsp;&nbsp;&nbsp;__rt_ctype_table
<LI><a href="#[cc]">&gt;&gt;</a>&nbsp;&nbsp;&nbsp;__aeabi_errno_addr
</UL>
<BR>[Called By]<UL><LI><a href="#[25f]">&gt;&gt;</a>&nbsp;&nbsp;&nbsp;ihu_vmmw_gprsmod_get_rssi_value
</UL>

<P><STRONG><a name="[cd]"></a>strtoul</STRONG> (Thumb, 114 bytes, Stack size 40 bytes, strtoul.o(.text))
<BR><BR>[Stack]<UL><LI>Max Depth = 80<LI>Call Chain = strtoul &rArr; _strtoul
</UL>
<BR>[Calls]<UL><LI><a href="#[cb]">&gt;&gt;</a>&nbsp;&nbsp;&nbsp;_strtoul
<LI><a href="#[ca]">&gt;&gt;</a>&nbsp;&nbsp;&nbsp;__rt_ctype_table
<LI><a href="#[cc]">&gt;&gt;</a>&nbsp;&nbsp;&nbsp;__aeabi_errno_addr
</UL>
<BR>[Called By]<UL><LI><a href="#[1bc]">&gt;&gt;</a>&nbsp;&nbsp;&nbsp;ihu_vmmw_blemod_hc05_uart_fetch_mac_addr_in_AT_cmd_mode
<LI><a href="#[1bb]">&gt;&gt;</a>&nbsp;&nbsp;&nbsp;func_cloud_standard_xml_unpack
</UL>

<P><STRONG><a name="[ce]"></a>__aeabi_fadd</STRONG> (Thumb, 164 bytes, Stack size 16 bytes, fadd.o(.text))
<BR><BR>[Stack]<UL><LI>Max Depth = 20<LI>Call Chain = __aeabi_fadd &rArr; _float_epilogue
</UL>
<BR>[Calls]<UL><LI><a href="#[d0]">&gt;&gt;</a>&nbsp;&nbsp;&nbsp;_float_round
<LI><a href="#[cf]">&gt;&gt;</a>&nbsp;&nbsp;&nbsp;_float_epilogue
</UL>
<BR>[Called By]<UL><LI><a href="#[d1]">&gt;&gt;</a>&nbsp;&nbsp;&nbsp;__aeabi_fsub
<LI><a href="#[273]">&gt;&gt;</a>&nbsp;&nbsp;&nbsp;ihu_vmmw_navig_mpu6050_angle_caculate_by_acc_xyz
<LI><a href="#[25f]">&gt;&gt;</a>&nbsp;&nbsp;&nbsp;ihu_vmmw_gprsmod_get_rssi_value
<LI><a href="#[d2]">&gt;&gt;</a>&nbsp;&nbsp;&nbsp;__aeabi_frsub
</UL>

<P><STRONG><a name="[d1]"></a>__aeabi_fsub</STRONG> (Thumb, 6 bytes, Stack size 0 bytes, fadd.o(.text), UNUSED)
<BR><BR>[Calls]<UL><LI><a href="#[ce]">&gt;&gt;</a>&nbsp;&nbsp;&nbsp;__aeabi_fadd
</UL>

<P><STRONG><a name="[d2]"></a>__aeabi_frsub</STRONG> (Thumb, 6 bytes, Stack size 0 bytes, fadd.o(.text), UNUSED)
<BR><BR>[Calls]<UL><LI><a href="#[ce]">&gt;&gt;</a>&nbsp;&nbsp;&nbsp;__aeabi_fadd
</UL>

<P><STRONG><a name="[1a4]"></a>__aeabi_fmul</STRONG> (Thumb, 100 bytes, Stack size 8 bytes, fmul.o(.text))
<BR><BR>[Stack]<UL><LI>Max Depth = 8<LI>Call Chain = __aeabi_fmul
</UL>
<BR>[Called By]<UL><LI><a href="#[24e]">&gt;&gt;</a>&nbsp;&nbsp;&nbsp;ihu_bsp_stm32_adc1_ccl_get_battery_value
<LI><a href="#[257]">&gt;&gt;</a>&nbsp;&nbsp;&nbsp;ihu_bsp_stm32_dido_f2board_dht11_temp_read
<LI><a href="#[256]">&gt;&gt;</a>&nbsp;&nbsp;&nbsp;ihu_bsp_stm32_dido_f2board_dht11_humid_read
<LI><a href="#[273]">&gt;&gt;</a>&nbsp;&nbsp;&nbsp;ihu_vmmw_navig_mpu6050_angle_caculate_by_acc_xyz
<LI><a href="#[25f]">&gt;&gt;</a>&nbsp;&nbsp;&nbsp;ihu_vmmw_gprsmod_get_rssi_value
<LI><a href="#[1e]">&gt;&gt;</a>&nbsp;&nbsp;&nbsp;fsm_i2caries_ccl_sensor_status_req
</UL>

<P><STRONG><a name="[d3]"></a>__aeabi_fdiv</STRONG> (Thumb, 124 bytes, Stack size 8 bytes, fdiv.o(.text))
<BR><BR>[Stack]<UL><LI>Max Depth = 8<LI>Call Chain = __aeabi_fdiv
</UL>
<BR>[Calls]<UL><LI><a href="#[d0]">&gt;&gt;</a>&nbsp;&nbsp;&nbsp;_float_round
</UL>
<BR>[Called By]<UL><LI><a href="#[1d3]">&gt;&gt;</a>&nbsp;&nbsp;&nbsp;func_bsp_stm32_dido_dht11_read_temp_and_humidity
</UL>

<P><STRONG><a name="[251]"></a>__ARM_scalbnf</STRONG> (Thumb, 24 bytes, Stack size 0 bytes, fscalb.o(.text))
<BR><BR>[Called By]<UL><LI><a href="#[24e]">&gt;&gt;</a>&nbsp;&nbsp;&nbsp;ihu_bsp_stm32_adc1_ccl_get_battery_value
</UL>

<P><STRONG><a name="[2d0]"></a>scalbnf</STRONG> (Thumb, 0 bytes, Stack size 0 bytes, fscalb.o(.text), UNUSED)

<P><STRONG><a name="[d4]"></a>__aeabi_dadd</STRONG> (Thumb, 322 bytes, Stack size 48 bytes, dadd.o(.text))
<BR><BR>[Stack]<UL><LI>Max Depth = 88<LI>Call Chain = __aeabi_dadd &rArr; _double_epilogue &rArr; _double_round
</UL>
<BR>[Calls]<UL><LI><a href="#[d6]">&gt;&gt;</a>&nbsp;&nbsp;&nbsp;__aeabi_lasr
<LI><a href="#[d5]">&gt;&gt;</a>&nbsp;&nbsp;&nbsp;__aeabi_llsl
<LI><a href="#[d8]">&gt;&gt;</a>&nbsp;&nbsp;&nbsp;_double_round
<LI><a href="#[d7]">&gt;&gt;</a>&nbsp;&nbsp;&nbsp;_double_epilogue
</UL>
<BR>[Called By]<UL><LI><a href="#[d9]">&gt;&gt;</a>&nbsp;&nbsp;&nbsp;__aeabi_dsub
<LI><a href="#[1a3]">&gt;&gt;</a>&nbsp;&nbsp;&nbsp;ihu_wmmw_navig_mpu6050_axis_z_angle_caculate_by_static_method
<LI><a href="#[187]">&gt;&gt;</a>&nbsp;&nbsp;&nbsp;atan
<LI><a href="#[da]">&gt;&gt;</a>&nbsp;&nbsp;&nbsp;__aeabi_drsub
<LI><a href="#[17e]">&gt;&gt;</a>&nbsp;&nbsp;&nbsp;__kernel_poly
<LI><a href="#[182]">&gt;&gt;</a>&nbsp;&nbsp;&nbsp;_fp_digits
</UL>

<P><STRONG><a name="[d9]"></a>__aeabi_dsub</STRONG> (Thumb, 6 bytes, Stack size 0 bytes, dadd.o(.text))
<BR><BR>[Stack]<UL><LI>Max Depth = 88<LI>Call Chain = __aeabi_dsub &rArr; __aeabi_dadd &rArr; _double_epilogue &rArr; _double_round
</UL>
<BR>[Calls]<UL><LI><a href="#[d4]">&gt;&gt;</a>&nbsp;&nbsp;&nbsp;__aeabi_dadd
</UL>
<BR>[Called By]<UL><LI><a href="#[187]">&gt;&gt;</a>&nbsp;&nbsp;&nbsp;atan
</UL>

<P><STRONG><a name="[da]"></a>__aeabi_drsub</STRONG> (Thumb, 6 bytes, Stack size 0 bytes, dadd.o(.text))
<BR><BR>[Stack]<UL><LI>Max Depth = 88<LI>Call Chain = __aeabi_drsub &rArr; __aeabi_dadd &rArr; _double_epilogue &rArr; _double_round
</UL>
<BR>[Calls]<UL><LI><a href="#[d4]">&gt;&gt;</a>&nbsp;&nbsp;&nbsp;__aeabi_dadd
</UL>
<BR>[Called By]<UL><LI><a href="#[187]">&gt;&gt;</a>&nbsp;&nbsp;&nbsp;atan
</UL>

<P><STRONG><a name="[db]"></a>__aeabi_dmul</STRONG> (Thumb, 228 bytes, Stack size 48 bytes, dmul.o(.text))
<BR><BR>[Stack]<UL><LI>Max Depth = 88<LI>Call Chain = __aeabi_dmul &rArr; _double_epilogue &rArr; _double_round
</UL>
<BR>[Calls]<UL><LI><a href="#[d7]">&gt;&gt;</a>&nbsp;&nbsp;&nbsp;_double_epilogue
</UL>
<BR>[Called By]<UL><LI><a href="#[187]">&gt;&gt;</a>&nbsp;&nbsp;&nbsp;atan
<LI><a href="#[17e]">&gt;&gt;</a>&nbsp;&nbsp;&nbsp;__kernel_poly
<LI><a href="#[182]">&gt;&gt;</a>&nbsp;&nbsp;&nbsp;_fp_digits
</UL>

<P><STRONG><a name="[dc]"></a>__aeabi_ddiv</STRONG> (Thumb, 222 bytes, Stack size 32 bytes, ddiv.o(.text))
<BR><BR>[Stack]<UL><LI>Max Depth = 40<LI>Call Chain = __aeabi_ddiv &rArr; _double_round
</UL>
<BR>[Calls]<UL><LI><a href="#[d8]">&gt;&gt;</a>&nbsp;&nbsp;&nbsp;_double_round
</UL>
<BR>[Called By]<UL><LI><a href="#[1a3]">&gt;&gt;</a>&nbsp;&nbsp;&nbsp;ihu_wmmw_navig_mpu6050_axis_z_angle_caculate_by_static_method
<LI><a href="#[273]">&gt;&gt;</a>&nbsp;&nbsp;&nbsp;ihu_vmmw_navig_mpu6050_angle_caculate_by_acc_xyz
<LI><a href="#[187]">&gt;&gt;</a>&nbsp;&nbsp;&nbsp;atan
<LI><a href="#[1e]">&gt;&gt;</a>&nbsp;&nbsp;&nbsp;fsm_i2caries_ccl_sensor_status_req
<LI><a href="#[182]">&gt;&gt;</a>&nbsp;&nbsp;&nbsp;_fp_digits
</UL>

<P><STRONG><a name="[180]"></a>__ARM_scalbn</STRONG> (Thumb, 46 bytes, Stack size 16 bytes, dscalb.o(.text))
<BR><BR>[Stack]<UL><LI>Max Depth = 16<LI>Call Chain = __ARM_scalbn
</UL>
<BR>[Called By]<UL><LI><a href="#[187]">&gt;&gt;</a>&nbsp;&nbsp;&nbsp;atan
<LI><a href="#[181]">&gt;&gt;</a>&nbsp;&nbsp;&nbsp;__mathlib_dbl_underflow
<LI><a href="#[17f]">&gt;&gt;</a>&nbsp;&nbsp;&nbsp;__mathlib_dbl_infnan
</UL>

<P><STRONG><a name="[2d1]"></a>scalbn</STRONG> (Thumb, 0 bytes, Stack size 16 bytes, dscalb.o(.text), UNUSED)

<P><STRONG><a name="[dd]"></a>__aeabi_i2f</STRONG> (Thumb, 18 bytes, Stack size 0 bytes, fflti.o(.text))
<BR><BR>[Stack]<UL><LI>Max Depth = 4<LI>Call Chain = __aeabi_i2f &rArr; _float_epilogue
</UL>
<BR>[Calls]<UL><LI><a href="#[cf]">&gt;&gt;</a>&nbsp;&nbsp;&nbsp;_float_epilogue
</UL>
<BR>[Called By]<UL><LI><a href="#[25f]">&gt;&gt;</a>&nbsp;&nbsp;&nbsp;ihu_vmmw_gprsmod_get_rssi_value
</UL>

<P><STRONG><a name="[de]"></a>__aeabi_ui2f</STRONG> (Thumb, 10 bytes, Stack size 0 bytes, ffltui.o(.text))
<BR><BR>[Stack]<UL><LI>Max Depth = 4<LI>Call Chain = __aeabi_ui2f &rArr; _float_epilogue
</UL>
<BR>[Calls]<UL><LI><a href="#[cf]">&gt;&gt;</a>&nbsp;&nbsp;&nbsp;_float_epilogue
</UL>
<BR>[Called By]<UL><LI><a href="#[24e]">&gt;&gt;</a>&nbsp;&nbsp;&nbsp;ihu_bsp_stm32_adc1_ccl_get_battery_value
<LI><a href="#[1d3]">&gt;&gt;</a>&nbsp;&nbsp;&nbsp;func_bsp_stm32_dido_dht11_read_temp_and_humidity
</UL>

<P><STRONG><a name="[df]"></a>__aeabi_i2d</STRONG> (Thumb, 34 bytes, Stack size 16 bytes, dflti.o(.text))
<BR><BR>[Stack]<UL><LI>Max Depth = 56<LI>Call Chain = __aeabi_i2d &rArr; _double_epilogue &rArr; _double_round
</UL>
<BR>[Calls]<UL><LI><a href="#[d7]">&gt;&gt;</a>&nbsp;&nbsp;&nbsp;_double_epilogue
</UL>
<BR>[Called By]<UL><LI><a href="#[1a3]">&gt;&gt;</a>&nbsp;&nbsp;&nbsp;ihu_wmmw_navig_mpu6050_axis_z_angle_caculate_by_static_method
<LI><a href="#[1e]">&gt;&gt;</a>&nbsp;&nbsp;&nbsp;fsm_i2caries_ccl_sensor_status_req
</UL>

<P><STRONG><a name="[253]"></a>__aeabi_f2iz</STRONG> (Thumb, 50 bytes, Stack size 0 bytes, ffixi.o(.text))
<BR><BR>[Called By]<UL><LI><a href="#[24e]">&gt;&gt;</a>&nbsp;&nbsp;&nbsp;ihu_bsp_stm32_adc1_ccl_get_battery_value
<LI><a href="#[257]">&gt;&gt;</a>&nbsp;&nbsp;&nbsp;ihu_bsp_stm32_dido_f2board_dht11_temp_read
<LI><a href="#[256]">&gt;&gt;</a>&nbsp;&nbsp;&nbsp;ihu_bsp_stm32_dido_f2board_dht11_humid_read
<LI><a href="#[25f]">&gt;&gt;</a>&nbsp;&nbsp;&nbsp;ihu_vmmw_gprsmod_get_rssi_value
</UL>

<P><STRONG><a name="[1a5]"></a>__aeabi_f2uiz</STRONG> (Thumb, 40 bytes, Stack size 0 bytes, ffixui.o(.text))
<BR><BR>[Called By]<UL><LI><a href="#[1e]">&gt;&gt;</a>&nbsp;&nbsp;&nbsp;fsm_i2caries_ccl_sensor_status_req
</UL>

<P><STRONG><a name="[274]"></a>__aeabi_f2d</STRONG> (Thumb, 38 bytes, Stack size 0 bytes, f2d.o(.text))
<BR><BR>[Called By]<UL><LI><a href="#[1a3]">&gt;&gt;</a>&nbsp;&nbsp;&nbsp;ihu_wmmw_navig_mpu6050_axis_z_angle_caculate_by_static_method
<LI><a href="#[273]">&gt;&gt;</a>&nbsp;&nbsp;&nbsp;ihu_vmmw_navig_mpu6050_angle_caculate_by_acc_xyz
</UL>

<P><STRONG><a name="[276]"></a>__aeabi_cdcmpeq</STRONG> (Thumb, 0 bytes, Stack size 0 bytes, cdcmple.o(.text))
<BR><BR>[Called By]<UL><LI><a href="#[273]">&gt;&gt;</a>&nbsp;&nbsp;&nbsp;ihu_vmmw_navig_mpu6050_angle_caculate_by_acc_xyz
</UL>

<P><STRONG><a name="[2d2]"></a>__aeabi_cdcmple</STRONG> (Thumb, 48 bytes, Stack size 0 bytes, cdcmple.o(.text), UNUSED)

<P><STRONG><a name="[e0]"></a>__aeabi_d2f</STRONG> (Thumb, 56 bytes, Stack size 8 bytes, d2f.o(.text))
<BR><BR>[Stack]<UL><LI>Max Depth = 8<LI>Call Chain = __aeabi_d2f
</UL>
<BR>[Calls]<UL><LI><a href="#[d0]">&gt;&gt;</a>&nbsp;&nbsp;&nbsp;_float_round
</UL>
<BR>[Called By]<UL><LI><a href="#[1a3]">&gt;&gt;</a>&nbsp;&nbsp;&nbsp;ihu_wmmw_navig_mpu6050_axis_z_angle_caculate_by_static_method
<LI><a href="#[273]">&gt;&gt;</a>&nbsp;&nbsp;&nbsp;ihu_vmmw_navig_mpu6050_angle_caculate_by_acc_xyz
</UL>

<P><STRONG><a name="[2d3]"></a>__aeabi_uidiv</STRONG> (Thumb, 0 bytes, Stack size 12 bytes, uidiv.o(.text), UNUSED)

<P><STRONG><a name="[186]"></a>__aeabi_uidivmod</STRONG> (Thumb, 44 bytes, Stack size 12 bytes, uidiv.o(.text), UNUSED)
<BR><BR>[Called By]<UL><LI><a href="#[17b]">&gt;&gt;</a>&nbsp;&nbsp;&nbsp;_printf_core
</UL>

<P><STRONG><a name="[e1]"></a>__aeabi_uldivmod</STRONG> (Thumb, 98 bytes, Stack size 40 bytes, uldiv.o(.text), UNUSED)
<BR><BR>[Calls]<UL><LI><a href="#[e2]">&gt;&gt;</a>&nbsp;&nbsp;&nbsp;__aeabi_llsr
<LI><a href="#[d5]">&gt;&gt;</a>&nbsp;&nbsp;&nbsp;__aeabi_llsl
</UL>
<BR>[Called By]<UL><LI><a href="#[17b]">&gt;&gt;</a>&nbsp;&nbsp;&nbsp;_printf_core
<LI><a href="#[182]">&gt;&gt;</a>&nbsp;&nbsp;&nbsp;_fp_digits
</UL>

<P><STRONG><a name="[d5]"></a>__aeabi_llsl</STRONG> (Thumb, 30 bytes, Stack size 0 bytes, llshl.o(.text))
<BR><BR>[Called By]<UL><LI><a href="#[d4]">&gt;&gt;</a>&nbsp;&nbsp;&nbsp;__aeabi_dadd
<LI><a href="#[e1]">&gt;&gt;</a>&nbsp;&nbsp;&nbsp;__aeabi_uldivmod
<LI><a href="#[d7]">&gt;&gt;</a>&nbsp;&nbsp;&nbsp;_double_epilogue
<LI><a href="#[e5]">&gt;&gt;</a>&nbsp;&nbsp;&nbsp;__aeabi_d2ulz
</UL>

<P><STRONG><a name="[2d4]"></a>_ll_shift_l</STRONG> (Thumb, 0 bytes, Stack size 0 bytes, llshl.o(.text), UNUSED)

<P><STRONG><a name="[e2]"></a>__aeabi_llsr</STRONG> (Thumb, 32 bytes, Stack size 0 bytes, llushr.o(.text))
<BR><BR>[Called By]<UL><LI><a href="#[e4]">&gt;&gt;</a>&nbsp;&nbsp;&nbsp;_dsqrt
<LI><a href="#[e1]">&gt;&gt;</a>&nbsp;&nbsp;&nbsp;__aeabi_uldivmod
<LI><a href="#[d7]">&gt;&gt;</a>&nbsp;&nbsp;&nbsp;_double_epilogue
<LI><a href="#[e5]">&gt;&gt;</a>&nbsp;&nbsp;&nbsp;__aeabi_d2ulz
</UL>

<P><STRONG><a name="[2d5]"></a>_ll_ushift_r</STRONG> (Thumb, 0 bytes, Stack size 0 bytes, llushr.o(.text), UNUSED)

<P><STRONG><a name="[d6]"></a>__aeabi_lasr</STRONG> (Thumb, 36 bytes, Stack size 0 bytes, llsshr.o(.text))
<BR><BR>[Called By]<UL><LI><a href="#[d4]">&gt;&gt;</a>&nbsp;&nbsp;&nbsp;__aeabi_dadd
</UL>

<P><STRONG><a name="[2d6]"></a>_ll_sshift_r</STRONG> (Thumb, 0 bytes, Stack size 0 bytes, llsshr.o(.text), UNUSED)

<P><STRONG><a name="[ca]"></a>__rt_ctype_table</STRONG> (Thumb, 4 bytes, Stack size 0 bytes, ctype_o.o(.text))
<BR><BR>[Called By]<UL><LI><a href="#[cd]">&gt;&gt;</a>&nbsp;&nbsp;&nbsp;strtoul
<LI><a href="#[c9]">&gt;&gt;</a>&nbsp;&nbsp;&nbsp;strtol
</UL>

<P><STRONG><a name="[cb]"></a>_strtoul</STRONG> (Thumb, 158 bytes, Stack size 40 bytes, _strtoul.o(.text))
<BR><BR>[Stack]<UL><LI>Max Depth = 40<LI>Call Chain = _strtoul
</UL>
<BR>[Calls]<UL><LI><a href="#[e3]">&gt;&gt;</a>&nbsp;&nbsp;&nbsp;_chval
<LI><a href="#[cc]">&gt;&gt;</a>&nbsp;&nbsp;&nbsp;__aeabi_errno_addr
</UL>
<BR>[Called By]<UL><LI><a href="#[cd]">&gt;&gt;</a>&nbsp;&nbsp;&nbsp;strtoul
<LI><a href="#[c9]">&gt;&gt;</a>&nbsp;&nbsp;&nbsp;strtol
</UL>

<P><STRONG><a name="[2d7]"></a>__I$use$fp</STRONG> (Thumb, 0 bytes, Stack size 0 bytes, iusefp.o(.text), UNUSED)

<P><STRONG><a name="[d0]"></a>_float_round</STRONG> (Thumb, 18 bytes, Stack size 0 bytes, fepilogue.o(.text))
<BR><BR>[Called By]<UL><LI><a href="#[d3]">&gt;&gt;</a>&nbsp;&nbsp;&nbsp;__aeabi_fdiv
<LI><a href="#[e0]">&gt;&gt;</a>&nbsp;&nbsp;&nbsp;__aeabi_d2f
<LI><a href="#[ce]">&gt;&gt;</a>&nbsp;&nbsp;&nbsp;__aeabi_fadd
</UL>

<P><STRONG><a name="[cf]"></a>_float_epilogue</STRONG> (Thumb, 92 bytes, Stack size 4 bytes, fepilogue.o(.text))
<BR><BR>[Stack]<UL><LI>Max Depth = 4<LI>Call Chain = _float_epilogue
</UL>
[...]
<LI><a href="#[1c3]">&gt;&gt;</a>&nbsp;&nbsp;&nbsp;xTimerCreate
</UL>

<P><STRONG><a name="[2a2]"></a>prvGetNextExpireTime</STRONG> (Thumb, 30 bytes, Stack size 0 bytes, timers.o(i.prvGetNextExpireTime))
<BR><BR>[Called By]<UL><LI><a href="#[bf]">&gt;&gt;</a>&nbsp;&nbsp;&nbsp;prvTimerTask
</UL>

<P><STRONG><a name="[299]"></a>prvInsertTimerInActiveList</STRONG> (Thumb, 60 bytes, Stack size 16 bytes, timers.o(i.prvInsertTimerInActiveList))
<BR><BR>[Stack]<UL><LI>Max Depth = 28<LI>Call Chain = prvInsertTimerInActiveList &rArr; vListInsert
</UL>
<BR>[Calls]<UL><LI><a href="#[280]">&gt;&gt;</a>&nbsp;&nbsp;&nbsp;vListInsert
</UL>
<BR>[Called By]<UL><LI><a href="#[29d]">&gt;&gt;</a>&nbsp;&nbsp;&nbsp;prvProcessReceivedCommands
<LI><a href="#[29c]">&gt;&gt;</a>&nbsp;&nbsp;&nbsp;prvProcessExpiredTimer
</UL>

<P><STRONG><a name="[29c]"></a>prvProcessExpiredTimer</STRONG> (Thumb, 80 bytes, Stack size 24 bytes, timers.o(i.prvProcessExpiredTimer))
<BR><BR>[Stack]<UL><LI>Max Depth = 152<LI>Call Chain = prvProcessExpiredTimer &rArr; xTimerGenericCommand &rArr; xQueueGenericSend &rArr; xTaskResumeAll &rArr; xTaskIncrementTick
</UL>
<BR>[Calls]<UL><LI><a href="#[289]">&gt;&gt;</a>&nbsp;&nbsp;&nbsp;ulPortSetInterruptMask
<LI><a href="#[1c5]">&gt;&gt;</a>&nbsp;&nbsp;&nbsp;xTimerGenericCommand
<LI><a href="#[299]">&gt;&gt;</a>&nbsp;&nbsp;&nbsp;prvInsertTimerInActiveList
<LI><a href="#[28d]">&gt;&gt;</a>&nbsp;&nbsp;&nbsp;uxListRemove
</UL>
<BR>[Called By]<UL><LI><a href="#[29f]">&gt;&gt;</a>&nbsp;&nbsp;&nbsp;prvProcessTimerOrBlockTask
</UL>

<P><STRONG><a name="[29d]"></a>prvProcessReceivedCommands</STRONG> (Thumb, 162 bytes, Stack size 32 bytes, timers.o(i.prvProcessReceivedCommands))
<BR><BR>[Stack]<UL><LI>Max Depth = 200<LI>Call Chain = prvProcessReceivedCommands &rArr; prvSampleTimeNow &rArr; prvSwitchTimerLists &rArr; xTimerGenericCommand &rArr; xQueueGenericSend &rArr; xTaskResumeAll &rArr; xTaskIncrementTick
</UL>
<BR>[Calls]<UL><LI><a href="#[263]">&gt;&gt;</a>&nbsp;&nbsp;&nbsp;xQueueGenericReceive
<LI><a href="#[283]">&gt;&gt;</a>&nbsp;&nbsp;&nbsp;vPortFree
<LI><a href="#[289]">&gt;&gt;</a>&nbsp;&nbsp;&nbsp;ulPortSetInterruptMask
<LI><a href="#[1c5]">&gt;&gt;</a>&nbsp;&nbsp;&nbsp;xTimerGenericCommand
<LI><a href="#[29e]">&gt;&gt;</a>&nbsp;&nbsp;&nbsp;prvSampleTimeNow
<LI><a href="#[299]">&gt;&gt;</a>&nbsp;&nbsp;&nbsp;prvInsertTimerInActiveList
<LI><a href="#[28d]">&gt;&gt;</a>&nbsp;&nbsp;&nbsp;uxListRemove
</UL>
<BR>[Called By]<UL><LI><a href="#[bf]">&gt;&gt;</a>&nbsp;&nbsp;&nbsp;prvTimerTask
</UL>

<P><STRONG><a name="[29f]"></a>prvProcessTimerOrBlockTask</STRONG> (Thumb, 88 bytes, Stack size 24 bytes, timers.o(i.prvProcessTimerOrBlockTask))
<BR><BR>[Stack]<UL><LI>Max Depth = 192<LI>Call Chain = prvProcessTimerOrBlockTask &rArr; prvSampleTimeNow &rArr; prvSwitchTimerLists &rArr; xTimerGenericCommand &rArr; xQueueGenericSend &rArr; xTaskResumeAll &rArr; xTaskIncrementTick
</UL>
<BR>[Calls]<UL><LI><a href="#[28c]">&gt;&gt;</a>&nbsp;&nbsp;&nbsp;xTaskResumeAll
<LI><a href="#[28b]">&gt;&gt;</a>&nbsp;&nbsp;&nbsp;vTaskSuspendAll
<LI><a href="#[2a0]">&gt;&gt;</a>&nbsp;&nbsp;&nbsp;vQueueWaitForMessageRestricted
<LI><a href="#[292]">&gt;&gt;</a>&nbsp;&nbsp;&nbsp;vPortYield
<LI><a href="#[29e]">&gt;&gt;</a>&nbsp;&nbsp;&nbsp;prvSampleTimeNow
<LI><a href="#[29c]">&gt;&gt;</a>&nbsp;&nbsp;&nbsp;prvProcessExpiredTimer
</UL>
<BR>[Called By]<UL><LI><a href="#[bf]">&gt;&gt;</a>&nbsp;&nbsp;&nbsp;prvTimerTask
</UL>

<P><STRONG><a name="[29e]"></a>prvSampleTimeNow</STRONG> (Thumb, 38 bytes, Stack size 16 bytes, timers.o(i.prvSampleTimeNow))
<BR><BR>[Stack]<UL><LI>Max Depth = 168<LI>Call Chain = prvSampleTimeNow &rArr; prvSwitchTimerLists &rArr; xTimerGenericCommand &rArr; xQueueGenericSend &rArr; xTaskResumeAll &rArr; xTaskIncrementTick
</UL>
<BR>[Calls]<UL><LI><a href="#[1c4]">&gt;&gt;</a>&nbsp;&nbsp;&nbsp;xTaskGetTickCount
<LI><a href="#[2a1]">&gt;&gt;</a>&nbsp;&nbsp;&nbsp;prvSwitchTimerLists
</UL>
<BR>[Called By]<UL><LI><a href="#[29f]">&gt;&gt;</a>&nbsp;&nbsp;&nbsp;prvProcessTimerOrBlockTask
<LI><a href="#[29d]">&gt;&gt;</a>&nbsp;&nbsp;&nbsp;prvProcessReceivedCommands
</UL>

<P><STRONG><a name="[2a1]"></a>prvSwitchTimerLists</STRONG> (Thumb, 94 bytes, Stack size 24 bytes, timers.o(i.prvSwitchTimerLists))
<BR><BR>[Stack]<UL><LI>Max Depth = 152<LI>Call Chain = prvSwitchTimerLists &rArr; xTimerGenericCommand &rArr; xQueueGenericSend &rArr; xTaskResumeAll &rArr; xTaskIncrementTick
</UL>
<BR>[Calls]<UL><LI><a href="#[289]">&gt;&gt;</a>&nbsp;&nbsp;&nbsp;ulPortSetInterruptMask
<LI><a href="#[1c5]">&gt;&gt;</a>&nbsp;&nbsp;&nbsp;xTimerGenericCommand
<LI><a href="#[280]">&gt;&gt;</a>&nbsp;&nbsp;&nbsp;vListInsert
<LI><a href="#[28d]">&gt;&gt;</a>&nbsp;&nbsp;&nbsp;uxListRemove
</UL>
<BR>[Called By]<UL><LI><a href="#[29e]">&gt;&gt;</a>&nbsp;&nbsp;&nbsp;prvSampleTimeNow
</UL>

<P><STRONG><a name="[bf]"></a>prvTimerTask</STRONG> (Thumb, 20 bytes, Stack size 8 bytes, timers.o(i.prvTimerTask))
<BR><BR>[Stack]<UL><LI>Max Depth = 208<LI>Call Chain = prvTimerTask &rArr; prvProcessReceivedCommands &rArr; prvSampleTimeNow &rArr; prvSwitchTimerLists &rArr; xTimerGenericCommand &rArr; xQueueGenericSend &rArr; xTaskResumeAll &rArr; xTaskIncrementTick
</UL>
<BR>[Calls]<UL><LI><a href="#[29f]">&gt;&gt;</a>&nbsp;&nbsp;&nbsp;prvProcessTimerOrBlockTask
<LI><a href="#[29d]">&gt;&gt;</a>&nbsp;&nbsp;&nbsp;prvProcessReceivedCommands
<LI><a href="#[2a2]">&gt;&gt;</a>&nbsp;&nbsp;&nbsp;prvGetNextExpireTime
</UL>
<BR>[Address Reference Count : 1]<UL><LI> timers.o(i.xTimerCreateTimerTask)
</UL>
<P><STRONG><a name="[28f]"></a>prvCopyDataFromQueue</STRONG> (Thumb, 40 bytes, Stack size 8 bytes, queue.o(i.prvCopyDataFromQueue))
<BR><BR>[Stack]<UL><LI>Max Depth = 8<LI>Call Chain = prvCopyDataFromQueue
</UL>
<BR>[Calls]<UL><LI><a href="#[18c]">&gt;&gt;</a>&nbsp;&nbsp;&nbsp;__aeabi_memcpy
</UL>
<BR>[Called By]<UL><LI><a href="#[263]">&gt;&gt;</a>&nbsp;&nbsp;&nbsp;xQueueGenericReceive
</UL>

<P><STRONG><a name="[290]"></a>prvCopyDataToQueue</STRONG> (Thumb, 112 bytes, Stack size 16 bytes, queue.o(i.prvCopyDataToQueue))
<BR><BR>[Stack]<UL><LI>Max Depth = 32<LI>Call Chain = prvCopyDataToQueue &rArr; xTaskPriorityDisinherit
</UL>
<BR>[Calls]<UL><LI><a href="#[291]">&gt;&gt;</a>&nbsp;&nbsp;&nbsp;xTaskPriorityDisinherit
<LI><a href="#[18c]">&gt;&gt;</a>&nbsp;&nbsp;&nbsp;__aeabi_memcpy
</UL>
<BR>[Called By]<UL><LI><a href="#[2c1]">&gt;&gt;</a>&nbsp;&nbsp;&nbsp;xQueueGenericSendFromISR
<LI><a href="#[264]">&gt;&gt;</a>&nbsp;&nbsp;&nbsp;xQueueGenericSend
</UL>

<P><STRONG><a name="[29a]"></a>prvIsQueueEmpty</STRONG> (Thumb, 26 bytes, Stack size 8 bytes, queue.o(i.prvIsQueueEmpty))
<BR><BR>[Stack]<UL><LI>Max Depth = 16<LI>Call Chain = prvIsQueueEmpty &rArr; vPortExitCritical
</UL>
<BR>[Calls]<UL><LI><a href="#[288]">&gt;&gt;</a>&nbsp;&nbsp;&nbsp;vPortExitCritical
<LI><a href="#[285]">&gt;&gt;</a>&nbsp;&nbsp;&nbsp;vPortEnterCritical
</UL>
<BR>[Called By]<UL><LI><a href="#[263]">&gt;&gt;</a>&nbsp;&nbsp;&nbsp;xQueueGenericReceive
</UL>

<P><STRONG><a name="[29b]"></a>prvIsQueueFull</STRONG> (Thumb, 30 bytes, Stack size 8 bytes, queue.o(i.prvIsQueueFull))
<BR><BR>[Stack]<UL><LI>Max Depth = 16<LI>Call Chain = prvIsQueueFull &rArr; vPortExitCritical
</UL>
<BR>[Calls]<UL><LI><a href="#[288]">&gt;&gt;</a>&nbsp;&nbsp;&nbsp;vPortExitCritical
<LI><a href="#[285]">&gt;&gt;</a>&nbsp;&nbsp;&nbsp;vPortEnterCritical
</UL>
<BR>[Called By]<UL><LI><a href="#[264]">&gt;&gt;</a>&nbsp;&nbsp;&nbsp;xQueueGenericSend
</UL>

<P><STRONG><a name="[2a3]"></a>prvUnlockQueue</STRONG> (Thumb, 100 bytes, Stack size 16 bytes, queue.o(i.prvUnlockQueue))
<BR><BR>[Stack]<UL><LI>Max Depth = 40<LI>Call Chain = prvUnlockQueue &rArr; xTaskRemoveFromEventList
</UL>
<BR>[Calls]<UL><LI><a href="#[2a4]">&gt;&gt;</a>&nbsp;&nbsp;&nbsp;xTaskRemoveFromEventList
<LI><a href="#[2a5]">&gt;&gt;</a>&nbsp;&nbsp;&nbsp;vTaskMissedYield
<LI><a href="#[288]">&gt;&gt;</a>&nbsp;&nbsp;&nbsp;vPortExitCritical
<LI><a href="#[285]">&gt;&gt;</a>&nbsp;&nbsp;&nbsp;vPortEnterCritical
</UL>
<BR>[Called By]<UL><LI><a href="#[264]">&gt;&gt;</a>&nbsp;&nbsp;&nbsp;xQueueGenericSend
<LI><a href="#[263]">&gt;&gt;</a>&nbsp;&nbsp;&nbsp;xQueueGenericReceive
<LI><a href="#[2a0]">&gt;&gt;</a>&nbsp;&nbsp;&nbsp;vQueueWaitForMessageRestricted
</UL>

<P><STRONG><a name="[bd]"></a>prvTaskExitError</STRONG> (Thumb, 20 bytes, Stack size 0 bytes, port.o(i.prvTaskExitError))
<BR><BR>[Calls]<UL><LI><a href="#[289]">&gt;&gt;</a>&nbsp;&nbsp;&nbsp;ulPortSetInterruptMask
</UL>
<BR>[Address Reference Count : 1]<UL><LI> port.o(i.pxPortInitialiseStack)
</UL>
<P><STRONG><a name="[27e]"></a>makeFreeRtosPriority</STRONG> (Thumb, 12 bytes, Stack size 0 bytes, cmsis_os.o(i.makeFreeRtosPriority))
<BR><BR>[Called By]<UL><LI><a href="#[166]">&gt;&gt;</a>&nbsp;&nbsp;&nbsp;osThreadCreate
</UL>

<P><STRONG><a name="[27f]"></a>prvAddCurrentTaskToDelayedList</STRONG> (Thumb, 50 bytes, Stack size 16 bytes, tasks.o(i.prvAddCurrentTaskToDelayedList))
<BR><BR>[Stack]<UL><LI>Max Depth = 28<LI>Call Chain = prvAddCurrentTaskToDelayedList &rArr; vListInsert
</UL>
<BR>[Calls]<UL><LI><a href="#[280]">&gt;&gt;</a>&nbsp;&nbsp;&nbsp;vListInsert
</UL>
<BR>[Called By]<UL><LI><a href="#[2b1]">&gt;&gt;</a>&nbsp;&nbsp;&nbsp;vTaskPlaceOnEventListRestricted
<LI><a href="#[2b2]">&gt;&gt;</a>&nbsp;&nbsp;&nbsp;vTaskPlaceOnEventList
<LI><a href="#[268]">&gt;&gt;</a>&nbsp;&nbsp;&nbsp;vTaskDelay
</UL>

<P><STRONG><a name="[281]"></a>prvAllocateTCBAndStack</STRONG> (Thumb, 62 bytes, Stack size 16 bytes, tasks.o(i.prvAllocateTCBAndStack))
<BR><BR>[Stack]<UL><LI>Max Depth = 88<LI>Call Chain = prvAllocateTCBAndStack &rArr; pvPortMalloc &rArr; xTaskResumeAll &rArr; xTaskIncrementTick
</UL>
<BR>[Calls]<UL><LI><a href="#[283]">&gt;&gt;</a>&nbsp;&nbsp;&nbsp;vPortFree
<LI><a href="#[282]">&gt;&gt;</a>&nbsp;&nbsp;&nbsp;pvPortMalloc
<LI><a href="#[c7]">&gt;&gt;</a>&nbsp;&nbsp;&nbsp;__aeabi_memset
</UL>
<BR>[Called By]<UL><LI><a href="#[26c]">&gt;&gt;</a>&nbsp;&nbsp;&nbsp;xTaskGenericCreate
</UL>

<P><STRONG><a name="[28a]"></a>prvCheckTasksWaitingTermination</STRONG> (Thumb, 74 bytes, Stack size 16 bytes, tasks.o(i.prvCheckTasksWaitingTermination))
<BR><BR>[Stack]<UL><LI>Max Depth = 88<LI>Call Chain = prvCheckTasksWaitingTermination &rArr; prvDeleteTCB &rArr; vPortFree &rArr; xTaskResumeAll &rArr; xTaskIncrementTick
</UL>
<BR>[Calls]<UL><LI><a href="#[28c]">&gt;&gt;</a>&nbsp;&nbsp;&nbsp;xTaskResumeAll
<LI><a href="#[28b]">&gt;&gt;</a>&nbsp;&nbsp;&nbsp;vTaskSuspendAll
<LI><a href="#[288]">&gt;&gt;</a>&nbsp;&nbsp;&nbsp;vPortExitCritical
<LI><a href="#[285]">&gt;&gt;</a>&nbsp;&nbsp;&nbsp;vPortEnterCritical
<LI><a href="#[28d]">&gt;&gt;</a>&nbsp;&nbsp;&nbsp;uxListRemove
<LI><a href="#[28e]">&gt;&gt;</a>&nbsp;&nbsp;&nbsp;prvDeleteTCB
</UL>
<BR>[Called By]<UL><LI><a href="#[be]">&gt;&gt;</a>&nbsp;&nbsp;&nbsp;prvIdleTask
</UL>

<P><STRONG><a name="[28e]"></a>prvDeleteTCB</STRONG> (Thumb, 20 bytes, Stack size 8 bytes, tasks.o(i.prvDeleteTCB))
<BR><BR>[Stack]<UL><LI>Max Depth = 72<LI>Call Chain = prvDeleteTCB &rArr; vPortFree &rArr; xTaskResumeAll &rArr; xTaskIncrementTick
</UL>
<BR>[Calls]<UL><LI><a href="#[283]">&gt;&gt;</a>&nbsp;&nbsp;&nbsp;vPortFree
</UL>
<BR>[Called By]<UL><LI><a href="#[28a]">&gt;&gt;</a>&nbsp;&nbsp;&nbsp;prvCheckTasksWaitingTermination
</UL>

<P><STRONG><a name="[294]"></a>prvGetExpectedIdleTime</STRONG> (Thumb, 34 bytes, Stack size 0 bytes, tasks.o(i.prvGetExpectedIdleTime))
<BR><BR>[Called By]<UL><LI><a href="#[be]">&gt;&gt;</a>&nbsp;&nbsp;&nbsp;prvIdleTask
</UL>

<P><STRONG><a name="[be]"></a>prvIdleTask</STRONG> (Thumb, 66 bytes, Stack size 0 bytes, tasks.o(i.prvIdleTask))
<BR><BR>[Stack]<UL><LI>Max Depth = 88<LI>Call Chain = prvIdleTask &rArr; prvCheckTasksWaitingTermination &rArr; prvDeleteTCB &rArr; vPortFree &rArr; xTaskResumeAll &rArr; xTaskIncrementTick
</UL>
<BR>[Calls]<UL><LI><a href="#[28c]">&gt;&gt;</a>&nbsp;&nbsp;&nbsp;xTaskResumeAll
<LI><a href="#[28b]">&gt;&gt;</a>&nbsp;&nbsp;&nbsp;vTaskSuspendAll
<LI><a href="#[292]">&gt;&gt;</a>&nbsp;&nbsp;&nbsp;vPortYield
<LI><a href="#[289]">&gt;&gt;</a>&nbsp;&nbsp;&nbsp;ulPortSetInterruptMask
<LI><a href="#[294]">&gt;&gt;</a>&nbsp;&nbsp;&nbsp;prvGetExpectedIdleTime
<LI><a href="#[28a]">&gt;&gt;</a>&nbsp;&nbsp;&nbsp;prvCheckTasksWaitingTermination
<LI><a href="#[295]">&gt;&gt;</a>&nbsp;&nbsp;&nbsp;vPortSuppressTicksAndSleep
<LI><a href="#[293]">&gt;&gt;</a>&nbsp;&nbsp;&nbsp;vApplicationIdleHook
</UL>
<BR>[Address Reference Count : 1]<UL><LI> tasks.o(i.vTaskStartScheduler)
</UL>
<P><STRONG><a name="[296]"></a>prvInitialiseTCBVariables</STRONG> (Thumb, 78 bytes, Stack size 16 bytes, tasks.o(i.prvInitialiseTCBVariables))
<BR><BR>[Stack]<UL><LI>Max Depth = 16<LI>Call Chain = prvInitialiseTCBVariables
</UL>
<BR>[Calls]<UL><LI><a href="#[297]">&gt;&gt;</a>&nbsp;&nbsp;&nbsp;vListInitialiseItem
</UL>
<BR>[Called By]<UL><LI><a href="#[26c]">&gt;&gt;</a>&nbsp;&nbsp;&nbsp;xTaskGenericCreate
</UL>

<P><STRONG><a name="[298]"></a>prvInitialiseTaskLists</STRONG> (Thumb, 74 bytes, Stack size 16 bytes, tasks.o(i.prvInitialiseTaskLists))
<BR><BR>[Stack]<UL><LI>Max Depth = 16<LI>Call Chain = prvInitialiseTaskLists
</UL>
<BR>[Calls]<UL><LI><a href="#[286]">&gt;&gt;</a>&nbsp;&nbsp;&nbsp;vListInitialise
</UL>
<BR>[Called By]<UL><LI><a href="#[26c]">&gt;&gt;</a>&nbsp;&nbsp;&nbsp;xTaskGenericCreate
</UL>

<P><STRONG><a name="[2c5]"></a>prvResetNextTaskUnblockTime</STRONG> (Thumb, 30 bytes, Stack size 0 bytes, tasks.o(i.prvResetNextTaskUnblockTime))
<BR><BR>[Called By]<UL><LI><a href="#[2a4]">&gt;&gt;</a>&nbsp;&nbsp;&nbsp;xTaskRemoveFromEventList
<LI><a href="#[2bd]">&gt;&gt;</a>&nbsp;&nbsp;&nbsp;xTaskIncrementTick
</UL>

<P><STRONG><a name="[2a6]"></a>prvHeapInit</STRONG> (Thumb, 68 bytes, Stack size 0 bytes, heap_4.o(i.prvHeapInit))
<BR><BR>[Called By]<UL><LI><a href="#[282]">&gt;&gt;</a>&nbsp;&nbsp;&nbsp;pvPortMalloc
</UL>

<P><STRONG><a name="[2a7]"></a>prvInsertBlockIntoFreeList</STRONG> (Thumb, 78 bytes, Stack size 12 bytes, heap_4.o(i.prvInsertBlockIntoFreeList))
<BR><BR>[Stack]<UL><LI>Max Depth = 12<LI>Call Chain = prvInsertBlockIntoFreeList
</UL>
<BR>[Called By]<UL><LI><a href="#[283]">&gt;&gt;</a>&nbsp;&nbsp;&nbsp;vPortFree
<LI><a href="#[282]">&gt;&gt;</a>&nbsp;&nbsp;&nbsp;pvPortMalloc
</UL>

<P><STRONG><a name="[16b]"></a>MX_NVIC_Init</STRONG> (Thumb, 54 bytes, Stack size 8 bytes, main.o(i.MX_NVIC_Init))
<BR><BR>[Stack]<UL><LI>Max Depth = 32<LI>Call Chain = MX_NVIC_Init &rArr; HAL_NVIC_SetPriority
</UL>
<BR>[Calls]<UL><LI><a href="#[107]">&gt;&gt;</a>&nbsp;&nbsp;&nbsp;HAL_NVIC_SetPriority
<LI><a href="#[108]">&gt;&gt;</a>&nbsp;&nbsp;&nbsp;HAL_NVIC_EnableIRQ
</UL>
<BR>[Called By]<UL><LI><a href="#[ae]">&gt;&gt;</a>&nbsp;&nbsp;&nbsp;main
</UL>

<P><STRONG><a name="[25e]"></a>func_bsp_stm32_led_delay</STRONG> (Thumb, 18 bytes, Stack size 8 bytes, bsp_led.o(i.func_bsp_stm32_led_delay))
<BR><BR>[Stack]<UL><LI>Max Depth = 8<LI>Call Chain = func_bsp_stm32_led_delay
</UL>
<BR>[Called By]<UL><LI><a href="#[10c]">&gt;&gt;</a>&nbsp;&nbsp;&nbsp;ihu_bsp_stm32_led_f2board_test_flag
</UL>

<P><STRONG><a name="[25d]"></a>I2C_BSP_STM32_MPU6050_Error</STRONG> (Thumb, 2 bytes, Stack size 0 bytes, bsp_i2c.o(i.I2C_BSP_STM32_MPU6050_Error))
<BR><BR>[Called By]<UL><LI><a href="#[24c]">&gt;&gt;</a>&nbsp;&nbsp;&nbsp;ihu_bsp_stm32_i2c_mpu6050_write_data
<LI><a href="#[24a]">&gt;&gt;</a>&nbsp;&nbsp;&nbsp;ihu_bsp_stm32_i2c_mpu6050_read_buffer
</UL>

<P><STRONG><a name="[1d2]"></a>DHT11_Delay</STRONG> (Thumb, 22 bytes, Stack size 0 bytes, bsp_dido.o(i.DHT11_Delay))
<BR><BR>[Called By]<UL><LI><a href="#[1d1]">&gt;&gt;</a>&nbsp;&nbsp;&nbsp;func_bsp_stm32_dido_dht11_read_byte
<LI><a href="#[1d3]">&gt;&gt;</a>&nbsp;&nbsp;&nbsp;func_bsp_stm32_dido_dht11_read_temp_and_humidity
</UL>

<P><STRONG><a name="[1cf]"></a>func_bsp_stm32_dido_dht11_mode_IPU</STRONG> (Thumb, 28 bytes, Stack size 24 bytes, bsp_dido.o(i.func_bsp_stm32_dido_dht11_mode_IPU))
<BR><BR>[Stack]<UL><LI>Max Depth = 64<LI>Call Chain = func_bsp_stm32_dido_dht11_mode_IPU &rArr; HAL_GPIO_Init
</UL>
<BR>[Calls]<UL><LI><a href="#[fb]">&gt;&gt;</a>&nbsp;&nbsp;&nbsp;HAL_GPIO_Init
</UL>
<BR>[Called By]<UL><LI><a href="#[1d3]">&gt;&gt;</a>&nbsp;&nbsp;&nbsp;func_bsp_stm32_dido_dht11_read_temp_and_humidity
</UL>

<P><STRONG><a name="[1d0]"></a>func_bsp_stm32_dido_dht11_mode_out_PP</STRONG> (Thumb, 28 bytes, Stack size 24 bytes, bsp_dido.o(i.func_bsp_stm32_dido_dht11_mode_out_PP))
<BR><BR>[Stack]<UL><LI>Max Depth = 64<LI>Call Chain = func_bsp_stm32_dido_dht11_mode_out_PP &rArr; HAL_GPIO_Init
</UL>
<BR>[Calls]<UL><LI><a href="#[fb]">&gt;&gt;</a>&nbsp;&nbsp;&nbsp;HAL_GPIO_Init
</UL>
<BR>[Called By]<UL><LI><a href="#[1dc]">&gt;&gt;</a>&nbsp;&nbsp;&nbsp;ihu_bsp_stm32_dido_f2board_dht11_init
<LI><a href="#[1d3]">&gt;&gt;</a>&nbsp;&nbsp;&nbsp;func_bsp_stm32_dido_dht11_read_temp_and_humidity
</UL>

<P><STRONG><a name="[1d1]"></a>func_bsp_stm32_dido_dht11_read_byte</STRONG> (Thumb, 92 bytes, Stack size 24 bytes, bsp_dido.o(i.func_bsp_stm32_dido_dht11_read_byte))
<BR><BR>[Stack]<UL><LI>Max Depth = 40<LI>Call Chain = func_bsp_stm32_dido_dht11_read_byte &rArr; HAL_GPIO_ReadPin
</UL>
<BR>[Calls]<UL><LI><a href="#[10d]">&gt;&gt;</a>&nbsp;&nbsp;&nbsp;HAL_GPIO_ReadPin
<LI><a href="#[1d2]">&gt;&gt;</a>&nbsp;&nbsp;&nbsp;DHT11_Delay
</UL>
<BR>[Called By]<UL><LI><a href="#[1d3]">&gt;&gt;</a>&nbsp;&nbsp;&nbsp;func_bsp_stm32_dido_dht11_read_temp_and_humidity
</UL>

<P><STRONG><a name="[182]"></a>_fp_digits</STRONG> (Thumb, 334 bytes, Stack size 56 bytes, printfa.o(i._fp_digits), UNUSED)
<BR><BR>[Calls]<UL><LI><a href="#[db]">&gt;&gt;</a>&nbsp;&nbsp;&nbsp;__aeabi_dmul
<LI><a href="#[dc]">&gt;&gt;</a>&nbsp;&nbsp;&nbsp;__aeabi_ddiv
<LI><a href="#[d4]">&gt;&gt;</a>&nbsp;&nbsp;&nbsp;__aeabi_dadd
<LI><a href="#[e1]">&gt;&gt;</a>&nbsp;&nbsp;&nbsp;__aeabi_uldivmod
<LI><a href="#[e5]">&gt;&gt;</a>&nbsp;&nbsp;&nbsp;__aeabi_d2ulz
<LI><a href="#[183]">&gt;&gt;</a>&nbsp;&nbsp;&nbsp;__aeabi_cdrcmple
</UL>
<BR>[Called By]<UL><LI><a href="#[17b]">&gt;&gt;</a>&nbsp;&nbsp;&nbsp;_printf_core
</UL>

<P><STRONG><a name="[17b]"></a>_printf_core</STRONG> (Thumb, 1744 bytes, Stack size 136 bytes, printfa.o(i._printf_core), UNUSED)
<BR><BR>[Calls]<UL><LI><a href="#[e1]">&gt;&gt;</a>&nbsp;&nbsp;&nbsp;__aeabi_uldivmod
<LI><a href="#[186]">&gt;&gt;</a>&nbsp;&nbsp;&nbsp;__aeabi_uidivmod
<LI><a href="#[184]">&gt;&gt;</a>&nbsp;&nbsp;&nbsp;_printf_pre_padding
<LI><a href="#[185]">&gt;&gt;</a>&nbsp;&nbsp;&nbsp;_printf_post_padding
<LI><a href="#[182]">&gt;&gt;</a>&nbsp;&nbsp;&nbsp;_fp_digits
</UL>
<BR>[Called By]<UL><LI><a href="#[17d]">&gt;&gt;</a>&nbsp;&nbsp;&nbsp;__0vsnprintf
<LI><a href="#[17c]">&gt;&gt;</a>&nbsp;&nbsp;&nbsp;__0sprintf
<LI><a href="#[17a]">&gt;&gt;</a>&nbsp;&nbsp;&nbsp;__0snprintf
</UL>

<P><STRONG><a name="[185]"></a>_printf_post_padding</STRONG> (Thumb, 36 bytes, Stack size 24 bytes, printfa.o(i._printf_post_padding), UNUSED)
<BR><BR>[Called By]<UL><LI><a href="#[17b]">&gt;&gt;</a>&nbsp;&nbsp;&nbsp;_printf_core
</UL>

<P><STRONG><a name="[184]"></a>_printf_pre_padding</STRONG> (Thumb, 46 bytes, Stack size 24 bytes, printfa.o(i._printf_pre_padding), UNUSED)
<BR><BR>[Called By]<UL><LI><a href="#[17b]">&gt;&gt;</a>&nbsp;&nbsp;&nbsp;_printf_core
</UL>

<P><STRONG><a name="[b9]"></a>_snputc</STRONG> (Thumb, 22 bytes, Stack size 0 bytes, printfa.o(i._snputc))
<BR>[Address Reference Count : 2]<UL><LI> printfa.o(i.__0vsnprintf)
<LI> printfa.o(i.__0snprintf)
</UL>
<P><STRONG><a name="[ba]"></a>_sputc</STRONG> (Thumb, 10 bytes, Stack size 0 bytes, printfa.o(i._sputc))
<BR><BR>[Called By]<UL><LI><a href="#[17c]">&gt;&gt;</a>&nbsp;&nbsp;&nbsp;__0sprintf
</UL>
<BR>[Address Reference Count : 1]<UL><LI> printfa.o(i.__0sprintf)
</UL><P>
<H3>
Undefined Global Symbols
</H3><HR></body></html>
