<!doctype html public "-//w3c//dtd html 4.0 transitional//en">
<html><head>
<title>Static Call Graph - [PrjCclFo@207VC\PrjCclFo@207VC.axf]</title></head>
<body><HR>
<H1>Static Call Graph for image PrjCclFo@207VC\PrjCclFo@207VC.axf</H1><HR>
<BR><P>#&#060CALLGRAPH&#062# ARM Linker, 5060061: Last Updated: Thu Dec 15 14:56:01 2016
<BR><P>
<H3>Maximum Stack Usage =       1184 bytes + Unknown(Cycles, Untraceable Function Pointers)</H3><H3>
Call chain for Maximum Stack Depth:</H3>
UART4_IRQHandler &rArr; HAL_UART_IRQHandler &rArr; UART_Receive_IT &rArr; HAL_UART_RxCpltCallback &rArr; ihu_message_send &rArr; ihu_msgid_to_string &rArr; IhuErrorPrintFo &rArr; xQueueTakeMutexRecursive &rArr; xQueueGenericReceive &rArr; xTaskResumeAll &rArr; xTaskIncrementTick
<P>
<H3>
Mutually Recursive functions
</H3> <LI><a href="#[6e]">ADC_IRQHandler</a>&nbsp;&nbsp;&nbsp;&rArr;&nbsp;&nbsp;&nbsp;<a href="#[6e]">ADC_IRQHandler</a><BR>
</UL>
<P>
<H3>
Function Pointers
</H3><UL>
 <LI><a href="#[6e]">ADC_IRQHandler</a> from startup_stm32f207xx.o(.text) referenced from startup_stm32f207xx.o(RESET)
 <LI><a href="#[af]">BSP_SPI_rx_isr</a> from bsp_spi.o(i.BSP_SPI_rx_isr) referenced from bsp_spi.o(i.BSP_SPI_slave_hw_init)
 <LI><a href="#[b0]">BSP_SPI_tx_isr</a> from bsp_spi.o(i.BSP_SPI_tx_isr) referenced from bsp_spi.o(i.BSP_SPI_slave_hw_init)
 <LI><a href="#[56]">BusFault_Handler</a> from stm32f2xx_it.o(i.BusFault_Handler) referenced from startup_stm32f207xx.o(RESET)
 <LI><a href="#[70]">CAN1_RX0_IRQHandler</a> from stm32f2xx_it.o(i.CAN1_RX0_IRQHandler) referenced from startup_stm32f207xx.o(RESET)
 <LI><a href="#[71]">CAN1_RX1_IRQHandler</a> from stm32f2xx_it.o(i.CAN1_RX1_IRQHandler) referenced from startup_stm32f207xx.o(RESET)
 <LI><a href="#[72]">CAN1_SCE_IRQHandler</a> from stm32f2xx_it.o(i.CAN1_SCE_IRQHandler) referenced from startup_stm32f207xx.o(RESET)
 <LI><a href="#[6f]">CAN1_TX_IRQHandler</a> from stm32f2xx_it.o(i.CAN1_TX_IRQHandler) referenced from startup_stm32f207xx.o(RESET)
 <LI><a href="#[9c]">CAN2_RX0_IRQHandler</a> from stm32f2xx_it.o(i.CAN2_RX0_IRQHandler) referenced from startup_stm32f207xx.o(RESET)
 <LI><a href="#[9d]">CAN2_RX1_IRQHandler</a> from stm32f2xx_it.o(i.CAN2_RX1_IRQHandler) referenced from startup_stm32f207xx.o(RESET)
 <LI><a href="#[9e]">CAN2_SCE_IRQHandler</a> from stm32f2xx_it.o(i.CAN2_SCE_IRQHandler) referenced from startup_stm32f207xx.o(RESET)
 <LI><a href="#[9b]">CAN2_TX_IRQHandler</a> from stm32f2xx_it.o(i.CAN2_TX_IRQHandler) referenced from startup_stm32f207xx.o(RESET)
 <LI><a href="#[c1]">Callback01</a> from main.o(i.Callback01) referenced from main.o(.constdata)
 <LI><a href="#[aa]">DCMI_IRQHandler</a> from startup_stm32f207xx.o(.text) referenced from startup_stm32f207xx.o(RESET)
 <LI><a href="#[67]">DMA1_Stream0_IRQHandler</a> from startup_stm32f207xx.o(.text) referenced from startup_stm32f207xx.o(RESET)
 <LI><a href="#[68]">DMA1_Stream1_IRQHandler</a> from startup_stm32f207xx.o(.text) referenced from startup_stm32f207xx.o(RESET)
 <LI><a href="#[69]">DMA1_Stream2_IRQHandler</a> from startup_stm32f207xx.o(.text) referenced from startup_stm32f207xx.o(RESET)
 <LI><a href="#[6a]">DMA1_Stream3_IRQHandler</a> from stm32f2xx_it.o(i.DMA1_Stream3_IRQHandler) referenced from startup_stm32f207xx.o(RESET)
 <LI><a href="#[6b]">DMA1_Stream4_IRQHandler</a> from stm32f2xx_it.o(i.DMA1_Stream4_IRQHandler) referenced from startup_stm32f207xx.o(RESET)
 <LI><a href="#[6c]">DMA1_Stream5_IRQHandler</a> from startup_stm32f207xx.o(.text) referenced from startup_stm32f207xx.o(RESET)
 <LI><a href="#[6d]">DMA1_Stream6_IRQHandler</a> from startup_stm32f207xx.o(.text) referenced from startup_stm32f207xx.o(RESET)
 <LI><a href="#[8b]">DMA1_Stream7_IRQHandler</a> from startup_stm32f207xx.o(.text) referenced from startup_stm32f207xx.o(RESET)
 <LI><a href="#[94]">DMA2_Stream0_IRQHandler</a> from stm32f2xx_it.o(i.DMA2_Stream0_IRQHandler) referenced from startup_stm32f207xx.o(RESET)
 <LI><a href="#[95]">DMA2_Stream1_IRQHandler</a> from startup_stm32f207xx.o(.text) referenced from startup_stm32f207xx.o(RESET)
 <LI><a href="#[96]">DMA2_Stream2_IRQHandler</a> from startup_stm32f207xx.o(.text) referenced from startup_stm32f207xx.o(RESET)
 <LI><a href="#[97]">DMA2_Stream3_IRQHandler</a> from stm32f2xx_it.o(i.DMA2_Stream3_IRQHandler) referenced from startup_stm32f207xx.o(RESET)
 <LI><a href="#[98]">DMA2_Stream4_IRQHandler</a> from startup_stm32f207xx.o(.text) referenced from startup_stm32f207xx.o(RESET)
 <LI><a href="#[a0]">DMA2_Stream5_IRQHandler</a> from startup_stm32f207xx.o(.text) referenced from startup_stm32f207xx.o(RESET)
 <LI><a href="#[a1]">DMA2_Stream6_IRQHandler</a> from startup_stm32f207xx.o(.text) referenced from startup_stm32f207xx.o(RESET)
 <LI><a href="#[a2]">DMA2_Stream7_IRQHandler</a> from startup_stm32f207xx.o(.text) referenced from startup_stm32f207xx.o(RESET)
 <LI><a href="#[59]">DebugMon_Handler</a> from stm32f2xx_it.o(i.DebugMon_Handler) referenced from startup_stm32f207xx.o(RESET)
 <LI><a href="#[99]">ETH_IRQHandler</a> from startup_stm32f207xx.o(.text) referenced from startup_stm32f207xx.o(RESET)
 <LI><a href="#[9a]">ETH_WKUP_IRQHandler</a> from startup_stm32f207xx.o(.text) referenced from startup_stm32f207xx.o(RESET)
 <LI><a href="#[62]">EXTI0_IRQHandler</a> from startup_stm32f207xx.o(.text) referenced from startup_stm32f207xx.o(RESET)
 <LI><a href="#[84]">EXTI15_10_IRQHandler</a> from startup_stm32f207xx.o(.text) referenced from startup_stm32f207xx.o(RESET)
 <LI><a href="#[63]">EXTI1_IRQHandler</a> from startup_stm32f207xx.o(.text) referenced from startup_stm32f207xx.o(RESET)
 <LI><a href="#[64]">EXTI2_IRQHandler</a> from startup_stm32f207xx.o(.text) referenced from startup_stm32f207xx.o(RESET)
 <LI><a href="#[65]">EXTI3_IRQHandler</a> from startup_stm32f207xx.o(.text) referenced from startup_stm32f207xx.o(RESET)
 <LI><a href="#[66]">EXTI4_IRQHandler</a> from startup_stm32f207xx.o(.text) referenced from startup_stm32f207xx.o(RESET)
 <LI><a href="#[73]">EXTI9_5_IRQHandler</a> from startup_stm32f207xx.o(.text) referenced from startup_stm32f207xx.o(RESET)
 <LI><a href="#[60]">FLASH_IRQHandler</a> from startup_stm32f207xx.o(.text) referenced from startup_stm32f207xx.o(RESET)
 <LI><a href="#[8c]">FSMC_IRQHandler</a> from startup_stm32f207xx.o(.text) referenced from startup_stm32f207xx.o(RESET)
 <LI><a href="#[bd]">FsmProcessingLaunch</a> from vmfreeoslayer.o(i.FsmProcessingLaunch) referenced from vmfreeoslayer.o(i.ihu_task_create_and_run)
 <LI><a href="#[ab]">HASH_RNG_IRQHandler</a> from startup_stm32f207xx.o(.text) referenced from startup_stm32f207xx.o(RESET)
 <LI><a href="#[54]">HardFault_Handler</a> from stm32f2xx_it.o(i.HardFault_Handler) referenced from startup_stm32f207xx.o(RESET)
 <LI><a href="#[7c]">I2C1_ER_IRQHandler</a> from stm32f2xx_it.o(i.I2C1_ER_IRQHandler) referenced from startup_stm32f207xx.o(RESET)
 <LI><a href="#[7b]">I2C1_EV_IRQHandler</a> from stm32f2xx_it.o(i.I2C1_EV_IRQHandler) referenced from startup_stm32f207xx.o(RESET)
 <LI><a href="#[7e]">I2C2_ER_IRQHandler</a> from startup_stm32f207xx.o(.text) referenced from startup_stm32f207xx.o(RESET)
 <LI><a href="#[7d]">I2C2_EV_IRQHandler</a> from startup_stm32f207xx.o(.text) referenced from startup_stm32f207xx.o(RESET)
 <LI><a href="#[a5]">I2C3_ER_IRQHandler</a> from startup_stm32f207xx.o(.text) referenced from startup_stm32f207xx.o(RESET)
 <LI><a href="#[a4]">I2C3_EV_IRQHandler</a> from startup_stm32f207xx.o(.text) referenced from startup_stm32f207xx.o(RESET)
 <LI><a href="#[b9]">I2C_DMAAbort</a> from stm32f2xx_hal_i2c.o(i.I2C_DMAAbort) referenced from stm32f2xx_hal_i2c.o(i.I2C_ITError)
 <LI><a href="#[55]">MemManage_Handler</a> from stm32f2xx_it.o(i.MemManage_Handler) referenced from startup_stm32f207xx.o(RESET)
 <LI><a href="#[53]">NMI_Handler</a> from stm32f2xx_it.o(i.NMI_Handler) referenced from startup_stm32f207xx.o(RESET)
 <LI><a href="#[9f]">OTG_FS_IRQHandler</a> from startup_stm32f207xx.o(.text) referenced from startup_stm32f207xx.o(RESET)
 <LI><a href="#[86]">OTG_FS_WKUP_IRQHandler</a> from startup_stm32f207xx.o(.text) referenced from startup_stm32f207xx.o(RESET)
 <LI><a href="#[a7]">OTG_HS_EP1_IN_IRQHandler</a> from startup_stm32f207xx.o(.text) referenced from startup_stm32f207xx.o(RESET)
 <LI><a href="#[a6]">OTG_HS_EP1_OUT_IRQHandler</a> from startup_stm32f207xx.o(.text) referenced from startup_stm32f207xx.o(RESET)
 <LI><a href="#[a9]">OTG_HS_IRQHandler</a> from startup_stm32f207xx.o(.text) referenced from startup_stm32f207xx.o(RESET)
 <LI><a href="#[a8]">OTG_HS_WKUP_IRQHandler</a> from startup_stm32f207xx.o(.text) referenced from startup_stm32f207xx.o(RESET)
 <LI><a href="#[5d]">PVD_IRQHandler</a> from startup_stm32f207xx.o(.text) referenced from startup_stm32f207xx.o(RESET)
 <LI><a href="#[5a]">PendSV_Handler</a> from port.o(.emb_text) referenced from startup_stm32f207xx.o(RESET)
 <LI><a href="#[61]">RCC_IRQHandler</a> from startup_stm32f207xx.o(.text) referenced from startup_stm32f207xx.o(RESET)
 <LI><a href="#[85]">RTC_Alarm_IRQHandler</a> from startup_stm32f207xx.o(.text) referenced from startup_stm32f207xx.o(RESET)
 <LI><a href="#[5f]">RTC_WKUP_IRQHandler</a> from startup_stm32f207xx.o(.text) referenced from startup_stm32f207xx.o(RESET)
 <LI><a href="#[52]">Reset_Handler</a> from startup_stm32f207xx.o(.text) referenced from startup_stm32f207xx.o(RESET)
 <LI><a href="#[8d]">SDIO_IRQHandler</a> from startup_stm32f207xx.o(.text) referenced from startup_stm32f207xx.o(RESET)
 <LI><a href="#[7f]">SPI1_IRQHandler</a> from startup_stm32f207xx.o(.text) referenced from startup_stm32f207xx.o(RESET)
 <LI><a href="#[80]">SPI2_IRQHandler</a> from stm32f2xx_it.o(i.SPI2_IRQHandler) referenced from startup_stm32f207xx.o(RESET)
 <LI><a href="#[8f]">SPI3_IRQHandler</a> from startup_stm32f207xx.o(.text) referenced from startup_stm32f207xx.o(RESET)
 <LI><a href="#[b4]">SPI_2linesRxISR_16BIT</a> from stm32f2xx_hal_spi.o(i.SPI_2linesRxISR_16BIT) referenced from stm32f2xx_hal_spi.o(i.HAL_SPI_TransmitReceive_IT)
 <LI><a href="#[b6]">SPI_2linesRxISR_8BIT</a> from stm32f2xx_hal_spi.o(i.SPI_2linesRxISR_8BIT) referenced from stm32f2xx_hal_spi.o(i.HAL_SPI_TransmitReceive_IT)
 <LI><a href="#[b5]">SPI_2linesTxISR_16BIT</a> from stm32f2xx_hal_spi.o(i.SPI_2linesTxISR_16BIT) referenced from stm32f2xx_hal_spi.o(i.HAL_SPI_TransmitReceive_IT)
 <LI><a href="#[b7]">SPI_2linesTxISR_8BIT</a> from stm32f2xx_hal_spi.o(i.SPI_2linesTxISR_8BIT) referenced from stm32f2xx_hal_spi.o(i.HAL_SPI_TransmitReceive_IT)
 <LI><a href="#[b1]">SPI_DMAAbortOnError</a> from stm32f2xx_hal_spi.o(i.SPI_DMAAbortOnError) referenced from stm32f2xx_hal_spi.o(i.HAL_SPI_IRQHandler)
 <LI><a href="#[b2]">SPI_RxISR_16BIT</a> from stm32f2xx_hal_spi.o(i.SPI_RxISR_16BIT) referenced from stm32f2xx_hal_spi.o(i.HAL_SPI_Receive_IT)
 <LI><a href="#[b3]">SPI_RxISR_8BIT</a> from stm32f2xx_hal_spi.o(i.SPI_RxISR_8BIT) referenced from stm32f2xx_hal_spi.o(i.HAL_SPI_Receive_IT)
 <LI><a href="#[58]">SVC_Handler</a> from port.o(.emb_text) referenced from startup_stm32f207xx.o(RESET)
 <LI><a href="#[c2]">StartDefaultTask</a> from main.o(i.StartDefaultTask) referenced from main.o(.constdata)
 <LI><a href="#[c3]">StartTask02</a> from main.o(i.StartTask02) referenced from main.o(.constdata)
 <LI><a href="#[5b]">SysTick_Handler</a> from stm32f2xx_it.o(i.SysTick_Handler) referenced from startup_stm32f207xx.o(RESET)
 <LI><a href="#[ad]">SystemInit</a> from system_stm32f2xx.o(i.SystemInit) referenced from startup_stm32f207xx.o(.text)
 <LI><a href="#[5e]">TAMP_STAMP_IRQHandler</a> from startup_stm32f207xx.o(.text) referenced from startup_stm32f207xx.o(RESET)
 <LI><a href="#[74]">TIM1_BRK_TIM9_IRQHandler</a> from startup_stm32f207xx.o(.text) referenced from startup_stm32f207xx.o(RESET)
 <LI><a href="#[77]">TIM1_CC_IRQHandler</a> from startup_stm32f207xx.o(.text) referenced from startup_stm32f207xx.o(RESET)
 <LI><a href="#[76]">TIM1_TRG_COM_TIM11_IRQHandler</a> from startup_stm32f207xx.o(.text) referenced from startup_stm32f207xx.o(RESET)
 <LI><a href="#[75]">TIM1_UP_TIM10_IRQHandler</a> from stm32f2xx_it.o(i.TIM1_UP_TIM10_IRQHandler) referenced from startup_stm32f207xx.o(RESET)
 <LI><a href="#[78]">TIM2_IRQHandler</a> from startup_stm32f207xx.o(.text) referenced from startup_stm32f207xx.o(RESET)
 <LI><a href="#[79]">TIM3_IRQHandler</a> from startup_stm32f207xx.o(.text) referenced from startup_stm32f207xx.o(RESET)
 <LI><a href="#[7a]">TIM4_IRQHandler</a> from startup_stm32f207xx.o(.text) referenced from startup_stm32f207xx.o(RESET)
 <LI><a href="#[8e]">TIM5_IRQHandler</a> from startup_stm32f207xx.o(.text) referenced from startup_stm32f207xx.o(RESET)
 <LI><a href="#[92]">TIM6_DAC_IRQHandler</a> from startup_stm32f207xx.o(.text) referenced from startup_stm32f207xx.o(RESET)
 <LI><a href="#[93]">TIM7_IRQHandler</a> from startup_stm32f207xx.o(.text) referenced from startup_stm32f207xx.o(RESET)
 <LI><a href="#[87]">TIM8_BRK_TIM12_IRQHandler</a> from startup_stm32f207xx.o(.text) referenced from startup_stm32f207xx.o(RESET)
 <LI><a href="#[8a]">TIM8_CC_IRQHandler</a> from startup_stm32f207xx.o(.text) referenced from startup_stm32f207xx.o(RESET)
 <LI><a href="#[89]">TIM8_TRG_COM_TIM14_IRQHandler</a> from startup_stm32f207xx.o(.text) referenced from startup_stm32f207xx.o(RESET)
 <LI><a href="#[88]">TIM8_UP_TIM13_IRQHandler</a> from startup_stm32f207xx.o(.text) referenced from startup_stm32f207xx.o(RESET)
 <LI><a href="#[90]">UART4_IRQHandler</a> from stm32f2xx_it.o(i.UART4_IRQHandler) referenced from startup_stm32f207xx.o(RESET)
 <LI><a href="#[91]">UART5_IRQHandler</a> from stm32f2xx_it.o(i.UART5_IRQHandler) referenced from startup_stm32f207xx.o(RESET)
 <LI><a href="#[b8]">UART_DMAAbortOnError</a> from stm32f2xx_hal_uart.o(i.UART_DMAAbortOnError) referenced from stm32f2xx_hal_uart.o(i.HAL_UART_IRQHandler)
 <LI><a href="#[81]">USART1_IRQHandler</a> from stm32f2xx_it.o(i.USART1_IRQHandler) referenced from startup_stm32f207xx.o(RESET)
 <LI><a href="#[82]">USART2_IRQHandler</a> from stm32f2xx_it.o(i.USART2_IRQHandler) referenced from startup_stm32f207xx.o(RESET)
 <LI><a href="#[83]">USART3_IRQHandler</a> from stm32f2xx_it.o(i.USART3_IRQHandler) referenced from startup_stm32f207xx.o(RESET)
 <LI><a href="#[a3]">USART6_IRQHandler</a> from stm32f2xx_it.o(i.USART6_IRQHandler) referenced from startup_stm32f207xx.o(RESET)
 <LI><a href="#[57]">UsageFault_Handler</a> from stm32f2xx_it.o(i.UsageFault_Handler) referenced from startup_stm32f207xx.o(RESET)
 <LI><a href="#[5c]">WWDG_IRQHandler</a> from startup_stm32f207xx.o(.text) referenced from startup_stm32f207xx.o(RESET)
 <LI><a href="#[ae]">__main</a> from entry.o(.ARM.Collect$$$$00000000) referenced from startup_stm32f207xx.o(.text)
 <LI><a href="#[ba]">_snputc</a> from printfa.o(i._snputc) referenced from printfa.o(i.__0snprintf)
 <LI><a href="#[ba]">_snputc</a> from printfa.o(i._snputc) referenced from printfa.o(i.__0vsnprintf)
 <LI><a href="#[bb]">_sputc</a> from printfa.o(i._sputc) referenced from printfa.o(i.__0sprintf)
 <LI><a href="#[d]">fsm_adclibra_init</a> from l2adclibra.o(i.fsm_adclibra_init) referenced 2 times from l2adclibra.o(.data)
 <LI><a href="#[e]">fsm_adclibra_restart</a> from l2adclibra.o(i.fsm_adclibra_restart) referenced 6 times from l2adclibra.o(.data)
 <LI><a href="#[f]">fsm_adclibra_stop_rcv</a> from l2adclibra.o(i.fsm_adclibra_stop_rcv) referenced 4 times from l2adclibra.o(.data)
 <LI><a href="#[c]">fsm_adclibra_task_entry</a> from l2adclibra.o(i.fsm_adclibra_task_entry) referenced 2 times from l2adclibra.o(.data)
 <LI><a href="#[10]">fsm_adclibra_time_out</a> from l2adclibra.o(i.fsm_adclibra_time_out) referenced 2 times from l2adclibra.o(.data)
 <LI><a href="#[3a]">fsm_canvela_init</a> from l2canvela.o(i.fsm_canvela_init) referenced 2 times from l2canvela.o(.data)
 <LI><a href="#[3b]">fsm_canvela_restart</a> from l2canvela.o(i.fsm_canvela_restart) referenced 6 times from l2canvela.o(.data)
 <LI><a href="#[3c]">fsm_canvela_stop_rcv</a> from l2canvela.o(i.fsm_canvela_stop_rcv) referenced 4 times from l2canvela.o(.data)
 <LI><a href="#[39]">fsm_canvela_task_entry</a> from l2canvela.o(i.fsm_canvela_task_entry) referenced 2 times from l2canvela.o(.data)
 <LI><a href="#[3d]">fsm_canvela_time_out</a> from l2canvela.o(i.fsm_canvela_time_out) referenced 4 times from l2canvela.o(.data)
 <LI><a href="#[4e]">fsm_ccl_dcmi_sensor_status_resp</a> from l3ccl.o(i.fsm_ccl_dcmi_sensor_status_resp) referenced 2 times from l3ccl.o(.data)
 <LI><a href="#[50]">fsm_ccl_dido_door_open_event</a> from l3ccl.o(i.fsm_ccl_dido_door_open_event) referenced 2 times from l3ccl.o(.data)
 <LI><a href="#[4b]">fsm_ccl_dido_sensor_status_resp</a> from l3ccl.o(i.fsm_ccl_dido_sensor_status_resp) referenced 2 times from l3ccl.o(.data)
 <LI><a href="#[4d]">fsm_ccl_i2c_sensor_status_resp</a> from l3ccl.o(i.fsm_ccl_i2c_sensor_status_resp) referenced 2 times from l3ccl.o(.data)
 <LI><a href="#[46]">fsm_ccl_init</a> from l3ccl.o(i.fsm_ccl_init) referenced 2 times from l3ccl.o(.data)
 <LI><a href="#[51]">fsm_ccl_lock_and_door_close_event</a> from l3ccl.o(i.fsm_ccl_lock_and_door_close_event) referenced 4 times from l3ccl.o(.data)
 <LI><a href="#[47]">fsm_ccl_restart</a> from l3ccl.o(i.fsm_ccl_restart) referenced 18 times from l3ccl.o(.data)
 <LI><a href="#[4a]">fsm_ccl_sps_cloud_fb</a> from l3ccl.o(i.fsm_ccl_sps_cloud_fb) referenced 6 times from l3ccl.o(.data)
 <LI><a href="#[4f]">fsm_ccl_sps_event_report_cfm</a> from l3ccl.o(i.fsm_ccl_sps_event_report_cfm) referenced 2 times from l3ccl.o(.data)
 <LI><a href="#[4c]">fsm_ccl_sps_sensor_status_resp</a> from l3ccl.o(i.fsm_ccl_sps_sensor_status_resp) referenced 2 times from l3ccl.o(.data)
 <LI><a href="#[48]">fsm_ccl_stop_rcv</a> from l3ccl.o(i.fsm_ccl_stop_rcv) referenced 4 times from l3ccl.o(.data)
 <LI><a href="#[45]">fsm_ccl_task_entry</a> from l3ccl.o(i.fsm_ccl_task_entry) referenced 2 times from l3ccl.o(.data)
 <LI><a href="#[49]">fsm_ccl_time_out</a> from l3ccl.o(i.fsm_ccl_time_out) referenced 14 times from l3ccl.o(.data)
 <LI><a href="#[3]">fsm_com_do_nothing</a> from vmfreeoslayer.o(i.fsm_com_do_nothing) referenced 4 times from l1timer_freeos.o(.data)
 <LI><a href="#[44]">fsm_dcmiaris_ccl_ctrl_cmd</a> from l2dcmiaris.o(i.fsm_dcmiaris_ccl_ctrl_cmd) referenced 2 times from l2dcmiaris.o(.data)
 <LI><a href="#[43]">fsm_dcmiaris_ccl_sensor_status_req</a> from l2dcmiaris.o(i.fsm_dcmiaris_ccl_sensor_status_req) referenced 2 times from l2dcmiaris.o(.data)
 <LI><a href="#[3f]">fsm_dcmiaris_init</a> from l2dcmiaris.o(i.fsm_dcmiaris_init) referenced 2 times from l2dcmiaris.o(.data)
 <LI><a href="#[40]">fsm_dcmiaris_restart</a> from l2dcmiaris.o(i.fsm_dcmiaris_restart) referenced 6 times from l2dcmiaris.o(.data)
 <LI><a href="#[41]">fsm_dcmiaris_stop_rcv</a> from l2dcmiaris.o(i.fsm_dcmiaris_stop_rcv) referenced 4 times from l2dcmiaris.o(.data)
 <LI><a href="#[3e]">fsm_dcmiaris_task_entry</a> from l2dcmiaris.o(i.fsm_dcmiaris_task_entry) referenced 2 times from l2dcmiaris.o(.data)
 <LI><a href="#[42]">fsm_dcmiaris_time_out</a> from l2dcmiaris.o(i.fsm_dcmiaris_time_out) referenced 2 times from l2dcmiaris.o(.data)
 <LI><a href="#[17]">fsm_didocap_ccl_ctrl_cmd</a> from l2didocap.o(i.fsm_didocap_ccl_ctrl_cmd) referenced 2 times from l2didocap.o(.data)
 <LI><a href="#[16]">fsm_didocap_ccl_sensor_status_req</a> from l2didocap.o(i.fsm_didocap_ccl_sensor_status_req) referenced 2 times from l2didocap.o(.data)
 <LI><a href="#[12]">fsm_didocap_init</a> from l2didocap.o(i.fsm_didocap_init) referenced 2 times from l2didocap.o(.data)
 <LI><a href="#[13]">fsm_didocap_restart</a> from l2didocap.o(i.fsm_didocap_restart) referenced 6 times from l2didocap.o(.data)
 <LI><a href="#[14]">fsm_didocap_stop_rcv</a> from l2didocap.o(i.fsm_didocap_stop_rcv) referenced 4 times from l2didocap.o(.data)
 <LI><a href="#[11]">fsm_didocap_task_entry</a> from l2didocap.o(i.fsm_didocap_task_entry) referenced 2 times from l2didocap.o(.data)
 <LI><a href="#[15]">fsm_didocap_time_out</a> from l2didocap.o(i.fsm_didocap_time_out) referenced 2 times from l2didocap.o(.data)
 <LI><a href="#[19]">fsm_ethorion_init</a> from l2ethorion.o(i.fsm_ethorion_init) referenced 2 times from l2ethorion.o(.data)
 <LI><a href="#[1a]">fsm_ethorion_restart</a> from l2ethorion.o(i.fsm_ethorion_restart) referenced 6 times from l2ethorion.o(.data)
 <LI><a href="#[1b]">fsm_ethorion_stop_rcv</a> from l2ethorion.o(i.fsm_ethorion_stop_rcv) referenced 4 times from l2ethorion.o(.data)
 <LI><a href="#[18]">fsm_ethorion_task_entry</a> from l2ethorion.o(i.fsm_ethorion_task_entry) referenced 2 times from l2ethorion.o(.data)
 <LI><a href="#[1c]">fsm_ethorion_time_out</a> from l2ethorion.o(i.fsm_ethorion_time_out) referenced 2 times from l2ethorion.o(.data)
 <LI><a href="#[23]">fsm_i2caries_ccl_ctrl_cmd</a> from l2i2caries.o(i.fsm_i2caries_ccl_ctrl_cmd) referenced 2 times from l2i2caries.o(.data)
 <LI><a href="#[22]">fsm_i2caries_ccl_sensor_status_req</a> from l2i2caries.o(i.fsm_i2caries_ccl_sensor_status_req) referenced 2 times from l2i2caries.o(.data)
 <LI><a href="#[1e]">fsm_i2caries_init</a> from l2i2caries.o(i.fsm_i2caries_init) referenced 2 times from l2i2caries.o(.data)
 <LI><a href="#[1f]">fsm_i2caries_restart</a> from l2i2caries.o(i.fsm_i2caries_restart) referenced 6 times from l2i2caries.o(.data)
 <LI><a href="#[20]">fsm_i2caries_stop_rcv</a> from l2i2caries.o(i.fsm_i2caries_stop_rcv) referenced 4 times from l2i2caries.o(.data)
 <LI><a href="#[1d]">fsm_i2caries_task_entry</a> from l2i2caries.o(i.fsm_i2caries_task_entry) referenced 2 times from l2i2caries.o(.data)
 <LI><a href="#[21]">fsm_i2caries_time_out</a> from l2i2caries.o(i.fsm_i2caries_time_out) referenced 2 times from l2i2caries.o(.data)
 <LI><a href="#[25]">fsm_ledpisces_init</a> from l2ledpisces.o(i.fsm_ledpisces_init) referenced 2 times from l2ledpisces.o(.data)
 <LI><a href="#[26]">fsm_ledpisces_restart</a> from l2ledpisces.o(i.fsm_ledpisces_restart) referenced 6 times from l2ledpisces.o(.data)
 <LI><a href="#[27]">fsm_ledpisces_stop_rcv</a> from l2ledpisces.o(i.fsm_ledpisces_stop_rcv) referenced 4 times from l2ledpisces.o(.data)
 <LI><a href="#[24]">fsm_ledpisces_task_entry</a> from l2ledpisces.o(i.fsm_ledpisces_task_entry) referenced 2 times from l2ledpisces.o(.data)
 <LI><a href="#[28]">fsm_ledpisces_time_out</a> from l2ledpisces.o(i.fsm_ledpisces_time_out) referenced 2 times from l2ledpisces.o(.data)
 <LI><a href="#[2a]">fsm_spileo_init</a> from l2spileo.o(i.fsm_spileo_init) referenced 2 times from l2spileo.o(.data)
 <LI><a href="#[2e]">fsm_spileo_l2frame_rcv</a> from l2spileo.o(i.fsm_spileo_l2frame_rcv) referenced 2 times from l2spileo.o(.data)
 <LI><a href="#[2b]">fsm_spileo_restart</a> from l2spileo.o(i.fsm_spileo_restart) referenced 6 times from l2spileo.o(.data)
 <LI><a href="#[2c]">fsm_spileo_stop_rcv</a> from l2spileo.o(i.fsm_spileo_stop_rcv) referenced 4 times from l2spileo.o(.data)
 <LI><a href="#[29]">fsm_spileo_task_entry</a> from l2spileo.o(i.fsm_spileo_task_entry) referenced 2 times from l2spileo.o(.data)
 <LI><a href="#[2d]">fsm_spileo_time_out</a> from l2spileo.o(i.fsm_spileo_time_out) referenced 2 times from l2spileo.o(.data)
 <LI><a href="#[38]">fsm_spsvirgo_ccl_ctrl_cmd</a> from l2spsvirgo.o(i.fsm_spsvirgo_ccl_ctrl_cmd) referenced 2 times from l2spsvirgo.o(.data)
 <LI><a href="#[37]">fsm_spsvirgo_ccl_event_report_send</a> from l2spsvirgo.o(i.fsm_spsvirgo_ccl_event_report_send) referenced 2 times from l2spsvirgo.o(.data)
 <LI><a href="#[35]">fsm_spsvirgo_ccl_open_auth_inq</a> from l2spsvirgo.o(i.fsm_spsvirgo_ccl_open_auth_inq) referenced 2 times from l2spsvirgo.o(.data)
 <LI><a href="#[36]">fsm_spsvirgo_ccl_sensor_status_req</a> from l2spsvirgo.o(i.fsm_spsvirgo_ccl_sensor_status_req) referenced 2 times from l2spsvirgo.o(.data)
 <LI><a href="#[30]">fsm_spsvirgo_init</a> from l2spsvirgo.o(i.fsm_spsvirgo_init) referenced 2 times from l2spsvirgo.o(.data)
 <LI><a href="#[34]">fsm_spsvirgo_l2frame_rcv</a> from l2spsvirgo.o(i.fsm_spsvirgo_l2frame_rcv) referenced 2 times from l2spsvirgo.o(.data)
 <LI><a href="#[31]">fsm_spsvirgo_restart</a> from l2spsvirgo.o(i.fsm_spsvirgo_restart) referenced 8 times from l2spsvirgo.o(.data)
 <LI><a href="#[32]">fsm_spsvirgo_stop_rcv</a> from l2spsvirgo.o(i.fsm_spsvirgo_stop_rcv) referenced 2 times from l2spsvirgo.o(.data)
 <LI><a href="#[2f]">fsm_spsvirgo_task_entry</a> from l2spsvirgo.o(i.fsm_spsvirgo_task_entry) referenced 2 times from l2spsvirgo.o(.data)
 <LI><a href="#[33]">fsm_spsvirgo_time_out</a> from l2spsvirgo.o(i.fsm_spsvirgo_time_out) referenced 2 times from l2spsvirgo.o(.data)
 <LI><a href="#[1]">fsm_timer_init</a> from l1timer_freeos.o(i.fsm_timer_init) referenced 2 times from l1timer_freeos.o(.data)
 <LI><a href="#[2]">fsm_timer_restart</a> from l1timer_freeos.o(i.fsm_timer_restart) referenced 4 times from l1timer_freeos.o(.data)
 <LI><a href="#[4]">fsm_timer_stop_rcv</a> from l1timer_freeos.o(i.fsm_timer_stop_rcv) referenced 2 times from l1timer_freeos.o(.data)
 <LI><a href="#[0]">fsm_timer_task_entry</a> from l1timer_freeos.o(i.fsm_timer_task_entry) referenced 2 times from l1timer_freeos.o(.data)
 <LI><a href="#[b]">fsm_vmfo_heart_beat</a> from l1vmfo.o(i.fsm_vmfo_heart_beat) referenced 2 times from l1vmfo.o(.data)
 <LI><a href="#[6]">fsm_vmfo_init</a> from l1vmfo.o(i.fsm_vmfo_init) referenced 2 times from l1vmfo.o(.data)
 <LI><a href="#[a]">fsm_vmfo_init_fb</a> from l1vmfo.o(i.fsm_vmfo_init_fb) referenced 2 times from l1vmfo.o(.data)
 <LI><a href="#[7]">fsm_vmfo_restart</a> from l1vmfo.o(i.fsm_vmfo_restart) referenced 6 times from l1vmfo.o(.data)
 <LI><a href="#[8]">fsm_vmfo_stop_rcv</a> from l1vmfo.o(i.fsm_vmfo_stop_rcv) referenced 4 times from l1vmfo.o(.data)
 <LI><a href="#[5]">fsm_vmfo_task_entry</a> from l1vmfo.o(i.fsm_vmfo_task_entry) referenced 2 times from l1vmfo.o(.data)
 <LI><a href="#[9]">fsm_vmfo_time_out</a> from l1vmfo.o(i.fsm_vmfo_time_out) referenced 2 times from l1vmfo.o(.data)
 <LI><a href="#[bc]">func_timer_routine_handler_1s</a> from l1timer_freeos.o(i.func_timer_routine_handler_1s) referenced from l1timer_freeos.o(i.fsm_timer_init)
 <LI><a href="#[ac]">main</a> from main.o(i.main) referenced from entry9a.o(.ARM.Collect$$$$0000000B)
 <LI><a href="#[bf]">prvIdleTask</a> from tasks.o(i.prvIdleTask) referenced from tasks.o(i.vTaskStartScheduler)
 <LI><a href="#[be]">prvTaskExitError</a> from port.o(i.prvTaskExitError) referenced from port.o(i.pxPortInitialiseStack)
 <LI><a href="#[c0]">prvTimerTask</a> from timers.o(i.prvTimerTask) referenced from timers.o(i.xTimerCreateTimerTask)
</UL>
<P>
<H3>
Global Symbols
</H3>
<P><STRONG><a name="[ae]"></a>__main</STRONG> (Thumb, 0 bytes, Stack size unknown bytes, entry.o(.ARM.Collect$$$$00000000))
<BR>[Address Reference Count : 1]<UL><LI> startup_stm32f207xx.o(.text)
</UL>
<P><STRONG><a name="[218]"></a>_main_stk</STRONG> (Thumb, 0 bytes, Stack size unknown bytes, entry2.o(.ARM.Collect$$$$00000001))

<P><STRONG><a name="[c4]"></a>_main_scatterload</STRONG> (Thumb, 0 bytes, Stack size unknown bytes, entry5.o(.ARM.Collect$$$$00000004))
<BR><BR>[Calls]<UL><LI><a href="#[c5]">&gt;&gt;</a>&nbsp;&nbsp;&nbsp;__scatterload
</UL>

<P><STRONG><a name="[d6]"></a>__main_after_scatterload</STRONG> (Thumb, 0 bytes, Stack size unknown bytes, entry5.o(.ARM.Collect$$$$00000004))
<BR><BR>[Called By]<UL><LI><a href="#[c5]">&gt;&gt;</a>&nbsp;&nbsp;&nbsp;__scatterload
</UL>

<P><STRONG><a name="[219]"></a>_main_clock</STRONG> (Thumb, 0 bytes, Stack size unknown bytes, entry7b.o(.ARM.Collect$$$$00000008))

<P><STRONG><a name="[21a]"></a>_main_cpp_init</STRONG> (Thumb, 0 bytes, Stack size unknown bytes, entry8b.o(.ARM.Collect$$$$0000000A))

<P><STRONG><a name="[21b]"></a>_main_init</STRONG> (Thumb, 0 bytes, Stack size unknown bytes, entry9a.o(.ARM.Collect$$$$0000000B))

<P><STRONG><a name="[21c]"></a>__rt_final_cpp</STRONG> (Thumb, 0 bytes, Stack size unknown bytes, entry10a.o(.ARM.Collect$$$$0000000D))

<P><STRONG><a name="[21d]"></a>__rt_final_exit</STRONG> (Thumb, 0 bytes, Stack size unknown bytes, entry11a.o(.ARM.Collect$$$$0000000F))

<P><STRONG><a name="[58]"></a>SVC_Handler</STRONG> (Thumb, 32 bytes, Stack size 0 bytes, port.o(.emb_text))
<BR>[Address Reference Count : 1]<UL><LI> startup_stm32f207xx.o(RESET)
</UL>
<P><STRONG><a name="[20e]"></a>__asm___6_port_c_39a90d8d__prvStartFirstTask</STRONG> (Thumb, 28 bytes, Stack size 0 bytes, port.o(.emb_text))
<BR><BR>[Called By]<UL><LI><a href="#[20a]">&gt;&gt;</a>&nbsp;&nbsp;&nbsp;xPortStartScheduler
</UL>

<P><STRONG><a name="[5a]"></a>PendSV_Handler</STRONG> (Thumb, 64 bytes, Stack size 0 bytes, port.o(.emb_text))
<BR><BR>[Stack]<UL><LI>Max Depth = 16<LI>Call Chain = PendSV_Handler &rArr; vTaskSwitchContext
</UL>
<BR>[Calls]<UL><LI><a href="#[c6]">&gt;&gt;</a>&nbsp;&nbsp;&nbsp;vTaskSwitchContext
</UL>
<BR>[Address Reference Count : 1]<UL><LI> startup_stm32f207xx.o(RESET)
</UL>
<P><STRONG><a name="[df]"></a>ulPortSetInterruptMask</STRONG> (Thumb, 14 bytes, Stack size 0 bytes, port.o(.emb_text))
<BR><BR>[Called By]<UL><LI><a href="#[1f8]">&gt;&gt;</a>&nbsp;&nbsp;&nbsp;xTaskRemoveFromEventList
<LI><a href="#[1e5]">&gt;&gt;</a>&nbsp;&nbsp;&nbsp;xTaskPriorityDisinherit
<LI><a href="#[212]">&gt;&gt;</a>&nbsp;&nbsp;&nbsp;xTaskCheckForTimeOut
<LI><a href="#[207]">&gt;&gt;</a>&nbsp;&nbsp;&nbsp;vTaskSetTimeOutState
<LI><a href="#[203]">&gt;&gt;</a>&nbsp;&nbsp;&nbsp;vTaskPlaceOnEventListRestricted
<LI><a href="#[204]">&gt;&gt;</a>&nbsp;&nbsp;&nbsp;vTaskPlaceOnEventList
<LI><a href="#[201]">&gt;&gt;</a>&nbsp;&nbsp;&nbsp;vPortValidateInterruptPriority
<LI><a href="#[161]">&gt;&gt;</a>&nbsp;&nbsp;&nbsp;xQueueTakeMutexRecursive
<LI><a href="#[162]">&gt;&gt;</a>&nbsp;&nbsp;&nbsp;xQueueGiveMutexRecursive
<LI><a href="#[210]">&gt;&gt;</a>&nbsp;&nbsp;&nbsp;xQueueGenericReset
<LI><a href="#[1e0]">&gt;&gt;</a>&nbsp;&nbsp;&nbsp;xTaskResumeAll
<LI><a href="#[1c3]">&gt;&gt;</a>&nbsp;&nbsp;&nbsp;xTaskGenericCreate
<LI><a href="#[213]">&gt;&gt;</a>&nbsp;&nbsp;&nbsp;xQueueGenericSendFromISR
<LI><a href="#[1bb]">&gt;&gt;</a>&nbsp;&nbsp;&nbsp;xQueueGenericSend
<LI><a href="#[1ba]">&gt;&gt;</a>&nbsp;&nbsp;&nbsp;xQueueGenericReceive
<LI><a href="#[1b7]">&gt;&gt;</a>&nbsp;&nbsp;&nbsp;xQueueGenericCreate
<LI><a href="#[1d8]">&gt;&gt;</a>&nbsp;&nbsp;&nbsp;vPortFree
<LI><a href="#[1dd]">&gt;&gt;</a>&nbsp;&nbsp;&nbsp;vPortExitCritical
<LI><a href="#[1da]">&gt;&gt;</a>&nbsp;&nbsp;&nbsp;vPortEnterCritical
<LI><a href="#[1d7]">&gt;&gt;</a>&nbsp;&nbsp;&nbsp;pvPortMalloc
<LI><a href="#[1ae]">&gt;&gt;</a>&nbsp;&nbsp;&nbsp;xTimerGenericCommand
<LI><a href="#[208]">&gt;&gt;</a>&nbsp;&nbsp;&nbsp;xTimerCreateTimerTask
<LI><a href="#[1ac]">&gt;&gt;</a>&nbsp;&nbsp;&nbsp;xTimerCreate
<LI><a href="#[1f5]">&gt;&gt;</a>&nbsp;&nbsp;&nbsp;prvSwitchTimerLists
<LI><a href="#[1f1]">&gt;&gt;</a>&nbsp;&nbsp;&nbsp;prvProcessReceivedCommands
<LI><a href="#[1f0]">&gt;&gt;</a>&nbsp;&nbsp;&nbsp;prvProcessExpiredTimer
<LI><a href="#[1d9]">&gt;&gt;</a>&nbsp;&nbsp;&nbsp;prvCheckForValidListAndQueue
<LI><a href="#[bf]">&gt;&gt;</a>&nbsp;&nbsp;&nbsp;prvIdleTask
<LI><a href="#[1d0]">&gt;&gt;</a>&nbsp;&nbsp;&nbsp;vTaskStartScheduler
<LI><a href="#[1bf]">&gt;&gt;</a>&nbsp;&nbsp;&nbsp;vTaskDelay
<LI><a href="#[20f]">&gt;&gt;</a>&nbsp;&nbsp;&nbsp;xTaskIncrementTick
<LI><a href="#[200]">&gt;&gt;</a>&nbsp;&nbsp;&nbsp;vTaskStepTick
<LI><a href="#[1d2]">&gt;&gt;</a>&nbsp;&nbsp;&nbsp;xPortSysTickHandler
<LI><a href="#[c6]">&gt;&gt;</a>&nbsp;&nbsp;&nbsp;vTaskSwitchContext
<LI><a href="#[be]">&gt;&gt;</a>&nbsp;&nbsp;&nbsp;prvTaskExitError
<LI><a href="#[d9]">&gt;&gt;</a>&nbsp;&nbsp;&nbsp;BSP_SPI_start_transmit
<LI><a href="#[dc]">&gt;&gt;</a>&nbsp;&nbsp;&nbsp;BSP_SPI_start_receive
</UL>

<P><STRONG><a name="[e0]"></a>vPortClearInterruptMask</STRONG> (Thumb, 6 bytes, Stack size 0 bytes, port.o(.emb_text))
<BR><BR>[Called By]<UL><LI><a href="#[213]">&gt;&gt;</a>&nbsp;&nbsp;&nbsp;xQueueGenericSendFromISR
<LI><a href="#[1dd]">&gt;&gt;</a>&nbsp;&nbsp;&nbsp;vPortExitCritical
<LI><a href="#[1d2]">&gt;&gt;</a>&nbsp;&nbsp;&nbsp;xPortSysTickHandler
<LI><a href="#[d9]">&gt;&gt;</a>&nbsp;&nbsp;&nbsp;BSP_SPI_start_transmit
<LI><a href="#[dc]">&gt;&gt;</a>&nbsp;&nbsp;&nbsp;BSP_SPI_start_receive
</UL>

<P><STRONG><a name="[202]"></a>vPortGetIPSR</STRONG> (Thumb, 6 bytes, Stack size 0 bytes, port.o(.emb_text))
<BR><BR>[Called By]<UL><LI><a href="#[201]">&gt;&gt;</a>&nbsp;&nbsp;&nbsp;vPortValidateInterruptPriority
</UL>

<P><STRONG><a name="[52]"></a>Reset_Handler</STRONG> (Thumb, 8 bytes, Stack size 0 bytes, startup_stm32f207xx.o(.text))
<BR>[Address Reference Count : 1]<UL><LI> startup_stm32f207xx.o(RESET)
</UL>
<P><STRONG><a name="[6e]"></a>ADC_IRQHandler</STRONG> (Thumb, 0 bytes, Stack size 0 bytes, startup_stm32f207xx.o(.text))
<BR><BR>[Calls]<UL><LI><a href="#[6e]">&gt;&gt;</a>&nbsp;&nbsp;&nbsp;ADC_IRQHandler
</UL>
<BR>[Called By]<UL><LI><a href="#[6e]">&gt;&gt;</a>&nbsp;&nbsp;&nbsp;ADC_IRQHandler
</UL>
<BR>[Address Reference Count : 1]<UL><LI> startup_stm32f207xx.o(RESET)
</UL>
<P><STRONG><a name="[aa]"></a>DCMI_IRQHandler</STRONG> (Thumb, 0 bytes, Stack size 0 bytes, startup_stm32f207xx.o(.text))
<BR>[Address Reference Count : 1]<UL><LI> startup_stm32f207xx.o(RESET)
</UL>
<P><STRONG><a name="[67]"></a>DMA1_Stream0_IRQHandler</STRONG> (Thumb, 0 bytes, Stack size 0 bytes, startup_stm32f207xx.o(.text))
<BR>[Address Reference Count : 1]<UL><LI> startup_stm32f207xx.o(RESET)
</UL>
<P><STRONG><a name="[68]"></a>DMA1_Stream1_IRQHandler</STRONG> (Thumb, 0 bytes, Stack size 0 bytes, startup_stm32f207xx.o(.text))
<BR>[Address Reference Count : 1]<UL><LI> startup_stm32f207xx.o(RESET)
</UL>
<P><STRONG><a name="[69]"></a>DMA1_Stream2_IRQHandler</STRONG> (Thumb, 0 bytes, Stack size 0 bytes, startup_stm32f207xx.o(.text))
<BR>[Address Reference Count : 1]<UL><LI> startup_stm32f207xx.o(RESET)
</UL>
<P><STRONG><a name="[6c]"></a>DMA1_Stream5_IRQHandler</STRONG> (Thumb, 0 bytes, Stack size 0 bytes, startup_stm32f207xx.o(.text))
<BR>[Address Reference Count : 1]<UL><LI> startup_stm32f207xx.o(RESET)
</UL>
<P><STRONG><a name="[6d]"></a>DMA1_Stream6_IRQHandler</STRONG> (Thumb, 0 bytes, Stack size 0 bytes, startup_stm32f207xx.o(.text))
<BR>[Address Reference Count : 1]<UL><LI> startup_stm32f207xx.o(RESET)
</UL>
<P><STRONG><a name="[8b]"></a>DMA1_Stream7_IRQHandler</STRONG> (Thumb, 0 bytes, Stack size 0 bytes, startup_stm32f207xx.o(.text))
<BR>[Address Reference Count : 1]<UL><LI> startup_stm32f207xx.o(RESET)
</UL>
<P><STRONG><a name="[95]"></a>DMA2_Stream1_IRQHandler</STRONG> (Thumb, 0 bytes, Stack size 0 bytes, startup_stm32f207xx.o(.text))
<BR>[Address Reference Count : 1]<UL><LI> startup_stm32f207xx.o(RESET)
</UL>
<P><STRONG><a name="[96]"></a>DMA2_Stream2_IRQHandler</STRONG> (Thumb, 0 bytes, Stack size 0 bytes, startup_stm32f207xx.o(.text))
<BR>[Address Reference Count : 1]<UL><LI> startup_stm32f207xx.o(RESET)
</UL>
<P><STRONG><a name="[98]"></a>DMA2_Stream4_IRQHandler</STRONG> (Thumb, 0 bytes, Stack size 0 bytes, startup_stm32f207xx.o(.text))
<BR>[Address Reference Count : 1]<UL><LI> startup_stm32f207xx.o(RESET)
</UL>
<P><STRONG><a name="[a0]"></a>DMA2_Stream5_IRQHandler</STRONG> (Thumb, 0 bytes, Stack size 0 bytes, startup_stm32f207xx.o(.text))
<BR>[Address Reference Count : 1]<UL><LI> startup_stm32f207xx.o(RESET)
</UL>
<P><STRONG><a name="[a1]"></a>DMA2_Stream6_IRQHandler</STRONG> (Thumb, 0 bytes, Stack size 0 bytes, startup_stm32f207xx.o(.text))
<BR>[Address Reference Count : 1]<UL><LI> startup_stm32f207xx.o(RESET)
</UL>
<P><STRONG><a name="[a2]"></a>DMA2_Stream7_IRQHandler</STRONG> (Thumb, 0 bytes, Stack size 0 bytes, startup_stm32f207xx.o(.text))
<BR>[Address Reference Count : 1]<UL><LI> startup_stm32f207xx.o(RESET)
</UL>
<P><STRONG><a name="[99]"></a>ETH_IRQHandler</STRONG> (Thumb, 0 bytes, Stack size 0 bytes, startup_stm32f207xx.o(.text))
<BR>[Address Reference Count : 1]<UL><LI> startup_stm32f207xx.o(RESET)
</UL>
<P><STRONG><a name="[9a]"></a>ETH_WKUP_IRQHandler</STRONG> (Thumb, 0 bytes, Stack size 0 bytes, startup_stm32f207xx.o(.text))
<BR>[Address Reference Count : 1]<UL><LI> startup_stm32f207xx.o(RESET)
</UL>
<P><STRONG><a name="[62]"></a>EXTI0_IRQHandler</STRONG> (Thumb, 0 bytes, Stack size 0 bytes, startup_stm32f207xx.o(.text))
<BR>[Address Reference Count : 1]<UL><LI> startup_stm32f207xx.o(RESET)
</UL>
<P><STRONG><a name="[84]"></a>EXTI15_10_IRQHandler</STRONG> (Thumb, 0 bytes, Stack size 0 bytes, startup_stm32f207xx.o(.text))
<BR>[Address Reference Count : 1]<UL><LI> startup_stm32f207xx.o(RESET)
</UL>
<P><STRONG><a name="[63]"></a>EXTI1_IRQHandler</STRONG> (Thumb, 0 bytes, Stack size 0 bytes, startup_stm32f207xx.o(.text))
<BR>[Address Reference Count : 1]<UL><LI> startup_stm32f207xx.o(RESET)
</UL>
<P><STRONG><a name="[64]"></a>EXTI2_IRQHandler</STRONG> (Thumb, 0 bytes, Stack size 0 bytes, startup_stm32f207xx.o(.text))
<BR>[Address Reference Count : 1]<UL><LI> startup_stm32f207xx.o(RESET)
</UL>
<P><STRONG><a name="[65]"></a>EXTI3_IRQHandler</STRONG> (Thumb, 0 bytes, Stack size 0 bytes, startup_stm32f207xx.o(.text))
<BR>[Address Reference Count : 1]<UL><LI> startup_stm32f207xx.o(RESET)
</UL>
<P><STRONG><a name="[66]"></a>EXTI4_IRQHandler</STRONG> (Thumb, 0 bytes, Stack size 0 bytes, startup_stm32f207xx.o(.text))
<BR>[Address Reference Count : 1]<UL><LI> startup_stm32f207xx.o(RESET)
</UL>
<P><STRONG><a name="[73]"></a>EXTI9_5_IRQHandler</STRONG> (Thumb, 0 bytes, Stack size 0 bytes, startup_stm32f207xx.o(.text))
<BR>[Address Reference Count : 1]<UL><LI> startup_stm32f207xx.o(RESET)
</UL>
<P><STRONG><a name="[60]"></a>FLASH_IRQHandler</STRONG> (Thumb, 0 bytes, Stack size 0 bytes, startup_stm32f207xx.o(.text))
<BR>[Address Reference Count : 1]<UL><LI> startup_stm32f207xx.o(RESET)
</UL>
<P><STRONG><a name="[8c]"></a>FSMC_IRQHandler</STRONG> (Thumb, 0 bytes, Stack size 0 bytes, startup_stm32f207xx.o(.text))
<BR>[Address Reference Count : 1]<UL><LI> startup_stm32f207xx.o(RESET)
</UL>
<P><STRONG><a name="[ab]"></a>HASH_RNG_IRQHandler</STRONG> (Thumb, 0 bytes, Stack size 0 bytes, startup_stm32f207xx.o(.text))
<BR>[Address Reference Count : 1]<UL><LI> startup_stm32f207xx.o(RESET)
</UL>
<P><STRONG><a name="[7e]"></a>I2C2_ER_IRQHandler</STRONG> (Thumb, 0 bytes, Stack size 0 bytes, startup_stm32f207xx.o(.text))
<BR>[Address Reference Count : 1]<UL><LI> startup_stm32f207xx.o(RESET)
</UL>
<P><STRONG><a name="[7d]"></a>I2C2_EV_IRQHandler</STRONG> (Thumb, 0 bytes, Stack size 0 bytes, startup_stm32f207xx.o(.text))
<BR>[Address Reference Count : 1]<UL><LI> startup_stm32f207xx.o(RESET)
</UL>
<P><STRONG><a name="[a5]"></a>I2C3_ER_IRQHandler</STRONG> (Thumb, 0 bytes, Stack size 0 bytes, startup_stm32f207xx.o(.text))
<BR>[Address Reference Count : 1]<UL><LI> startup_stm32f207xx.o(RESET)
</UL>
<P><STRONG><a name="[a4]"></a>I2C3_EV_IRQHandler</STRONG> (Thumb, 0 bytes, Stack size 0 bytes, startup_stm32f207xx.o(.text))
<BR>[Address Reference Count : 1]<UL><LI> startup_stm32f207xx.o(RESET)
</UL>
<P><STRONG><a name="[9f]"></a>OTG_FS_IRQHandler</STRONG> (Thumb, 0 bytes, Stack size 0 bytes, startup_stm32f207xx.o(.text))
<BR>[Address Reference Count : 1]<UL><LI> startup_stm32f207xx.o(RESET)
</UL>
<P><STRONG><a name="[86]"></a>OTG_FS_WKUP_IRQHandler</STRONG> (Thumb, 0 bytes, Stack size 0 bytes, startup_stm32f207xx.o(.text))
<BR>[Address Reference Count : 1]<UL><LI> startup_stm32f207xx.o(RESET)
</UL>
<P><STRONG><a name="[a7]"></a>OTG_HS_EP1_IN_IRQHandler</STRONG> (Thumb, 0 bytes, Stack size 0 bytes, startup_stm32f207xx.o(.text))
<BR>[Address Reference Count : 1]<UL><LI> startup_stm32f207xx.o(RESET)
</UL>
<P><STRONG><a name="[a6]"></a>OTG_HS_EP1_OUT_IRQHandler</STRONG> (Thumb, 0 bytes, Stack size 0 bytes, startup_stm32f207xx.o(.text))
<BR>[Address Reference Count : 1]<UL><LI> startup_stm32f207xx.o(RESET)
</UL>
<P><STRONG><a name="[a9]"></a>OTG_HS_IRQHandler</STRONG> (Thumb, 0 bytes, Stack size 0 bytes, startup_stm32f207xx.o(.text))
<BR>[Address Reference Count : 1]<UL><LI> startup_stm32f207xx.o(RESET)
</UL>
<P><STRONG><a name="[a8]"></a>OTG_HS_WKUP_IRQHandler</STRONG> (Thumb, 0 bytes, Stack size 0 bytes, startup_stm32f207xx.o(.text))
<BR>[Address Reference Count : 1]<UL><LI> startup_stm32f207xx.o(RESET)
</UL>
<P><STRONG><a name="[5d]"></a>PVD_IRQHandler</STRONG> (Thumb, 0 bytes, Stack size 0 bytes, startup_stm32f207xx.o(.text))
<BR>[Address Reference Count : 1]<UL><LI> startup_stm32f207xx.o(RESET)
</UL>
<P><STRONG><a name="[61]"></a>RCC_IRQHandler</STRONG> (Thumb, 0 bytes, Stack size 0 bytes, startup_stm32f207xx.o(.text))
<BR>[Address Reference Count : 1]<UL><LI> startup_stm32f207xx.o(RESET)
</UL>
<P><STRONG><a name="[85]"></a>RTC_Alarm_IRQHandler</STRONG> (Thumb, 0 bytes, Stack size 0 bytes, startup_stm32f207xx.o(.text))
<BR>[Address Reference Count : 1]<UL><LI> startup_stm32f207xx.o(RESET)
</UL>
<P><STRONG><a name="[5f]"></a>RTC_WKUP_IRQHandler</STRONG> (Thumb, 0 bytes, Stack size 0 bytes, startup_stm32f207xx.o(.text))
<BR>[Address Reference Count : 1]<UL><LI> startup_stm32f207xx.o(RESET)
</UL>
<P><STRONG><a name="[8d]"></a>SDIO_IRQHandler</STRONG> (Thumb, 0 bytes, Stack size 0 bytes, startup_stm32f207xx.o(.text))
<BR>[Address Reference Count : 1]<UL><LI> startup_stm32f207xx.o(RESET)
</UL>
<P><STRONG><a name="[7f]"></a>SPI1_IRQHandler</STRONG> (Thumb, 0 bytes, Stack size 0 bytes, startup_stm32f207xx.o(.text))
<BR>[Address Reference Count : 1]<UL><LI> startup_stm32f207xx.o(RESET)
</UL>
<P><STRONG><a name="[8f]"></a>SPI3_IRQHandler</STRONG> (Thumb, 0 bytes, Stack size 0 bytes, startup_stm32f207xx.o(.text))
<BR>[Address Reference Count : 1]<UL><LI> startup_stm32f207xx.o(RESET)
</UL>
<P><STRONG><a name="[5e]"></a>TAMP_STAMP_IRQHandler</STRONG> (Thumb, 0 bytes, Stack size 0 bytes, startup_stm32f207xx.o(.text))
<BR>[Address Reference Count : 1]<UL><LI> startup_stm32f207xx.o(RESET)
</UL>
<P><STRONG><a name="[74]"></a>TIM1_BRK_TIM9_IRQHandler</STRONG> (Thumb, 0 bytes, Stack size 0 bytes, startup_stm32f207xx.o(.text))
<BR>[Address Reference Count : 1]<UL><LI> startup_stm32f207xx.o(RESET)
</UL>
<P><STRONG><a name="[77]"></a>TIM1_CC_IRQHandler</STRONG> (Thumb, 0 bytes, Stack size 0 bytes, startup_stm32f207xx.o(.text))
<BR>[Address Reference Count : 1]<UL><LI> startup_stm32f207xx.o(RESET)
</UL>
<P><STRONG><a name="[76]"></a>TIM1_TRG_COM_TIM11_IRQHandler</STRONG> (Thumb, 0 bytes, Stack size 0 bytes, startup_stm32f207xx.o(.text))
<BR>[Address Reference Count : 1]<UL><LI> startup_stm32f207xx.o(RESET)
</UL>
<P><STRONG><a name="[78]"></a>TIM2_IRQHandler</STRONG> (Thumb, 0 bytes, Stack size 0 bytes, startup_stm32f207xx.o(.text))
<BR>[Address Reference Count : 1]<UL><LI> startup_stm32f207xx.o(RESET)
</UL>
<P><STRONG><a name="[79]"></a>TIM3_IRQHandler</STRONG> (Thumb, 0 bytes, Stack size 0 bytes, startup_stm32f207xx.o(.text))
<BR>[Address Reference Count : 1]<UL><LI> startup_stm32f207xx.o(RESET)
</UL>
<P><STRONG><a name="[7a]"></a>TIM4_IRQHandler</STRONG> (Thumb, 0 bytes, Stack size 0 bytes, startup_stm32f207xx.o(.text))
<BR>[Address Reference Count : 1]<UL><LI> startup_stm32f207xx.o(RESET)
</UL>
<P><STRONG><a name="[8e]"></a>TIM5_IRQHandler</STRONG> (Thumb, 0 bytes, Stack size 0 bytes, startup_stm32f207xx.o(.text))
<BR>[Address Reference Count : 1]<UL><LI> startup_stm32f207xx.o(RESET)
</UL>
<P><STRONG><a name="[92]"></a>TIM6_DAC_IRQHandler</STRONG> (Thumb, 0 bytes, Stack size 0 bytes, startup_stm32f207xx.o(.text))
<BR>[Address Reference Count : 1]<UL><LI> startup_stm32f207xx.o(RESET)
</UL>
<P><STRONG><a name="[93]"></a>TIM7_IRQHandler</STRONG> (Thumb, 0 bytes, Stack size 0 bytes, startup_stm32f207xx.o(.text))
<BR>[Address Reference Count : 1]<UL><LI> startup_stm32f207xx.o(RESET)
</UL>
<P><STRONG><a name="[87]"></a>TIM8_BRK_TIM12_IRQHandler</STRONG> (Thumb, 0 bytes, Stack size 0 bytes, startup_stm32f207xx.o(.text))
<BR>[Address Reference Count : 1]<UL><LI> startup_stm32f207xx.o(RESET)
</UL>
<P><STRONG><a name="[8a]"></a>TIM8_CC_IRQHandler</STRONG> (Thumb, 0 bytes, Stack size 0 bytes, startup_stm32f207xx.o(.text))
<BR>[Address Reference Count : 1]<UL><LI> startup_stm32f207xx.o(RESET)
</UL>
<P><STRONG><a name="[89]"></a>TIM8_TRG_COM_TIM14_IRQHandler</STRONG> (Thumb, 0 bytes, Stack size 0 bytes, startup_stm32f207xx.o(.text))
<BR>[Address Reference Count : 1]<UL><LI> startup_stm32f207xx.o(RESET)
</UL>
<P><STRONG><a name="[88]"></a>TIM8_UP_TIM13_IRQHandler</STRONG> (Thumb, 0 bytes, Stack size 0 bytes, startup_stm32f207xx.o(.text))
<BR>[Address Reference Count : 1]<UL><LI> startup_stm32f207xx.o(RESET)
</UL>
<P><STRONG><a name="[5c]"></a>WWDG_IRQHandler</STRONG> (Thumb, 0 bytes, Stack size 0 bytes, startup_stm32f207xx.o(.text))
<BR>[Address Reference Count : 1]<UL><LI> startup_stm32f207xx.o(RESET)
</UL>
<P><STRONG><a name="[19b]"></a>rand</STRONG> (Thumb, 20 bytes, Stack size 0 bytes, rand.o(.text))
<BR><BR>[Called By]<UL><LI><a href="#[1]">&gt;&gt;</a>&nbsp;&nbsp;&nbsp;fsm_timer_init
<LI><a href="#[22]">&gt;&gt;</a>&nbsp;&nbsp;&nbsp;fsm_i2caries_ccl_sensor_status_req
<LI><a href="#[1a0]">&gt;&gt;</a>&nbsp;&nbsp;&nbsp;func_didocap_time_out_external_trigger_period_scan
<LI><a href="#[16]">&gt;&gt;</a>&nbsp;&nbsp;&nbsp;fsm_didocap_ccl_sensor_status_req
<LI><a href="#[43]">&gt;&gt;</a>&nbsp;&nbsp;&nbsp;fsm_dcmiaris_ccl_sensor_status_req
<LI><a href="#[36]">&gt;&gt;</a>&nbsp;&nbsp;&nbsp;fsm_spsvirgo_ccl_sensor_status_req
</UL>

<P><STRONG><a name="[21e]"></a>srand</STRONG> (Thumb, 6 bytes, Stack size 0 bytes, rand.o(.text), UNUSED)

<P><STRONG><a name="[d8]"></a>__aeabi_memcpy</STRONG> (Thumb, 36 bytes, Stack size 0 bytes, memcpya.o(.text))
<BR><BR>[Called By]<UL><LI><a href="#[1e4]">&gt;&gt;</a>&nbsp;&nbsp;&nbsp;prvCopyDataToQueue
<LI><a href="#[1e3]">&gt;&gt;</a>&nbsp;&nbsp;&nbsp;prvCopyDataFromQueue
<LI><a href="#[ec]">&gt;&gt;</a>&nbsp;&nbsp;&nbsp;HAL_CAN_RxCpltCallback
<LI><a href="#[102]">&gt;&gt;</a>&nbsp;&nbsp;&nbsp;ihu_message_send
<LI><a href="#[151]">&gt;&gt;</a>&nbsp;&nbsp;&nbsp;HAL_UART_RxCpltCallback
<LI><a href="#[d7]">&gt;&gt;</a>&nbsp;&nbsp;&nbsp;BSP_SPI_rx_complete
<LI><a href="#[22]">&gt;&gt;</a>&nbsp;&nbsp;&nbsp;fsm_i2caries_ccl_sensor_status_req
<LI><a href="#[23]">&gt;&gt;</a>&nbsp;&nbsp;&nbsp;fsm_i2caries_ccl_ctrl_cmd
<LI><a href="#[1c]">&gt;&gt;</a>&nbsp;&nbsp;&nbsp;fsm_ethorion_time_out
<LI><a href="#[15]">&gt;&gt;</a>&nbsp;&nbsp;&nbsp;fsm_didocap_time_out
<LI><a href="#[16]">&gt;&gt;</a>&nbsp;&nbsp;&nbsp;fsm_didocap_ccl_sensor_status_req
<LI><a href="#[17]">&gt;&gt;</a>&nbsp;&nbsp;&nbsp;fsm_didocap_ccl_ctrl_cmd
<LI><a href="#[10]">&gt;&gt;</a>&nbsp;&nbsp;&nbsp;fsm_adclibra_time_out
<LI><a href="#[9]">&gt;&gt;</a>&nbsp;&nbsp;&nbsp;fsm_vmfo_time_out
<LI><a href="#[a]">&gt;&gt;</a>&nbsp;&nbsp;&nbsp;fsm_vmfo_init_fb
<LI><a href="#[b]">&gt;&gt;</a>&nbsp;&nbsp;&nbsp;fsm_vmfo_heart_beat
<LI><a href="#[49]">&gt;&gt;</a>&nbsp;&nbsp;&nbsp;fsm_ccl_time_out
<LI><a href="#[4c]">&gt;&gt;</a>&nbsp;&nbsp;&nbsp;fsm_ccl_sps_sensor_status_resp
<LI><a href="#[4f]">&gt;&gt;</a>&nbsp;&nbsp;&nbsp;fsm_ccl_sps_event_report_cfm
<LI><a href="#[4a]">&gt;&gt;</a>&nbsp;&nbsp;&nbsp;fsm_ccl_sps_cloud_fb
<LI><a href="#[51]">&gt;&gt;</a>&nbsp;&nbsp;&nbsp;fsm_ccl_lock_and_door_close_event
<LI><a href="#[4d]">&gt;&gt;</a>&nbsp;&nbsp;&nbsp;fsm_ccl_i2c_sensor_status_resp
<LI><a href="#[4b]">&gt;&gt;</a>&nbsp;&nbsp;&nbsp;fsm_ccl_dido_sensor_status_resp
<LI><a href="#[50]">&gt;&gt;</a>&nbsp;&nbsp;&nbsp;fsm_ccl_dido_door_open_event
<LI><a href="#[4e]">&gt;&gt;</a>&nbsp;&nbsp;&nbsp;fsm_ccl_dcmi_sensor_status_resp
<LI><a href="#[42]">&gt;&gt;</a>&nbsp;&nbsp;&nbsp;fsm_dcmiaris_time_out
<LI><a href="#[43]">&gt;&gt;</a>&nbsp;&nbsp;&nbsp;fsm_dcmiaris_ccl_sensor_status_req
<LI><a href="#[44]">&gt;&gt;</a>&nbsp;&nbsp;&nbsp;fsm_dcmiaris_ccl_ctrl_cmd
<LI><a href="#[3d]">&gt;&gt;</a>&nbsp;&nbsp;&nbsp;fsm_canvela_time_out
<LI><a href="#[33]">&gt;&gt;</a>&nbsp;&nbsp;&nbsp;fsm_spsvirgo_time_out
<LI><a href="#[34]">&gt;&gt;</a>&nbsp;&nbsp;&nbsp;fsm_spsvirgo_l2frame_rcv
<LI><a href="#[36]">&gt;&gt;</a>&nbsp;&nbsp;&nbsp;fsm_spsvirgo_ccl_sensor_status_req
<LI><a href="#[35]">&gt;&gt;</a>&nbsp;&nbsp;&nbsp;fsm_spsvirgo_ccl_open_auth_inq
<LI><a href="#[37]">&gt;&gt;</a>&nbsp;&nbsp;&nbsp;fsm_spsvirgo_ccl_event_report_send
<LI><a href="#[38]">&gt;&gt;</a>&nbsp;&nbsp;&nbsp;fsm_spsvirgo_ccl_ctrl_cmd
<LI><a href="#[2d]">&gt;&gt;</a>&nbsp;&nbsp;&nbsp;fsm_spileo_time_out
<LI><a href="#[2e]">&gt;&gt;</a>&nbsp;&nbsp;&nbsp;fsm_spileo_l2frame_rcv
<LI><a href="#[28]">&gt;&gt;</a>&nbsp;&nbsp;&nbsp;fsm_ledpisces_time_out
<LI><a href="#[21]">&gt;&gt;</a>&nbsp;&nbsp;&nbsp;fsm_i2caries_time_out
</UL>

<P><STRONG><a name="[1cc]"></a>__aeabi_memcpy4</STRONG> (Thumb, 0 bytes, Stack size 0 bytes, memcpya.o(.text))
<BR><BR>[Called By]<UL><LI><a href="#[ac]">&gt;&gt;</a>&nbsp;&nbsp;&nbsp;main
</UL>

<P><STRONG><a name="[21f]"></a>__aeabi_memcpy8</STRONG> (Thumb, 0 bytes, Stack size 0 bytes, memcpya.o(.text), UNUSED)

<P><STRONG><a name="[c8]"></a>__aeabi_memset</STRONG> (Thumb, 14 bytes, Stack size 0 bytes, memseta.o(.text))
<BR><BR>[Called By]<UL><LI><a href="#[1d6]">&gt;&gt;</a>&nbsp;&nbsp;&nbsp;prvAllocateTCBAndStack
<LI><a href="#[c9]">&gt;&gt;</a>&nbsp;&nbsp;&nbsp;_memset$wrapper
<LI><a href="#[c7]">&gt;&gt;</a>&nbsp;&nbsp;&nbsp;__aeabi_memclr
</UL>

<P><STRONG><a name="[220]"></a>__aeabi_memset4</STRONG> (Thumb, 0 bytes, Stack size 0 bytes, memseta.o(.text), UNUSED)

<P><STRONG><a name="[221]"></a>__aeabi_memset8</STRONG> (Thumb, 0 bytes, Stack size 0 bytes, memseta.o(.text), UNUSED)

<P><STRONG><a name="[c7]"></a>__aeabi_memclr</STRONG> (Thumb, 4 bytes, Stack size 0 bytes, memseta.o(.text))
<BR><BR>[Calls]<UL><LI><a href="#[c8]">&gt;&gt;</a>&nbsp;&nbsp;&nbsp;__aeabi_memset
</UL>
<BR>[Called By]<UL><LI><a href="#[e1]">&gt;&gt;</a>&nbsp;&nbsp;&nbsp;IhuErrorPrintFo
<LI><a href="#[dd]">&gt;&gt;</a>&nbsp;&nbsp;&nbsp;IhuDebugPrintId
<LI><a href="#[de]">&gt;&gt;</a>&nbsp;&nbsp;&nbsp;IhuDebugPrintFo
<LI><a href="#[6]">&gt;&gt;</a>&nbsp;&nbsp;&nbsp;fsm_vmfo_init
<LI><a href="#[199]">&gt;&gt;</a>&nbsp;&nbsp;&nbsp;func_ccl_time_out_event_report_period_scan
<LI><a href="#[46]">&gt;&gt;</a>&nbsp;&nbsp;&nbsp;fsm_ccl_init
</UL>

<P><STRONG><a name="[f4]"></a>__aeabi_memclr4</STRONG> (Thumb, 0 bytes, Stack size 0 bytes, memseta.o(.text))
<BR><BR>[Called By]<UL><LI><a href="#[1]">&gt;&gt;</a>&nbsp;&nbsp;&nbsp;fsm_timer_init
<LI><a href="#[ec]">&gt;&gt;</a>&nbsp;&nbsp;&nbsp;HAL_CAN_RxCpltCallback
<LI><a href="#[102]">&gt;&gt;</a>&nbsp;&nbsp;&nbsp;ihu_message_send
<LI><a href="#[151]">&gt;&gt;</a>&nbsp;&nbsp;&nbsp;HAL_UART_RxCpltCallback
<LI><a href="#[22]">&gt;&gt;</a>&nbsp;&nbsp;&nbsp;fsm_i2caries_ccl_sensor_status_req
<LI><a href="#[16]">&gt;&gt;</a>&nbsp;&nbsp;&nbsp;fsm_didocap_ccl_sensor_status_req
<LI><a href="#[1c7]">&gt;&gt;</a>&nbsp;&nbsp;&nbsp;ihu_vm_system_init
<LI><a href="#[1bd]">&gt;&gt;</a>&nbsp;&nbsp;&nbsp;ihu_msgid_to_string
<LI><a href="#[bd]">&gt;&gt;</a>&nbsp;&nbsp;&nbsp;FsmProcessingLaunch
<LI><a href="#[4c]">&gt;&gt;</a>&nbsp;&nbsp;&nbsp;fsm_ccl_sps_sensor_status_resp
<LI><a href="#[4d]">&gt;&gt;</a>&nbsp;&nbsp;&nbsp;fsm_ccl_i2c_sensor_status_resp
<LI><a href="#[4b]">&gt;&gt;</a>&nbsp;&nbsp;&nbsp;fsm_ccl_dido_sensor_status_resp
<LI><a href="#[4e]">&gt;&gt;</a>&nbsp;&nbsp;&nbsp;fsm_ccl_dcmi_sensor_status_resp
<LI><a href="#[43]">&gt;&gt;</a>&nbsp;&nbsp;&nbsp;fsm_dcmiaris_ccl_sensor_status_req
<LI><a href="#[34]">&gt;&gt;</a>&nbsp;&nbsp;&nbsp;fsm_spsvirgo_l2frame_rcv
<LI><a href="#[36]">&gt;&gt;</a>&nbsp;&nbsp;&nbsp;fsm_spsvirgo_ccl_sensor_status_req
<LI><a href="#[35]">&gt;&gt;</a>&nbsp;&nbsp;&nbsp;fsm_spsvirgo_ccl_open_auth_inq
<LI><a href="#[37]">&gt;&gt;</a>&nbsp;&nbsp;&nbsp;fsm_spsvirgo_ccl_event_report_send
<LI><a href="#[2e]">&gt;&gt;</a>&nbsp;&nbsp;&nbsp;fsm_spileo_l2frame_rcv
</UL>

<P><STRONG><a name="[222]"></a>__aeabi_memclr8</STRONG> (Thumb, 0 bytes, Stack size 0 bytes, memseta.o(.text), UNUSED)

<P><STRONG><a name="[c9]"></a>_memset$wrapper</STRONG> (Thumb, 18 bytes, Stack size 8 bytes, memseta.o(.text), UNUSED)
<BR><BR>[Calls]<UL><LI><a href="#[c8]">&gt;&gt;</a>&nbsp;&nbsp;&nbsp;__aeabi_memset
</UL>

<P><STRONG><a name="[164]"></a>strcat</STRONG> (Thumb, 24 bytes, Stack size 0 bytes, strcat.o(.text))
<BR><BR>[Called By]<UL><LI><a href="#[dd]">&gt;&gt;</a>&nbsp;&nbsp;&nbsp;IhuDebugPrintId
<LI><a href="#[1bc]">&gt;&gt;</a>&nbsp;&nbsp;&nbsp;ihu_taskid_to_string
<LI><a href="#[1bd]">&gt;&gt;</a>&nbsp;&nbsp;&nbsp;ihu_msgid_to_string
</UL>

<P><STRONG><a name="[1be]"></a>strncpy</STRONG> (Thumb, 24 bytes, Stack size 8 bytes, strncpy.o(.text))
<BR><BR>[Stack]<UL><LI>Max Depth = 8<LI>Call Chain = strncpy
</UL>
<BR>[Called By]<UL><LI><a href="#[1bc]">&gt;&gt;</a>&nbsp;&nbsp;&nbsp;ihu_taskid_to_string
<LI><a href="#[1bd]">&gt;&gt;</a>&nbsp;&nbsp;&nbsp;ihu_msgid_to_string
</UL>

<P><STRONG><a name="[e9]"></a>strlen</STRONG> (Thumb, 14 bytes, Stack size 0 bytes, strlen.o(.text))
<BR><BR>[Called By]<UL><LI><a href="#[e8]">&gt;&gt;</a>&nbsp;&nbsp;&nbsp;BSP_STM32_sps_print_data_send
<LI><a href="#[e1]">&gt;&gt;</a>&nbsp;&nbsp;&nbsp;IhuErrorPrintFo
<LI><a href="#[de]">&gt;&gt;</a>&nbsp;&nbsp;&nbsp;IhuDebugPrintFo
<LI><a href="#[1bc]">&gt;&gt;</a>&nbsp;&nbsp;&nbsp;ihu_taskid_to_string
<LI><a href="#[1bd]">&gt;&gt;</a>&nbsp;&nbsp;&nbsp;ihu_msgid_to_string
</UL>

<P><STRONG><a name="[160]"></a>strncat</STRONG> (Thumb, 40 bytes, Stack size 8 bytes, strncat.o(.text))
<BR><BR>[Stack]<UL><LI>Max Depth = 8<LI>Call Chain = strncat
</UL>
<BR>[Called By]<UL><LI><a href="#[e1]">&gt;&gt;</a>&nbsp;&nbsp;&nbsp;IhuErrorPrintFo
<LI><a href="#[de]">&gt;&gt;</a>&nbsp;&nbsp;&nbsp;IhuDebugPrintFo
</UL>

<P><STRONG><a name="[1c9]"></a>strcpy</STRONG> (Thumb, 18 bytes, Stack size 0 bytes, strcpy.o(.text))
<BR><BR>[Called By]<UL><LI><a href="#[1c7]">&gt;&gt;</a>&nbsp;&nbsp;&nbsp;ihu_vm_system_init
</UL>

<P><STRONG><a name="[1b9]"></a>strerror</STRONG> (Thumb, 40 bytes, Stack size 0 bytes, strerror.o(.text))
<BR><BR>[Called By]<UL><LI><a href="#[102]">&gt;&gt;</a>&nbsp;&nbsp;&nbsp;ihu_message_send
<LI><a href="#[1c2]">&gt;&gt;</a>&nbsp;&nbsp;&nbsp;ihu_task_create
<LI><a href="#[f5]">&gt;&gt;</a>&nbsp;&nbsp;&nbsp;ihu_message_rcv
<LI><a href="#[1b6]">&gt;&gt;</a>&nbsp;&nbsp;&nbsp;ihu_message_queue_create
</UL>

<P><STRONG><a name="[223]"></a>__aeabi_uidiv</STRONG> (Thumb, 0 bytes, Stack size 12 bytes, uidiv.o(.text), UNUSED)

<P><STRONG><a name="[18f]"></a>__aeabi_uidivmod</STRONG> (Thumb, 44 bytes, Stack size 12 bytes, uidiv.o(.text), UNUSED)
<BR><BR>[Called By]<UL><LI><a href="#[188]">&gt;&gt;</a>&nbsp;&nbsp;&nbsp;_printf_core
</UL>

<P><STRONG><a name="[ca]"></a>__aeabi_uldivmod</STRONG> (Thumb, 98 bytes, Stack size 40 bytes, uldiv.o(.text), UNUSED)
<BR><BR>[Calls]<UL><LI><a href="#[cb]">&gt;&gt;</a>&nbsp;&nbsp;&nbsp;__aeabi_llsr
<LI><a href="#[cc]">&gt;&gt;</a>&nbsp;&nbsp;&nbsp;__aeabi_llsl
</UL>
<BR>[Called By]<UL><LI><a href="#[188]">&gt;&gt;</a>&nbsp;&nbsp;&nbsp;_printf_core
<LI><a href="#[18b]">&gt;&gt;</a>&nbsp;&nbsp;&nbsp;_fp_digits
</UL>

<P><STRONG><a name="[224]"></a>__I$use$fp</STRONG> (Thumb, 0 bytes, Stack size 48 bytes, iusefp.o(.text), UNUSED)

<P><STRONG><a name="[cd]"></a>__aeabi_dadd</STRONG> (Thumb, 322 bytes, Stack size 48 bytes, dadd.o(.text), UNUSED)
<BR><BR>[Calls]<UL><LI><a href="#[ce]">&gt;&gt;</a>&nbsp;&nbsp;&nbsp;__aeabi_lasr
<LI><a href="#[cc]">&gt;&gt;</a>&nbsp;&nbsp;&nbsp;__aeabi_llsl
<LI><a href="#[d0]">&gt;&gt;</a>&nbsp;&nbsp;&nbsp;_double_round
<LI><a href="#[cf]">&gt;&gt;</a>&nbsp;&nbsp;&nbsp;_double_epilogue
</UL>
<BR>[Called By]<UL><LI><a href="#[d2]">&gt;&gt;</a>&nbsp;&nbsp;&nbsp;__aeabi_drsub
<LI><a href="#[d1]">&gt;&gt;</a>&nbsp;&nbsp;&nbsp;__aeabi_dsub
<LI><a href="#[18b]">&gt;&gt;</a>&nbsp;&nbsp;&nbsp;_fp_digits
</UL>

<P><STRONG><a name="[d1]"></a>__aeabi_dsub</STRONG> (Thumb, 6 bytes, Stack size 0 bytes, dadd.o(.text), UNUSED)
<BR><BR>[Calls]<UL><LI><a href="#[cd]">&gt;&gt;</a>&nbsp;&nbsp;&nbsp;__aeabi_dadd
</UL>

<P><STRONG><a name="[d2]"></a>__aeabi_drsub</STRONG> (Thumb, 6 bytes, Stack size 0 bytes, dadd.o(.text), UNUSED)
<BR><BR>[Calls]<UL><LI><a href="#[cd]">&gt;&gt;</a>&nbsp;&nbsp;&nbsp;__aeabi_dadd
</UL>

<P><STRONG><a name="[d3]"></a>__aeabi_dmul</STRONG> (Thumb, 228 bytes, Stack size 48 bytes, dmul.o(.text), UNUSED)
<BR><BR>[Calls]<UL><LI><a href="#[cf]">&gt;&gt;</a>&nbsp;&nbsp;&nbsp;_double_epilogue
</UL>
<BR>[Called By]<UL><LI><a href="#[18b]">&gt;&gt;</a>&nbsp;&nbsp;&nbsp;_fp_digits
</UL>

<P><STRONG><a name="[d4]"></a>__aeabi_ddiv</STRONG> (Thumb, 222 bytes, Stack size 32 bytes, ddiv.o(.text), UNUSED)
<BR><BR>[Calls]<UL><LI><a href="#[d0]">&gt;&gt;</a>&nbsp;&nbsp;&nbsp;_double_round
</UL>
<BR>[Called By]<UL><LI><a href="#[18b]">&gt;&gt;</a>&nbsp;&nbsp;&nbsp;_fp_digits
</UL>

<P><STRONG><a name="[d5]"></a>__aeabi_d2ulz</STRONG> (Thumb, 48 bytes, Stack size 0 bytes, dfixul.o(.text), UNUSED)
<BR><BR>[Calls]<UL><LI><a href="#[cb]">&gt;&gt;</a>&nbsp;&nbsp;&nbsp;__aeabi_llsr
<LI><a href="#[cc]">&gt;&gt;</a>&nbsp;&nbsp;&nbsp;__aeabi_llsl
</UL>
<BR>[Called By]<UL><LI><a href="#[18b]">&gt;&gt;</a>&nbsp;&nbsp;&nbsp;_fp_digits
</UL>

<P><STRONG><a name="[18c]"></a>__aeabi_cdrcmple</STRONG> (Thumb, 48 bytes, Stack size 0 bytes, cdrcmple.o(.text), UNUSED)
<BR><BR>[Called By]<UL><LI><a href="#[18b]">&gt;&gt;</a>&nbsp;&nbsp;&nbsp;_fp_digits
</UL>

<P><STRONG><a name="[c5]"></a>__scatterload</STRONG> (Thumb, 28 bytes, Stack size 0 bytes, init.o(.text))
<BR><BR>[Calls]<UL><LI><a href="#[d6]">&gt;&gt;</a>&nbsp;&nbsp;&nbsp;__main_after_scatterload
</UL>
<BR>[Called By]<UL><LI><a href="#[c4]">&gt;&gt;</a>&nbsp;&nbsp;&nbsp;_main_scatterload
</UL>

<P><STRONG><a name="[225]"></a>__scatterload_rt2</STRONG> (Thumb, 0 bytes, Stack size 0 bytes, init.o(.text), UNUSED)

<P><STRONG><a name="[cc]"></a>__aeabi_llsl</STRONG> (Thumb, 30 bytes, Stack size 0 bytes, llshl.o(.text), UNUSED)
<BR><BR>[Called By]<UL><LI><a href="#[cf]">&gt;&gt;</a>&nbsp;&nbsp;&nbsp;_double_epilogue
<LI><a href="#[ca]">&gt;&gt;</a>&nbsp;&nbsp;&nbsp;__aeabi_uldivmod
<LI><a href="#[cd]">&gt;&gt;</a>&nbsp;&nbsp;&nbsp;__aeabi_dadd
<LI><a href="#[d5]">&gt;&gt;</a>&nbsp;&nbsp;&nbsp;__aeabi_d2ulz
</UL>

<P><STRONG><a name="[226]"></a>_ll_shift_l</STRONG> (Thumb, 0 bytes, Stack size 0 bytes, llshl.o(.text), UNUSED)

<P><STRONG><a name="[cb]"></a>__aeabi_llsr</STRONG> (Thumb, 32 bytes, Stack size 0 bytes, llushr.o(.text), UNUSED)
<BR><BR>[Called By]<UL><LI><a href="#[cf]">&gt;&gt;</a>&nbsp;&nbsp;&nbsp;_double_epilogue
<LI><a href="#[ca]">&gt;&gt;</a>&nbsp;&nbsp;&nbsp;__aeabi_uldivmod
<LI><a href="#[d5]">&gt;&gt;</a>&nbsp;&nbsp;&nbsp;__aeabi_d2ulz
</UL>

<P><STRONG><a name="[227]"></a>_ll_ushift_r</STRONG> (Thumb, 0 bytes, Stack size 0 bytes, llushr.o(.text), UNUSED)

<P><STRONG><a name="[ce]"></a>__aeabi_lasr</STRONG> (Thumb, 36 bytes, Stack size 0 bytes, llsshr.o(.text), UNUSED)
<BR><BR>[Called By]<UL><LI><a href="#[cd]">&gt;&gt;</a>&nbsp;&nbsp;&nbsp;__aeabi_dadd
</UL>

<P><STRONG><a name="[228]"></a>_ll_sshift_r</STRONG> (Thumb, 0 bytes, Stack size 0 bytes, llsshr.o(.text), UNUSED)

<P><STRONG><a name="[d0]"></a>_double_round</STRONG> (Thumb, 30 bytes, Stack size 8 bytes, depilogue.o(.text), UNUSED)
<BR><BR>[Called By]<UL><LI><a href="#[cf]">&gt;&gt;</a>&nbsp;&nbsp;&nbsp;_double_epilogue
<LI><a href="#[d4]">&gt;&gt;</a>&nbsp;&nbsp;&nbsp;__aeabi_ddiv
<LI><a href="#[cd]">&gt;&gt;</a>&nbsp;&nbsp;&nbsp;__aeabi_dadd
</UL>

<P><STRONG><a name="[cf]"></a>_double_epilogue</STRONG> (Thumb, 156 bytes, Stack size 32 bytes, depilogue.o(.text), UNUSED)
<BR><BR>[Calls]<UL><LI><a href="#[cb]">&gt;&gt;</a>&nbsp;&nbsp;&nbsp;__aeabi_llsr
<LI><a href="#[cc]">&gt;&gt;</a>&nbsp;&nbsp;&nbsp;__aeabi_llsl
<LI><a href="#[d0]">&gt;&gt;</a>&nbsp;&nbsp;&nbsp;_double_round
</UL>
<BR>[Called By]<UL><LI><a href="#[d3]">&gt;&gt;</a>&nbsp;&nbsp;&nbsp;__aeabi_dmul
<LI><a href="#[cd]">&gt;&gt;</a>&nbsp;&nbsp;&nbsp;__aeabi_dadd
</UL>

<P><STRONG><a name="[229]"></a>__decompress</STRONG> (Thumb, 0 bytes, Stack size unknown bytes, __dczerorl2.o(.text), UNUSED)

<P><STRONG><a name="[22a]"></a>__decompress1</STRONG> (Thumb, 86 bytes, Stack size unknown bytes, __dczerorl2.o(.text), UNUSED)

<P><STRONG><a name="[da]"></a>BSP_SPI_gen_chksum</STRONG> (Thumb, 16 bytes, Stack size 0 bytes, bsp_spi.o(i.BSP_SPI_gen_chksum))
<BR><BR>[Called By]<UL><LI><a href="#[af]">&gt;&gt;</a>&nbsp;&nbsp;&nbsp;BSP_SPI_rx_isr
</UL>

<P><STRONG><a name="[db]"></a>BSP_SPI_slave_hw_init</STRONG> (Thumb, 54 bytes, Stack size 24 bytes, bsp_spi.o(i.BSP_SPI_slave_hw_init))
<BR><BR>[Stack]<UL><LI>Max Depth = 480<LI>Call Chain = BSP_SPI_slave_hw_init &rArr; IhuDebugPrintFo &rArr; xQueueTakeMutexRecursive &rArr; xQueueGenericReceive &rArr; xTaskResumeAll &rArr; xTaskIncrementTick
</UL>
<BR>[Calls]<UL><LI><a href="#[dd]">&gt;&gt;</a>&nbsp;&nbsp;&nbsp;IhuDebugPrintId
<LI><a href="#[de]">&gt;&gt;</a>&nbsp;&nbsp;&nbsp;IhuDebugPrintFo
<LI><a href="#[dc]">&gt;&gt;</a>&nbsp;&nbsp;&nbsp;BSP_SPI_start_receive
</UL>
<BR>[Called By]<UL><LI><a href="#[1a7]">&gt;&gt;</a>&nbsp;&nbsp;&nbsp;func_spileo_hw_init
</UL>

<P><STRONG><a name="[dc]"></a>BSP_SPI_start_receive</STRONG> (Thumb, 76 bytes, Stack size 24 bytes, bsp_spi.o(i.BSP_SPI_start_receive))
<BR><BR>[Stack]<UL><LI>Max Depth = 24<LI>Call Chain = BSP_SPI_start_receive
</UL>
<BR>[Calls]<UL><LI><a href="#[e0]">&gt;&gt;</a>&nbsp;&nbsp;&nbsp;vPortClearInterruptMask
<LI><a href="#[df]">&gt;&gt;</a>&nbsp;&nbsp;&nbsp;ulPortSetInterruptMask
</UL>
<BR>[Called By]<UL><LI><a href="#[db]">&gt;&gt;</a>&nbsp;&nbsp;&nbsp;BSP_SPI_slave_hw_init
</UL>

<P><STRONG><a name="[d9]"></a>BSP_SPI_start_transmit</STRONG> (Thumb, 102 bytes, Stack size 24 bytes, bsp_spi.o(i.BSP_SPI_start_transmit))
<BR><BR>[Stack]<UL><LI>Max Depth = 480<LI>Call Chain = BSP_SPI_start_transmit &rArr; IhuErrorPrintFo &rArr; xQueueTakeMutexRecursive &rArr; xQueueGenericReceive &rArr; xTaskResumeAll &rArr; xTaskIncrementTick
</UL>
<BR>[Calls]<UL><LI><a href="#[e0]">&gt;&gt;</a>&nbsp;&nbsp;&nbsp;vPortClearInterruptMask
<LI><a href="#[df]">&gt;&gt;</a>&nbsp;&nbsp;&nbsp;ulPortSetInterruptMask
<LI><a href="#[e1]">&gt;&gt;</a>&nbsp;&nbsp;&nbsp;IhuErrorPrintFo
<LI><a href="#[dd]">&gt;&gt;</a>&nbsp;&nbsp;&nbsp;IhuDebugPrintId
</UL>
<BR>[Called By]<UL><LI><a href="#[d7]">&gt;&gt;</a>&nbsp;&nbsp;&nbsp;BSP_SPI_rx_complete
</UL>

<P><STRONG><a name="[1b3]"></a>BSP_STM32_I2C_slave_hw_init</STRONG> (Thumb, 66 bytes, Stack size 0 bytes, bsp_i2c.o(i.BSP_STM32_I2C_slave_hw_init))
<BR><BR>[Called By]<UL><LI><a href="#[1a3]">&gt;&gt;</a>&nbsp;&nbsp;&nbsp;func_i2caries_hw_init
</UL>

<P><STRONG><a name="[e3]"></a>BSP_STM32_LED_F205_board_negation</STRONG> (Thumb, 12 bytes, Stack size 8 bytes, bsp_led.o(i.BSP_STM32_LED_F205_board_negation))
<BR><BR>[Stack]<UL><LI>Max Depth = 8<LI>Call Chain = BSP_STM32_LED_F205_board_negation
</UL>
<BR>[Calls]<UL><LI><a href="#[e4]">&gt;&gt;</a>&nbsp;&nbsp;&nbsp;HAL_GPIO_TogglePin
</UL>
<BR>[Called By]<UL><LI><a href="#[1a6]">&gt;&gt;</a>&nbsp;&nbsp;&nbsp;func_ledpisces_time_out_period_scan
</UL>

<P><STRONG><a name="[e5]"></a>BSP_STM32_LED_F205_timer_ind_negation</STRONG> (Thumb, 12 bytes, Stack size 8 bytes, bsp_led.o(i.BSP_STM32_LED_F205_timer_ind_negation))
<BR><BR>[Stack]<UL><LI>Max Depth = 8<LI>Call Chain = BSP_STM32_LED_F205_timer_ind_negation
</UL>
<BR>[Calls]<UL><LI><a href="#[e4]">&gt;&gt;</a>&nbsp;&nbsp;&nbsp;HAL_GPIO_TogglePin
</UL>
<BR>[Called By]<UL><LI><a href="#[1a6]">&gt;&gt;</a>&nbsp;&nbsp;&nbsp;func_ledpisces_time_out_period_scan
</UL>

<P><STRONG><a name="[e6]"></a>BSP_STM32_SPS_GPRS_SendData</STRONG> (Thumb, 30 bytes, Stack size 16 bytes, bsp_usart.o(i.BSP_STM32_SPS_GPRS_SendData))
<BR><BR>[Stack]<UL><LI>Max Depth = 72<LI>Call Chain = BSP_STM32_SPS_GPRS_SendData &rArr; HAL_UART_Transmit &rArr; UART_WaitOnFlagUntilTimeout
</UL>
<BR>[Calls]<UL><LI><a href="#[e7]">&gt;&gt;</a>&nbsp;&nbsp;&nbsp;HAL_UART_Transmit
</UL>
<BR>[Called By]<UL><LI><a href="#[1aa]">&gt;&gt;</a>&nbsp;&nbsp;&nbsp;func_spsvirgo_time_out_period_scan
</UL>

<P><STRONG><a name="[e8]"></a>BSP_STM32_sps_print_data_send</STRONG> (Thumb, 36 bytes, Stack size 16 bytes, bsp_usart.o(i.BSP_STM32_sps_print_data_send))
<BR><BR>[Stack]<UL><LI>Max Depth = 72<LI>Call Chain = BSP_STM32_sps_print_data_send &rArr; HAL_UART_Transmit &rArr; UART_WaitOnFlagUntilTimeout
</UL>
<BR>[Calls]<UL><LI><a href="#[e7]">&gt;&gt;</a>&nbsp;&nbsp;&nbsp;HAL_UART_Transmit
<LI><a href="#[e9]">&gt;&gt;</a>&nbsp;&nbsp;&nbsp;strlen
</UL>
<BR>[Called By]<UL><LI><a href="#[e1]">&gt;&gt;</a>&nbsp;&nbsp;&nbsp;IhuErrorPrintFo
<LI><a href="#[de]">&gt;&gt;</a>&nbsp;&nbsp;&nbsp;IhuDebugPrintFo
</UL>

<P><STRONG><a name="[1b4]"></a>BSP_STM32_sps_slave_hw_init</STRONG> (Thumb, 194 bytes, Stack size 0 bytes, bsp_usart.o(i.BSP_STM32_sps_slave_hw_init))
<BR><BR>[Called By]<UL><LI><a href="#[1a9]">&gt;&gt;</a>&nbsp;&nbsp;&nbsp;func_spsvirgo_hw_init
</UL>

<P><STRONG><a name="[56]"></a>BusFault_Handler</STRONG> (Thumb, 4 bytes, Stack size 0 bytes, stm32f2xx_it.o(i.BusFault_Handler))
<BR>[Address Reference Count : 1]<UL><LI> startup_stm32f207xx.o(RESET)
</UL>
<P><STRONG><a name="[70]"></a>CAN1_RX0_IRQHandler</STRONG> (Thumb, 10 bytes, Stack size 8 bytes, stm32f2xx_it.o(i.CAN1_RX0_IRQHandler))
<BR><BR>[Stack]<UL><LI>Max Depth = 1176<LI>Call Chain = CAN1_RX0_IRQHandler &rArr; HAL_CAN_IRQHandler &rArr; CAN_Receive_IT &rArr; HAL_CAN_RxCpltCallback &rArr; ihu_message_send &rArr; ihu_msgid_to_string &rArr; IhuErrorPrintFo &rArr; xQueueTakeMutexRecursive &rArr; xQueueGenericReceive &rArr; xTaskResumeAll &rArr; xTaskIncrementTick
</UL>
<BR>[Calls]<UL><LI><a href="#[ea]">&gt;&gt;</a>&nbsp;&nbsp;&nbsp;HAL_CAN_IRQHandler
</UL>
<BR>[Address Reference Count : 1]<UL><LI> startup_stm32f207xx.o(RESET)
</UL>
<P><STRONG><a name="[71]"></a>CAN1_RX1_IRQHandler</STRONG> (Thumb, 10 bytes, Stack size 8 bytes, stm32f2xx_it.o(i.CAN1_RX1_IRQHandler))
<BR><BR>[Stack]<UL><LI>Max Depth = 1176<LI>Call Chain = CAN1_RX1_IRQHandler &rArr; HAL_CAN_IRQHandler &rArr; CAN_Receive_IT &rArr; HAL_CAN_RxCpltCallback &rArr; ihu_message_send &rArr; ihu_msgid_to_string &rArr; IhuErrorPrintFo &rArr; xQueueTakeMutexRecursive &rArr; xQueueGenericReceive &rArr; xTaskResumeAll &rArr; xTaskIncrementTick
</UL>
<BR>[Calls]<UL><LI><a href="#[ea]">&gt;&gt;</a>&nbsp;&nbsp;&nbsp;HAL_CAN_IRQHandler
</UL>
<BR>[Address Reference Count : 1]<UL><LI> startup_stm32f207xx.o(RESET)
</UL>
<P><STRONG><a name="[72]"></a>CAN1_SCE_IRQHandler</STRONG> (Thumb, 10 bytes, Stack size 8 bytes, stm32f2xx_it.o(i.CAN1_SCE_IRQHandler))
<BR><BR>[Stack]<UL><LI>Max Depth = 1176<LI>Call Chain = CAN1_SCE_IRQHandler &rArr; HAL_CAN_IRQHandler &rArr; CAN_Receive_IT &rArr; HAL_CAN_RxCpltCallback &rArr; ihu_message_send &rArr; ihu_msgid_to_string &rArr; IhuErrorPrintFo &rArr; xQueueTakeMutexRecursive &rArr; xQueueGenericReceive &rArr; xTaskResumeAll &rArr; xTaskIncrementTick
</UL>
<BR>[Calls]<UL><LI><a href="#[ea]">&gt;&gt;</a>&nbsp;&nbsp;&nbsp;HAL_CAN_IRQHandler
</UL>
<BR>[Address Reference Count : 1]<UL><LI> startup_stm32f207xx.o(RESET)
</UL>
<P><STRONG><a name="[6f]"></a>CAN1_TX_IRQHandler</STRONG> (Thumb, 10 bytes, Stack size 8 bytes, stm32f2xx_it.o(i.CAN1_TX_IRQHandler))
<BR><BR>[Stack]<UL><LI>Max Depth = 1176<LI>Call Chain = CAN1_TX_IRQHandler &rArr; HAL_CAN_IRQHandler &rArr; CAN_Receive_IT &rArr; HAL_CAN_RxCpltCallback &rArr; ihu_message_send &rArr; ihu_msgid_to_string &rArr; IhuErrorPrintFo &rArr; xQueueTakeMutexRecursive &rArr; xQueueGenericReceive &rArr; xTaskResumeAll &rArr; xTaskIncrementTick
</UL>
<BR>[Calls]<UL><LI><a href="#[ea]">&gt;&gt;</a>&nbsp;&nbsp;&nbsp;HAL_CAN_IRQHandler
</UL>
<BR>[Address Reference Count : 1]<UL><LI> startup_stm32f207xx.o(RESET)
</UL>
<P><STRONG><a name="[9c]"></a>CAN2_RX0_IRQHandler</STRONG> (Thumb, 10 bytes, Stack size 8 bytes, stm32f2xx_it.o(i.CAN2_RX0_IRQHandler))
<BR><BR>[Stack]<UL><LI>Max Depth = 1176<LI>Call Chain = CAN2_RX0_IRQHandler &rArr; HAL_CAN_IRQHandler &rArr; CAN_Receive_IT &rArr; HAL_CAN_RxCpltCallback &rArr; ihu_message_send &rArr; ihu_msgid_to_string &rArr; IhuErrorPrintFo &rArr; xQueueTakeMutexRecursive &rArr; xQueueGenericReceive &rArr; xTaskResumeAll &rArr; xTaskIncrementTick
</UL>
<BR>[Calls]<UL><LI><a href="#[ea]">&gt;&gt;</a>&nbsp;&nbsp;&nbsp;HAL_CAN_IRQHandler
</UL>
<BR>[Address Reference Count : 1]<UL><LI> startup_stm32f207xx.o(RESET)
</UL>
<P><STRONG><a name="[9d]"></a>CAN2_RX1_IRQHandler</STRONG> (Thumb, 10 bytes, Stack size 8 bytes, stm32f2xx_it.o(i.CAN2_RX1_IRQHandler))
<BR><BR>[Stack]<UL><LI>Max Depth = 1176<LI>Call Chain = CAN2_RX1_IRQHandler &rArr; HAL_CAN_IRQHandler &rArr; CAN_Receive_IT &rArr; HAL_CAN_RxCpltCallback &rArr; ihu_message_send &rArr; ihu_msgid_to_string &rArr; IhuErrorPrintFo &rArr; xQueueTakeMutexRecursive &rArr; xQueueGenericReceive &rArr; xTaskResumeAll &rArr; xTaskIncrementTick
</UL>
<BR>[Calls]<UL><LI><a href="#[ea]">&gt;&gt;</a>&nbsp;&nbsp;&nbsp;HAL_CAN_IRQHandler
</UL>
<BR>[Address Reference Count : 1]<UL><LI> startup_stm32f207xx.o(RESET)
</UL>
<P><STRONG><a name="[9e]"></a>CAN2_SCE_IRQHandler</STRONG> (Thumb, 10 bytes, Stack size 8 bytes, stm32f2xx_it.o(i.CAN2_SCE_IRQHandler))
<BR><BR>[Stack]<UL><LI>Max Depth = 1176<LI>Call Chain = CAN2_SCE_IRQHandler &rArr; HAL_CAN_IRQHandler &rArr; CAN_Receive_IT &rArr; HAL_CAN_RxCpltCallback &rArr; ihu_message_send &rArr; ihu_msgid_to_string &rArr; IhuErrorPrintFo &rArr; xQueueTakeMutexRecursive &rArr; xQueueGenericReceive &rArr; xTaskResumeAll &rArr; xTaskIncrementTick
</UL>
<BR>[Calls]<UL><LI><a href="#[ea]">&gt;&gt;</a>&nbsp;&nbsp;&nbsp;HAL_CAN_IRQHandler
</UL>
<BR>[Address Reference Count : 1]<UL><LI> startup_stm32f207xx.o(RESET)
</UL>
<P><STRONG><a name="[9b]"></a>CAN2_TX_IRQHandler</STRONG> (Thumb, 10 bytes, Stack size 8 bytes, stm32f2xx_it.o(i.CAN2_TX_IRQHandler))
<BR><BR>[Stack]<UL><LI>Max Depth = 1176<LI>Call Chain = CAN2_TX_IRQHandler &rArr; HAL_CAN_IRQHandler &rArr; CAN_Receive_IT &rArr; HAL_CAN_RxCpltCallback &rArr; ihu_message_send &rArr; ihu_msgid_to_string &rArr; IhuErrorPrintFo &rArr; xQueueTakeMutexRecursive &rArr; xQueueGenericReceive &rArr; xTaskResumeAll &rArr; xTaskIncrementTick
</UL>
<BR>[Calls]<UL><LI><a href="#[ea]">&gt;&gt;</a>&nbsp;&nbsp;&nbsp;HAL_CAN_IRQHandler
</UL>
<BR>[Address Reference Count : 1]<UL><LI> startup_stm32f207xx.o(RESET)
</UL>
<P><STRONG><a name="[c1]"></a>Callback01</STRONG> (Thumb, 2 bytes, Stack size 0 bytes, main.o(i.Callback01))
<BR>[Address Reference Count : 1]<UL><LI> main.o(.constdata)
</UL>
<P><STRONG><a name="[6a]"></a>DMA1_Stream3_IRQHandler</STRONG> (Thumb, 10 bytes, Stack size 8 bytes, stm32f2xx_it.o(i.DMA1_Stream3_IRQHandler))
<BR><BR>[Stack]<UL><LI>Max Depth = 32<LI>Call Chain = DMA1_Stream3_IRQHandler &rArr; HAL_DMA_IRQHandler
</UL>
<BR>[Calls]<UL><LI><a href="#[ef]">&gt;&gt;</a>&nbsp;&nbsp;&nbsp;HAL_DMA_IRQHandler
</UL>
<BR>[Address Reference Count : 1]<UL><LI> startup_stm32f207xx.o(RESET)
</UL>
<P><STRONG><a name="[6b]"></a>DMA1_Stream4_IRQHandler</STRONG> (Thumb, 10 bytes, Stack size 8 bytes, stm32f2xx_it.o(i.DMA1_Stream4_IRQHandler))
<BR><BR>[Stack]<UL><LI>Max Depth = 32<LI>Call Chain = DMA1_Stream4_IRQHandler &rArr; HAL_DMA_IRQHandler
</UL>
<BR>[Calls]<UL><LI><a href="#[ef]">&gt;&gt;</a>&nbsp;&nbsp;&nbsp;HAL_DMA_IRQHandler
</UL>
<BR>[Address Reference Count : 1]<UL><LI> startup_stm32f207xx.o(RESET)
</UL>
<P><STRONG><a name="[94]"></a>DMA2_Stream0_IRQHandler</STRONG> (Thumb, 10 bytes, Stack size 8 bytes, stm32f2xx_it.o(i.DMA2_Stream0_IRQHandler))
<BR><BR>[Stack]<UL><LI>Max Depth = 32<LI>Call Chain = DMA2_Stream0_IRQHandler &rArr; HAL_DMA_IRQHandler
</UL>
<BR>[Calls]<UL><LI><a href="#[ef]">&gt;&gt;</a>&nbsp;&nbsp;&nbsp;HAL_DMA_IRQHandler
</UL>
<BR>[Address Reference Count : 1]<UL><LI> startup_stm32f207xx.o(RESET)
</UL>
<P><STRONG><a name="[97]"></a>DMA2_Stream3_IRQHandler</STRONG> (Thumb, 10 bytes, Stack size 8 bytes, stm32f2xx_it.o(i.DMA2_Stream3_IRQHandler))
<BR><BR>[Stack]<UL><LI>Max Depth = 32<LI>Call Chain = DMA2_Stream3_IRQHandler &rArr; HAL_DMA_IRQHandler
</UL>
<BR>[Calls]<UL><LI><a href="#[ef]">&gt;&gt;</a>&nbsp;&nbsp;&nbsp;HAL_DMA_IRQHandler
</UL>
<BR>[Address Reference Count : 1]<UL><LI> startup_stm32f207xx.o(RESET)
</UL>
<P><STRONG><a name="[59]"></a>DebugMon_Handler</STRONG> (Thumb, 2 bytes, Stack size 0 bytes, stm32f2xx_it.o(i.DebugMon_Handler))
<BR>[Address Reference Count : 1]<UL><LI> startup_stm32f207xx.o(RESET)
</UL>
<P><STRONG><a name="[139]"></a>Error_Handler</STRONG> (Thumb, 2 bytes, Stack size 0 bytes, main.o(i.Error_Handler))
<BR><BR>[Called By]<UL><LI><a href="#[184]">&gt;&gt;</a>&nbsp;&nbsp;&nbsp;SystemClock_Config
<LI><a href="#[17b]">&gt;&gt;</a>&nbsp;&nbsp;&nbsp;MX_USART6_UART_Init
<LI><a href="#[17a]">&gt;&gt;</a>&nbsp;&nbsp;&nbsp;MX_USART3_UART_Init
<LI><a href="#[179]">&gt;&gt;</a>&nbsp;&nbsp;&nbsp;MX_USART2_UART_Init
<LI><a href="#[178]">&gt;&gt;</a>&nbsp;&nbsp;&nbsp;MX_USART1_UART_Init
<LI><a href="#[177]">&gt;&gt;</a>&nbsp;&nbsp;&nbsp;MX_UART5_Init
<LI><a href="#[176]">&gt;&gt;</a>&nbsp;&nbsp;&nbsp;MX_UART4_Init
<LI><a href="#[175]">&gt;&gt;</a>&nbsp;&nbsp;&nbsp;MX_TIM7_Init
<LI><a href="#[173]">&gt;&gt;</a>&nbsp;&nbsp;&nbsp;MX_TIM6_Init
<LI><a href="#[172]">&gt;&gt;</a>&nbsp;&nbsp;&nbsp;MX_SPI2_Init
<LI><a href="#[171]">&gt;&gt;</a>&nbsp;&nbsp;&nbsp;MX_SPI1_Init
<LI><a href="#[170]">&gt;&gt;</a>&nbsp;&nbsp;&nbsp;MX_RTC_Init
<LI><a href="#[16e]">&gt;&gt;</a>&nbsp;&nbsp;&nbsp;MX_I2C1_Init
<LI><a href="#[16a]">&gt;&gt;</a>&nbsp;&nbsp;&nbsp;MX_CAN2_Init
<LI><a href="#[169]">&gt;&gt;</a>&nbsp;&nbsp;&nbsp;MX_CAN1_Init
<LI><a href="#[168]">&gt;&gt;</a>&nbsp;&nbsp;&nbsp;MX_ADC3_Init
<LI><a href="#[167]">&gt;&gt;</a>&nbsp;&nbsp;&nbsp;MX_ADC2_Init
<LI><a href="#[165]">&gt;&gt;</a>&nbsp;&nbsp;&nbsp;MX_ADC1_Init
<LI><a href="#[138]">&gt;&gt;</a>&nbsp;&nbsp;&nbsp;HAL_SPI_MspInit
</UL>

<P><STRONG><a name="[f0]"></a>FsmAddNew</STRONG> (Thumb, 682 bytes, Stack size 56 bytes, vmfreeoslayer.o(i.FsmAddNew))
<BR><BR>[Stack]<UL><LI>Max Depth = 528<LI>Call Chain = FsmAddNew &rArr; FsmSetState &rArr; IhuErrorPrintFo &rArr; xQueueTakeMutexRecursive &rArr; xQueueGenericReceive &rArr; xTaskResumeAll &rArr; xTaskIncrementTick
</UL>
<BR>[Calls]<UL><LI><a href="#[f1]">&gt;&gt;</a>&nbsp;&nbsp;&nbsp;FsmSetState
<LI><a href="#[e1]">&gt;&gt;</a>&nbsp;&nbsp;&nbsp;IhuErrorPrintFo
<LI><a href="#[dd]">&gt;&gt;</a>&nbsp;&nbsp;&nbsp;IhuDebugPrintId
<LI><a href="#[de]">&gt;&gt;</a>&nbsp;&nbsp;&nbsp;IhuDebugPrintFo
</UL>
<BR>[Called By]<UL><LI><a href="#[1c1]">&gt;&gt;</a>&nbsp;&nbsp;&nbsp;ihu_task_create_and_run
</UL>

<P><STRONG><a name="[f2]"></a>FsmGetState</STRONG> (Thumb, 72 bytes, Stack size 16 bytes, vmfreeoslayer.o(i.FsmGetState))
<BR><BR>[Stack]<UL><LI>Max Depth = 472<LI>Call Chain = FsmGetState &rArr; IhuErrorPrintFo &rArr; xQueueTakeMutexRecursive &rArr; xQueueGenericReceive &rArr; xTaskResumeAll &rArr; xTaskIncrementTick
</UL>
<BR>[Calls]<UL><LI><a href="#[e1]">&gt;&gt;</a>&nbsp;&nbsp;&nbsp;IhuErrorPrintFo
<LI><a href="#[dd]">&gt;&gt;</a>&nbsp;&nbsp;&nbsp;IhuDebugPrintId
</UL>
<BR>[Called By]<UL><LI><a href="#[1c]">&gt;&gt;</a>&nbsp;&nbsp;&nbsp;fsm_ethorion_time_out
<LI><a href="#[15]">&gt;&gt;</a>&nbsp;&nbsp;&nbsp;fsm_didocap_time_out
<LI><a href="#[10]">&gt;&gt;</a>&nbsp;&nbsp;&nbsp;fsm_adclibra_time_out
<LI><a href="#[9]">&gt;&gt;</a>&nbsp;&nbsp;&nbsp;fsm_vmfo_time_out
<LI><a href="#[f7]">&gt;&gt;</a>&nbsp;&nbsp;&nbsp;FsmRunEngine
<LI><a href="#[49]">&gt;&gt;</a>&nbsp;&nbsp;&nbsp;fsm_ccl_time_out
<LI><a href="#[42]">&gt;&gt;</a>&nbsp;&nbsp;&nbsp;fsm_dcmiaris_time_out
<LI><a href="#[3d]">&gt;&gt;</a>&nbsp;&nbsp;&nbsp;fsm_canvela_time_out
<LI><a href="#[33]">&gt;&gt;</a>&nbsp;&nbsp;&nbsp;fsm_spsvirgo_time_out
<LI><a href="#[2d]">&gt;&gt;</a>&nbsp;&nbsp;&nbsp;fsm_spileo_time_out
<LI><a href="#[28]">&gt;&gt;</a>&nbsp;&nbsp;&nbsp;fsm_ledpisces_time_out
<LI><a href="#[21]">&gt;&gt;</a>&nbsp;&nbsp;&nbsp;fsm_i2caries_time_out
</UL>

<P><STRONG><a name="[f3]"></a>FsmInit</STRONG> (Thumb, 108 bytes, Stack size 16 bytes, vmfreeoslayer.o(i.FsmInit))
<BR><BR>[Stack]<UL><LI>Max Depth = 472<LI>Call Chain = FsmInit &rArr; IhuDebugPrintFo &rArr; xQueueTakeMutexRecursive &rArr; xQueueGenericReceive &rArr; xTaskResumeAll &rArr; xTaskIncrementTick
</UL>
<BR>[Calls]<UL><LI><a href="#[dd]">&gt;&gt;</a>&nbsp;&nbsp;&nbsp;IhuDebugPrintId
<LI><a href="#[de]">&gt;&gt;</a>&nbsp;&nbsp;&nbsp;IhuDebugPrintFo
</UL>
<BR>[Called By]<UL><LI><a href="#[1c7]">&gt;&gt;</a>&nbsp;&nbsp;&nbsp;ihu_vm_system_init
</UL>

<P><STRONG><a name="[bd]"></a>FsmProcessingLaunch</STRONG> (Thumb, 258 bytes, Stack size 240 bytes, vmfreeoslayer.o(i.FsmProcessingLaunch))
<BR><BR>[Stack]<UL><LI>Max Depth = 768<LI>Call Chain = FsmProcessingLaunch &rArr; FsmRunEngine &rArr; FsmGetState &rArr; IhuErrorPrintFo &rArr; xQueueTakeMutexRecursive &rArr; xQueueGenericReceive &rArr; xTaskResumeAll &rArr; xTaskIncrementTick
</UL>
<BR>[Calls]<UL><LI><a href="#[e1]">&gt;&gt;</a>&nbsp;&nbsp;&nbsp;IhuErrorPrintFo
<LI><a href="#[dd]">&gt;&gt;</a>&nbsp;&nbsp;&nbsp;IhuDebugPrintId
<LI><a href="#[de]">&gt;&gt;</a>&nbsp;&nbsp;&nbsp;IhuDebugPrintFo
<LI><a href="#[f6]">&gt;&gt;</a>&nbsp;&nbsp;&nbsp;ihu_sleep
<LI><a href="#[f5]">&gt;&gt;</a>&nbsp;&nbsp;&nbsp;ihu_message_rcv
<LI><a href="#[f7]">&gt;&gt;</a>&nbsp;&nbsp;&nbsp;FsmRunEngine
<LI><a href="#[f4]">&gt;&gt;</a>&nbsp;&nbsp;&nbsp;__aeabi_memclr4
</UL>
<BR>[Address Reference Count : 1]<UL><LI> vmfreeoslayer.o(i.ihu_task_create_and_run)
</UL>
<P><STRONG><a name="[f7]"></a>FsmRunEngine</STRONG> (Thumb, 540 bytes, Stack size 56 bytes, vmfreeoslayer.o(i.FsmRunEngine))
<BR><BR>[Stack]<UL><LI>Max Depth = 528<LI>Call Chain = FsmRunEngine &rArr; FsmGetState &rArr; IhuErrorPrintFo &rArr; xQueueTakeMutexRecursive &rArr; xQueueGenericReceive &rArr; xTaskResumeAll &rArr; xTaskIncrementTick
</UL>
<BR>[Calls]<UL><LI><a href="#[e1]">&gt;&gt;</a>&nbsp;&nbsp;&nbsp;IhuErrorPrintFo
<LI><a href="#[dd]">&gt;&gt;</a>&nbsp;&nbsp;&nbsp;IhuDebugPrintId
<LI><a href="#[de]">&gt;&gt;</a>&nbsp;&nbsp;&nbsp;IhuDebugPrintFo
<LI><a href="#[f2]">&gt;&gt;</a>&nbsp;&nbsp;&nbsp;FsmGetState
</UL>
<BR>[Called By]<UL><LI><a href="#[bd]">&gt;&gt;</a>&nbsp;&nbsp;&nbsp;FsmProcessingLaunch
</UL>

<P><STRONG><a name="[f1]"></a>FsmSetState</STRONG> (Thumb, 102 bytes, Stack size 16 bytes, vmfreeoslayer.o(i.FsmSetState))
<BR><BR>[Stack]<UL><LI>Max Depth = 472<LI>Call Chain = FsmSetState &rArr; IhuErrorPrintFo &rArr; xQueueTakeMutexRecursive &rArr; xQueueGenericReceive &rArr; xTaskResumeAll &rArr; xTaskIncrementTick
</UL>
<BR>[Calls]<UL><LI><a href="#[e1]">&gt;&gt;</a>&nbsp;&nbsp;&nbsp;IhuErrorPrintFo
<LI><a href="#[dd]">&gt;&gt;</a>&nbsp;&nbsp;&nbsp;IhuDebugPrintId
</UL>
<BR>[Called By]<UL><LI><a href="#[0]">&gt;&gt;</a>&nbsp;&nbsp;&nbsp;fsm_timer_task_entry
<LI><a href="#[4]">&gt;&gt;</a>&nbsp;&nbsp;&nbsp;fsm_timer_stop_rcv
<LI><a href="#[1]">&gt;&gt;</a>&nbsp;&nbsp;&nbsp;fsm_timer_init
<LI><a href="#[1e]">&gt;&gt;</a>&nbsp;&nbsp;&nbsp;fsm_i2caries_init
<LI><a href="#[1c]">&gt;&gt;</a>&nbsp;&nbsp;&nbsp;fsm_ethorion_time_out
<LI><a href="#[18]">&gt;&gt;</a>&nbsp;&nbsp;&nbsp;fsm_ethorion_task_entry
<LI><a href="#[1b]">&gt;&gt;</a>&nbsp;&nbsp;&nbsp;fsm_ethorion_stop_rcv
<LI><a href="#[19]">&gt;&gt;</a>&nbsp;&nbsp;&nbsp;fsm_ethorion_init
<LI><a href="#[15]">&gt;&gt;</a>&nbsp;&nbsp;&nbsp;fsm_didocap_time_out
<LI><a href="#[11]">&gt;&gt;</a>&nbsp;&nbsp;&nbsp;fsm_didocap_task_entry
<LI><a href="#[14]">&gt;&gt;</a>&nbsp;&nbsp;&nbsp;fsm_didocap_stop_rcv
<LI><a href="#[12]">&gt;&gt;</a>&nbsp;&nbsp;&nbsp;fsm_didocap_init
<LI><a href="#[10]">&gt;&gt;</a>&nbsp;&nbsp;&nbsp;fsm_adclibra_time_out
<LI><a href="#[c]">&gt;&gt;</a>&nbsp;&nbsp;&nbsp;fsm_adclibra_task_entry
[...]
<BR><BR>[Stack]<UL><LI>Max Depth = 88<LI>Call Chain = prvAllocateTCBAndStack &rArr; pvPortMalloc &rArr; xTaskResumeAll &rArr; xTaskIncrementTick
</UL>
<BR>[Calls]<UL><LI><a href="#[1d8]">&gt;&gt;</a>&nbsp;&nbsp;&nbsp;vPortFree
<LI><a href="#[1d7]">&gt;&gt;</a>&nbsp;&nbsp;&nbsp;pvPortMalloc
<LI><a href="#[c8]">&gt;&gt;</a>&nbsp;&nbsp;&nbsp;__aeabi_memset
</UL>
<BR>[Called By]<UL><LI><a href="#[1c3]">&gt;&gt;</a>&nbsp;&nbsp;&nbsp;xTaskGenericCreate
</UL>

<P><STRONG><a name="[1de]"></a>prvCheckTasksWaitingTermination</STRONG> (Thumb, 86 bytes, Stack size 16 bytes, tasks.o(i.prvCheckTasksWaitingTermination))
<BR><BR>[Stack]<UL><LI>Max Depth = 80<LI>Call Chain = prvCheckTasksWaitingTermination &rArr; prvDeleteTCB &rArr; vPortFree &rArr; xTaskResumeAll &rArr; xTaskIncrementTick
</UL>
<BR>[Calls]<UL><LI><a href="#[1e0]">&gt;&gt;</a>&nbsp;&nbsp;&nbsp;xTaskResumeAll
<LI><a href="#[1df]">&gt;&gt;</a>&nbsp;&nbsp;&nbsp;vTaskSuspendAll
<LI><a href="#[1dd]">&gt;&gt;</a>&nbsp;&nbsp;&nbsp;vPortExitCritical
<LI><a href="#[1da]">&gt;&gt;</a>&nbsp;&nbsp;&nbsp;vPortEnterCritical
<LI><a href="#[1e1]">&gt;&gt;</a>&nbsp;&nbsp;&nbsp;uxListRemove
<LI><a href="#[1e2]">&gt;&gt;</a>&nbsp;&nbsp;&nbsp;prvDeleteTCB
</UL>
<BR>[Called By]<UL><LI><a href="#[bf]">&gt;&gt;</a>&nbsp;&nbsp;&nbsp;prvIdleTask
</UL>

<P><STRONG><a name="[1e2]"></a>prvDeleteTCB</STRONG> (Thumb, 18 bytes, Stack size 8 bytes, tasks.o(i.prvDeleteTCB))
<BR><BR>[Stack]<UL><LI>Max Depth = 64<LI>Call Chain = prvDeleteTCB &rArr; vPortFree &rArr; xTaskResumeAll &rArr; xTaskIncrementTick
</UL>
<BR>[Calls]<UL><LI><a href="#[1d8]">&gt;&gt;</a>&nbsp;&nbsp;&nbsp;vPortFree
</UL>
<BR>[Called By]<UL><LI><a href="#[1de]">&gt;&gt;</a>&nbsp;&nbsp;&nbsp;prvCheckTasksWaitingTermination
</UL>

<P><STRONG><a name="[1e8]"></a>prvGetExpectedIdleTime</STRONG> (Thumb, 36 bytes, Stack size 0 bytes, tasks.o(i.prvGetExpectedIdleTime))
<BR><BR>[Called By]<UL><LI><a href="#[bf]">&gt;&gt;</a>&nbsp;&nbsp;&nbsp;prvIdleTask
</UL>

<P><STRONG><a name="[bf]"></a>prvIdleTask</STRONG> (Thumb, 86 bytes, Stack size 0 bytes, tasks.o(i.prvIdleTask))
<BR><BR>[Stack]<UL><LI>Max Depth = 80<LI>Call Chain = prvIdleTask &rArr; prvCheckTasksWaitingTermination &rArr; prvDeleteTCB &rArr; vPortFree &rArr; xTaskResumeAll &rArr; xTaskIncrementTick
</UL>
<BR>[Calls]<UL><LI><a href="#[1e0]">&gt;&gt;</a>&nbsp;&nbsp;&nbsp;xTaskResumeAll
<LI><a href="#[1df]">&gt;&gt;</a>&nbsp;&nbsp;&nbsp;vTaskSuspendAll
<LI><a href="#[1e6]">&gt;&gt;</a>&nbsp;&nbsp;&nbsp;vPortYield
<LI><a href="#[df]">&gt;&gt;</a>&nbsp;&nbsp;&nbsp;ulPortSetInterruptMask
<LI><a href="#[1e7]">&gt;&gt;</a>&nbsp;&nbsp;&nbsp;vApplicationIdleHook
<LI><a href="#[1e8]">&gt;&gt;</a>&nbsp;&nbsp;&nbsp;prvGetExpectedIdleTime
<LI><a href="#[1de]">&gt;&gt;</a>&nbsp;&nbsp;&nbsp;prvCheckTasksWaitingTermination
<LI><a href="#[1e9]">&gt;&gt;</a>&nbsp;&nbsp;&nbsp;vPortSuppressTicksAndSleep
</UL>
<BR>[Address Reference Count : 1]<UL><LI> tasks.o(i.vTaskStartScheduler)
</UL>
<P><STRONG><a name="[1ea]"></a>prvInitialiseTCBVariables</STRONG> (Thumb, 100 bytes, Stack size 32 bytes, tasks.o(i.prvInitialiseTCBVariables))
<BR><BR>[Stack]<UL><LI>Max Depth = 32<LI>Call Chain = prvInitialiseTCBVariables
</UL>
<BR>[Calls]<UL><LI><a href="#[1eb]">&gt;&gt;</a>&nbsp;&nbsp;&nbsp;vListInitialiseItem
</UL>
<BR>[Called By]<UL><LI><a href="#[1c3]">&gt;&gt;</a>&nbsp;&nbsp;&nbsp;xTaskGenericCreate
</UL>

<P><STRONG><a name="[1ec]"></a>prvInitialiseTaskLists</STRONG> (Thumb, 70 bytes, Stack size 8 bytes, tasks.o(i.prvInitialiseTaskLists))
<BR><BR>[Stack]<UL><LI>Max Depth = 8<LI>Call Chain = prvInitialiseTaskLists
</UL>
<BR>[Calls]<UL><LI><a href="#[1db]">&gt;&gt;</a>&nbsp;&nbsp;&nbsp;vListInitialise
</UL>
<BR>[Called By]<UL><LI><a href="#[1c3]">&gt;&gt;</a>&nbsp;&nbsp;&nbsp;xTaskGenericCreate
</UL>

<P><STRONG><a name="[216]"></a>prvResetNextTaskUnblockTime</STRONG> (Thumb, 42 bytes, Stack size 0 bytes, tasks.o(i.prvResetNextTaskUnblockTime))
<BR><BR>[Called By]<UL><LI><a href="#[1f8]">&gt;&gt;</a>&nbsp;&nbsp;&nbsp;xTaskRemoveFromEventList
<LI><a href="#[20f]">&gt;&gt;</a>&nbsp;&nbsp;&nbsp;xTaskIncrementTick
</UL>

<P><STRONG><a name="[1fa]"></a>prvHeapInit</STRONG> (Thumb, 98 bytes, Stack size 12 bytes, heap_4.o(i.prvHeapInit))
<BR><BR>[Stack]<UL><LI>Max Depth = 12<LI>Call Chain = prvHeapInit
</UL>
<BR>[Called By]<UL><LI><a href="#[1d7]">&gt;&gt;</a>&nbsp;&nbsp;&nbsp;pvPortMalloc
</UL>

<P><STRONG><a name="[1fb]"></a>prvInsertBlockIntoFreeList</STRONG> (Thumb, 96 bytes, Stack size 8 bytes, heap_4.o(i.prvInsertBlockIntoFreeList))
<BR><BR>[Stack]<UL><LI>Max Depth = 8<LI>Call Chain = prvInsertBlockIntoFreeList
</UL>
<BR>[Called By]<UL><LI><a href="#[1d8]">&gt;&gt;</a>&nbsp;&nbsp;&nbsp;vPortFree
<LI><a href="#[1d7]">&gt;&gt;</a>&nbsp;&nbsp;&nbsp;pvPortMalloc
</UL>

<P><STRONG><a name="[165]"></a>MX_ADC1_Init</STRONG> (Thumb, 76 bytes, Stack size 24 bytes, main.o(i.MX_ADC1_Init))
<BR><BR>[Stack]<UL><LI>Max Depth = 96<LI>Call Chain = MX_ADC1_Init &rArr; HAL_ADC_Init &rArr; HAL_ADC_MspInit &rArr; HAL_GPIO_Init
</UL>
<BR>[Calls]<UL><LI><a href="#[f8]">&gt;&gt;</a>&nbsp;&nbsp;&nbsp;HAL_ADC_Init
<LI><a href="#[166]">&gt;&gt;</a>&nbsp;&nbsp;&nbsp;HAL_ADC_ConfigChannel
<LI><a href="#[139]">&gt;&gt;</a>&nbsp;&nbsp;&nbsp;Error_Handler
</UL>
<BR>[Called By]<UL><LI><a href="#[ac]">&gt;&gt;</a>&nbsp;&nbsp;&nbsp;main
</UL>

<P><STRONG><a name="[167]"></a>MX_ADC2_Init</STRONG> (Thumb, 78 bytes, Stack size 24 bytes, main.o(i.MX_ADC2_Init))
<BR><BR>[Stack]<UL><LI>Max Depth = 96<LI>Call Chain = MX_ADC2_Init &rArr; HAL_ADC_Init &rArr; HAL_ADC_MspInit &rArr; HAL_GPIO_Init
</UL>
<BR>[Calls]<UL><LI><a href="#[f8]">&gt;&gt;</a>&nbsp;&nbsp;&nbsp;HAL_ADC_Init
<LI><a href="#[166]">&gt;&gt;</a>&nbsp;&nbsp;&nbsp;HAL_ADC_ConfigChannel
<LI><a href="#[139]">&gt;&gt;</a>&nbsp;&nbsp;&nbsp;Error_Handler
</UL>
<BR>[Called By]<UL><LI><a href="#[ac]">&gt;&gt;</a>&nbsp;&nbsp;&nbsp;main
</UL>

<P><STRONG><a name="[168]"></a>MX_ADC3_Init</STRONG> (Thumb, 78 bytes, Stack size 24 bytes, main.o(i.MX_ADC3_Init))
<BR><BR>[Stack]<UL><LI>Max Depth = 96<LI>Call Chain = MX_ADC3_Init &rArr; HAL_ADC_Init &rArr; HAL_ADC_MspInit &rArr; HAL_GPIO_Init
</UL>
<BR>[Calls]<UL><LI><a href="#[f8]">&gt;&gt;</a>&nbsp;&nbsp;&nbsp;HAL_ADC_Init
<LI><a href="#[166]">&gt;&gt;</a>&nbsp;&nbsp;&nbsp;HAL_ADC_ConfigChannel
<LI><a href="#[139]">&gt;&gt;</a>&nbsp;&nbsp;&nbsp;Error_Handler
</UL>
<BR>[Called By]<UL><LI><a href="#[ac]">&gt;&gt;</a>&nbsp;&nbsp;&nbsp;main
</UL>

<P><STRONG><a name="[169]"></a>MX_CAN1_Init</STRONG> (Thumb, 48 bytes, Stack size 8 bytes, main.o(i.MX_CAN1_Init))
<BR><BR>[Stack]<UL><LI>Max Depth = 104<LI>Call Chain = MX_CAN1_Init &rArr; HAL_CAN_Init &rArr; HAL_CAN_MspInit &rArr; HAL_NVIC_SetPriority &rArr; NVIC_SetPriority
</UL>
<BR>[Calls]<UL><LI><a href="#[fd]">&gt;&gt;</a>&nbsp;&nbsp;&nbsp;HAL_CAN_Init
<LI><a href="#[139]">&gt;&gt;</a>&nbsp;&nbsp;&nbsp;Error_Handler
</UL>
<BR>[Called By]<UL><LI><a href="#[ac]">&gt;&gt;</a>&nbsp;&nbsp;&nbsp;main
</UL>

<P><STRONG><a name="[16a]"></a>MX_CAN2_Init</STRONG> (Thumb, 48 bytes, Stack size 8 bytes, main.o(i.MX_CAN2_Init))
<BR><BR>[Stack]<UL><LI>Max Depth = 104<LI>Call Chain = MX_CAN2_Init &rArr; HAL_CAN_Init &rArr; HAL_CAN_MspInit &rArr; HAL_NVIC_SetPriority &rArr; NVIC_SetPriority
</UL>
<BR>[Calls]<UL><LI><a href="#[fd]">&gt;&gt;</a>&nbsp;&nbsp;&nbsp;HAL_CAN_Init
<LI><a href="#[139]">&gt;&gt;</a>&nbsp;&nbsp;&nbsp;Error_Handler
</UL>
<BR>[Called By]<UL><LI><a href="#[ac]">&gt;&gt;</a>&nbsp;&nbsp;&nbsp;main
</UL>

<P><STRONG><a name="[16b]"></a>MX_DMA_Init</STRONG> (Thumb, 98 bytes, Stack size 8 bytes, main.o(i.MX_DMA_Init))
<BR><BR>[Stack]<UL><LI>Max Depth = 56<LI>Call Chain = MX_DMA_Init &rArr; HAL_NVIC_SetPriority &rArr; NVIC_SetPriority
</UL>
<BR>[Calls]<UL><LI><a href="#[100]">&gt;&gt;</a>&nbsp;&nbsp;&nbsp;HAL_NVIC_SetPriority
<LI><a href="#[101]">&gt;&gt;</a>&nbsp;&nbsp;&nbsp;HAL_NVIC_EnableIRQ
</UL>
<BR>[Called By]<UL><LI><a href="#[ac]">&gt;&gt;</a>&nbsp;&nbsp;&nbsp;main
</UL>

<P><STRONG><a name="[16c]"></a>MX_GPIO_Init</STRONG> (Thumb, 288 bytes, Stack size 32 bytes, main.o(i.MX_GPIO_Init))
<BR><BR>[Stack]<UL><LI>Max Depth = 56<LI>Call Chain = MX_GPIO_Init &rArr; HAL_GPIO_Init
</UL>
<BR>[Calls]<UL><LI><a href="#[16d]">&gt;&gt;</a>&nbsp;&nbsp;&nbsp;HAL_GPIO_WritePin
<LI><a href="#[fb]">&gt;&gt;</a>&nbsp;&nbsp;&nbsp;HAL_GPIO_Init
</UL>
<BR>[Called By]<UL><LI><a href="#[ac]">&gt;&gt;</a>&nbsp;&nbsp;&nbsp;main
</UL>

<P><STRONG><a name="[16e]"></a>MX_I2C1_Init</STRONG> (Thumb, 48 bytes, Stack size 8 bytes, main.o(i.MX_I2C1_Init))
<BR><BR>[Stack]<UL><LI>Max Depth = 80<LI>Call Chain = MX_I2C1_Init &rArr; HAL_I2C_Init &rArr; HAL_I2C_MspInit &rArr; HAL_GPIO_Init
</UL>
<BR>[Calls]<UL><LI><a href="#[118]">&gt;&gt;</a>&nbsp;&nbsp;&nbsp;HAL_I2C_Init
<LI><a href="#[139]">&gt;&gt;</a>&nbsp;&nbsp;&nbsp;Error_Handler
</UL>
<BR>[Called By]<UL><LI><a href="#[ac]">&gt;&gt;</a>&nbsp;&nbsp;&nbsp;main
</UL>

<P><STRONG><a name="[16f]"></a>MX_NVIC_Init</STRONG> (Thumb, 164 bytes, Stack size 8 bytes, main.o(i.MX_NVIC_Init))
<BR><BR>[Stack]<UL><LI>Max Depth = 56<LI>Call Chain = MX_NVIC_Init &rArr; HAL_NVIC_SetPriority &rArr; NVIC_SetPriority
</UL>
<BR>[Calls]<UL><LI><a href="#[100]">&gt;&gt;</a>&nbsp;&nbsp;&nbsp;HAL_NVIC_SetPriority
<LI><a href="#[101]">&gt;&gt;</a>&nbsp;&nbsp;&nbsp;HAL_NVIC_EnableIRQ
</UL>
<BR>[Called By]<UL><LI><a href="#[ac]">&gt;&gt;</a>&nbsp;&nbsp;&nbsp;main
</UL>

<P><STRONG><a name="[170]"></a>MX_RTC_Init</STRONG> (Thumb, 206 bytes, Stack size 48 bytes, main.o(i.MX_RTC_Init))
<BR><BR>[Stack]<UL><LI>Max Depth = 88<LI>Call Chain = MX_RTC_Init &rArr; HAL_RTC_SetTime &rArr; HAL_RTC_WaitForSynchro
</UL>
<BR>[Calls]<UL><LI><a href="#[133]">&gt;&gt;</a>&nbsp;&nbsp;&nbsp;HAL_RTC_SetTime
<LI><a href="#[131]">&gt;&gt;</a>&nbsp;&nbsp;&nbsp;HAL_RTC_SetDate
<LI><a href="#[12e]">&gt;&gt;</a>&nbsp;&nbsp;&nbsp;HAL_RTC_SetAlarm
<LI><a href="#[12b]">&gt;&gt;</a>&nbsp;&nbsp;&nbsp;HAL_RTC_Init
<LI><a href="#[12a]">&gt;&gt;</a>&nbsp;&nbsp;&nbsp;HAL_RTCEx_SetWakeUpTimer
<LI><a href="#[139]">&gt;&gt;</a>&nbsp;&nbsp;&nbsp;Error_Handler
</UL>
<BR>[Called By]<UL><LI><a href="#[ac]">&gt;&gt;</a>&nbsp;&nbsp;&nbsp;main
</UL>

<P><STRONG><a name="[171]"></a>MX_SPI1_Init</STRONG> (Thumb, 58 bytes, Stack size 8 bytes, main.o(i.MX_SPI1_Init))
<BR><BR>[Stack]<UL><LI>Max Depth = 72<LI>Call Chain = MX_SPI1_Init &rArr; HAL_SPI_Init &rArr; HAL_SPI_MspInit &rArr; HAL_DMA_Init
</UL>
<BR>[Calls]<UL><LI><a href="#[137]">&gt;&gt;</a>&nbsp;&nbsp;&nbsp;HAL_SPI_Init
<LI><a href="#[139]">&gt;&gt;</a>&nbsp;&nbsp;&nbsp;Error_Handler
</UL>
<BR>[Called By]<UL><LI><a href="#[ac]">&gt;&gt;</a>&nbsp;&nbsp;&nbsp;main
</UL>

<P><STRONG><a name="[172]"></a>MX_SPI2_Init</STRONG> (Thumb, 60 bytes, Stack size 8 bytes, main.o(i.MX_SPI2_Init))
<BR><BR>[Stack]<UL><LI>Max Depth = 72<LI>Call Chain = MX_SPI2_Init &rArr; HAL_SPI_Init &rArr; HAL_SPI_MspInit &rArr; HAL_DMA_Init
</UL>
<BR>[Calls]<UL><LI><a href="#[137]">&gt;&gt;</a>&nbsp;&nbsp;&nbsp;HAL_SPI_Init
<LI><a href="#[139]">&gt;&gt;</a>&nbsp;&nbsp;&nbsp;Error_Handler
</UL>
<BR>[Called By]<UL><LI><a href="#[ac]">&gt;&gt;</a>&nbsp;&nbsp;&nbsp;main
</UL>

<P><STRONG><a name="[173]"></a>MX_TIM6_Init</STRONG> (Thumb, 52 bytes, Stack size 16 bytes, main.o(i.MX_TIM6_Init))
<BR><BR>[Stack]<UL><LI>Max Depth = 32<LI>Call Chain = MX_TIM6_Init &rArr; HAL_TIM_Base_Init &rArr; HAL_TIM_Base_MspInit
</UL>
<BR>[Calls]<UL><LI><a href="#[174]">&gt;&gt;</a>&nbsp;&nbsp;&nbsp;HAL_TIMEx_MasterConfigSynchronization
<LI><a href="#[121]">&gt;&gt;</a>&nbsp;&nbsp;&nbsp;HAL_TIM_Base_Init
<LI><a href="#[139]">&gt;&gt;</a>&nbsp;&nbsp;&nbsp;Error_Handler
</UL>
<BR>[Called By]<UL><LI><a href="#[ac]">&gt;&gt;</a>&nbsp;&nbsp;&nbsp;main
</UL>

<P><STRONG><a name="[175]"></a>MX_TIM7_Init</STRONG> (Thumb, 52 bytes, Stack size 16 bytes, main.o(i.MX_TIM7_Init))
<BR><BR>[Stack]<UL><LI>Max Depth = 32<LI>Call Chain = MX_TIM7_Init &rArr; HAL_TIM_Base_Init &rArr; HAL_TIM_Base_MspInit
</UL>
<BR>[Calls]<UL><LI><a href="#[174]">&gt;&gt;</a>&nbsp;&nbsp;&nbsp;HAL_TIMEx_MasterConfigSynchronization
<LI><a href="#[121]">&gt;&gt;</a>&nbsp;&nbsp;&nbsp;HAL_TIM_Base_Init
<LI><a href="#[139]">&gt;&gt;</a>&nbsp;&nbsp;&nbsp;Error_Handler
</UL>
<BR>[Called By]<UL><LI><a href="#[ac]">&gt;&gt;</a>&nbsp;&nbsp;&nbsp;main
</UL>

<P><STRONG><a name="[176]"></a>MX_UART4_Init</STRONG> (Thumb, 46 bytes, Stack size 8 bytes, main.o(i.MX_UART4_Init))
<BR><BR>[Stack]<UL><LI>Max Depth = 96<LI>Call Chain = MX_UART4_Init &rArr; HAL_UART_Init &rArr; HAL_UART_MspInit &rArr; HAL_NVIC_SetPriority &rArr; NVIC_SetPriority
</UL>
<BR>[Calls]<UL><LI><a href="#[14e]">&gt;&gt;</a>&nbsp;&nbsp;&nbsp;HAL_UART_Init
<LI><a href="#[139]">&gt;&gt;</a>&nbsp;&nbsp;&nbsp;Error_Handler
</UL>
<BR>[Called By]<UL><LI><a href="#[ac]">&gt;&gt;</a>&nbsp;&nbsp;&nbsp;main
</UL>

<P><STRONG><a name="[177]"></a>MX_UART5_Init</STRONG> (Thumb, 46 bytes, Stack size 8 bytes, main.o(i.MX_UART5_Init))
<BR><BR>[Stack]<UL><LI>Max Depth = 96<LI>Call Chain = MX_UART5_Init &rArr; HAL_UART_Init &rArr; HAL_UART_MspInit &rArr; HAL_NVIC_SetPriority &rArr; NVIC_SetPriority
</UL>
<BR>[Calls]<UL><LI><a href="#[14e]">&gt;&gt;</a>&nbsp;&nbsp;&nbsp;HAL_UART_Init
<LI><a href="#[139]">&gt;&gt;</a>&nbsp;&nbsp;&nbsp;Error_Handler
</UL>
<BR>[Called By]<UL><LI><a href="#[ac]">&gt;&gt;</a>&nbsp;&nbsp;&nbsp;main
</UL>

<P><STRONG><a name="[178]"></a>MX_USART1_UART_Init</STRONG> (Thumb, 46 bytes, Stack size 8 bytes, main.o(i.MX_USART1_UART_Init))
<BR><BR>[Stack]<UL><LI>Max Depth = 96<LI>Call Chain = MX_USART1_UART_Init &rArr; HAL_UART_Init &rArr; HAL_UART_MspInit &rArr; HAL_NVIC_SetPriority &rArr; NVIC_SetPriority
</UL>
<BR>[Calls]<UL><LI><a href="#[14e]">&gt;&gt;</a>&nbsp;&nbsp;&nbsp;HAL_UART_Init
<LI><a href="#[139]">&gt;&gt;</a>&nbsp;&nbsp;&nbsp;Error_Handler
</UL>
<BR>[Called By]<UL><LI><a href="#[ac]">&gt;&gt;</a>&nbsp;&nbsp;&nbsp;main
</UL>

<P><STRONG><a name="[179]"></a>MX_USART2_UART_Init</STRONG> (Thumb, 46 bytes, Stack size 8 bytes, main.o(i.MX_USART2_UART_Init))
<BR><BR>[Stack]<UL><LI>Max Depth = 96<LI>Call Chain = MX_USART2_UART_Init &rArr; HAL_UART_Init &rArr; HAL_UART_MspInit &rArr; HAL_NVIC_SetPriority &rArr; NVIC_SetPriority
</UL>
<BR>[Calls]<UL><LI><a href="#[14e]">&gt;&gt;</a>&nbsp;&nbsp;&nbsp;HAL_UART_Init
<LI><a href="#[139]">&gt;&gt;</a>&nbsp;&nbsp;&nbsp;Error_Handler
</UL>
<BR>[Called By]<UL><LI><a href="#[ac]">&gt;&gt;</a>&nbsp;&nbsp;&nbsp;main
</UL>

<P><STRONG><a name="[17a]"></a>MX_USART3_UART_Init</STRONG> (Thumb, 46 bytes, Stack size 8 bytes, main.o(i.MX_USART3_UART_Init))
<BR><BR>[Stack]<UL><LI>Max Depth = 96<LI>Call Chain = MX_USART3_UART_Init &rArr; HAL_UART_Init &rArr; HAL_UART_MspInit &rArr; HAL_NVIC_SetPriority &rArr; NVIC_SetPriority
</UL>
<BR>[Calls]<UL><LI><a href="#[14e]">&gt;&gt;</a>&nbsp;&nbsp;&nbsp;HAL_UART_Init
<LI><a href="#[139]">&gt;&gt;</a>&nbsp;&nbsp;&nbsp;Error_Handler
</UL>
<BR>[Called By]<UL><LI><a href="#[ac]">&gt;&gt;</a>&nbsp;&nbsp;&nbsp;main
</UL>

<P><STRONG><a name="[17b]"></a>MX_USART6_UART_Init</STRONG> (Thumb, 46 bytes, Stack size 8 bytes, main.o(i.MX_USART6_UART_Init))
<BR><BR>[Stack]<UL><LI>Max Depth = 96<LI>Call Chain = MX_USART6_UART_Init &rArr; HAL_UART_Init &rArr; HAL_UART_MspInit &rArr; HAL_NVIC_SetPriority &rArr; NVIC_SetPriority
</UL>
<BR>[Calls]<UL><LI><a href="#[14e]">&gt;&gt;</a>&nbsp;&nbsp;&nbsp;HAL_UART_Init
<LI><a href="#[139]">&gt;&gt;</a>&nbsp;&nbsp;&nbsp;Error_Handler
</UL>
<BR>[Called By]<UL><LI><a href="#[ac]">&gt;&gt;</a>&nbsp;&nbsp;&nbsp;main
</UL>

<P><STRONG><a name="[d7]"></a>BSP_SPI_rx_complete</STRONG> (Thumb, 60 bytes, Stack size 16 bytes, bsp_spi.o(i.BSP_SPI_rx_complete))
<BR><BR>[Stack]<UL><LI>Max Depth = 496<LI>Call Chain = BSP_SPI_rx_complete &rArr; BSP_SPI_start_transmit &rArr; IhuErrorPrintFo &rArr; xQueueTakeMutexRecursive &rArr; xQueueGenericReceive &rArr; xTaskResumeAll &rArr; xTaskIncrementTick
</UL>
<BR>[Calls]<UL><LI><a href="#[d9]">&gt;&gt;</a>&nbsp;&nbsp;&nbsp;BSP_SPI_start_transmit
<LI><a href="#[d8]">&gt;&gt;</a>&nbsp;&nbsp;&nbsp;__aeabi_memcpy
</UL>
<BR>[Called By]<UL><LI><a href="#[af]">&gt;&gt;</a>&nbsp;&nbsp;&nbsp;BSP_SPI_rx_isr
</UL>

<P><STRONG><a name="[af]"></a>BSP_SPI_rx_isr</STRONG> (Thumb, 172 bytes, Stack size 16 bytes, bsp_spi.o(i.BSP_SPI_rx_isr))
<BR><BR>[Stack]<UL><LI>Max Depth = 512<LI>Call Chain = BSP_SPI_rx_isr &rArr; BSP_SPI_rx_complete &rArr; BSP_SPI_start_transmit &rArr; IhuErrorPrintFo &rArr; xQueueTakeMutexRecursive &rArr; xQueueGenericReceive &rArr; xTaskResumeAll &rArr; xTaskIncrementTick
</UL>
<BR>[Calls]<UL><LI><a href="#[da]">&gt;&gt;</a>&nbsp;&nbsp;&nbsp;BSP_SPI_gen_chksum
<LI><a href="#[d7]">&gt;&gt;</a>&nbsp;&nbsp;&nbsp;BSP_SPI_rx_complete
</UL>
<BR>[Address Reference Count : 1]<UL><LI> bsp_spi.o(i.BSP_SPI_slave_hw_init)
</UL>
<P><STRONG><a name="[e2]"></a>BSP_SPI_tx_complete</STRONG> (Thumb, 2 bytes, Stack size 0 bytes, bsp_spi.o(i.BSP_SPI_tx_complete))
<BR><BR>[Called By]<UL><LI><a href="#[b0]">&gt;&gt;</a>&nbsp;&nbsp;&nbsp;BSP_SPI_tx_isr
</UL>

<P><STRONG><a name="[b0]"></a>BSP_SPI_tx_isr</STRONG> (Thumb, 84 bytes, Stack size 16 bytes, bsp_spi.o(i.BSP_SPI_tx_isr))
<BR><BR>[Stack]<UL><LI>Max Depth = 16<LI>Call Chain = BSP_SPI_tx_isr
</UL>
<BR>[Calls]<UL><LI><a href="#[e2]">&gt;&gt;</a>&nbsp;&nbsp;&nbsp;BSP_SPI_tx_complete
</UL>
<BR>[Address Reference Count : 1]<UL><LI> bsp_spi.o(i.BSP_SPI_slave_hw_init)
</UL>
<P><STRONG><a name="[18b]"></a>_fp_digits</STRONG> (Thumb, 334 bytes, Stack size 56 bytes, printfa.o(i._fp_digits), UNUSED)
<BR><BR>[Calls]<UL><LI><a href="#[ca]">&gt;&gt;</a>&nbsp;&nbsp;&nbsp;__aeabi_uldivmod
<LI><a href="#[d3]">&gt;&gt;</a>&nbsp;&nbsp;&nbsp;__aeabi_dmul
<LI><a href="#[d4]">&gt;&gt;</a>&nbsp;&nbsp;&nbsp;__aeabi_ddiv
<LI><a href="#[cd]">&gt;&gt;</a>&nbsp;&nbsp;&nbsp;__aeabi_dadd
<LI><a href="#[d5]">&gt;&gt;</a>&nbsp;&nbsp;&nbsp;__aeabi_d2ulz
<LI><a href="#[18c]">&gt;&gt;</a>&nbsp;&nbsp;&nbsp;__aeabi_cdrcmple
</UL>
<BR>[Called By]<UL><LI><a href="#[188]">&gt;&gt;</a>&nbsp;&nbsp;&nbsp;_printf_core
</UL>

<P><STRONG><a name="[188]"></a>_printf_core</STRONG> (Thumb, 1744 bytes, Stack size 136 bytes, printfa.o(i._printf_core), UNUSED)
<BR><BR>[Calls]<UL><LI><a href="#[ca]">&gt;&gt;</a>&nbsp;&nbsp;&nbsp;__aeabi_uldivmod
<LI><a href="#[18f]">&gt;&gt;</a>&nbsp;&nbsp;&nbsp;__aeabi_uidivmod
<LI><a href="#[18d]">&gt;&gt;</a>&nbsp;&nbsp;&nbsp;_printf_pre_padding
<LI><a href="#[18e]">&gt;&gt;</a>&nbsp;&nbsp;&nbsp;_printf_post_padding
<LI><a href="#[18b]">&gt;&gt;</a>&nbsp;&nbsp;&nbsp;_fp_digits
</UL>
<BR>[Called By]<UL><LI><a href="#[18a]">&gt;&gt;</a>&nbsp;&nbsp;&nbsp;__0vsnprintf
<LI><a href="#[189]">&gt;&gt;</a>&nbsp;&nbsp;&nbsp;__0sprintf
<LI><a href="#[187]">&gt;&gt;</a>&nbsp;&nbsp;&nbsp;__0snprintf
</UL>

<P><STRONG><a name="[18e]"></a>_printf_post_padding</STRONG> (Thumb, 36 bytes, Stack size 24 bytes, printfa.o(i._printf_post_padding), UNUSED)
<BR><BR>[Called By]<UL><LI><a href="#[188]">&gt;&gt;</a>&nbsp;&nbsp;&nbsp;_printf_core
</UL>

<P><STRONG><a name="[18d]"></a>_printf_pre_padding</STRONG> (Thumb, 46 bytes, Stack size 24 bytes, printfa.o(i._printf_pre_padding), UNUSED)
<BR><BR>[Called By]<UL><LI><a href="#[188]">&gt;&gt;</a>&nbsp;&nbsp;&nbsp;_printf_core
</UL>

<P><STRONG><a name="[ba]"></a>_snputc</STRONG> (Thumb, 22 bytes, Stack size 0 bytes, printfa.o(i._snputc))
<BR>[Address Reference Count : 2]<UL><LI> printfa.o(i.__0snprintf)
<LI> printfa.o(i.__0vsnprintf)
</UL>
<P><STRONG><a name="[bb]"></a>_sputc</STRONG> (Thumb, 10 bytes, Stack size 0 bytes, printfa.o(i._sputc))
<BR><BR>[Called By]<UL><LI><a href="#[189]">&gt;&gt;</a>&nbsp;&nbsp;&nbsp;__0sprintf
</UL>
<BR>[Address Reference Count : 1]<UL><LI> printfa.o(i.__0sprintf)
</UL><P>
<H3>
Undefined Global Symbols
</H3><HR></body></html>
