<html>
<body>
<pre>
<h1>µVision Build Log</h1>
<h2>Tool Versions:</h2>
IDE-Version: ¦ÌVision V5.18.0.0
Copyright (C) 2016 ARM Ltd and ARM Germany GmbH. All rights reserved.
License Information: ZZ Microsoft, Microsoft, LIC=LJWGK-ZEPR1-AVU1J-U4SSR-Q96M5-JRGTF
 
Tool Versions:
Toolchain:       MDK-ARM Professional  Version: 5.18
Toolchain Path:  C:\Keil_v5\ARM\ARMCC\Bin
C Compiler:      Armcc.exe V5.06 update 1 (build 61)
Assembler:       Armasm.exe V5.06 update 1 (build 61)
Linker/Locator:  ArmLink.exe V5.06 update 1 (build 61)
Library Manager: ArmAr.exe V5.06 update 1 (build 61)
Hex Converter:   FromElf.exe V5.06 update 1 (build 61)
CPU DLL:         SARMCM3.DLL V5.18
Dialog DLL:      DCM.DLL V1.13.6.0
Target DLL:      UL2CM3.DLL V1.157.5.0
Dialog DLL:      TCM.DLL V1.14.8.0
 
<h2>Project:</h2>
D:\IHUPRJ\ihu\PrjCclFo@205RG\MDK-ARM\PrjCclFo@205RG.uvprojx
Project File Date:  11/08/2016

<h2>Output:</h2>
*** Using Compiler 'V5.06 update 1 (build 61)', folder: 'C:\Keil_v5\ARM\ARMCC\Bin'
Build Project 'PrjCclFo@205RG' - Target 'PrjCclFo@205RG'
compiling list.c...
compiling croutine.c...
compiling timers.c...
compiling queue.c...
compiling event_groups.c...
compiling tasks.c...
compiling cmsis_os.c...
compiling port.c...
compiling heap_4.c...
compiling stm32f2xx_hal_pwr.c...
compiling stm32f2xx_hal_cortex.c...
compiling stm32f2xx_hal_flash_ex.c...
compiling stm32f2xx_hal_pwr_ex.c...
compiling stm32f2xx_hal_flash.c...
compiling stm32f2xx_hal_dma.c...
compiling stm32f2xx_hal_adc_ex.c...
compiling stm32f2xx_hal_gpio.c...
compiling stm32f2xx_hal_tim_ex.c...
compiling stm32f2xx_hal_rcc_ex.c...
compiling stm32f2xx_hal_rcc.c...
compiling stm32f2xx_hal_spi.c...
compiling stm32f2xx_hal.c...
compiling stm32f2xx_hal_adc.c...
compiling stm32f2xx_hal_dma_ex.c...
compiling stm32f2xx_hal_tim.c...
compiling stm32f2xx_hal_uart.c...
compiling stm32f2xx_hal_i2c.c...
compiling stm32f2xx_hal_msp.c...
compiling stm32f2xx_hal_timebase_TIM.c...
compiling freertos.c...
compiling main.c...
compiling system_stm32f2xx.c...
compiling stm32f2xx_it.c...
compiling bsp_adc.c...
compiling bsp_key.c...
compiling bsp_led.c...
compiling bsp_rs485.c...
compiling bsp_spi.c...
compiling bsp_tim.c...
compiling bsp_usart.c...
compiling l1timer_freeos.c...
compiling mod_hal_gprs.c...
compiling vmfreeoslayer.c...
compiling l2adclibra.c...
compiling l2didocap.c...
compiling l2ethorion.c...
compiling l2gpiocancer.c...
compiling l2i2caries.c...
compiling l2pwmtaurus.c...
compiling l2ledpisces.c...
compiling l3ccl.c...
compiling l2spsvirgo.c...
compiling l2spileo.c...
linking...
Program Size: Code=58784 RO-data=3304 RW-data=1256 ZI-data=65176  
"PrjCclFo@205RG\PrjCclFo@205RG.axf" - 0 Error(s), 0 Warning(s).

<h2>Software Packages used:</h2>

Package Vendor: ARM
                http://www.keil.com/pack/ARM.CMSIS.4.5.0.pack
                ARM::CMSIS:CORE:4.3.0
                CMSIS (Cortex Microcontroller Software Interface Standard)
   * Component: CORE Version: 4.3.0

<h2>Collection of Component include folders:</h2>
  D:\IHUPRJ\ihu\PrjCclFo@205RG\MDK-ARM\RTE
  C:\Keil_v5\ARM\PACK\ARM\CMSIS\4.5.0\CMSIS\Include
  C:\Keil_v5\ARM\PACK\Keil\STM32F2xx_DFP\2.6.0\Drivers\CMSIS\Device\ST\STM32F2xx\Include

<h2>Collection of Component Files used:</h2>

   * Component: ARM::CMSIS:CORE:4.3.0
Build Time Elapsed:  00:00:35
</pre>
</body>
</html>
