Component: ARM Compiler 5.06 update 1 (build 61) Tool: armlink [4d35a8]

==============================================================================

Section Cross References

    app.o(.text) refers to bsp.o(.text) for BSP_Init
    app.o(.text) refers to cpu_core.o(.text) for CPU_Init
    app.o(.text) refers to lib_mem.o(.text) for Mem_Init
    app.o(.text) refers to bsp_ser.o(.text) for BSP_Ser_Init
    app.o(.text) refers to os_time.o(.text) for OSTimeDlyHMSM
    app.o(.text) refers to bsp_int.o(.text) for BSP_IntDisAll
    app.o(.text) refers to os_core.o(.text) for OSInit
    app.o(.text) refers to vmucoslayer.o(.text) for ihu_vm_main
    app.o(.text) refers to os_task.o(.text) for OSTaskCreate
    app.o(.text) refers to app.o(.bss) for AppTaskStartStk
    os_app_hooks.o(.text) refers to cpu_a.o(.text) for CPU_SR_Save
    os_app_hooks.o(.text) refers to os_var.o(.data) for OS_AppTaskCreateHookPtr
    bsp.o(.text) refers to stm32f2xx_rcc.o(.text) for RCC_AHB1PeriphClockCmd
    bsp.o(.text) refers to stm32f2xx_gpio.o(.text) for GPIO_Init
    bsp.o(.text) refers to os_cpu_c.o(.text) for OS_CPU_SysTickInit
    bsp.o(.text) refers to bsp.o(.constdata) for GPIO_CLK
    bsp.o(.text) refers to bsp.o(.data) for GPIO_PORT
    bsp.o(.text) refers to os_cfg_app.o(.constdata) for OSCfg_TickRate_Hz
    bsp.o(.text) refers to stm32f2xx_fsmc.o(.text) for FSMC_NORSRAMInit
    bsp.o(.text) refers to cpu_core.o(.text) for CPU_TS_TmrFreqSet
    bsp_int.o(.text) refers to cpu_c.o(.text) for CPU_IntSrcDis
    bsp_int.o(.text) refers to cpu_a.o(.text) for CPU_IntDis
    bsp_int.o(.text) refers to os_core.o(.text) for OSIntEnter
    bsp_int.o(.text) refers to bsp_int.o(.bss) for BSP_IntVectTbl
    bsp_ioe.o(.text) refers to stm32f2xx_rcc.o(.text) for RCC_AHB1PeriphClockCmd
    bsp_ioe.o(.text) refers to stm32f2xx_dma.o(.text) for DMA_DeInit
    bsp_ioe.o(.text) refers to stm32f2xx_i2c.o(.text) for I2C_GenerateSTART
    bsp_ioe.o(.text) refers to bsp_ioe.o(.data) for IOE_TimeOut
    bsp_ioe.o(.text) refers to bsp_os.o(.text) for BSP_OS_TimeDlyMs
    bsp_ioe.o(.text) refers to stm32f2xx_gpio.o(.text) for GPIO_Init
    bsp_ioe.o(.text) refers to stm32f2xx_syscfg.o(.text) for SYSCFG_EXTILineConfig
    bsp_lcd.o(.text) refers to stm32f2xx_rcc.o(.text) for RCC_AHB3PeriphClockCmd
    bsp_lcd.o(.text) refers to stm32f2xx_fsmc.o(.text) for FSMC_NORSRAMInit
    bsp_lcd.o(.text) refers to stm32f2xx_gpio.o(.text) for GPIO_Init
    bsp_lcd.o(.text) refers to bsp_os.o(.text) for BSP_OS_TimeDlyMs
    bsp_ser.o(.text) refers to stm32f2xx_usart.o(.text) for USART_ReceiveData
    bsp_ser.o(.text) refers to bsp_os.o(.text) for BSP_OS_SemPost
    bsp_ser.o(.text) refers to stm32f2xx_rcc.o(.text) for RCC_AHB1PeriphClockCmd
    bsp_ser.o(.text) refers to stm32f2xx_gpio.o(.text) for GPIO_Init
    bsp_ser.o(.text) refers to bsp_int.o(.text) for BSP_IntVectSet
    bsp_ser.o(.text) refers to c89vsnprintf.o(.text) for __c89vsnprintf
    bsp_ser.o(.text) refers to lib_ascii.o(.text) for ASCII_IsPrint
    bsp_ser.o(.text) refers to bsp_ser.o(.data) for BSP_SerRxData
    bsp_ser.o(.text) refers to bsp_ser.o(.bss) for BSP_SerRxWait
    bsp_os.o(.text) refers to os_sem.o(.text) for OSSemCreate
    bsp_os.o(.text) refers to os_time.o(.text) for OSTimeDlyHMSM
    bsp_os.o(.text) refers to os_cfg_app.o(.constdata) for OSCfg_TickRate_Hz
    cstartup.o(STACK) refers (Special) to heapauxi.o(.text) for __use_two_region_memory
    cstartup.o(HEAP) refers (Special) to heapauxi.o(.text) for __use_two_region_memory
    cstartup.o(RESET) refers (Special) to heapauxi.o(.text) for __use_two_region_memory
    cstartup.o(RESET) refers to cstartup.o(STACK) for __initial_sp
    cstartup.o(RESET) refers to cstartup.o(.text) for Reset_Handler
    cstartup.o(RESET) refers to os_cpu_a.o(CODE) for OS_CPU_PendSVHandler
    cstartup.o(RESET) refers to os_cpu_c.o(.text) for OS_CPU_SysTickHandler
    cstartup.o(RESET) refers to bsp_int.o(.text) for BSP_IntHandlerWWDG
    cstartup.o(.text) refers (Special) to heapauxi.o(.text) for __use_two_region_memory
    cstartup.o(.text) refers to __main.o(!!!main) for __main
    cstartup.o(.text) refers to cstartup.o(HEAP) for Heap_Mem
    cstartup.o(.text) refers to cstartup.o(STACK) for Stack_Mem
    stm32f2xx_adc.o(.text) refers to stm32f2xx_rcc.o(.text) for RCC_APB2PeriphResetCmd
    stm32f2xx_can.o(.text) refers to stm32f2xx_rcc.o(.text) for RCC_APB1PeriphResetCmd
    stm32f2xx_cryp.o(.text) refers to stm32f2xx_rcc.o(.text) for RCC_AHB2PeriphResetCmd
    stm32f2xx_cryp_aes.o(.text) refers to stm32f2xx_cryp.o(.text) for CRYP_KeyStructInit
    stm32f2xx_cryp_des.o(.text) refers to stm32f2xx_cryp.o(.text) for CRYP_KeyStructInit
    stm32f2xx_cryp_tdes.o(.text) refers to stm32f2xx_cryp.o(.text) for CRYP_KeyStructInit
    stm32f2xx_dac.o(.text) refers to stm32f2xx_rcc.o(.text) for RCC_APB1PeriphResetCmd
[...]
    OSTaskSemPend                            0x08008d1f   Thumb Code   482  os_task.o(.text)
    OSTaskSemPendAbort                       0x08008f01   Thumb Code   214  os_task.o(.text)
    OS_TaskSemPost                           0x08008fd7   Thumb Code   448  os_task.o(.text)
    OSTaskSemPost                            0x08009197   Thumb Code    62  os_task.o(.text)
    OSTaskSemSet                             0x080091d5   Thumb Code    80  os_task.o(.text)
    OSTaskStkChk                             0x08009225   Thumb Code   212  os_task.o(.text)
    OS_TaskSuspend                           0x080092f9   Thumb Code   272  os_task.o(.text)
    OSTaskSuspend                            0x08009409   Thumb Code    48  os_task.o(.text)
    OSTaskTimeQuantaSet                      0x08009439   Thumb Code    96  os_task.o(.text)
    OS_TaskInit                              0x08009499   Thumb Code    18  os_task.o(.text)
    OS_TaskReturn                            0x080094ab   Thumb Code    20  os_task.o(.text)
    OS_TickListRemove                        0x080094e1   Thumb Code    56  os_tick.o(.text)
    OS_TickListUpdate                        0x08009519   Thumb Code   376  os_tick.o(.text)
    OS_TickTask                              0x08009691   Thumb Code    38  os_tick.o(.text)
    OS_TickListInit                          0x080096b7   Thumb Code    32  os_tick.o(.text)
    OS_TickTaskInit                          0x080096d7   Thumb Code   130  os_tick.o(.text)
    OS_TickListInsert                        0x08009759   Thumb Code   430  os_tick.o(.text)
    OS_TickListResetPeak                     0x08009907   Thumb Code    94  os_tick.o(.text)
    OSTimeDly                                0x08009965   Thumb Code   182  os_time.o(.text)
    OSTimeDlyHMSM                            0x08009a1b   Thumb Code   394  os_time.o(.text)
    OSTimeGet                                0x08009ba5   Thumb Code    46  os_time.o(.text)
    OSTimeSet                                0x08009bd3   Thumb Code    46  os_time.o(.text)
    OSTimeTick                               0x08009c01   Thumb Code    68  os_time.o(.text)
    OS_TmrDbgListAdd                         0x08009c71   Thumb Code    34  os_tmr.o(.text)
    OSTmrCreate                              0x08009c93   Thumb Code   192  os_tmr.o(.text)
    OSTmrRemainGet                           0x08009d53   Thumb Code   188  os_tmr.o(.text)
    OS_TmrLink                               0x08009e0f   Thumb Code   196  os_tmr.o(.text)
    OS_TmrUnlink                             0x08009ed3   Thumb Code    72  os_tmr.o(.text)
    OSTmrStart                               0x08009f1b   Thumb Code   170  os_tmr.o(.text)
    OSTmrStateGet                            0x08009fc5   Thumb Code   134  os_tmr.o(.text)
    OSTmrStop                                0x0800a04b   Thumb Code   276  os_tmr.o(.text)
    OS_TmrClr                                0x0800a15f   Thumb Code    36  os_tmr.o(.text)
    OS_TmrDbgListRemove                      0x0800a183   Thumb Code    44  os_tmr.o(.text)
    OS_TmrTask                               0x0800a1af   Thumb Code   176  os_tmr.o(.text)
    OS_TmrInit                               0x0800a25f   Thumb Code   208  os_tmr.o(.text)
    OS_TmrResetPeak                          0x0800a32f   Thumb Code    28  os_tmr.o(.text)
    fsm_timer_task_entry                     0x0800a3b1   Thumb Code    36  l1timer_ucos.o(.text)
    func_timer_routine_handler_10ms          0x0800a3d5   Thumb Code   424  l1timer_ucos.o(.text)
    func_timer_routine_handler_1s            0x0800a57d   Thumb Code   438  l1timer_ucos.o(.text)
    func_timer_hw_init                       0x0800a733   Thumb Code     4  l1timer_ucos.o(.text)
    fsm_timer_init                           0x0800a737   Thumb Code   676  l1timer_ucos.o(.text)
    fsm_timer_restart                        0x0800a9db   Thumb Code    36  l1timer_ucos.o(.text)
    fsm_timer_stop_rcv                       0x0800a9ff   Thumb Code    82  l1timer_ucos.o(.text)
    ihu_timer_start                          0x0800aa51   Thumb Code   502  l1timer_ucos.o(.text)
    ihu_timer_stop                           0x0800ac47   Thumb Code  1030  l1timer_ucos.o(.text)
    func_timer_routine_handler_1ms           0x0800b04d   Thumb Code   474  l1timer_ucos.o(.text)
    IhuDebugPrint                            0x0800b319   Thumb Code   102  vmucoslayer.o(.text)
    IhuErrorPrint                            0x0800b37f   Thumb Code   102  vmucoslayer.o(.text)
    b2l_uint16                               0x0800b3e5   Thumb Code    12  vmucoslayer.o(.text)
    ihu_sleep                                0x0800b3f1   Thumb Code   142  vmucoslayer.o(.text)
    ihu_usleep                               0x0800b47f   Thumb Code   218  vmucoslayer.o(.text)
    FsmInit                                  0x0800b559   Thumb Code    92  vmucoslayer.o(.text)
    ihu_vm_system_init                       0x0800b5b5   Thumb Code   848  vmucoslayer.o(.text)
    ihu_taskid_to_string                     0x0800b905   Thumb Code   106  vmucoslayer.o(.text)
    ihu_msgid_to_string                      0x0800b96f   Thumb Code   114  vmucoslayer.o(.text)
    FsmSetState                              0x0800b9e1   Thumb Code    84  vmucoslayer.o(.text)
    FsmAddNew                                0x0800ba35   Thumb Code   534  vmucoslayer.o(.text)
    FsmRemove                                0x0800bc4b   Thumb Code    46  vmucoslayer.o(.text)
    FsmGetState                              0x0800bc79   Thumb Code   898  vmucoslayer.o(.text)
    FsmRunEngine                             0x0800bffb   Thumb Code   420  vmucoslayer.o(.text)
    ihu_message_rcv                          0x0800c19f   Thumb Code   306  vmucoslayer.o(.text)
    FsmProcessingLaunch                      0x0800c2d1   Thumb Code   702  vmucoslayer.o(.text)
    ihu_message_queue_create                 0x0800c58f   Thumb Code   146  vmucoslayer.o(.text)
    ihu_message_queue_delete                 0x0800c621   Thumb Code   118  vmucoslayer.o(.text)
    ihu_message_queue_inquery                0x0800c697   Thumb Code    54  vmucoslayer.o(.text)
    ihu_message_queue_clean                  0x0800c6cd   Thumb Code   116  vmucoslayer.o(.text)
    ihu_message_send                         0x0800c741   Thumb Code  2550  vmucoslayer.o(.text)
    ihu_task_create                          0x0800d137   Thumb Code   484  vmucoslayer.o(.text)
    ihu_task_delete                          0x0800d31b   Thumb Code   122  vmucoslayer.o(.text)
    ihu_task_create_and_run                  0x0800d395   Thumb Code   264  vmucoslayer.o(.text)
    ihu_system_task_init_call                0x0800d49d   Thumb Code   220  vmucoslayer.o(.text)
    ihu_vm_send_init_msg_to_app_task         0x0800d579   Thumb Code    98  vmucoslayer.o(.text)
    ihu_task_create_all                      0x0800d5db   Thumb Code  1116  vmucoslayer.o(.text)
    ihu_task_delete_all_and_queue            0x0800da37   Thumb Code    34  vmucoslayer.o(.text)
    fsm_com_do_nothing                       0x0800da59   Thumb Code     8  vmucoslayer.o(.text)
    ihu_clock_unix_to_ymd                    0x0800da61   Thumb Code    24  vmucoslayer.o(.text)
    ihu_isr_install                          0x0800da79   Thumb Code     6  vmucoslayer.o(.text)
    ihu_vm_main                              0x0800da7f   Thumb Code    14  vmucoslayer.o(.text)
    ihu_vm_check_task_que_status_and_action  0x0800da8d   Thumb Code     2  vmucoslayer.o(.text)
    fsm_adclibra_task_entry                  0x0800dac9   Thumb Code    36  l2adclibra.o(.text)
    func_adclibra_hw_init                    0x0800daed   Thumb Code     4  l2adclibra.o(.text)
    fsm_adclibra_init                        0x0800daf1   Thumb Code   120  l2adclibra.o(.text)
    fsm_adclibra_restart                     0x0800db69   Thumb Code    36  l2adclibra.o(.text)
    fsm_adclibra_stop_rcv                    0x0800db8d   Thumb Code    80  l2adclibra.o(.text)
    fsm_adclibra_dl_ctrl_cmd_req             0x0800dbdd   Thumb Code    46  l2adclibra.o(.text)
    fsm_didocap_task_entry                   0x0800dcc5   Thumb Code    36  l2didocap.o(.text)
    func_didocap_hw_init                     0x0800dce9   Thumb Code     4  l2didocap.o(.text)
    fsm_didocap_init                         0x0800dced   Thumb Code   120  l2didocap.o(.text)
    fsm_didocap_restart                      0x0800dd65   Thumb Code    36  l2didocap.o(.text)
    fsm_didocap_stop_rcv                     0x0800dd89   Thumb Code    80  l2didocap.o(.text)
    fsm_ethorion_task_entry                  0x0800de89   Thumb Code    36  l2ethorion.o(.text)
    func_ethorion_hw_init                    0x0800dead   Thumb Code     4  l2ethorion.o(.text)
    fsm_ethorion_init                        0x0800deb1   Thumb Code   120  l2ethorion.o(.text)
    fsm_ethorion_restart                     0x0800df29   Thumb Code    36  l2ethorion.o(.text)
    fsm_ethorion_stop_rcv                    0x0800df4d   Thumb Code    80  l2ethorion.o(.text)
    fsm_gpiocancer_task_entry                0x0800e055   Thumb Code    36  l2gpiocancer.o(.text)
    func_gpiocancer_hw_init                  0x0800e079   Thumb Code     4  l2gpiocancer.o(.text)
    fsm_gpiocancer_init                      0x0800e07d   Thumb Code   120  l2gpiocancer.o(.text)
    fsm_gpiocancer_restart                   0x0800e0f5   Thumb Code    36  l2gpiocancer.o(.text)
    fsm_gpiocancer_stop_rcv                  0x0800e119   Thumb Code    80  l2gpiocancer.o(.text)
    fsm_i2caries_task_entry                  0x0800e229   Thumb Code    36  l2i2caries.o(.text)
    func_i2caries_hw_init                    0x0800e24d   Thumb Code     4  l2i2caries.o(.text)
    fsm_i2caries_init                        0x0800e251   Thumb Code   120  l2i2caries.o(.text)
    fsm_i2caries_restart                     0x0800e2c9   Thumb Code    36  l2i2caries.o(.text)
    fsm_i2caries_stop_rcv                    0x0800e2ed   Thumb Code    80  l2i2caries.o(.text)
    fsm_ledpisces_task_entry                 0x0800e3f5   Thumb Code    36  l2ledpisces.o(.text)
    func_ledpisces_hw_init                   0x0800e419   Thumb Code     4  l2ledpisces.o(.text)
    fsm_ledpisces_init                       0x0800e41d   Thumb Code   120  l2ledpisces.o(.text)
    fsm_ledpisces_restart                    0x0800e495   Thumb Code    36  l2ledpisces.o(.text)
    fsm_ledpisces_stop_rcv                   0x0800e4b9   Thumb Code    80  l2ledpisces.o(.text)
    fsm_pwmtaurus_task_entry                 0x0800e5c1   Thumb Code    36  l2pwmtaurus.o(.text)
    func_pwmtaurus_hw_init                   0x0800e5e5   Thumb Code     4  l2pwmtaurus.o(.text)
    fsm_pwmtaurus_init                       0x0800e5e9   Thumb Code   120  l2pwmtaurus.o(.text)
    fsm_pwmtaurus_restart                    0x0800e661   Thumb Code    36  l2pwmtaurus.o(.text)
    fsm_pwmtaurus_stop_rcv                   0x0800e685   Thumb Code    80  l2pwmtaurus.o(.text)
    fsm_spileo_task_entry                    0x0800e78d   Thumb Code    36  l2spileo.o(.text)
    func_spileo_hw_init                      0x0800e7b1   Thumb Code     4  l2spileo.o(.text)
    fsm_spileo_init                          0x0800e7b5   Thumb Code   120  l2spileo.o(.text)
    fsm_spileo_restart                       0x0800e82d   Thumb Code    36  l2spileo.o(.text)
    fsm_spileo_stop_rcv                      0x0800e851   Thumb Code    80  l2spileo.o(.text)
    fsm_spileo_dl_data_push_fwd              0x0800e8a1   Thumb Code    46  l2spileo.o(.text)
    fsm_spileo_dl_ctrl_cmd_req               0x0800e8cf   Thumb Code    46  l2spileo.o(.text)
    fsm_spsvirgo_task_entry                  0x0800e9a9   Thumb Code    36  l2spsvirgo.o(.text)
    func_spsvirgo_hw_init                    0x0800e9cd   Thumb Code     4  l2spsvirgo.o(.text)
    fsm_spsvirgo_init                        0x0800e9d1   Thumb Code   120  l2spsvirgo.o(.text)
    fsm_spsvirgo_restart                     0x0800ea49   Thumb Code    36  l2spsvirgo.o(.text)
    fsm_spsvirgo_stop_rcv                    0x0800ea6d   Thumb Code    80  l2spsvirgo.o(.text)
    fsm_scycb_task_entry                     0x0800eb75   Thumb Code    36  l3scycb.o(.text)
    func_scycb_hw_init                       0x0800eb99   Thumb Code     4  l3scycb.o(.text)
    fsm_scycb_init                           0x0800eb9d   Thumb Code   120  l3scycb.o(.text)
    fsm_scycb_restart                        0x0800ec15   Thumb Code    36  l3scycb.o(.text)
    fsm_scycb_stop_rcv                       0x0800ec39   Thumb Code    80  l3scycb.o(.text)
    fsm_scycb_adc_ul_data_pull_bwd           0x0800ec89   Thumb Code    46  l3scycb.o(.text)
    fsm_scycb_adc_ul_ctrl_cmd_resp           0x0800ecb7   Thumb Code    46  l3scycb.o(.text)
    fsm_scycb_spi_ul_data_pull_bwd           0x0800ece5   Thumb Code    46  l3scycb.o(.text)
    fsm_scycb_spi_ul_ctrl_cmd_resp           0x0800ed13   Thumb Code    46  l3scycb.o(.text)
    __aeabi_errno_addr                       0x0800ede5   Thumb Code     8  rt_errno_addr_intlibspace.o(.text)
    __errno$intlibspace                      0x0800ede5   Thumb Code     0  rt_errno_addr_intlibspace.o(.text)
    __rt_errno_addr$intlibspace              0x0800ede5   Thumb Code     0  rt_errno_addr_intlibspace.o(.text)
    __c89vsprintf                            0x0800eded   Thumb Code    32  c89vsprintf.o(.text)
    __c89vsnprintf                           0x0800ee11   Thumb Code    48  c89vsnprintf.o(.text)
    __2printf                                0x0800ee45   Thumb Code    20  __2printf.o(.text)
    __2sprintf                               0x0800ee5d   Thumb Code    38  __2sprintf.o(.text)
    _printf_str                              0x0800ee89   Thumb Code    82  _printf_str.o(.text)
    __printf                                 0x0800eedd   Thumb Code   388  __printf_flags_ss_wp.o(.text)
    srand                                    0x0800f065   Thumb Code    42  rand.o(.text)
    _rand_init                               0x0800f08f   Thumb Code     4  rand.o(.text)
    strerror                                 0x0800f0a1   Thumb Code    44  strerror.o(.text)
    strcpy                                   0x0800f1a9   Thumb Code    72  strcpy.o(.text)
    strlen                                   0x0800f1f1   Thumb Code    62  strlen.o(.text)
    strcat                                   0x0800f22f   Thumb Code    24  strcat.o(.text)
    __aeabi_memcpy                           0x0800f247   Thumb Code     0  rt_memcpy_v6.o(.text)
    __rt_memcpy                              0x0800f247   Thumb Code   138  rt_memcpy_v6.o(.text)
    _memcpy_lastbytes                        0x0800f2ad   Thumb Code     0  rt_memcpy_v6.o(.text)
    __aeabi_memcpy4                          0x0800f2d1   Thumb Code     0  rt_memcpy_w.o(.text)
    __aeabi_memcpy8                          0x0800f2d1   Thumb Code     0  rt_memcpy_w.o(.text)
    __rt_memcpy_w                            0x0800f2d1   Thumb Code   100  rt_memcpy_w.o(.text)
    _memcpy_lastbytes_aligned                0x0800f319   Thumb Code     0  rt_memcpy_w.o(.text)
    __aeabi_memclr                           0x0800f335   Thumb Code     0  rt_memclr.o(.text)
    __rt_memclr                              0x0800f335   Thumb Code    68  rt_memclr.o(.text)
    _memset                                  0x0800f339   Thumb Code     0  rt_memclr.o(.text)
    __aeabi_memclr4                          0x0800f379   Thumb Code     0  rt_memclr_w.o(.text)
    __aeabi_memclr8                          0x0800f379   Thumb Code     0  rt_memclr_w.o(.text)
    __rt_memclr_w                            0x0800f379   Thumb Code    78  rt_memclr_w.o(.text)
    _memset_w                                0x0800f37d   Thumb Code     0  rt_memclr_w.o(.text)
    strncpy                                  0x0800f3c7   Thumb Code    86  strncpy.o(.text)
    localtime                                0x0800f41d   Thumb Code     6  localtime.o(.text)
    __use_two_region_memory                  0x0800f429   Thumb Code     2  heapauxi.o(.text)
    __rt_heap_escrow                         0x0800f42b   Thumb Code     2  heapauxi.o(.text)
    __rt_heap_expand                         0x0800f42d   Thumb Code     2  heapauxi.o(.text)
    __user_libspace                          0x0800f431   Thumb Code     8  libspace.o(.text)
    __user_perproc_libspace                  0x0800f431   Thumb Code     0  libspace.o(.text)
    __user_perthread_libspace                0x0800f431   Thumb Code     0  libspace.o(.text)
    _printf_pre_padding                      0x0800f439   Thumb Code    44  _printf_pad.o(.text)
    _printf_post_padding                     0x0800f465   Thumb Code    34  _printf_pad.o(.text)
    _printf_truncate_signed                  0x0800f487   Thumb Code    18  _printf_truncate.o(.text)
    _printf_truncate_unsigned                0x0800f499   Thumb Code    18  _printf_truncate.o(.text)
    _printf_int_dec                          0x0800f4ad   Thumb Code   104  _printf_dec.o(.text)
    _printf_charcount                        0x0800f525   Thumb Code    40  _printf_charcount.o(.text)
    _printf_char_common                      0x0800f557   Thumb Code    32  _printf_char_common.o(.text)
    _sputc                                   0x0800f57d   Thumb Code    10  _sputc.o(.text)
    _snputc                                  0x0800f587   Thumb Code    16  _snputc.o(.text)
    _printf_cs_common                        0x0800f597   Thumb Code    20  _printf_char.o(.text)
    _printf_char                             0x0800f5ab   Thumb Code    16  _printf_char.o(.text)
    _printf_string                           0x0800f5bb   Thumb Code     8  _printf_char.o(.text)
    _printf_char_file                        0x0800f5c5   Thumb Code    32  _printf_char_file.o(.text)
    _printf_wctomb                           0x0800f5e9   Thumb Code   182  _printf_wctomb.o(.text)
    _printf_longlong_dec                     0x0800f6a5   Thumb Code   108  _printf_longlong_dec.o(.text)
    _printf_longlong_oct                     0x0800f721   Thumb Code    68  _printf_oct_int_ll.o(.text)
    _printf_int_oct                          0x0800f765   Thumb Code    24  _printf_oct_int_ll.o(.text)
    _printf_ll_oct                           0x0800f77d   Thumb Code    12  _printf_oct_int_ll.o(.text)
    _printf_longlong_hex                     0x0800f791   Thumb Code    86  _printf_hex_int_ll_ptr.o(.text)
    _printf_int_hex                          0x0800f7e7   Thumb Code    28  _printf_hex_int_ll_ptr.o(.text)
    _printf_ll_hex                           0x0800f803   Thumb Code    12  _printf_hex_int_ll_ptr.o(.text)
    _printf_hex_ptr                          0x0800f80f   Thumb Code    18  _printf_hex_int_ll_ptr.o(.text)
    _localtime_r                             0x0800f825   Thumb Code   178  localtime_internal.o(.text)
    _n$localtime_r                           0x0800f825   Thumb Code     0  localtime_internal.o(.text)
    _ll_udiv10                               0x0800f8dd   Thumb Code   138  lludiv10.o(.text)
    _printf_int_common                       0x0800f967   Thumb Code   178  _printf_intcommon.o(.text)
    __lib_sel_fp_printf                      0x0800fa19   Thumb Code     2  _printf_fp_dec.o(.text)
    _printf_fp_dec_real                      0x0800fbc7   Thumb Code   620  _printf_fp_dec.o(.text)
    _printf_lcs_common                       0x0800fe33   Thumb Code    20  _printf_wchar.o(.text)
    _printf_wchar                            0x0800fe47   Thumb Code    16  _printf_wchar.o(.text)
    _printf_wstring                          0x0800fe57   Thumb Code     8  _printf_wchar.o(.text)
    ferror                                   0x0800fe5f   Thumb Code     8  ferror.o(.text)
    _initio                                  0x0800fe69   Thumb Code   210  initio.o(.text)
    _terminateio                             0x0800ff3b   Thumb Code    56  initio.o(.text)
    _wcrtomb                                 0x0800ffa1   Thumb Code    64  _wcrtomb.o(.text)
    _sys_open                                0x0800ffe1   Thumb Code    20  sys_io.o(.text)
    _sys_close                               0x0800fff5   Thumb Code    12  sys_io.o(.text)
    _sys_write                               0x08010001   Thumb Code    16  sys_io.o(.text)
    _sys_read                                0x08010011   Thumb Code    14  sys_io.o(.text)
    _sys_istty                               0x0801001f   Thumb Code    12  sys_io.o(.text)
    _sys_seek                                0x0801002b   Thumb Code    14  sys_io.o(.text)
    _sys_ensure                              0x08010039   Thumb Code     2  sys_io.o(.text)
    _sys_flen                                0x0801003b   Thumb Code    12  sys_io.o(.text)
    __user_setup_stackheap                   0x08010047   Thumb Code    74  sys_stackheap_outer.o(.text)
    __rt_ctype_table                         0x08010091   Thumb Code    16  rt_ctype_table.o(.text)
    __rt_locale                              0x080100a1   Thumb Code     8  rt_locale_intlibspace.o(.text)
    free                                     0x080100a9   Thumb Code    78  h1_free.o(.text)
    _printf_fp_infnan                        0x080100f9   Thumb Code   112  _printf_fp_infnan.o(.text)
    _btod_etento                             0x08010179   Thumb Code   216  bigflt0.o(.text)
    __flsbuf                                 0x08010255   Thumb Code   470  flsbuf.o(.text)
    __flsbuf_byte                            0x08010255   Thumb Code     0  flsbuf.o(.text)
    __flsbuf_wide                            0x08010255   Thumb Code     0  flsbuf.o(.text)
    setvbuf                                  0x0801042b   Thumb Code    70  setvbuf.o(.text)
    freopen                                  0x08010471   Thumb Code   158  fopen.o(.text)
    fopen                                    0x0801050f   Thumb Code    74  fopen.o(.text)
    _fclose_internal                         0x0801055d   Thumb Code    76  fclose.o(.text)
    fclose                                   0x0801055d   Thumb Code     0  fclose.o(.text)
    exit                                     0x080105a9   Thumb Code    18  exit.o(.text)
    __rt_SIGRTRED                            0x080105bb   Thumb Code    14  defsig_rtred_outer.o(.text)
    __I$use$semihosting                      0x080105c9   Thumb Code     0  use_no_semi.o(.text)
    __use_no_semihosting_swi                 0x080105c9   Thumb Code     2  use_no_semi.o(.text)
    __semihosting_library_function           0x080105cb   Thumb Code     0  indicate_semi.o(.text)
    __rt_heap_descriptor                     0x080105cd   Thumb Code     8  rt_heap_descriptor_intlibspace.o(.text)
    __use_no_heap                            0x080105d5   Thumb Code     2  hguard.o(.text)
    __heap$guard                             0x080105d7   Thumb Code     2  hguard.o(.text)
    _terminate_user_alloc                    0x080105d9   Thumb Code     2  init_alloc.o(.text)
    _init_user_alloc                         0x080105db   Thumb Code     2  init_alloc.o(.text)
    __Heap_Full                              0x080105dd   Thumb Code    34  init_alloc.o(.text)
    __Heap_Broken                            0x080105ff   Thumb Code     6  init_alloc.o(.text)
    _init_alloc                              0x08010605   Thumb Code    94  init_alloc.o(.text)
    malloc                                   0x08010663   Thumb Code    94  h1_alloc.o(.text)
    _fseek                                   0x080106c1   Thumb Code   242  fseek.o(.text)
    fseek                                    0x080106c1   Thumb Code     0  fseek.o(.text)
    _seterr                                  0x080107b9   Thumb Code    20  stdio.o(.text)
    _writebuf                                0x080107cd   Thumb Code    84  stdio.o(.text)
    _fflush                                  0x08010821   Thumb Code    70  stdio.o(.text)
    _deferredlazyseek                        0x08010867   Thumb Code    60  stdio.o(.text)
    __sig_exit                               0x080108a9   Thumb Code    10  defsig_exit.o(.text)
    __rt_SIGRTRED_inner                      0x080108b5   Thumb Code    14  defsig_rtred_inner.o(.text)
    __rt_SIGRTMEM                            0x080108e9   Thumb Code    14  defsig_rtmem_outer.o(.text)
    strcmp                                   0x080108f9   Thumb Code   128  strcmpv7m.o(.text)
    _sys_exit                                0x08010979   Thumb Code     8  sys_exit.o(.text)
    __Heap_Initialize                        0x08010985   Thumb Code    10  h1_init.o(.text)
    __Heap_DescSize                          0x0801098f   Thumb Code     4  h1_init.o(.text)
    __Heap_ProvideMemory                     0x08010993   Thumb Code    52  h1_extend.o(.text)
    _ftell_internal                          0x080109c7   Thumb Code    66  ftell.o(.text)
    ftell                                    0x080109c7   Thumb Code     0  ftell.o(.text)
    __default_signal_display                 0x08010a09   Thumb Code    50  defsig_general.o(.text)
    __rt_SIGRTMEM_inner                      0x08010a3d   Thumb Code    22  defsig_rtmem_inner.o(.text)
    _ttywrch                                 0x08010a8d   Thumb Code    14  sys_wrch.o(.text)
    _btod_d2e                                0x08010a9b   Thumb Code    62  btod.o(CL$$btod_d2e)
    _d2e_denorm_low                          0x08010ad9   Thumb Code    70  btod.o(CL$$btod_d2e_denorm_low)
    _d2e_norm_op1                            0x08010b1f   Thumb Code    96  btod.o(CL$$btod_d2e_norm_op1)
    __btod_div_common                        0x08010b7f   Thumb Code   696  btod.o(CL$$btod_div_common)
    _e2e                                     0x08010eb7   Thumb Code   198  btod.o(CL$$btod_e2e)
    _btod_ediv                               0x08010f7d   Thumb Code    40  btod.o(CL$$btod_ediv)
    _btod_emul                               0x08010fa5   Thumb Code    40  btod.o(CL$$btod_emul)
    __btod_mult_common                       0x08010fcd   Thumb Code   580  btod.o(CL$$btod_mult_common)
    OSStartHighRdy                           0x08011211   Thumb Code     0  os_cpu_a.o(CODE)
    OS_CPU_PendSVHandler                     0x08011233   Thumb Code     0  os_cpu_a.o(CODE)
    __ARM_fpclassify                         0x08011295   Thumb Code    40  fpclassify.o(i.__ARM_fpclassify)
    _is_digit                                0x080112bd   Thumb Code    14  __printf_wp.o(i._is_digit)
    fputc                                    0x080112cb   Thumb Code    26  fputc.o(i.fputc)
    _get_lc_numeric                          0x080112e5   Thumb Code    44  lc_numeric_c.o(locale$$code)
    _get_lc_ctype                            0x08011311   Thumb Code    44  lc_ctype_c.o(locale$$code)
    _printf_fp_dec                           0x0801133d   Thumb Code     4  printf1.o(x$fpl$printf1)
    GPIO_PIN                                 0x08011340   Data           8  bsp.o(.constdata)
    __I$use$fp                               0x08011340   Number         0  usenofp.o(x$fpl$usenofp)
    GPIO_CLK                                 0x08011348   Data          16  bsp.o(.constdata)
    OSCfg_IdleTaskStkBasePtr                 0x080114ec   Data           4  os_cfg_app.o(.constdata)
    OSCfg_IdleTaskStkLimit                   0x080114f0   Data           4  os_cfg_app.o(.constdata)
    OSCfg_IdleTaskStkSize                    0x080114f4   Data           4  os_cfg_app.o(.constdata)
    OSCfg_IdleTaskStkSizeRAM                 0x080114f8   Data           4  os_cfg_app.o(.constdata)
    OSCfg_IntQBasePtr                        0x080114fc   Data           4  os_cfg_app.o(.constdata)
    OSCfg_IntQSize                           0x08011500   Data           2  os_cfg_app.o(.constdata)
    OSCfg_IntQSizeRAM                        0x08011504   Data           4  os_cfg_app.o(.constdata)
    OSCfg_IntQTaskStkBasePtr                 0x08011508   Data           4  os_cfg_app.o(.constdata)
    OSCfg_IntQTaskStkLimit                   0x0801150c   Data           4  os_cfg_app.o(.constdata)
    OSCfg_IntQTaskStkSize                    0x08011510   Data           4  os_cfg_app.o(.constdata)
    OSCfg_IntQTaskStkSizeRAM                 0x08011514   Data           4  os_cfg_app.o(.constdata)
    OSCfg_ISRStkBasePtr                      0x08011518   Data           4  os_cfg_app.o(.constdata)
    OSCfg_ISRStkSize                         0x0801151c   Data           4  os_cfg_app.o(.constdata)
    OSCfg_ISRStkSizeRAM                      0x08011520   Data           4  os_cfg_app.o(.constdata)
    OSCfg_MsgPoolSize                        0x08011524   Data           2  os_cfg_app.o(.constdata)
    OSCfg_MsgPoolSizeRAM                     0x08011528   Data           4  os_cfg_app.o(.constdata)
    OSCfg_MsgPoolBasePtr                     0x0801152c   Data           4  os_cfg_app.o(.constdata)
    OSCfg_StatTaskPrio                       0x08011530   Data           1  os_cfg_app.o(.constdata)
    OSCfg_StatTaskRate_Hz                    0x08011534   Data           4  os_cfg_app.o(.constdata)
    OSCfg_StatTaskStkBasePtr                 0x08011538   Data           4  os_cfg_app.o(.constdata)
    OSCfg_StatTaskStkLimit                   0x0801153c   Data           4  os_cfg_app.o(.constdata)
    OSCfg_StatTaskStkSize                    0x08011540   Data           4  os_cfg_app.o(.constdata)
    OSCfg_StatTaskStkSizeRAM                 0x08011544   Data           4  os_cfg_app.o(.constdata)
    OSCfg_StkSizeMin                         0x08011548   Data           4  os_cfg_app.o(.constdata)
    OSCfg_TickRate_Hz                        0x0801154c   Data           4  os_cfg_app.o(.constdata)
    OSCfg_TickTaskPrio                       0x08011550   Data           1  os_cfg_app.o(.constdata)
    OSCfg_TickTaskStkBasePtr                 0x08011554   Data           4  os_cfg_app.o(.constdata)
    OSCfg_TickTaskStkLimit                   0x08011558   Data           4  os_cfg_app.o(.constdata)
    OSCfg_TickTaskStkSize                    0x0801155c   Data           4  os_cfg_app.o(.constdata)
    OSCfg_TickTaskStkSizeRAM                 0x08011560   Data           4  os_cfg_app.o(.constdata)
    OSCfg_TickWheelSize                      0x08011564   Data           2  os_cfg_app.o(.constdata)
    OSCfg_TickWheelSizeRAM                   0x08011568   Data           4  os_cfg_app.o(.constdata)
    OSCfg_TmrTaskPrio                        0x0801156c   Data           1  os_cfg_app.o(.constdata)
    OSCfg_TmrTaskRate_Hz                     0x08011570   Data           4  os_cfg_app.o(.constdata)
    OSCfg_TmrTaskStkBasePtr                  0x08011574   Data           4  os_cfg_app.o(.constdata)
    OSCfg_TmrTaskStkLimit                    0x08011578   Data           4  os_cfg_app.o(.constdata)
    OSCfg_TmrTaskStkSize                     0x0801157c   Data           4  os_cfg_app.o(.constdata)
    OSCfg_TmrTaskStkSizeRAM                  0x08011580   Data           4  os_cfg_app.o(.constdata)
    OSCfg_TmrWheelSize                       0x08011584   Data           2  os_cfg_app.o(.constdata)
    OSCfg_TmrWheelSizeRAM                    0x08011588   Data           4  os_cfg_app.o(.constdata)
    OSCfg_DataSizeRAM                        0x0801158c   Data           4  os_cfg_app.o(.constdata)
    OSDbg_DbgEn                              0x08011590   Data           1  os_dbg.o(.constdata)
    OSDbg_ArgChkEn                           0x08011591   Data           1  os_dbg.o(.constdata)
    OSDbg_AppHooksEn                         0x08011592   Data           1  os_dbg.o(.constdata)
    OSDbg_EndiannessTest                     0x08011594   Data           4  os_dbg.o(.constdata)
    OSDbg_CalledFromISRChkEn                 0x08011598   Data           1  os_dbg.o(.constdata)
    OSDbg_FlagEn                             0x08011599   Data           1  os_dbg.o(.constdata)
    OSDbg_FlagGrp                            0x0801159c   Data          40  os_dbg.o(.constdata)
    OSDbg_FlagDelEn                          0x080115c4   Data           1  os_dbg.o(.constdata)
    OSDbg_FlagModeClrEn                      0x080115c5   Data           1  os_dbg.o(.constdata)
    OSDbg_FlagPendAbortEn                    0x080115c6   Data           1  os_dbg.o(.constdata)
    OSDbg_FlagGrpSize                        0x080115c8   Data           2  os_dbg.o(.constdata)
    OSDbg_FlagWidth                          0x080115ca   Data           2  os_dbg.o(.constdata)
    OSDbg_IntQ                               0x080115cc   Data           2  os_dbg.o(.constdata)
    OSDbg_ISRPostDeferredEn                  0x080115ce   Data           1  os_dbg.o(.constdata)
    OSDbg_Mem                                0x080115d0   Data          32  os_dbg.o(.constdata)
    OSDbg_MemEn                              0x080115f0   Data           1  os_dbg.o(.constdata)
    OSDbg_MemSize                            0x080115f2   Data           2  os_dbg.o(.constdata)
    OSDbg_MsgEn                              0x080115f4   Data           1  os_dbg.o(.constdata)
    OSDbg_MsgSize                            0x080115f6   Data           2  os_dbg.o(.constdata)
    OSDbg_MsgPoolSize                        0x080115f8   Data           2  os_dbg.o(.constdata)
    OSDbg_MsgQSize                           0x080115fa   Data           2  os_dbg.o(.constdata)
    OSDbg_Mutex                              0x080115fc   Data          44  os_dbg.o(.constdata)
    OSDbg_MutexEn                            0x08011628   Data           1  os_dbg.o(.constdata)
    OSDbg_MutexDelEn                         0x08011629   Data           1  os_dbg.o(.constdata)
    OSDbg_MutexPendAbortEn                   0x0801162a   Data           1  os_dbg.o(.constdata)
    OSDbg_MutexSize                          0x0801162c   Data           2  os_dbg.o(.constdata)
    OSDbg_ObjTypeChkEn                       0x0801162e   Data           1  os_dbg.o(.constdata)
    OSDbg_PendMultiEn                        0x0801162f   Data           1  os_dbg.o(.constdata)
    OSDbg_PendDataSize                       0x08011630   Data           2  os_dbg.o(.constdata)
    OSDbg_PendListSize                       0x08011632   Data           2  os_dbg.o(.constdata)
    OSDbg_PendObjSize                        0x08011634   Data           2  os_dbg.o(.constdata)
    OSDbg_PrioMax                            0x08011636   Data           2  os_dbg.o(.constdata)
    OSDbg_PrioTblSize                        0x08011638   Data           2  os_dbg.o(.constdata)
    OSDbg_PtrSize                            0x0801163a   Data           2  os_dbg.o(.constdata)
    OSDbg_Q                                  0x0801163c   Data          48  os_dbg.o(.constdata)
    OSDbg_QEn                                0x0801166c   Data           1  os_dbg.o(.constdata)
    OSDbg_QDelEn                             0x0801166d   Data           1  os_dbg.o(.constdata)
    OSDbg_QFlushEn                           0x0801166e   Data           1  os_dbg.o(.constdata)
    OSDbg_QPendAbortEn                       0x0801166f   Data           1  os_dbg.o(.constdata)
    OSDbg_QSize                              0x08011670   Data           2  os_dbg.o(.constdata)
    OSDbg_SchedRoundRobinEn                  0x08011672   Data           1  os_dbg.o(.constdata)
    OSDbg_Sem                                0x08011674   Data          40  os_dbg.o(.constdata)
    OSDbg_SemEn                              0x0801169c   Data           1  os_dbg.o(.constdata)
    OSDbg_SemDelEn                           0x0801169d   Data           1  os_dbg.o(.constdata)
    OSDbg_SemPendAbortEn                     0x0801169e   Data           1  os_dbg.o(.constdata)
    OSDbg_SemSetEn                           0x0801169f   Data           1  os_dbg.o(.constdata)
    OSDbg_SemSize                            0x080116a0   Data           2  os_dbg.o(.constdata)
    OSDbg_RdyList                            0x080116a2   Data           2  os_dbg.o(.constdata)
    OSDbg_RdyListSize                        0x080116a4   Data           4  os_dbg.o(.constdata)
    OSDbg_StkWidth                           0x080116a8   Data           1  os_dbg.o(.constdata)
    OSDbg_StatTaskEn                         0x080116a9   Data           1  os_dbg.o(.constdata)
    OSDbg_StatTaskStkChkEn                   0x080116aa   Data           1  os_dbg.o(.constdata)
    OSDbg_TaskChangePrioEn                   0x080116ab   Data           1  os_dbg.o(.constdata)
    OSDbg_TaskDelEn                          0x080116ac   Data           1  os_dbg.o(.constdata)
    OSDbg_TaskQEn                            0x080116ad   Data           1  os_dbg.o(.constdata)
    OSDbg_TaskQPendAbortEn                   0x080116ae   Data           1  os_dbg.o(.constdata)
    OSDbg_TaskProfileEn                      0x080116af   Data           1  os_dbg.o(.constdata)
    OSDbg_TaskRegTblSize                     0x080116b0   Data           2  os_dbg.o(.constdata)
    OSDbg_TaskSemPendAbortEn                 0x080116b2   Data           1  os_dbg.o(.constdata)
    OSDbg_TaskSuspendEn                      0x080116b3   Data           1  os_dbg.o(.constdata)
    OSDbg_TCBSize                            0x080116b4   Data           2  os_dbg.o(.constdata)
    OSDbg_TickSpokeSize                      0x080116b6   Data           2  os_dbg.o(.constdata)
    OSDbg_TimeDlyHMSMEn                      0x080116b8   Data           1  os_dbg.o(.constdata)
    OSDbg_TimeDlyResumeEn                    0x080116b9   Data           1  os_dbg.o(.constdata)
    OSDbg_TLS_TblSize                        0x080116ba   Data           2  os_dbg.o(.constdata)
    OSDbg_Tmr                                0x080116bc   Data          52  os_dbg.o(.constdata)
    OSDbg_TmrEn                              0x080116f0   Data           1  os_dbg.o(.constdata)
    OSDbg_TmrDelEn                           0x080116f1   Data           1  os_dbg.o(.constdata)
    OSDbg_TmrSize                            0x080116f2   Data           2  os_dbg.o(.constdata)
    OSDbg_TmrSpokeSize                       0x080116f4   Data           2  os_dbg.o(.constdata)
    OSDbg_VersionNbr                         0x080116f6   Data           2  os_dbg.o(.constdata)
    OSDbg_DataSize                           0x080116f8   Data           4  os_dbg.o(.constdata)
    _monlen                                  0x08011760   Data          12  _monlen.o(.constdata)
    __stdin_name                             0x0801176c   Data           4  sys_io.o(.constdata)
    __stdout_name                            0x08011770   Data           4  sys_io.o(.constdata)
    __stderr_name                            0x08011774   Data           4  sys_io.o(.constdata)
    Region$$Table$$Base                      0x08012508   Number         0  anon$$obj.o(Region$$Table)
    Region$$Table$$Limit                     0x08012528   Number         0  anon$$obj.o(Region$$Table)
    __ctype                                  0x08012551   Data           0  lc_ctype_c.o(locale$$data)
    GPIO_PORT                                0x20000000   Data          16  bsp.o(.data)
    Mem_PoolTbl                              0x20000024   Data           4  lib_mem.o(.data)
    CPU_TS_TmrFreq_Hz                        0x20000028   Data           4  cpu_core.o(.data)
    OS_CPU_ExceptStkBase                     0x2000002c   Data           4  os_cpu_c.o(.data)
    OSPrioTbl                                0x20000030   Data           4  os_prio.o(.data)
    OS_AppTaskCreateHookPtr                  0x20000034   Data           4  os_var.o(.data)
    OS_AppTaskDelHookPtr                     0x20000038   Data           4  os_var.o(.data)
    OS_AppTaskReturnHookPtr                  0x2000003c   Data           4  os_var.o(.data)
    OS_AppIdleTaskHookPtr                    0x20000040   Data           4  os_var.o(.data)
    OS_AppStatTaskHookPtr                    0x20000044   Data           4  os_var.o(.data)
    OS_AppTaskSwHookPtr                      0x20000048   Data           4  os_var.o(.data)
    OS_AppTimeTickHookPtr                    0x2000004c   Data           4  os_var.o(.data)
    OSIdleTaskCtr                            0x20000050   Data           4  os_var.o(.data)
    OSIntNestingCtr                          0x20000054   Data           1  os_var.o(.data)
    OSRunning                                0x20000055   Data           1  os_var.o(.data)
    OSFlagDbgListPtr                         0x20000058   Data           4  os_var.o(.data)
    OSFlagQty                                0x2000005c   Data           2  os_var.o(.data)
    OSMemDbgListPtr                          0x20000060   Data           4  os_var.o(.data)
    OSMemQty                                 0x20000064   Data           2  os_var.o(.data)
    OSMutexDbgListPtr                        0x20000068   Data           4  os_var.o(.data)
    OSMutexQty                               0x2000006c   Data           2  os_var.o(.data)
    OSPrioCur                                0x2000006e   Data           1  os_var.o(.data)
    OSPrioHighRdy                            0x2000006f   Data           1  os_var.o(.data)
    OSPrioSaved                              0x20000070   Data           1  os_var.o(.data)
    OSQDbgListPtr                            0x20000074   Data           4  os_var.o(.data)
    OSQQty                                   0x20000078   Data           2  os_var.o(.data)
    OSSchedLockTimeBegin                     0x2000007c   Data           4  os_var.o(.data)
    OSSchedLockTimeMax                       0x20000080   Data           4  os_var.o(.data)
    OSSchedLockTimeMaxCur                    0x20000084   Data           4  os_var.o(.data)
    OSSchedLockNestingCtr                    0x20000088   Data           1  os_var.o(.data)
    OSSchedRoundRobinDfltTimeQuanta          0x2000008c   Data           4  os_var.o(.data)
    OSSchedRoundRobinEn                      0x20000090   Data           1  os_var.o(.data)
    OSSemDbgListPtr                          0x20000094   Data           4  os_var.o(.data)
    OSSemQty                                 0x20000098   Data           2  os_var.o(.data)
    OSStatResetFlag                          0x2000009a   Data           1  os_var.o(.data)
    OSStatTaskCPUUsage                       0x2000009c   Data           2  os_var.o(.data)
    OSStatTaskCPUUsageMax                    0x2000009e   Data           2  os_var.o(.data)
    OSStatTaskCtr                            0x200000a0   Data           4  os_var.o(.data)
    OSStatTaskCtrMax                         0x200000a4   Data           4  os_var.o(.data)
    OSStatTaskCtrRun                         0x200000a8   Data           4  os_var.o(.data)
    OSStatTaskRdy                            0x200000ac   Data           1  os_var.o(.data)
    OSStatTaskTimeMax                        0x200000b0   Data           4  os_var.o(.data)
    OSTaskCtxSwCtr                           0x200000b4   Data           4  os_var.o(.data)
    OSTaskDbgListPtr                         0x200000b8   Data           4  os_var.o(.data)
    OSTaskQty                                0x200000bc   Data           2  os_var.o(.data)
    OSTaskRegNextAvailID                     0x200000be   Data           1  os_var.o(.data)
    OSTickCtr                                0x200000c0   Data           4  os_var.o(.data)
    OSTickTaskTimeMax                        0x200000c4   Data           4  os_var.o(.data)
    OSTmrDbgListPtr                          0x200000c8   Data           4  os_var.o(.data)
    OSTmrQty                                 0x200000cc   Data           2  os_var.o(.data)
    OSTmrTaskTimeMax                         0x200000d0   Data           4  os_var.o(.data)
    OSTmrTickCtr                             0x200000d4   Data           4  os_var.o(.data)
    OSTmrUpdateCnt                           0x200000d8   Data           4  os_var.o(.data)
    OSTmrUpdateCtr                           0x200000dc   Data           4  os_var.o(.data)
    OSTCBCurPtr                              0x200000e0   Data           4  os_var.o(.data)
    OSTCBHighRdyPtr                          0x200000e4   Data           4  os_var.o(.data)
    FsmTimer                                 0x200000e8   Data          64  l1timer_ucos.o(.data)
    zIhuSystemTimeUnix                       0x20000128   Data           4  vmucoslayer.o(.data)
    zIhuTaskNameList                         0x2000012c   Data          64  vmucoslayer.o(.data)
    zIhuMsgNameList                          0x2000016c   Data         128  vmucoslayer.o(.data)
    FsmAdclibra                              0x200001ec   Data          56  l2adclibra.o(.data)
    FsmDidocap                               0x20000224   Data          48  l2didocap.o(.data)
    FsmEthorion                              0x20000254   Data          48  l2ethorion.o(.data)
    FsmGpiocancer                            0x20000284   Data          48  l2gpiocancer.o(.data)
    FsmI2caries                              0x200002b4   Data          48  l2i2caries.o(.data)
    FsmLedpisces                             0x200002e4   Data          48  l2ledpisces.o(.data)
    FsmPwmtaurus                             0x20000314   Data          48  l2pwmtaurus.o(.data)
    FsmSpileo                                0x20000344   Data          64  l2spileo.o(.data)
    FsmSpsvirgo                              0x20000384   Data          48  l2spsvirgo.o(.data)
    FsmScycb                                 0x200003b4   Data          80  l3scycb.o(.data)
    __aeabi_stdin                            0x20000404   Data           4  stdio_streams.o(.data)
    __aeabi_stdout                           0x20000408   Data           4  stdio_streams.o(.data)
    __aeabi_stderr                           0x2000040c   Data           4  stdio_streams.o(.data)
    Mem_PoolHeap                             0x20000890   Data          72  lib_mem.o(.bss)
    Mem_Heap                                 0x200008d8   Data        9216  lib_mem.o(.bss)
    CPU_Name                                 0x20002cd8   Data          16  cpu_core.o(.bss)
    OSCfg_IdleTaskStk                        0x20002ce8   Data         512  os_cfg_app.o(.bss)
    OSCfg_ISRStk                             0x20002ee8   Data        1024  os_cfg_app.o(.bss)
    OSCfg_MsgPool                            0x200032e8   Data         800  os_cfg_app.o(.bss)
    OSCfg_StatTaskStk                        0x20003608   Data         512  os_cfg_app.o(.bss)
    OSCfg_TickTaskStk                        0x20003808   Data         512  os_cfg_app.o(.bss)
    OSCfg_TickWheel                          0x20003a08   Data         128  os_cfg_app.o(.bss)
    OSCfg_TmrTaskStk                         0x20003a88   Data         512  os_cfg_app.o(.bss)
    OSCfg_TmrWheel                           0x20003c88   Data         128  os_cfg_app.o(.bss)
    OSIdleTaskTCB                            0x20003d08   Data         196  os_var.o(.bss)
    OSMsgPool                                0x20003dcc   Data          12  os_var.o(.bss)
    OSRdyList                                0x20003dd8   Data         144  os_var.o(.bss)
    OSStatTaskTCB                            0x20003e68   Data         196  os_var.o(.bss)
    OSTickTaskTCB                            0x20003f2c   Data         196  os_var.o(.bss)
    OSTmrTaskTCB                             0x20003ff0   Data         196  os_var.o(.bss)
    zIhuTimerTable                           0x200040b4   Data         216  l1timer_ucos.o(.bss)
    zIhuL1timer1s                            0x2000418c   Data          52  l1timer_ucos.o(.bss)
    zIhuL1timer10ms                          0x200041c0   Data          52  l1timer_ucos.o(.bss)
    zIhuL1timer1ms                           0x200041f4   Data          52  l1timer_ucos.o(.bss)
    zIhuTaskInfo                             0x20004228   Data       17088  vmucoslayer.o(.bss)
    zIhuRunErrCnt                            0x200084e8   Data          64  vmucoslayer.o(.bss)
    zIhuGlobalCounter                        0x20008528   Data          68  vmucoslayer.o(.bss)
    zIhuFsmTable                             0x2000856c   Data       18500  vmucoslayer.o(.bss)
    zIhuSysEngPar                            0x2000cdb0   Data        3204  vmucoslayer.o(.bss)
    zIhuSystemTimeYmd                        0x2000da34   Data          44  vmucoslayer.o(.bss)
    zIhuPartition                            0x2000de48   Data          32  vmucoslayer.o(.bss)
    zIhuPartitionStorage                     0x2000de68   Data        1280  vmucoslayer.o(.bss)
    _random_number_data                      0x2000e368   Data         228  rand.o(.bss)
    __libspace_start                         0x2000e478   Data          96  libspace.o(.bss)
    __stdin                                  0x2000e4d8   Data          84  stdio_streams.o(.bss)
    __temporary_stack_top$libspace           0x2000e4d8   Data           0  libspace.o(.bss)
    __stdout                                 0x2000e52c   Data          84  stdio_streams.o(.bss)
    __stderr                                 0x2000e580   Data          84  stdio_streams.o(.bss)



==============================================================================

Memory Map of the image

  Image Entry point : 0x08000185

  Load Region LR_IROM1 (Base: 0x08000000, Size: 0x00012a64, Max: 0x00100000, ABSOLUTE, COMPRESSED[0x00012804])

    Execution Region ER_IROM1 (Base: 0x08000000, Size: 0x00012654, Max: 0x00100000, ABSOLUTE)

    Base Addr    Size         Type   Attr      Idx    E Section Name        Object

    0x08000000   0x00000184   Data   RO          391    RESET               cstartup.o
    0x08000184   0x00000008   Code   RO         1617  * !!!main             c_w.l(__main.o)
    0x0800018c   0x00000034   Code   RO         2084    !!!scatter          c_w.l(__scatter.o)
    0x080001c0   0x0000005a   Code   RO         2082    !!dczerorl2         c_w.l(__dczerorl2.o)
    0x0800021a   0x00000002   PAD
    0x0800021c   0x0000001c   Code   RO         2086    !!handler_zi        c_w.l(__scatter_zi.o)
    0x08000238   0x00000000   Code   RO         1588    .ARM.Collect$$_printf_percent$$00000000  c_w.l(_printf_percent.o)
    0x08000238   0x00000006   Code   RO         1674    .ARM.Collect$$_printf_percent$$00000001  c_w.l(_printf_n.o)
    0x0800023e   0x00000006   Code   RO         1676    .ARM.Collect$$_printf_percent$$00000002  c_w.l(_printf_p.o)
    0x08000244   0x00000006   Code   RO         1681    .ARM.Collect$$_printf_percent$$00000003  c_w.l(_printf_f.o)
    0x0800024a   0x00000006   Code   RO         1682    .ARM.Collect$$_printf_percent$$00000004  c_w.l(_printf_e.o)
    0x08000250   0x00000006   Code   RO         1683    .ARM.Collect$$_printf_percent$$00000005  c_w.l(_printf_g.o)
    0x08000256   0x00000006   Code   RO         1684    .ARM.Collect$$_printf_percent$$00000006  c_w.l(_printf_a.o)
    0x0800025c   0x0000000a   Code   RO         1689    .ARM.Collect$$_printf_percent$$00000007  c_w.l(_printf_ll.o)
    0x08000266   0x00000006   Code   RO         1678    .ARM.Collect$$_printf_percent$$00000008  c_w.l(_printf_i.o)
    0x0800026c   0x00000006   Code   RO         1679    .ARM.Collect$$_printf_percent$$00000009  c_w.l(_printf_d.o)
    0x08000272   0x00000006   Code   RO         1680    .ARM.Collect$$_printf_percent$$0000000A  c_w.l(_printf_u.o)
    0x08000278   0x00000006   Code   RO         1677    .ARM.Collect$$_printf_percent$$0000000B  c_w.l(_printf_o.o)
    0x0800027e   0x00000006   Code   RO         1675    .ARM.Collect$$_printf_percent$$0000000C  c_w.l(_printf_x.o)
    0x08000284   0x00000006   Code   RO         1686    .ARM.Collect$$_printf_percent$$0000000D  c_w.l(_printf_lli.o)
    0x0800028a   0x00000006   Code   RO         1687    .ARM.Collect$$_printf_percent$$0000000E  c_w.l(_printf_lld.o)
    0x08000290   0x00000006   Code   RO         1688    .ARM.Collect$$_printf_percent$$0000000F  c_w.l(_printf_llu.o)
    0x08000296   0x00000006   Code   RO         1693    .ARM.Collect$$_printf_percent$$00000010  c_w.l(_printf_llo.o)
    0x0800029c   0x00000006   Code   RO         1694    .ARM.Collect$$_printf_percent$$00000011  c_w.l(_printf_llx.o)
    0x080002a2   0x0000000a   Code   RO         1690    .ARM.Collect$$_printf_percent$$00000012  c_w.l(_printf_l.o)
    0x080002ac   0x00000006   Code   RO         1673    .ARM.Collect$$_printf_percent$$00000013  c_w.l(_printf_c.o)
    0x080002b2   0x00000006   Code   RO         1587    .ARM.Collect$$_printf_percent$$00000014  c_w.l(_printf_s.o)
    0x080002b8   0x00000006   Code   RO         1691    .ARM.Collect$$_printf_percent$$00000015  c_w.l(_printf_lc.o)
    0x080002be   0x00000006   Code   RO         1692    .ARM.Collect$$_printf_percent$$00000016  c_w.l(_printf_ls.o)
    0x080002c4   0x00000004   Code   RO         1685    .ARM.Collect$$_printf_percent$$00000017  c_w.l(_printf_percent_end.o)
    0x080002c8   0x00000002   Code   RO         1926    .ARM.Collect$$libinit$$00000000  c_w.l(libinit.o)
    0x080002ca   0x00000000   Code   RO         1704    .ARM.Collect$$libinit$$00000002  c_w.l(libinit2.o)
    0x080002ca   0x00000000   Code   RO         1706    .ARM.Collect$$libinit$$00000004  c_w.l(libinit2.o)
    0x080002ca   0x00000008   Code   RO         1707    .ARM.Collect$$libinit$$00000005  c_w.l(libinit2.o)
    0x080002d2   0x00000000   Code   RO         1709    .ARM.Collect$$libinit$$0000000A  c_w.l(libinit2.o)
    0x080002d2   0x00000000   Code   RO         1711    .ARM.Collect$$libinit$$0000000C  c_w.l(libinit2.o)
    0x080002d2   0x00000004   Code   RO         1712    .ARM.Collect$$libinit$$0000000D  c_w.l(libinit2.o)
    0x080002d6   0x00000000   Code   RO         1713    .ARM.Collect$$libinit$$0000000E  c_w.l(libinit2.o)
    0x080002d6   0x00000006   Code   RO         1714    .ARM.Collect$$libinit$$0000000F  c_w.l(libinit2.o)
    0x080002dc   0x00000000   Code   RO         1716    .ARM.Collect$$libinit$$00000011  c_w.l(libinit2.o)
    0x080002dc   0x0000000c   Code   RO         1717    .ARM.Collect$$libinit$$00000012  c_w.l(libinit2.o)
    0x080002e8   0x00000000   Code   RO         1718    .ARM.Collect$$libinit$$00000013  c_w.l(libinit2.o)
    0x080002e8   0x00000000   Code   RO         1720    .ARM.Collect$$libinit$$00000015  c_w.l(libinit2.o)
    0x080002e8   0x0000000a   Code   RO         1721    .ARM.Collect$$libinit$$00000016  c_w.l(libinit2.o)
    0x080002f2   0x00000000   Code   RO         1722    .ARM.Collect$$libinit$$00000017  c_w.l(libinit2.o)
    0x080002f2   0x00000000   Code   RO         1724    .ARM.Collect$$libinit$$00000019  c_w.l(libinit2.o)
    0x080002f2   0x00000000   Code   RO         1726    .ARM.Collect$$libinit$$0000001B  c_w.l(libinit2.o)
    0x080002f2   0x00000000   Code   RO         1728    .ARM.Collect$$libinit$$0000001D  c_w.l(libinit2.o)
    0x080002f2   0x00000000   Code   RO         1730    .ARM.Collect$$libinit$$0000001F  c_w.l(libinit2.o)
    0x080002f2   0x00000000   Code   RO         1732    .ARM.Collect$$libinit$$00000021  c_w.l(libinit2.o)
    0x080002f2   0x00000000   Code   RO         1734    .ARM.Collect$$libinit$$00000023  c_w.l(libinit2.o)
    0x080002f2   0x00000004   Code   RO         1735    .ARM.Collect$$libinit$$00000024  c_w.l(libinit2.o)
    0x080002f6   0x00000000   Code   RO         1736    .ARM.Collect$$libinit$$00000025  c_w.l(libinit2.o)
    0x080002f6   0x00000000   Code   RO         1740    .ARM.Collect$$libinit$$0000002C  c_w.l(libinit2.o)
    0x080002f6   0x00000000   Code   RO         1742    .ARM.Collect$$libinit$$0000002E  c_w.l(libinit2.o)
    0x080002f6   0x00000000   Code   RO         1744    .ARM.Collect$$libinit$$00000030  c_w.l(libinit2.o)
    0x080002f6   0x00000000   Code   RO         1746    .ARM.Collect$$libinit$$00000032  c_w.l(libinit2.o)
    0x080002f6   0x00000002   Code   RO         1747    .ARM.Collect$$libinit$$00000033  c_w.l(libinit2.o)
    0x080002f8   0x00000002   Code   RO         2061    .ARM.Collect$$libshutdown$$00000000  c_w.l(libshutdown.o)
    0x080002fa   0x00000000   Code   RO         1928    .ARM.Collect$$libshutdown$$00000002  c_w.l(libshutdown2.o)
    0x080002fa   0x00000004   Code   RO         1929    .ARM.Collect$$libshutdown$$00000003  c_w.l(libshutdown2.o)
    0x080002fe   0x00000000   Code   RO         1930    .ARM.Collect$$libshutdown$$00000004  c_w.l(libshutdown2.o)
    0x080002fe   0x00000000   Code   RO         1933    .ARM.Collect$$libshutdown$$00000007  c_w.l(libshutdown2.o)
    0x080002fe   0x00000000   Code   RO         1936    .ARM.Collect$$libshutdown$$0000000A  c_w.l(libshutdown2.o)
    0x080002fe   0x00000000   Code   RO         1938    .ARM.Collect$$libshutdown$$0000000C  c_w.l(libshutdown2.o)
    0x080002fe   0x00000000   Code   RO         1941    .ARM.Collect$$libshutdown$$0000000F  c_w.l(libshutdown2.o)
    0x080002fe   0x00000002   Code   RO         1942    .ARM.Collect$$libshutdown$$00000010  c_w.l(libshutdown2.o)
    0x08000300   0x00000000   Code   RO         1622    .ARM.Collect$$rtentry$$00000000  c_w.l(__rtentry.o)
    0x08000300   0x00000000   Code   RO         1751    .ARM.Collect$$rtentry$$00000002  c_w.l(__rtentry2.o)
    0x08000300   0x00000006   Code   RO         1763    .ARM.Collect$$rtentry$$00000004  c_w.l(__rtentry4.o)
    0x08000306   0x00000000   Code   RO         1753    .ARM.Collect$$rtentry$$00000009  c_w.l(__rtentry2.o)
    0x08000306   0x00000004   Code   RO         1754    .ARM.Collect$$rtentry$$0000000A  c_w.l(__rtentry2.o)
    0x0800030a   0x00000000   Code   RO         1756    .ARM.Collect$$rtentry$$0000000C  c_w.l(__rtentry2.o)
    0x0800030a   0x00000008   Code   RO         1757    .ARM.Collect$$rtentry$$0000000D  c_w.l(__rtentry2.o)
    0x08000312   0x00000002   Code   RO         1955    .ARM.Collect$$rtexit$$00000000  c_w.l(rtexit.o)
    0x08000314   0x00000000   Code   RO         2016    .ARM.Collect$$rtexit$$00000002  c_w.l(rtexit2.o)
    0x08000314   0x00000004   Code   RO         2017    .ARM.Collect$$rtexit$$00000003  c_w.l(rtexit2.o)
    0x08000318   0x00000006   Code   RO         2018    .ARM.Collect$$rtexit$$00000004  c_w.l(rtexit2.o)
    0x0800031e   0x00000002   PAD
    0x08000320   0x00000034   Code   RO         1589    .emb_text           c_w.l(rand.o)
    0x08000354   0x00000000   Code   RO         2022    .emb_text           c_w.l(maybetermalloc1.o)
    0x08000354   0x00000100   Code   RO            2    .text               app.o
    0x08000454   0x00000888   Code   RO          260    .text               bsp.o
    0x08000cdc   0x0000041c   Code   RO          283    .text               bsp_int.o
    0x080010f8   0x000002f8   Code   RO          342    .text               bsp_ser.o
    0x080013f0   0x000000b8   Code   RO          371    .text               bsp_os.o
    0x080014a8   0x00000034   Code   RO          392    .text               cstartup.o
    0x080014dc   0x00000608   Code   RO          621    .text               stm32f2xx_fsmc.o
    0x08001ae4   0x0000025c   Code   RO          637    .text               stm32f2xx_gpio.o
    0x08001d40   0x00000588   Code   RO          749    .text               stm32f2xx_rcc.o
    0x080022c8   0x0000041a   Code   RO          863    .text               stm32f2xx_usart.o
    0x080026e2   0x00000256   Code   RO          894    .text               lib_ascii.o
    0x08002938   0x00000ec4   Code   RO          927    .text               lib_mem.o
    0x080037fc   0x00000928   Code   RO          946    .text               lib_str.o
    0x08004124   0x00000220   Code   RO          963    .text               lib_mem_a.o
    0x08004344   0x000002a8   Code   RO          966    .text               cpu_core.o
    0x080045ec   0x00000034   Code   RO          992    .text               cpu_a.o
    0x08004620   0x0000077c   Code   RO          995    .text               cpu_c.o
    0x08004d9c   0x0000026c   Code   RO         1010    .text               os_cpu_c.o
    0x08005008   0x00000002   Code   RO         1028    .text               os_cfg_app.o
    0x0800500a   0x00000002   PAD
    0x0800500c   0x00000d9c   Code   RO         1051    .text               os_core.o
    0x08005da8   0x000001ac   Code   RO         1063    .text               os_dbg.o
    0x08005f54   0x00000738   Code   RO         1078    .text               os_flag.o
    0x0800668c   0x000001fc   Code   RO         1096    .text               os_mem.o
    0x08006888   0x00000228   Code   RO         1108    .text               os_msg.o
    0x08006ab0   0x000004d8   Code   RO         1120    .text               os_mutex.o
    0x08006f88   0x0000007c   Code   RO         1144    .text               os_prio.o
    0x08007004   0x000006d8   Code   RO         1163    .text               os_q.o
    0x080076dc   0x000005b4   Code   RO         1175    .text               os_sem.o
    0x08007c90   0x000005a8   Code   RO         1187    .text               os_stat.o
    0x08008238   0x000012a8   Code   RO         1199    .text               os_task.o
    0x080094e0   0x00000484   Code   RO         1211    .text               os_tick.o
    0x08009964   0x0000030c   Code   RO         1223    .text               os_time.o
    0x08009c70   0x00000740   Code   RO         1235    .text               os_tmr.o
    0x0800a3b0   0x00000f68   Code   RO         1261    .text               l1timer_ucos.o
    0x0800b318   0x000027b0   Code   RO         1288    .text               vmucoslayer.o
    0x0800dac8   0x000001fc   Code   RO         1310    .text               l2adclibra.o
    0x0800dcc4   0x000001c4   Code   RO         1333    .text               l2didocap.o
    0x0800de88   0x000001cc   Code   RO         1356    .text               l2ethorion.o
    0x0800e054   0x000001d4   Code   RO         1379    .text               l2gpiocancer.o
    0x0800e228   0x000001cc   Code   RO         1402    .text               l2i2caries.o
    0x0800e3f4   0x000001cc   Code   RO         1425    .text               l2ledpisces.o
    0x0800e5c0   0x000001cc   Code   RO         1448    .text               l2pwmtaurus.o
    0x0800e78c   0x0000021c   Code   RO         1471    .text               l2spileo.o
    0x0800e9a8   0x000001cc   Code   RO         1494    .text               l2spsvirgo.o
    0x0800eb74   0x00000270   Code   RO         1517    .text               l3scycb.o
    0x0800ede4   0x00000008   Code   RO         1549    .text               c_w.l(rt_errno_addr_intlibspace.o)
    0x0800edec   0x00000024   Code   RO         1551    .text               c_w.l(c89vsprintf.o)
    0x0800ee10   0x00000034   Code   RO         1553    .text               c_w.l(c89vsnprintf.o)
    0x0800ee44   0x00000018   Code   RO         1555    .text               c_w.l(__2printf.o)
    0x0800ee5c   0x0000002c   Code   RO         1557    .text               c_w.l(__2sprintf.o)
    0x0800ee88   0x00000052   Code   RO         1565    .text               c_w.l(_printf_str.o)
    0x0800eeda   0x00000002   PAD
    0x0800eedc   0x00000188   Code   RO         1584    .text               c_w.l(__printf_flags_ss_wp.o)
    0x0800f064   0x0000003c   Code   RO         1590    .text               c_w.l(rand.o)
    0x0800f0a0   0x00000108   Code   RO         1594    .text               c_w.l(strerror.o)
    0x0800f1a8   0x00000048   Code   RO         1596    .text               c_w.l(strcpy.o)
    0x0800f1f0   0x0000003e   Code   RO         1598    .text               c_w.l(strlen.o)
    0x0800f22e   0x00000018   Code   RO         1600    .text               c_w.l(strcat.o)
    0x0800f246   0x0000008a   Code   RO         1602    .text               c_w.l(rt_memcpy_v6.o)
    0x0800f2d0   0x00000064   Code   RO         1604    .text               c_w.l(rt_memcpy_w.o)
    0x0800f334   0x00000044   Code   RO         1606    .text               c_w.l(rt_memclr.o)
    0x0800f378   0x0000004e   Code   RO         1608    .text               c_w.l(rt_memclr_w.o)
    0x0800f3c6   0x00000056   Code   RO         1610    .text               c_w.l(strncpy.o)
    0x0800f41c   0x0000000c   Code   RO         1612    .text               c_w.l(localtime.o)
    0x0800f428   0x00000006   Code   RO         1615    .text               c_w.l(heapauxi.o)
    0x0800f42e   0x00000002   PAD
    0x0800f430   0x00000008   Code   RO         1619    .text               c_w.l(libspace.o)
    0x0800f438   0x0000004e   Code   RO         1623    .text               c_w.l(_printf_pad.o)
    0x0800f486   0x00000024   Code   RO         1625    .text               c_w.l(_printf_truncate.o)
    0x0800f4aa   0x00000002   PAD
    0x0800f4ac   0x00000078   Code   RO         1627    .text               c_w.l(_printf_dec.o)
    0x0800f524   0x00000028   Code   RO         1629    .text               c_w.l(_printf_charcount.o)
    0x0800f54c   0x00000030   Code   RO         1631    .text               c_w.l(_printf_char_common.o)
    0x0800f57c   0x0000000a   Code   RO         1633    .text               c_w.l(_sputc.o)
    0x0800f586   0x00000010   Code   RO         1635    .text               c_w.l(_snputc.o)
    0x0800f596   0x0000002c   Code   RO         1637    .text               c_w.l(_printf_char.o)
    0x0800f5c2   0x00000002   PAD
    0x0800f5c4   0x00000024   Code   RO         1639    .text               c_w.l(_printf_char_file.o)
    0x0800f5e8   0x000000bc   Code   RO         1641    .text               c_w.l(_printf_wctomb.o)
    0x0800f6a4   0x0000007c   Code   RO         1644    .text               c_w.l(_printf_longlong_dec.o)
    0x0800f720   0x00000070   Code   RO         1650    .text               c_w.l(_printf_oct_int_ll.o)
    0x0800f790   0x00000094   Code   RO         1670    .text               c_w.l(_printf_hex_int_ll_ptr.o)
    0x0800f824   0x000000b8   Code   RO         1701    .text               c_w.l(localtime_internal.o)
    0x0800f8dc   0x0000008a   Code   RO         1765    .text               c_w.l(lludiv10.o)
    0x0800f966   0x000000b2   Code   RO         1767    .text               c_w.l(_printf_intcommon.o)
    0x0800fa18   0x0000041a   Code   RO         1769    .text               c_w.l(_printf_fp_dec.o)
    0x0800fe32   0x0000002c   Code   RO         1773    .text               c_w.l(_printf_wchar.o)
    0x0800fe5e   0x00000008   Code   RO         1775    .text               c_w.l(ferror.o)
    0x0800fe66   0x00000002   PAD
    0x0800fe68   0x00000138   Code   RO         1781    .text               c_w.l(initio.o)
    0x0800ffa0   0x00000040   Code   RO         1789    .text               c_w.l(_wcrtomb.o)
    0x0800ffe0   0x00000066   Code   RO         1796    .text               c_w.l(sys_io.o)
    0x08010046   0x0000004a   Code   RO         1803    .text               c_w.l(sys_stackheap_outer.o)
    0x08010090   0x00000010   Code   RO         1805    .text               c_w.l(rt_ctype_table.o)
    0x080100a0   0x00000008   Code   RO         1810    .text               c_w.l(rt_locale_intlibspace.o)
    0x080100a8   0x0000004e   Code   RO         1814    .text               c_w.l(h1_free.o)
    0x080100f6   0x00000002   PAD
    0x080100f8   0x00000080   Code   RO         1868    .text               c_w.l(_printf_fp_infnan.o)
    0x08010178   0x000000dc   Code   RO         1870    .text               c_w.l(bigflt0.o)
    0x08010254   0x000001d6   Code   RO         1895    .text               c_w.l(flsbuf.o)
    0x0801042a   0x00000046   Code   RO         1897    .text               c_w.l(setvbuf.o)
    0x08010470   0x000000ec   Code   RO         1900    .text               c_w.l(fopen.o)
    0x0801055c   0x0000004c   Code   RO         1902    .text               c_w.l(fclose.o)
    0x080105a8   0x00000012   Code   RO         1911    .text               c_w.l(exit.o)
    0x080105ba   0x0000000e   Code   RO         1913    .text               c_w.l(defsig_rtred_outer.o)
    0x080105c8   0x00000002   Code   RO         1952    .text               c_w.l(use_no_semi.o)
    0x080105ca   0x00000000   Code   RO         1954    .text               c_w.l(indicate_semi.o)
    0x080105ca   0x00000002   PAD
    0x080105cc   0x00000008   Code   RO         1962    .text               c_w.l(rt_heap_descriptor_intlibspace.o)
    0x080105d4   0x00000004   Code   RO         1964    .text               c_w.l(hguard.o)
    0x080105d8   0x0000008a   Code   RO         1968    .text               c_w.l(init_alloc.o)
    0x08010662   0x0000005e   Code   RO         1974    .text               c_w.l(h1_alloc.o)
    0x080106c0   0x000000f8   Code   RO         1990    .text               c_w.l(fseek.o)
    0x080107b8   0x000000f0   Code   RO         1992    .text               c_w.l(stdio.o)
    0x080108a8   0x0000000a   Code   RO         2001    .text               c_w.l(defsig_exit.o)
    0x080108b2   0x00000002   PAD
    0x080108b4   0x00000034   Code   RO         2003    .text               c_w.l(defsig_rtred_inner.o)
    0x080108e8   0x0000000e   Code   RO         2005    .text               c_w.l(defsig_rtmem_outer.o)
    0x080108f6   0x00000002   PAD
    0x080108f8   0x00000080   Code   RO         2011    .text               c_w.l(strcmpv7m.o)
    0x08010978   0x0000000c   Code   RO         2013    .text               c_w.l(sys_exit.o)
    0x08010984   0x0000000e   Code   RO         2024    .text               c_w.l(h1_init.o)
    0x08010992   0x00000034   Code   RO         2026    .text               c_w.l(h1_extend.o)
    0x080109c6   0x00000042   Code   RO         2036    .text               c_w.l(ftell.o)
    0x08010a08   0x00000032   Code   RO         2044    .text               c_w.l(defsig_general.o)
    0x08010a3a   0x00000002   PAD
    0x08010a3c   0x00000050   Code   RO         2046    .text               c_w.l(defsig_rtmem_inner.o)
    0x08010a8c   0x0000000e   Code   RO         2053    .text               c_w.l(sys_wrch.o)
    0x08010a9a   0x0000003e   Code   RO         1873    CL$$btod_d2e        c_w.l(btod.o)
    0x08010ad8   0x00000046   Code   RO         1875    CL$$btod_d2e_denorm_low  c_w.l(btod.o)
    0x08010b1e   0x00000060   Code   RO         1874    CL$$btod_d2e_norm_op1  c_w.l(btod.o)
    0x08010b7e   0x00000338   Code   RO         1883    CL$$btod_div_common  c_w.l(btod.o)
    0x08010eb6   0x000000c6   Code   RO         1880    CL$$btod_e2e        c_w.l(btod.o)
    0x08010f7c   0x00000028   Code   RO         1877    CL$$btod_ediv       c_w.l(btod.o)
    0x08010fa4   0x00000028   Code   RO         1876    CL$$btod_emul       c_w.l(btod.o)
    0x08010fcc   0x00000244   Code   RO         1882    CL$$btod_mult_common  c_w.l(btod.o)
    0x08011210   0x00000084   Code   RO         1007    CODE                os_cpu_a.o
    0x08011294   0x00000028   Code   RO         1948    i.__ARM_fpclassify  m_ws.l(fpclassify.o)
    0x080112bc   0x0000000e   Code   RO         1577    i._is_digit         c_w.l(__printf_wp.o)
    0x080112ca   0x0000001a   Code   RO         1778    i.fputc             c_w.l(fputc.o)
    0x080112e4   0x0000002c   Code   RO         1909    locale$$code        c_w.l(lc_numeric_c.o)
    0x08011310   0x0000002c   Code   RO         1999    locale$$code        c_w.l(lc_ctype_c.o)
    0x0801133c   0x00000004   Code   RO         1748    x$fpl$printf1       fz_ws.l(printf1.o)
    0x08011340   0x00000000   Code   RO         1947    x$fpl$usenofp       fz_ws.l(usenofp.o)
    0x08011340   0x00000018   Data   RO          261    .constdata          bsp.o
    0x08011358   0x00000094   Data   RO          947    .constdata          lib_str.o
    0x080113ec   0x00000100   Data   RO          968    .constdata          cpu_core.o
    0x080114ec   0x000000a4   Data   RO         1030    .constdata          os_cfg_app.o
    0x08011590   0x0000016c   Data   RO         1064    .constdata          os_dbg.o
    0x080116fc   0x00000020   Data   RO         1290    .constdata          vmucoslayer.o
    0x0801171c   0x00000011   Data   RO         1585    .constdata          c_w.l(__printf_flags_ss_wp.o)
    0x0801172d   0x00000003   PAD
    0x08011730   0x00000008   Data   RO         1642    .constdata          c_w.l(_printf_wctomb.o)
    0x08011738   0x00000028   Data   RO         1671    .constdata          c_w.l(_printf_hex_int_ll_ptr.o)
    0x08011760   0x0000000c   Data   RO         1791    .constdata          c_w.l(_monlen.o)
    0x0801176c   0x00000004   Data   RO         1797    .constdata          c_w.l(sys_io.o)
    0x08011770   0x00000004   Data   RO         1798    .constdata          c_w.l(sys_io.o)
    0x08011774   0x00000004   Data   RO         1799    .constdata          c_w.l(sys_io.o)
    0x08011778   0x00000094   Data   RO         1871    .constdata          c_w.l(bigflt0.o)
    0x0801180c   0x00000085   Data   RO         1263    .conststring        l1timer_ucos.o
    0x08011891   0x00000003   PAD
    0x08011894   0x000006ec   Data   RO         1291    .conststring        vmucoslayer.o
    0x08011f80   0x0000008c   Data   RO         1311    .conststring        l2adclibra.o
    0x0801200c   0x0000008b   Data   RO         1334    .conststring        l2didocap.o
    0x08012097   0x00000001   PAD
    0x08012098   0x0000008c   Data   RO         1357    .conststring        l2ethorion.o
    0x08012124   0x00000092   Data   RO         1380    .conststring        l2gpiocancer.o
    0x080121b6   0x00000002   PAD
    0x080121b8   0x0000008c   Data   RO         1403    .conststring        l2i2caries.o
    0x08012244   0x00000091   Data   RO         1426    .conststring        l2ledpisces.o
    0x080122d5   0x00000003   PAD
    0x080122d8   0x00000091   Data   RO         1449    .conststring        l2pwmtaurus.o
    0x08012369   0x00000003   PAD
    0x0801236c   0x00000086   Data   RO         1472    .conststring        l2spileo.o
    0x080123f2   0x00000002   PAD
    0x080123f4   0x0000008c   Data   RO         1495    .conststring        l2spsvirgo.o
    0x08012480   0x00000085   Data   RO         1518    .conststring        l3scycb.o
    0x08012505   0x00000003   PAD
    0x08012508   0x00000020   Data   RO         2080    Region$$Table       anon$$obj.o
    0x08012528   0x0000001c   Data   RO         1908    locale$$data        c_w.l(lc_numeric_c.o)
    0x08012544   0x00000110   Data   RO         1998    locale$$data        c_w.l(lc_ctype_c.o)


    Execution Region RW_IRAM1 (Base: 0x20000000, Size: 0x0000ebd8, Max: 0x00020000, ABSOLUTE, COMPRESSED[0x000001b0])

    Base Addr    Size         Type   Attr      Idx    E Section Name        Object

    0x20000000   0x00000010   Data   RW          262    .data               bsp.o
    0x20000010   0x00000001   Data   RW          344    .data               bsp_ser.o
    0x20000011   0x00000010   Data   RW          750    .data               stm32f2xx_rcc.o
    0x20000021   0x00000003   PAD
    0x20000024   0x00000004   Data   RW          929    .data               lib_mem.o
    0x20000028   0x00000004   Data   RW          969    .data               cpu_core.o
    0x2000002c   0x00000004   Data   RW         1011    .data               os_cpu_c.o
    0x20000030   0x00000004   Data   RW         1145    .data               os_prio.o
    0x20000034   0x000000b4   Data   RW         1248    .data               os_var.o
    0x200000e8   0x00000040   Data   RW         1264    .data               l1timer_ucos.o
    0x20000128   0x000000c4   Data   RW         1292    .data               vmucoslayer.o
    0x200001ec   0x00000038   Data   RW         1312    .data               l2adclibra.o
    0x20000224   0x00000030   Data   RW         1335    .data               l2didocap.o
    0x20000254   0x00000030   Data   RW         1358    .data               l2ethorion.o
    0x20000284   0x00000030   Data   RW         1381    .data               l2gpiocancer.o
    0x200002b4   0x00000030   Data   RW         1404    .data               l2i2caries.o
    0x200002e4   0x00000030   Data   RW         1427    .data               l2ledpisces.o
    0x20000314   0x00000030   Data   RW         1450    .data               l2pwmtaurus.o
    0x20000344   0x00000040   Data   RW         1473    .data               l2spileo.o
    0x20000384   0x00000030   Data   RW         1496    .data               l2spsvirgo.o
    0x200003b4   0x00000050   Data   RW         1519    .data               l3scycb.o
    0x20000404   0x00000004   Data   RW         1698    .data               c_w.l(stdio_streams.o)
    0x20000408   0x00000004   Data   RW         1699    .data               c_w.l(stdio_streams.o)
    0x2000040c   0x00000004   Data   RW         1700    .data               c_w.l(stdio_streams.o)
    0x20000410   0x000002c4   Zero   RW            3    .bss                app.o
    0x200006d4   0x00000144   Zero   RW          284    .bss                bsp_int.o
    0x20000818   0x00000078   Zero   RW          343    .bss                bsp_ser.o
    0x20000890   0x00002448   Zero   RW          928    .bss                lib_mem.o
    0x20002cd8   0x00000010   Zero   RW          967    .bss                cpu_core.o
    0x20002ce8   0x00001020   Zero   RW         1029    .bss                os_cfg_app.o
    0x20003d08   0x000003ac   Zero   RW         1247    .bss                os_var.o
    0x200040b4   0x00000174   Zero   RW         1262    .bss                l1timer_ucos.o
    0x20004228   0x0000a140   Zero   RW         1289    .bss                vmucoslayer.o
    0x2000e368   0x000000e4   Zero   RW         1591    .bss                c_w.l(rand.o)
    0x2000e44c   0x0000002c   Zero   RW         1613    .bss                c_w.l(localtime.o)
    0x2000e478   0x00000060   Zero   RW         1620    .bss                c_w.l(libspace.o)
    0x2000e4d8   0x00000054   Zero   RW         1695    .bss                c_w.l(stdio_streams.o)
    0x2000e52c   0x00000054   Zero   RW         1696    .bss                c_w.l(stdio_streams.o)
    0x2000e580   0x00000054   Zero   RW         1697    .bss                c_w.l(stdio_streams.o)
    0x2000e5d4   0x00000004   PAD
    0x2000e5d8   0x00000200   Zero   RW          390    HEAP                cstartup.o
    0x2000e7d8   0x00000400   Zero   RW          389    STACK               cstartup.o


==============================================================================

Image component sizes


      Code (inc. data)   RO Data    RW Data    ZI Data      Debug   Object Name

       256        100          0          0        708     288467   app.o
      2184         78         24         16          0       4062   bsp.o
      1052          8          0          0        324      13598   bsp_int.o
       184          4          0          0          0       2326   bsp_os.o
       760         72          0          1        120       3768   bsp_ser.o
        52          0          0          0          0        364   cpu_a.o
      1916        102          0          0          0       3541   cpu_c.o
       680         14        256          4         16      14436   cpu_core.o
        52         24        388          0       1536        688   cstartup.o
      3944       1100        133         64        372      10995   l1timer_ucos.o
       508        186        140         56          0       6479   l2adclibra.o
       452        176        139         48          0       6033   l2didocap.o
       460        184        140         48          0       6054   l2ethorion.o
       468        192        146         48          0       6088   l2gpiocancer.o
       460        184        140         48          0       6054   l2i2caries.o
       460        184        145         48          0       6067   l2ledpisces.o
       460        184        145         48          0       6067   l2pwmtaurus.o
       540        172        134         64          0       6871   l2spileo.o
       460        184        140         48          0       6054   l2spsvirgo.o
       624        164        133         80          0       7715   l3scycb.o
       598          0          0          0          0       3904   lib_ascii.o
      3780         62          0          4       9288      25092   lib_mem.o
       544          0          0          0          0        512   lib_mem_a.o
      2344          4        148          0          0      13866   lib_str.o
         2          0        164          0       4128      19698   os_cfg_app.o
      3484        272          0          0          0      12311   os_core.o
       132         32          0          0          0        408   os_cpu_a.o
       620         66          0          4          0       3901   os_cpu_c.o
       428        280        364          0          0       4845   os_dbg.o
      1848         68          0          0          0       5937   os_flag.o
       508         16          0          0          0       2800   os_mem.o
       552         14          0          0          0       2714   os_msg.o
      1240         62          0          0          0       3598   os_mutex.o
       124          4          0          4          0       1816   os_prio.o
      1752         58          0          0          0       6216   os_q.o
      1460         56          0          0          0       5427   os_sem.o
      1448        150          0          0          0       2833   os_stat.o
      4776        192          0          0          0      12929   os_task.o
      1156         74          0          0          0       3293   os_tick.o
       780         44          0          0          0       2741   os_time.o
      1856        132          0          0          0       6257   os_tmr.o
         0          0          0        180        940      18173   os_var.o
      1544         14          0          0          0       5403   stm32f2xx_fsmc.o
       604         36          0          0          0       3989   stm32f2xx_gpio.o
      1416         48          0         16          0      10999   stm32f2xx_rcc.o
      1050         26          0          0          0       7728   stm32f2xx_usart.o
     10160       3092       1804        196      41280      17490   vmucoslayer.o

    ----------------------------------------------------------------------
     60180       8114       4732       1028      58712     610607   Object Totals
         0          0         32          0          0          0   (incl. Generated)
         2          0         17          3          0          0   (incl. Padding)

    ----------------------------------------------------------------------

      Code (inc. data)   RO Data    RW Data    ZI Data      Debug   Library Member Name

        24          4          0          0          0         84   __2printf.o
        44          6          0          0          0         84   __2sprintf.o
        90          0          0          0          0          0   __dczerorl2.o
         8          0          0          0          0         68   __main.o
       392          4         17          0          0         92   __printf_flags_ss_wp.o
        14          0          0          0          0         68   __printf_wp.o
         0          0          0          0          0          0   __rtentry.o
        12          0          0          0          0          0   __rtentry2.o
         6          0          0          0          0          0   __rtentry4.o
        52          8          0          0          0          0   __scatter.o
        28          0          0          0          0          0   __scatter_zi.o
         0          0         12          0          0          0   _monlen.o
         6          0          0          0          0          0   _printf_a.o
         6          0          0          0          0          0   _printf_c.o
        44          0          0          0          0        108   _printf_char.o
        48          6          0          0          0         96   _printf_char_common.o
        36          4          0          0          0         80   _printf_char_file.o
        40          0          0          0          0         68   _printf_charcount.o
         6          0          0          0          0          0   _printf_d.o
       120         16          0          0          0         92   _printf_dec.o
         6          0          0          0          0          0   _printf_e.o
         6          0          0          0          0          0   _printf_f.o
      1050          0          0          0          0        216   _printf_fp_dec.o
       128         16          0          0          0         84   _printf_fp_infnan.o
         6          0          0          0          0          0   _printf_g.o
       148          4         40          0          0        160   _printf_hex_int_ll_ptr.o
         6          0          0          0          0          0   _printf_i.o
       178          0          0          0          0         88   _printf_intcommon.o
        10          0          0          0          0          0   _printf_l.o
         6          0          0          0          0          0   _printf_lc.o
        10          0          0          0          0          0   _printf_ll.o
         6          0          0          0          0          0   _printf_lld.o
         6          0          0          0          0          0   _printf_lli.o
         6          0          0          0          0          0   _printf_llo.o
         6          0          0          0          0          0   _printf_llu.o
         6          0          0          0          0          0   _printf_llx.o
       124         16          0          0          0         92   _printf_longlong_dec.o
         6          0          0          0          0          0   _printf_ls.o
         6          0          0          0          0          0   _printf_n.o
         6          0          0          0          0          0   _printf_o.o
       112          8          0          0          0        124   _printf_oct_int_ll.o
         6          0          0          0          0          0   _printf_p.o
        78          0          0          0          0        108   _printf_pad.o
         0          0          0          0          0          0   _printf_percent.o
         4          0          0          0          0          0   _printf_percent_end.o
         6          0          0          0          0          0   _printf_s.o
        82          0          0          0          0         80   _printf_str.o
        36          0          0          0          0         84   _printf_truncate.o
         6          0          0          0          0          0   _printf_u.o
        44          0          0          0          0        108   _printf_wchar.o
       188          6          8          0          0         92   _printf_wctomb.o
         6          0          0          0          0          0   _printf_x.o
        16          0          0          0          0         68   _snputc.o
        10          0          0          0          0         68   _sputc.o
        64          0          0          0          0         92   _wcrtomb.o
       220          4        148          0          0         96   bigflt0.o
      1910        128          0          0          0        672   btod.o
        52          4          0          0          0         80   c89vsnprintf.o
        36          4          0          0          0         76   c89vsprintf.o
        10          0          0          0          0         68   defsig_exit.o
        50          0          0          0          0         88   defsig_general.o
        80         58          0          0          0         76   defsig_rtmem_inner.o
        14          0          0          0          0         80   defsig_rtmem_outer.o
        52         38          0          0          0         76   defsig_rtred_inner.o
        14          0          0          0          0         80   defsig_rtred_outer.o
        18          0          0          0          0         80   exit.o
        76          0          0          0          0         88   fclose.o
         8          0          0          0          0         68   ferror.o
       470          0          0          0          0         88   flsbuf.o
       236          4          0          0          0        128   fopen.o
        26          0          0          0          0         68   fputc.o
       248          6          0          0          0         84   fseek.o
        66          0          0          0          0         76   ftell.o
        94          0          0          0          0         80   h1_alloc.o
        52          0          0          0          0         68   h1_extend.o
        78          0          0          0          0         80   h1_free.o
        14          0          0          0          0         84   h1_init.o
         6          0          0          0          0        152   heapauxi.o
         4          0          0          0          0        136   hguard.o
         0          0          0          0          0          0   indicate_semi.o
       138          0          0          0          0        168   init_alloc.o
       312         46          0          0          0        112   initio.o
        44         10        272          0          0         76   lc_ctype_c.o
        44         10         28          0          0         76   lc_numeric_c.o
         2          0          0          0          0          0   libinit.o
        46          0          0          0          0          0   libinit2.o
         2          0          0          0          0          0   libshutdown.o
         6          0          0          0          0          0   libshutdown2.o
         8          4          0          0         96         68   libspace.o
       138          0          0          0          0         80   lludiv10.o
        12          6          0          0         44         68   localtime.o
       184          6          0          0          0         80   localtime_internal.o
         0          0          0          0          0          0   maybetermalloc1.o
       112         18          0          0        228        160   rand.o
        16          4          0          0          0         76   rt_ctype_table.o
         8          4          0          0          0         68   rt_errno_addr_intlibspace.o
         8          4          0          0          0         68   rt_heap_descriptor_intlibspace.o
         8          4          0          0          0         68   rt_locale_intlibspace.o
        68          0          0          0          0         68   rt_memclr.o
        78          0          0          0          0         80   rt_memclr_w.o
       138          0          0          0          0         68   rt_memcpy_v6.o
       100          0          0          0          0         80   rt_memcpy_w.o
         2          0          0          0          0          0   rtexit.o
        10          0          0          0          0          0   rtexit2.o
        70          0          0          0          0         80   setvbuf.o
       240          6          0          0          0        156   stdio.o
         0          0          0         12        252          0   stdio_streams.o
        24          0          0          0          0         68   strcat.o
       128          0          0          0          0         68   strcmpv7m.o
        72          0          0          0          0         80   strcpy.o
       264        228          0          0          0         68   strerror.o
        62          0          0          0          0         76   strlen.o
        86          0          0          0          0         76   strncpy.o
        12          4          0          0          0         68   sys_exit.o
       102          0         12          0          0        240   sys_io.o
        74          0          0          0          0         80   sys_stackheap_outer.o
        14          0          0          0          0         76   sys_wrch.o
         2          0          0          0          0         68   use_no_semi.o
         4          0          0          0          0         68   printf1.o
         0          0          0          0          0          0   usenofp.o
        40          0          0          0          0         68   fpclassify.o

    ----------------------------------------------------------------------
      9896        698        540         12        624       7780   Library Totals
        24          0          3          0          4          0   (incl. Padding)

    ----------------------------------------------------------------------

      Code (inc. data)   RO Data    RW Data    ZI Data      Debug   Library Name

      9828        698        537         12        620       7644   c_w.l
         4          0          0          0          0         68   fz_ws.l
        40          0          0          0          0         68   m_ws.l

    ----------------------------------------------------------------------
      9896        698        540         12        624       7780   Library Totals

    ----------------------------------------------------------------------

==============================================================================


      Code (inc. data)   RO Data    RW Data    ZI Data      Debug   

     70076       8812       5272       1040      59336     609491   Grand Totals
     70076       8812       5272        432      59336     609491   ELF Image Totals (compressed)
     70076       8812       5272        432          0          0   ROM Totals

==============================================================================

    Total RO  Size (Code + RO Data)                75348 (  73.58kB)
    Total RW  Size (RW Data + ZI Data)             60376 (  58.96kB)
    Total ROM Size (Code + RO Data + RW Data)      75780 (  74.00kB)

==============================================================================

