<html>
<body>
<pre>
<h1>µVision Build Log</h1>
<h2>Tool Versions:</h2>
IDE-Version: ¦ÌVision V5.18.0.0
Copyright (C) 2016 ARM Ltd and ARM Germany GmbH. All rights reserved.
License Information: z MAMA, Microsoft, LIC=JDA30-BZJU5-68CFC-7RXXZ-QM63C-6Q9JT
 
Tool Versions:
Toolchain:       MDK-ARM Professional  Version: 5.18
Toolchain Path:  C:\Keil_v5\ARM\ARMCC\Bin
C Compiler:      Armcc.exe V5.06 update 1 (build 61)
Assembler:       Armasm.exe V5.06 update 1 (build 61)
Linker/Locator:  ArmLink.exe V5.06 update 1 (build 61)
Library Manager: ArmAr.exe V5.06 update 1 (build 61)
Hex Converter:   FromElf.exe V5.06 update 1 (build 61)
CPU DLL:         SARMCM3.DLL V5.18
Dialog DLL:      DCM.DLL V1.13.6.0
Target DLL:      STLink\ST-LINKIII-KEIL_SWO.dll V2.0.18.0
Dialog DLL:      TCM.DLL V1.14.8.0
 
<h2>Project:</h2>
D:\IHUSRC\ihu\PrjIapStm32F2x\MDK-ARM\PrjIapStm32F2x.uvprojx
Project File Date:  06/22/2017

<h2>Output:</h2>
*** Using Compiler 'V5.06 update 1 (build 61)', folder: 'C:\Keil_v5\ARM\ARMCC\Bin'
Build Project 'PrjIapStm32F2x' - Target 'PrjIapStm32F2x'
compiling l2canvela.c...
D:\IHUSRC\ihu\SrcBxxh\l2framefreeos\l2canvela.c(1110): warning:  #177-D: variable "pFrameHeader" was declared but never referenced
  	IHU_HUITP_L2FRAME_STD_frame_header_t *pFrameHeader = NULL;
D:\IHUSRC\ihu\SrcBxxh\l2framefreeos\l2canvela.c(1142): warning:  #177-D: variable "pFrameHeader" was declared but never referenced
  	IHU_HUITP_L2FRAME_STD_frame_header_t *pFrameHeader = NULL;
D:\IHUSRC\ihu\SrcBxxh\l2framefreeos\l2canvela.c(1308): warning:  #111-D: statement is unreachable
  	return ret;
..\..\SrcBxxh\l2framefreeos\l2canvela.c: 3 warnings, 0 errors
linking...
Program Size: Code=43664 RO-data=2816 RW-data=3856 ZI-data=96048  
"PrjIapStm32F2x\PrjIapStm32F2x.axf" - 0 Error(s), 3 Warning(s).

<h2>Software Packages used:</h2>

Package Vendor: ARM
                http://www.keil.com/pack/ARM.CMSIS.5.0.0-Beta4.pack
                ARM::CMSIS:CORE:5.0.0
                CMSIS (Cortex Microcontroller Software Interface Standard)
   * Component: CORE Version: 5.0.0

<h2>Collection of Component include folders:</h2>
  D:\IHUSRC\ihu\PrjIapStm32F2x\MDK-ARM\RTE
  C:\Keil_v5\ARM\PACK\ARM\CMSIS\5.0.0-Beta4\CMSIS\Include
  C:\Keil_v5\ARM\PACK\Keil\STM32F2xx_DFP\2.6.0\Drivers\CMSIS\Device\ST\STM32F2xx\Include

<h2>Collection of Component Files used:</h2>

   * Component: ARM::CMSIS:CORE:5.0.0
Build Time Elapsed:  00:00:11
</pre>
</body>
</html>
