<!doctype html public "-//w3c//dtd html 4.0 transitional//en">
<html><head>
<title>Static Call Graph - [PrjIapStm32F2x\PrjIapStm32F2x.axf]</title></head>
<body><HR>
<H1>Static Call Graph for image PrjIapStm32F2x\PrjIapStm32F2x.axf</H1><HR>
<BR><P>#&#060CALLGRAPH&#062# ARM Linker, 5060061: Last Updated: Mon Jul 03 09:27:42 2017
<BR><P>
<H3>Maximum Stack Usage =       1376 bytes + Unknown(Cycles, Untraceable Function Pointers)</H3><H3>
Call chain for Maximum Stack Depth:</H3>
fsm_canvela_time_out &rArr; func_canvela_time_out_period_scan &rArr; ihu_message_send &rArr; ihu_msgid_to_string &rArr; IhuErrorPrintFo &rArr; xQueueTakeMutexRecursive &rArr; xQueueGenericReceive &rArr; xTaskResumeAll &rArr; xTaskIncrementTick
<P>
<H3>
Mutually Recursive functions
</H3> <LI><a href="#[43]">ADC_IRQHandler</a>&nbsp;&nbsp;&nbsp;&rArr;&nbsp;&nbsp;&nbsp;<a href="#[43]">ADC_IRQHandler</a><BR>
 <LI><a href="#[2b]">BusFault_Handler</a>&nbsp;&nbsp;&nbsp;&rArr;&nbsp;&nbsp;&nbsp;<a href="#[2b]">BusFault_Handler</a><BR>
 <LI><a href="#[29]">HardFault_Handler</a>&nbsp;&nbsp;&nbsp;&rArr;&nbsp;&nbsp;&nbsp;<a href="#[29]">HardFault_Handler</a><BR>
 <LI><a href="#[2a]">MemManage_Handler</a>&nbsp;&nbsp;&nbsp;&rArr;&nbsp;&nbsp;&nbsp;<a href="#[2a]">MemManage_Handler</a><BR>
 <LI><a href="#[8e]">StartDefaultTask</a>&nbsp;&nbsp;&nbsp;&rArr;&nbsp;&nbsp;&nbsp;<a href="#[8e]">StartDefaultTask</a><BR>
 <LI><a href="#[8f]">StartTask02</a>&nbsp;&nbsp;&nbsp;&rArr;&nbsp;&nbsp;&nbsp;<a href="#[8f]">StartTask02</a><BR>
 <LI><a href="#[2c]">UsageFault_Handler</a>&nbsp;&nbsp;&nbsp;&rArr;&nbsp;&nbsp;&nbsp;<a href="#[2c]">UsageFault_Handler</a><BR>
 <LI><a href="#[a8]">Error_Handler</a>&nbsp;&nbsp;&nbsp;&rArr;&nbsp;&nbsp;&nbsp;<a href="#[a8]">Error_Handler</a><BR>
</UL>
<P>
<H3>
Function Pointers
</H3><UL>
 <LI><a href="#[43]">ADC_IRQHandler</a> from startup_stm32f207xx.o(.text) referenced from startup_stm32f207xx.o(RESET)
 <LI><a href="#[2b]">BusFault_Handler</a> from stm32f2xx_it.o(i.BusFault_Handler) referenced from startup_stm32f207xx.o(RESET)
 <LI><a href="#[45]">CAN1_RX0_IRQHandler</a> from stm32f2xx_it.o(i.CAN1_RX0_IRQHandler) referenced from startup_stm32f207xx.o(RESET)
 <LI><a href="#[46]">CAN1_RX1_IRQHandler</a> from stm32f2xx_it.o(i.CAN1_RX1_IRQHandler) referenced from startup_stm32f207xx.o(RESET)
 <LI><a href="#[47]">CAN1_SCE_IRQHandler</a> from startup_stm32f207xx.o(.text) referenced from startup_stm32f207xx.o(RESET)
 <LI><a href="#[44]">CAN1_TX_IRQHandler</a> from startup_stm32f207xx.o(.text) referenced from startup_stm32f207xx.o(RESET)
 <LI><a href="#[71]">CAN2_RX0_IRQHandler</a> from startup_stm32f207xx.o(.text) referenced from startup_stm32f207xx.o(RESET)
 <LI><a href="#[72]">CAN2_RX1_IRQHandler</a> from startup_stm32f207xx.o(.text) referenced from startup_stm32f207xx.o(RESET)
 <LI><a href="#[73]">CAN2_SCE_IRQHandler</a> from startup_stm32f207xx.o(.text) referenced from startup_stm32f207xx.o(RESET)
 <LI><a href="#[70]">CAN2_TX_IRQHandler</a> from startup_stm32f207xx.o(.text) referenced from startup_stm32f207xx.o(RESET)
 <LI><a href="#[8d]">Callback01</a> from freertos.o(i.Callback01) referenced from freertos.o(.constdata)
 <LI><a href="#[7f]">DCMI_IRQHandler</a> from startup_stm32f207xx.o(.text) referenced from startup_stm32f207xx.o(RESET)
 <LI><a href="#[3c]">DMA1_Stream0_IRQHandler</a> from startup_stm32f207xx.o(.text) referenced from startup_stm32f207xx.o(RESET)
 <LI><a href="#[3d]">DMA1_Stream1_IRQHandler</a> from startup_stm32f207xx.o(.text) referenced from startup_stm32f207xx.o(RESET)
 <LI><a href="#[3e]">DMA1_Stream2_IRQHandler</a> from startup_stm32f207xx.o(.text) referenced from startup_stm32f207xx.o(RESET)
 <LI><a href="#[3f]">DMA1_Stream3_IRQHandler</a> from startup_stm32f207xx.o(.text) referenced from startup_stm32f207xx.o(RESET)
 <LI><a href="#[40]">DMA1_Stream4_IRQHandler</a> from startup_stm32f207xx.o(.text) referenced from startup_stm32f207xx.o(RESET)
 <LI><a href="#[41]">DMA1_Stream5_IRQHandler</a> from startup_stm32f207xx.o(.text) referenced from startup_stm32f207xx.o(RESET)
 <LI><a href="#[42]">DMA1_Stream6_IRQHandler</a> from startup_stm32f207xx.o(.text) referenced from startup_stm32f207xx.o(RESET)
 <LI><a href="#[60]">DMA1_Stream7_IRQHandler</a> from startup_stm32f207xx.o(.text) referenced from startup_stm32f207xx.o(RESET)
 <LI><a href="#[69]">DMA2_Stream0_IRQHandler</a> from startup_stm32f207xx.o(.text) referenced from startup_stm32f207xx.o(RESET)
 <LI><a href="#[6a]">DMA2_Stream1_IRQHandler</a> from startup_stm32f207xx.o(.text) referenced from startup_stm32f207xx.o(RESET)
 <LI><a href="#[6b]">DMA2_Stream2_IRQHandler</a> from startup_stm32f207xx.o(.text) referenced from startup_stm32f207xx.o(RESET)
 <LI><a href="#[6c]">DMA2_Stream3_IRQHandler</a> from startup_stm32f207xx.o(.text) referenced from startup_stm32f207xx.o(RESET)
 <LI><a href="#[6d]">DMA2_Stream4_IRQHandler</a> from startup_stm32f207xx.o(.text) referenced from startup_stm32f207xx.o(RESET)
 <LI><a href="#[75]">DMA2_Stream5_IRQHandler</a> from startup_stm32f207xx.o(.text) referenced from startup_stm32f207xx.o(RESET)
 <LI><a href="#[76]">DMA2_Stream6_IRQHandler</a> from startup_stm32f207xx.o(.text) referenced from startup_stm32f207xx.o(RESET)
 <LI><a href="#[77]">DMA2_Stream7_IRQHandler</a> from startup_stm32f207xx.o(.text) referenced from startup_stm32f207xx.o(RESET)
 <LI><a href="#[2e]">DebugMon_Handler</a> from stm32f2xx_it.o(i.DebugMon_Handler) referenced from startup_stm32f207xx.o(RESET)
 <LI><a href="#[6e]">ETH_IRQHandler</a> from startup_stm32f207xx.o(.text) referenced from startup_stm32f207xx.o(RESET)
 <LI><a href="#[6f]">ETH_WKUP_IRQHandler</a> from startup_stm32f207xx.o(.text) referenced from startup_stm32f207xx.o(RESET)
 <LI><a href="#[37]">EXTI0_IRQHandler</a> from startup_stm32f207xx.o(.text) referenced from startup_stm32f207xx.o(RESET)
 <LI><a href="#[59]">EXTI15_10_IRQHandler</a> from startup_stm32f207xx.o(.text) referenced from startup_stm32f207xx.o(RESET)
 <LI><a href="#[38]">EXTI1_IRQHandler</a> from startup_stm32f207xx.o(.text) referenced from startup_stm32f207xx.o(RESET)
 <LI><a href="#[39]">EXTI2_IRQHandler</a> from startup_stm32f207xx.o(.text) referenced from startup_stm32f207xx.o(RESET)
 <LI><a href="#[3a]">EXTI3_IRQHandler</a> from startup_stm32f207xx.o(.text) referenced from startup_stm32f207xx.o(RESET)
 <LI><a href="#[3b]">EXTI4_IRQHandler</a> from startup_stm32f207xx.o(.text) referenced from startup_stm32f207xx.o(RESET)
 <LI><a href="#[48]">EXTI9_5_IRQHandler</a> from startup_stm32f207xx.o(.text) referenced from startup_stm32f207xx.o(RESET)
 <LI><a href="#[35]">FLASH_IRQHandler</a> from startup_stm32f207xx.o(.text) referenced from startup_stm32f207xx.o(RESET)
 <LI><a href="#[61]">FSMC_IRQHandler</a> from startup_stm32f207xx.o(.text) referenced from startup_stm32f207xx.o(RESET)
 <LI><a href="#[89]">FsmProcessingLaunch</a> from vmfreeoslayer.o(i.FsmProcessingLaunch) referenced from vmfreeoslayer.o(i.ihu_task_create_and_run)
 <LI><a href="#[80]">HASH_RNG_IRQHandler</a> from startup_stm32f207xx.o(.text) referenced from startup_stm32f207xx.o(RESET)
 <LI><a href="#[29]">HardFault_Handler</a> from stm32f2xx_it.o(i.HardFault_Handler) referenced from startup_stm32f207xx.o(RESET)
 <LI><a href="#[51]">I2C1_ER_IRQHandler</a> from startup_stm32f207xx.o(.text) referenced from startup_stm32f207xx.o(RESET)
 <LI><a href="#[50]">I2C1_EV_IRQHandler</a> from startup_stm32f207xx.o(.text) referenced from startup_stm32f207xx.o(RESET)
 <LI><a href="#[53]">I2C2_ER_IRQHandler</a> from startup_stm32f207xx.o(.text) referenced from startup_stm32f207xx.o(RESET)
 <LI><a href="#[52]">I2C2_EV_IRQHandler</a> from startup_stm32f207xx.o(.text) referenced from startup_stm32f207xx.o(RESET)
 <LI><a href="#[7a]">I2C3_ER_IRQHandler</a> from startup_stm32f207xx.o(.text) referenced from startup_stm32f207xx.o(RESET)
 <LI><a href="#[79]">I2C3_EV_IRQHandler</a> from startup_stm32f207xx.o(.text) referenced from startup_stm32f207xx.o(RESET)
 <LI><a href="#[2a]">MemManage_Handler</a> from stm32f2xx_it.o(i.MemManage_Handler) referenced from startup_stm32f207xx.o(RESET)
 <LI><a href="#[28]">NMI_Handler</a> from stm32f2xx_it.o(i.NMI_Handler) referenced from startup_stm32f207xx.o(RESET)
 <LI><a href="#[74]">OTG_FS_IRQHandler</a> from startup_stm32f207xx.o(.text) referenced from startup_stm32f207xx.o(RESET)
 <LI><a href="#[5b]">OTG_FS_WKUP_IRQHandler</a> from startup_stm32f207xx.o(.text) referenced from startup_stm32f207xx.o(RESET)
 <LI><a href="#[7c]">OTG_HS_EP1_IN_IRQHandler</a> from startup_stm32f207xx.o(.text) referenced from startup_stm32f207xx.o(RESET)
 <LI><a href="#[7b]">OTG_HS_EP1_OUT_IRQHandler</a> from startup_stm32f207xx.o(.text) referenced from startup_stm32f207xx.o(RESET)
 <LI><a href="#[7e]">OTG_HS_IRQHandler</a> from startup_stm32f207xx.o(.text) referenced from startup_stm32f207xx.o(RESET)
 <LI><a href="#[7d]">OTG_HS_WKUP_IRQHandler</a> from startup_stm32f207xx.o(.text) referenced from startup_stm32f207xx.o(RESET)
 <LI><a href="#[32]">PVD_IRQHandler</a> from startup_stm32f207xx.o(.text) referenced from startup_stm32f207xx.o(RESET)
 <LI><a href="#[2f]">PendSV_Handler</a> from port.o(.emb_text) referenced from startup_stm32f207xx.o(RESET)
 <LI><a href="#[36]">RCC_IRQHandler</a> from startup_stm32f207xx.o(.text) referenced from startup_stm32f207xx.o(RESET)
 <LI><a href="#[5a]">RTC_Alarm_IRQHandler</a> from startup_stm32f207xx.o(.text) referenced from startup_stm32f207xx.o(RESET)
 <LI><a href="#[34]">RTC_WKUP_IRQHandler</a> from startup_stm32f207xx.o(.text) referenced from startup_stm32f207xx.o(RESET)
 <LI><a href="#[27]">Reset_Handler</a> from startup_stm32f207xx.o(.text) referenced from startup_stm32f207xx.o(RESET)
 <LI><a href="#[62]">SDIO_IRQHandler</a> from startup_stm32f207xx.o(.text) referenced from startup_stm32f207xx.o(RESET)
 <LI><a href="#[54]">SPI1_IRQHandler</a> from startup_stm32f207xx.o(.text) referenced from startup_stm32f207xx.o(RESET)
 <LI><a href="#[55]">SPI2_IRQHandler</a> from startup_stm32f207xx.o(.text) referenced from startup_stm32f207xx.o(RESET)
 <LI><a href="#[64]">SPI3_IRQHandler</a> from startup_stm32f207xx.o(.text) referenced from startup_stm32f207xx.o(RESET)
 <LI><a href="#[2d]">SVC_Handler</a> from port.o(.emb_text) referenced from startup_stm32f207xx.o(RESET)
 <LI><a href="#[8e]">StartDefaultTask</a> from freertos.o(i.StartDefaultTask) referenced from freertos.o(.constdata)
 <LI><a href="#[8f]">StartTask02</a> from freertos.o(i.StartTask02) referenced from freertos.o(.constdata)
 <LI><a href="#[30]">SysTick_Handler</a> from stm32f2xx_it.o(i.SysTick_Handler) referenced from startup_stm32f207xx.o(RESET)
 <LI><a href="#[82]">SystemInit</a> from system_stm32f2xx.o(i.SystemInit) referenced from startup_stm32f207xx.o(.text)
 <LI><a href="#[33]">TAMP_STAMP_IRQHandler</a> from startup_stm32f207xx.o(.text) referenced from startup_stm32f207xx.o(RESET)
 <LI><a href="#[49]">TIM1_BRK_TIM9_IRQHandler</a> from startup_stm32f207xx.o(.text) referenced from startup_stm32f207xx.o(RESET)
 <LI><a href="#[4c]">TIM1_CC_IRQHandler</a> from startup_stm32f207xx.o(.text) referenced from startup_stm32f207xx.o(RESET)
 <LI><a href="#[4b]">TIM1_TRG_COM_TIM11_IRQHandler</a> from startup_stm32f207xx.o(.text) referenced from startup_stm32f207xx.o(RESET)
 <LI><a href="#[4a]">TIM1_UP_TIM10_IRQHandler</a> from stm32f2xx_it.o(i.TIM1_UP_TIM10_IRQHandler) referenced from startup_stm32f207xx.o(RESET)
 <LI><a href="#[4d]">TIM2_IRQHandler</a> from startup_stm32f207xx.o(.text) referenced from startup_stm32f207xx.o(RESET)
 <LI><a href="#[4e]">TIM3_IRQHandler</a> from startup_stm32f207xx.o(.text) referenced from startup_stm32f207xx.o(RESET)
 <LI><a href="#[4f]">TIM4_IRQHandler</a> from startup_stm32f207xx.o(.text) referenced from startup_stm32f207xx.o(RESET)
 <LI><a href="#[63]">TIM5_IRQHandler</a> from startup_stm32f207xx.o(.text) referenced from startup_stm32f207xx.o(RESET)
 <LI><a href="#[67]">TIM6_DAC_IRQHandler</a> from startup_stm32f207xx.o(.text) referenced from startup_stm32f207xx.o(RESET)
 <LI><a href="#[68]">TIM7_IRQHandler</a> from startup_stm32f207xx.o(.text) referenced from startup_stm32f207xx.o(RESET)
 <LI><a href="#[5c]">TIM8_BRK_TIM12_IRQHandler</a> from startup_stm32f207xx.o(.text) referenced from startup_stm32f207xx.o(RESET)
 <LI><a href="#[5f]">TIM8_CC_IRQHandler</a> from startup_stm32f207xx.o(.text) referenced from startup_stm32f207xx.o(RESET)
 <LI><a href="#[5e]">TIM8_TRG_COM_TIM14_IRQHandler</a> from startup_stm32f207xx.o(.text) referenced from startup_stm32f207xx.o(RESET)
 <LI><a href="#[5d]">TIM8_UP_TIM13_IRQHandler</a> from startup_stm32f207xx.o(.text) referenced from startup_stm32f207xx.o(RESET)
 <LI><a href="#[65]">UART4_IRQHandler</a> from startup_stm32f207xx.o(.text) referenced from startup_stm32f207xx.o(RESET)
 <LI><a href="#[66]">UART5_IRQHandler</a> from startup_stm32f207xx.o(.text) referenced from startup_stm32f207xx.o(RESET)
 <LI><a href="#[84]">UART_DMAAbortOnError</a> from stm32f2xx_hal_uart.o(i.UART_DMAAbortOnError) referenced from stm32f2xx_hal_uart.o(i.HAL_UART_IRQHandler)
 <LI><a href="#[56]">USART1_IRQHandler</a> from startup_stm32f207xx.o(.text) referenced from startup_stm32f207xx.o(RESET)
 <LI><a href="#[57]">USART2_IRQHandler</a> from stm32f2xx_it.o(i.USART2_IRQHandler) referenced from startup_stm32f207xx.o(RESET)
 <LI><a href="#[58]">USART3_IRQHandler</a> from stm32f2xx_it.o(i.USART3_IRQHandler) referenced from startup_stm32f207xx.o(RESET)
 <LI><a href="#[78]">USART6_IRQHandler</a> from startup_stm32f207xx.o(.text) referenced from startup_stm32f207xx.o(RESET)
 <LI><a href="#[2c]">UsageFault_Handler</a> from stm32f2xx_it.o(i.UsageFault_Handler) referenced from startup_stm32f207xx.o(RESET)
 <LI><a href="#[31]">WWDG_IRQHandler</a> from startup_stm32f207xx.o(.text) referenced from startup_stm32f207xx.o(RESET)
 <LI><a href="#[83]">__main</a> from entry.o(.ARM.Collect$$$$00000000) referenced from startup_stm32f207xx.o(.text)
 <LI><a href="#[86]">_snputc</a> from printfa.o(i._snputc) referenced from printfa.o(i.__0snprintf)
 <LI><a href="#[86]">_snputc</a> from printfa.o(i._snputc) referenced from printfa.o(i.__0vsnprintf)
 <LI><a href="#[87]">_sputc</a> from printfa.o(i._sputc) referenced from printfa.o(i.__0sprintf)
 <LI><a href="#[85]">fputc</a> from fputc.o(i.fputc) referenced from printfa.o(i.__0printf)
 <LI><a href="#[d]">fsm_canvela_init</a> from l2canvela.o(i.fsm_canvela_init) referenced 4 times from l2canvela.o(.data)
 <LI><a href="#[12]">fsm_canvela_l2frame_rcv_handler</a> from l2canvela.o(i.fsm_canvela_l2frame_rcv_handler) referenced 2 times from l2canvela.o(.data)
 <LI><a href="#[13]">fsm_canvela_l3iap_inventory_report</a> from l2canvela.o(i.fsm_canvela_l3iap_inventory_report) referenced 2 times from l2canvela.o(.data)
 <LI><a href="#[14]">fsm_canvela_l3iap_sw_package_report</a> from l2canvela.o(i.fsm_canvela_l3iap_sw_package_report) referenced 2 times from l2canvela.o(.data)
 <LI><a href="#[10]">fsm_canvela_restart</a> from l2canvela.o(i.fsm_canvela_restart) referenced 2 times from l2canvela.o(.data)
 <LI><a href="#[f]">fsm_canvela_stop_rcv</a> from l2canvela.o(i.fsm_canvela_stop_rcv) referenced 2 times from l2canvela.o(.data)
 <LI><a href="#[c]">fsm_canvela_task_entry</a> from l2canvela.o(i.fsm_canvela_task_entry) referenced 2 times from l2canvela.o(.data)
 <LI><a href="#[11]">fsm_canvela_time_out</a> from l2canvela.o(i.fsm_canvela_time_out) referenced 2 times from l2canvela.o(.data)
 <LI><a href="#[3]">fsm_com_do_nothing</a> from vmfreeoslayer.o(i.fsm_com_do_nothing) referenced 36 times from l1timer_freeos.o(.data)
 <LI><a href="#[e]">fsm_com_heart_beat_rcv</a> from vmfreeoslayer.o(i.fsm_com_heart_beat_rcv) referenced 8 times from l2canvela.o(.data)
 <LI><a href="#[23]">fsm_l3iap_init</a> from l3iap.o(i.fsm_l3iap_init) referenced 4 times from l3iap.o(.data)
 <LI><a href="#[25]">fsm_l3iap_restart</a> from l3iap.o(i.fsm_l3iap_restart) referenced 2 times from l3iap.o(.data)
 <LI><a href="#[24]">fsm_l3iap_stop_rcv</a> from l3iap.o(i.fsm_l3iap_stop_rcv) referenced 2 times from l3iap.o(.data)
 <LI><a href="#[22]">fsm_l3iap_task_entry</a> from l3iap.o(i.fsm_l3iap_task_entry) referenced 2 times from l3iap.o(.data)
 <LI><a href="#[26]">fsm_l3iap_time_out</a> from l3iap.o(i.fsm_l3iap_time_out) referenced 2 times from l3iap.o(.data)
 <LI><a href="#[16]">fsm_ledpisces_init</a> from l2ledpisces.o(i.fsm_ledpisces_init) referenced 4 times from l2ledpisces.o(.data)
 <LI><a href="#[18]">fsm_ledpisces_restart</a> from l2ledpisces.o(i.fsm_ledpisces_restart) referenced 4 times from l2ledpisces.o(.data)
 <LI><a href="#[17]">fsm_ledpisces_stop_rcv</a> from l2ledpisces.o(i.fsm_ledpisces_stop_rcv) referenced 4 times from l2ledpisces.o(.data)
 <LI><a href="#[15]">fsm_ledpisces_task_entry</a> from l2ledpisces.o(i.fsm_ledpisces_task_entry) referenced 2 times from l2ledpisces.o(.data)
 <LI><a href="#[19]">fsm_ledpisces_time_out</a> from l2ledpisces.o(i.fsm_ledpisces_time_out) referenced 2 times from l2ledpisces.o(.data)
 <LI><a href="#[1d]">fsm_spsvirgo_init</a> from l2spsvirgo.o(i.fsm_spsvirgo_init) referenced 4 times from l2spsvirgo.o(.data)
 <LI><a href="#[21]">fsm_spsvirgo_l2frame_rcv</a> from l2spsvirgo.o(i.fsm_spsvirgo_l2frame_rcv) referenced 2 times from l2spsvirgo.o(.data)
 <LI><a href="#[1f]">fsm_spsvirgo_restart</a> from l2spsvirgo.o(i.fsm_spsvirgo_restart) referenced 4 times from l2spsvirgo.o(.data)
 <LI><a href="#[1e]">fsm_spsvirgo_stop_rcv</a> from l2spsvirgo.o(i.fsm_spsvirgo_stop_rcv) referenced 4 times from l2spsvirgo.o(.data)
 <LI><a href="#[1c]">fsm_spsvirgo_task_entry</a> from l2spsvirgo.o(i.fsm_spsvirgo_task_entry) referenced 2 times from l2spsvirgo.o(.data)
 <LI><a href="#[20]">fsm_spsvirgo_time_out</a> from l2spsvirgo.o(i.fsm_spsvirgo_time_out) referenced 4 times from l2spsvirgo.o(.data)
 <LI><a href="#[1]">fsm_timer_init</a> from l1timer_freeos.o(i.fsm_timer_init) referenced 2 times from l1timer_freeos.o(.data)
 <LI><a href="#[2]">fsm_timer_restart</a> from l1timer_freeos.o(i.fsm_timer_restart) referenced 4 times from l1timer_freeos.o(.data)
 <LI><a href="#[4]">fsm_timer_stop_rcv</a> from l1timer_freeos.o(i.fsm_timer_stop_rcv) referenced 2 times from l1timer_freeos.o(.data)
 <LI><a href="#[0]">fsm_timer_task_entry</a> from l1timer_freeos.o(i.fsm_timer_task_entry) referenced 2 times from l1timer_freeos.o(.data)
 <LI><a href="#[b]">fsm_vmfo_heart_beat</a> from l1vmfo.o(i.fsm_vmfo_heart_beat) referenced 2 times from l1vmfo.o(.data)
 <LI><a href="#[6]">fsm_vmfo_init</a> from l1vmfo.o(i.fsm_vmfo_init) referenced 2 times from l1vmfo.o(.data)
 <LI><a href="#[a]">fsm_vmfo_init_fb</a> from l1vmfo.o(i.fsm_vmfo_init_fb) referenced 2 times from l1vmfo.o(.data)
 <LI><a href="#[7]">fsm_vmfo_restart</a> from l1vmfo.o(i.fsm_vmfo_restart) referenced 6 times from l1vmfo.o(.data)
 <LI><a href="#[8]">fsm_vmfo_stop_rcv</a> from l1vmfo.o(i.fsm_vmfo_stop_rcv) referenced 4 times from l1vmfo.o(.data)
 <LI><a href="#[5]">fsm_vmfo_task_entry</a> from l1vmfo.o(i.fsm_vmfo_task_entry) referenced 2 times from l1vmfo.o(.data)
 <LI><a href="#[9]">fsm_vmfo_time_out</a> from l1vmfo.o(i.fsm_vmfo_time_out) referenced 2 times from l1vmfo.o(.data)
 <LI><a href="#[88]">func_timer_routine_handler_1s</a> from l1timer_freeos.o(i.func_timer_routine_handler_1s) referenced from l1timer_freeos.o(i.fsm_timer_init)
 <LI><a href="#[1b]">ihu_bsp_stm32_led_f2board_off</a> from bsp_led.o(i.ihu_bsp_stm32_led_f2board_off) referenced 2 times from l2ledpisces.o(.data)
 <LI><a href="#[1a]">ihu_bsp_stm32_led_f2board_on</a> from bsp_led.o(i.ihu_bsp_stm32_led_f2board_on) referenced 2 times from l2ledpisces.o(.data)
 <LI><a href="#[81]">main</a> from main.o(i.main) referenced from entry9a.o(.ARM.Collect$$$$0000000B)
 <LI><a href="#[8b]">prvIdleTask</a> from tasks.o(i.prvIdleTask) referenced from tasks.o(i.vTaskStartScheduler)
 <LI><a href="#[8a]">prvTaskExitError</a> from port.o(i.prvTaskExitError) referenced from port.o(i.pxPortInitialiseStack)
 <LI><a href="#[8c]">prvTimerTask</a> from timers.o(i.prvTimerTask) referenced from timers.o(i.xTimerCreateTimerTask)
</UL>
<P>
<H3>
Global Symbols
</H3>
<P><STRONG><a name="[83]"></a>__main</STRONG> (Thumb, 0 bytes, Stack size unknown bytes, entry.o(.ARM.Collect$$$$00000000))
<BR>[Address Reference Count : 1]<UL><LI> startup_stm32f207xx.o(.text)
</UL>
<P><STRONG><a name="[17d]"></a>_main_stk</STRONG> (Thumb, 0 bytes, Stack size unknown bytes, entry2.o(.ARM.Collect$$$$00000001))

<P><STRONG><a name="[90]"></a>_main_scatterload</STRONG> (Thumb, 0 bytes, Stack size unknown bytes, entry5.o(.ARM.Collect$$$$00000004))
<BR><BR>[Calls]<UL><LI><a href="#[91]">&gt;&gt;</a>&nbsp;&nbsp;&nbsp;__scatterload
</UL>

<P><STRONG><a name="[a2]"></a>__main_after_scatterload</STRONG> (Thumb, 0 bytes, Stack size unknown bytes, entry5.o(.ARM.Collect$$$$00000004))
<BR><BR>[Called By]<UL><LI><a href="#[91]">&gt;&gt;</a>&nbsp;&nbsp;&nbsp;__scatterload
</UL>

<P><STRONG><a name="[17e]"></a>_main_clock</STRONG> (Thumb, 0 bytes, Stack size unknown bytes, entry7b.o(.ARM.Collect$$$$00000008))

<P><STRONG><a name="[17f]"></a>_main_cpp_init</STRONG> (Thumb, 0 bytes, Stack size unknown bytes, entry8b.o(.ARM.Collect$$$$0000000A))

<P><STRONG><a name="[180]"></a>_main_init</STRONG> (Thumb, 0 bytes, Stack size unknown bytes, entry9a.o(.ARM.Collect$$$$0000000B))

<P><STRONG><a name="[181]"></a>__rt_final_cpp</STRONG> (Thumb, 0 bytes, Stack size unknown bytes, entry10a.o(.ARM.Collect$$$$0000000D))

<P><STRONG><a name="[182]"></a>__rt_final_exit</STRONG> (Thumb, 0 bytes, Stack size unknown bytes, entry11a.o(.ARM.Collect$$$$0000000F))

<P><STRONG><a name="[2d]"></a>SVC_Handler</STRONG> (Thumb, 32 bytes, Stack size 0 bytes, port.o(.emb_text))
<BR>[Address Reference Count : 1]<UL><LI> startup_stm32f207xx.o(RESET)
</UL>
<P><STRONG><a name="[172]"></a>__asm___6_port_c_39a90d8d__prvStartFirstTask</STRONG> (Thumb, 28 bytes, Stack size 0 bytes, port.o(.emb_text))
<BR><BR>[Called By]<UL><LI><a href="#[16e]">&gt;&gt;</a>&nbsp;&nbsp;&nbsp;xPortStartScheduler
</UL>

<P><STRONG><a name="[2f]"></a>PendSV_Handler</STRONG> (Thumb, 64 bytes, Stack size 0 bytes, port.o(.emb_text))
<BR><BR>[Stack]<UL><LI>Max Depth = 8<LI>Call Chain = PendSV_Handler &rArr; vTaskSwitchContext
</UL>
<BR>[Calls]<UL><LI><a href="#[92]">&gt;&gt;</a>&nbsp;&nbsp;&nbsp;vTaskSwitchContext
</UL>
<BR>[Address Reference Count : 1]<UL><LI> startup_stm32f207xx.o(RESET)
</UL>
<P><STRONG><a name="[146]"></a>ulPortSetInterruptMask</STRONG> (Thumb, 14 bytes, Stack size 0 bytes, port.o(.emb_text))
<BR><BR>[Called By]<UL><LI><a href="#[f2]">&gt;&gt;</a>&nbsp;&nbsp;&nbsp;xQueueTakeMutexRecursive
<LI><a href="#[f4]">&gt;&gt;</a>&nbsp;&nbsp;&nbsp;xQueueGiveMutexRecursive
<LI><a href="#[177]">&gt;&gt;</a>&nbsp;&nbsp;&nbsp;xQueueGenericSendFromISR
<LI><a href="#[129]">&gt;&gt;</a>&nbsp;&nbsp;&nbsp;xQueueGenericSend
<LI><a href="#[128]">&gt;&gt;</a>&nbsp;&nbsp;&nbsp;xQueueGenericReceive
<LI><a href="#[125]">&gt;&gt;</a>&nbsp;&nbsp;&nbsp;xQueueGenericCreate
<LI><a href="#[13d]">&gt;&gt;</a>&nbsp;&nbsp;&nbsp;xPortSysTickHandler
<LI><a href="#[16c]">&gt;&gt;</a>&nbsp;&nbsp;&nbsp;xTimerCreateTimerTask
<LI><a href="#[165]">&gt;&gt;</a>&nbsp;&nbsp;&nbsp;vPortValidateInterruptPriority
<LI><a href="#[14b]">&gt;&gt;</a>&nbsp;&nbsp;&nbsp;vPortFree
<LI><a href="#[145]">&gt;&gt;</a>&nbsp;&nbsp;&nbsp;vPortExitCritical
<LI><a href="#[142]">&gt;&gt;</a>&nbsp;&nbsp;&nbsp;vPortEnterCritical
<LI><a href="#[15c]">&gt;&gt;</a>&nbsp;&nbsp;&nbsp;pvPortMalloc
<LI><a href="#[149]">&gt;&gt;</a>&nbsp;&nbsp;&nbsp;xTaskResumeAll
<LI><a href="#[15a]">&gt;&gt;</a>&nbsp;&nbsp;&nbsp;xTaskRemoveFromEventList
<LI><a href="#[14e]">&gt;&gt;</a>&nbsp;&nbsp;&nbsp;xTaskPriorityDisinherit
<LI><a href="#[173]">&gt;&gt;</a>&nbsp;&nbsp;&nbsp;xTaskIncrementTick
<LI><a href="#[132]">&gt;&gt;</a>&nbsp;&nbsp;&nbsp;xTaskGenericCreate
<LI><a href="#[176]">&gt;&gt;</a>&nbsp;&nbsp;&nbsp;xTaskCheckForTimeOut
<LI><a href="#[92]">&gt;&gt;</a>&nbsp;&nbsp;&nbsp;vTaskSwitchContext
<LI><a href="#[164]">&gt;&gt;</a>&nbsp;&nbsp;&nbsp;vTaskStepTick
<LI><a href="#[13b]">&gt;&gt;</a>&nbsp;&nbsp;&nbsp;vTaskStartScheduler
<LI><a href="#[16b]">&gt;&gt;</a>&nbsp;&nbsp;&nbsp;vTaskSetTimeOutState
<LI><a href="#[167]">&gt;&gt;</a>&nbsp;&nbsp;&nbsp;vTaskPlaceOnEventListRestricted
<LI><a href="#[168]">&gt;&gt;</a>&nbsp;&nbsp;&nbsp;vTaskPlaceOnEventList
<LI><a href="#[12e]">&gt;&gt;</a>&nbsp;&nbsp;&nbsp;vTaskDelay
<LI><a href="#[8b]">&gt;&gt;</a>&nbsp;&nbsp;&nbsp;prvIdleTask
<LI><a href="#[174]">&gt;&gt;</a>&nbsp;&nbsp;&nbsp;xQueueGenericReset
<LI><a href="#[8a]">&gt;&gt;</a>&nbsp;&nbsp;&nbsp;prvTaskExitError
<LI><a href="#[158]">&gt;&gt;</a>&nbsp;&nbsp;&nbsp;prvSwitchTimerLists
<LI><a href="#[156]">&gt;&gt;</a>&nbsp;&nbsp;&nbsp;prvProcessTimerOrBlockTask
<LI><a href="#[154]">&gt;&gt;</a>&nbsp;&nbsp;&nbsp;prvProcessReceivedCommands
<LI><a href="#[141]">&gt;&gt;</a>&nbsp;&nbsp;&nbsp;prvCheckForValidListAndQueue
<LI><a href="#[11e]">&gt;&gt;</a>&nbsp;&nbsp;&nbsp;xTimerGenericCommand
<LI><a href="#[11b]">&gt;&gt;</a>&nbsp;&nbsp;&nbsp;xTimerCreate
</UL>

<P><STRONG><a name="[160]"></a>vPortClearInterruptMask</STRONG> (Thumb, 6 bytes, Stack size 0 bytes, port.o(.emb_text))
<BR><BR>[Called By]<UL><LI><a href="#[177]">&gt;&gt;</a>&nbsp;&nbsp;&nbsp;xQueueGenericSendFromISR
<LI><a href="#[13d]">&gt;&gt;</a>&nbsp;&nbsp;&nbsp;xPortSysTickHandler
<LI><a href="#[145]">&gt;&gt;</a>&nbsp;&nbsp;&nbsp;vPortExitCritical
</UL>

<P><STRONG><a name="[166]"></a>vPortGetIPSR</STRONG> (Thumb, 6 bytes, Stack size 0 bytes, port.o(.emb_text))
<BR><BR>[Called By]<UL><LI><a href="#[165]">&gt;&gt;</a>&nbsp;&nbsp;&nbsp;vPortValidateInterruptPriority
</UL>

<P><STRONG><a name="[27]"></a>Reset_Handler</STRONG> (Thumb, 8 bytes, Stack size 0 bytes, startup_stm32f207xx.o(.text))
<BR>[Address Reference Count : 1]<UL><LI> startup_stm32f207xx.o(RESET)
</UL>
<P><STRONG><a name="[43]"></a>ADC_IRQHandler</STRONG> (Thumb, 0 bytes, Stack size 0 bytes, startup_stm32f207xx.o(.text))
<BR><BR>[Calls]<UL><LI><a href="#[43]">&gt;&gt;</a>&nbsp;&nbsp;&nbsp;ADC_IRQHandler
</UL>
<BR>[Called By]<UL><LI><a href="#[43]">&gt;&gt;</a>&nbsp;&nbsp;&nbsp;ADC_IRQHandler
</UL>
<BR>[Address Reference Count : 1]<UL><LI> startup_stm32f207xx.o(RESET)
</UL>
<P><STRONG><a name="[47]"></a>CAN1_SCE_IRQHandler</STRONG> (Thumb, 0 bytes, Stack size 0 bytes, startup_stm32f207xx.o(.text))
<BR>[Address Reference Count : 1]<UL><LI> startup_stm32f207xx.o(RESET)
</UL>
<P><STRONG><a name="[44]"></a>CAN1_TX_IRQHandler</STRONG> (Thumb, 0 bytes, Stack size 0 bytes, startup_stm32f207xx.o(.text))
<BR>[Address Reference Count : 1]<UL><LI> startup_stm32f207xx.o(RESET)
</UL>
<P><STRONG><a name="[71]"></a>CAN2_RX0_IRQHandler</STRONG> (Thumb, 0 bytes, Stack size 0 bytes, startup_stm32f207xx.o(.text))
<BR>[Address Reference Count : 1]<UL><LI> startup_stm32f207xx.o(RESET)
</UL>
<P><STRONG><a name="[72]"></a>CAN2_RX1_IRQHandler</STRONG> (Thumb, 0 bytes, Stack size 0 bytes, startup_stm32f207xx.o(.text))
<BR>[Address Reference Count : 1]<UL><LI> startup_stm32f207xx.o(RESET)
</UL>
<P><STRONG><a name="[73]"></a>CAN2_SCE_IRQHandler</STRONG> (Thumb, 0 bytes, Stack size 0 bytes, startup_stm32f207xx.o(.text))
<BR>[Address Reference Count : 1]<UL><LI> startup_stm32f207xx.o(RESET)
</UL>
<P><STRONG><a name="[70]"></a>CAN2_TX_IRQHandler</STRONG> (Thumb, 0 bytes, Stack size 0 bytes, startup_stm32f207xx.o(.text))
<BR>[Address Reference Count : 1]<UL><LI> startup_stm32f207xx.o(RESET)
</UL>
<P><STRONG><a name="[7f]"></a>DCMI_IRQHandler</STRONG> (Thumb, 0 bytes, Stack size 0 bytes, startup_stm32f207xx.o(.text))
<BR>[Address Reference Count : 1]<UL><LI> startup_stm32f207xx.o(RESET)
</UL>
<P><STRONG><a name="[3c]"></a>DMA1_Stream0_IRQHandler</STRONG> (Thumb, 0 bytes, Stack size 0 bytes, startup_stm32f207xx.o(.text))
<BR>[Address Reference Count : 1]<UL><LI> startup_stm32f207xx.o(RESET)
</UL>
<P><STRONG><a name="[3d]"></a>DMA1_Stream1_IRQHandler</STRONG> (Thumb, 0 bytes, Stack size 0 bytes, startup_stm32f207xx.o(.text))
<BR>[Address Reference Count : 1]<UL><LI> startup_stm32f207xx.o(RESET)
</UL>
<P><STRONG><a name="[3e]"></a>DMA1_Stream2_IRQHandler</STRONG> (Thumb, 0 bytes, Stack size 0 bytes, startup_stm32f207xx.o(.text))
<BR>[Address Reference Count : 1]<UL><LI> startup_stm32f207xx.o(RESET)
</UL>
<P><STRONG><a name="[3f]"></a>DMA1_Stream3_IRQHandler</STRONG> (Thumb, 0 bytes, Stack size 0 bytes, startup_stm32f207xx.o(.text))
<BR>[Address Reference Count : 1]<UL><LI> startup_stm32f207xx.o(RESET)
</UL>
<P><STRONG><a name="[40]"></a>DMA1_Stream4_IRQHandler</STRONG> (Thumb, 0 bytes, Stack size 0 bytes, startup_stm32f207xx.o(.text))
<BR>[Address Reference Count : 1]<UL><LI> startup_stm32f207xx.o(RESET)
</UL>
<P><STRONG><a name="[41]"></a>DMA1_Stream5_IRQHandler</STRONG> (Thumb, 0 bytes, Stack size 0 bytes, startup_stm32f207xx.o(.text))
<BR>[Address Reference Count : 1]<UL><LI> startup_stm32f207xx.o(RESET)
</UL>
<P><STRONG><a name="[42]"></a>DMA1_Stream6_IRQHandler</STRONG> (Thumb, 0 bytes, Stack size 0 bytes, startup_stm32f207xx.o(.text))
<BR>[Address Reference Count : 1]<UL><LI> startup_stm32f207xx.o(RESET)
</UL>
<P><STRONG><a name="[60]"></a>DMA1_Stream7_IRQHandler</STRONG> (Thumb, 0 bytes, Stack size 0 bytes, startup_stm32f207xx.o(.text))
<BR>[Address Reference Count : 1]<UL><LI> startup_stm32f207xx.o(RESET)
</UL>
<P><STRONG><a name="[69]"></a>DMA2_Stream0_IRQHandler</STRONG> (Thumb, 0 bytes, Stack size 0 bytes, startup_stm32f207xx.o(.text))
<BR>[Address Reference Count : 1]<UL><LI> startup_stm32f207xx.o(RESET)
</UL>
<P><STRONG><a name="[6a]"></a>DMA2_Stream1_IRQHandler</STRONG> (Thumb, 0 bytes, Stack size 0 bytes, startup_stm32f207xx.o(.text))
<BR>[Address Reference Count : 1]<UL><LI> startup_stm32f207xx.o(RESET)
</UL>
<P><STRONG><a name="[6b]"></a>DMA2_Stream2_IRQHandler</STRONG> (Thumb, 0 bytes, Stack size 0 bytes, startup_stm32f207xx.o(.text))
<BR>[Address Reference Count : 1]<UL><LI> startup_stm32f207xx.o(RESET)
</UL>
<P><STRONG><a name="[6c]"></a>DMA2_Stream3_IRQHandler</STRONG> (Thumb, 0 bytes, Stack size 0 bytes, startup_stm32f207xx.o(.text))
<BR>[Address Reference Count : 1]<UL><LI> startup_stm32f207xx.o(RESET)
</UL>
<P><STRONG><a name="[6d]"></a>DMA2_Stream4_IRQHandler</STRONG> (Thumb, 0 bytes, Stack size 0 bytes, startup_stm32f207xx.o(.text))
<BR>[Address Reference Count : 1]<UL><LI> startup_stm32f207xx.o(RESET)
</UL>
<P><STRONG><a name="[75]"></a>DMA2_Stream5_IRQHandler</STRONG> (Thumb, 0 bytes, Stack size 0 bytes, startup_stm32f207xx.o(.text))
<BR>[Address Reference Count : 1]<UL><LI> startup_stm32f207xx.o(RESET)
</UL>
<P><STRONG><a name="[76]"></a>DMA2_Stream6_IRQHandler</STRONG> (Thumb, 0 bytes, Stack size 0 bytes, startup_stm32f207xx.o(.text))
<BR>[Address Reference Count : 1]<UL><LI> startup_stm32f207xx.o(RESET)
</UL>
<P><STRONG><a name="[77]"></a>DMA2_Stream7_IRQHandler</STRONG> (Thumb, 0 bytes, Stack size 0 bytes, startup_stm32f207xx.o(.text))
<BR>[Address Reference Count : 1]<UL><LI> startup_stm32f207xx.o(RESET)
</UL>
<P><STRONG><a name="[6e]"></a>ETH_IRQHandler</STRONG> (Thumb, 0 bytes, Stack size 0 bytes, startup_stm32f207xx.o(.text))
<BR>[Address Reference Count : 1]<UL><LI> startup_stm32f207xx.o(RESET)
</UL>
<P><STRONG><a name="[6f]"></a>ETH_WKUP_IRQHandler</STRONG> (Thumb, 0 bytes, Stack size 0 bytes, startup_stm32f207xx.o(.text))
<BR>[Address Reference Count : 1]<UL><LI> startup_stm32f207xx.o(RESET)
</UL>
<P><STRONG><a name="[37]"></a>EXTI0_IRQHandler</STRONG> (Thumb, 0 bytes, Stack size 0 bytes, startup_stm32f207xx.o(.text))
<BR>[Address Reference Count : 1]<UL><LI> startup_stm32f207xx.o(RESET)
</UL>
<P><STRONG><a name="[59]"></a>EXTI15_10_IRQHandler</STRONG> (Thumb, 0 bytes, Stack size 0 bytes, startup_stm32f207xx.o(.text))
<BR>[Address Reference Count : 1]<UL><LI> startup_stm32f207xx.o(RESET)
</UL>
<P><STRONG><a name="[38]"></a>EXTI1_IRQHandler</STRONG> (Thumb, 0 bytes, Stack size 0 bytes, startup_stm32f207xx.o(.text))
<BR>[Address Reference Count : 1]<UL><LI> startup_stm32f207xx.o(RESET)
</UL>
<P><STRONG><a name="[39]"></a>EXTI2_IRQHandler</STRONG> (Thumb, 0 bytes, Stack size 0 bytes, startup_stm32f207xx.o(.text))
<BR>[Address Reference Count : 1]<UL><LI> startup_stm32f207xx.o(RESET)
</UL>
<P><STRONG><a name="[3a]"></a>EXTI3_IRQHandler</STRONG> (Thumb, 0 bytes, Stack size 0 bytes, startup_stm32f207xx.o(.text))
<BR>[Address Reference Count : 1]<UL><LI> startup_stm32f207xx.o(RESET)
</UL>
<P><STRONG><a name="[3b]"></a>EXTI4_IRQHandler</STRONG> (Thumb, 0 bytes, Stack size 0 bytes, startup_stm32f207xx.o(.text))
<BR>[Address Reference Count : 1]<UL><LI> startup_stm32f207xx.o(RESET)
</UL>
<P><STRONG><a name="[48]"></a>EXTI9_5_IRQHandler</STRONG> (Thumb, 0 bytes, Stack size 0 bytes, startup_stm32f207xx.o(.text))
<BR>[Address Reference Count : 1]<UL><LI> startup_stm32f207xx.o(RESET)
</UL>
<P><STRONG><a name="[35]"></a>FLASH_IRQHandler</STRONG> (Thumb, 0 bytes, Stack size 0 bytes, startup_stm32f207xx.o(.text))
<BR>[Address Reference Count : 1]<UL><LI> startup_stm32f207xx.o(RESET)
</UL>
<P><STRONG><a name="[61]"></a>FSMC_IRQHandler</STRONG> (Thumb, 0 bytes, Stack size 0 bytes, startup_stm32f207xx.o(.text))
<BR>[Address Reference Count : 1]<UL><LI> startup_stm32f207xx.o(RESET)
</UL>
<P><STRONG><a name="[80]"></a>HASH_RNG_IRQHandler</STRONG> (Thumb, 0 bytes, Stack size 0 bytes, startup_stm32f207xx.o(.text))
<BR>[Address Reference Count : 1]<UL><LI> startup_stm32f207xx.o(RESET)
</UL>
<P><STRONG><a name="[51]"></a>I2C1_ER_IRQHandler</STRONG> (Thumb, 0 bytes, Stack size 0 bytes, startup_stm32f207xx.o(.text))
<BR>[Address Reference Count : 1]<UL><LI> startup_stm32f207xx.o(RESET)
</UL>
<P><STRONG><a name="[50]"></a>I2C1_EV_IRQHandler</STRONG> (Thumb, 0 bytes, Stack size 0 bytes, startup_stm32f207xx.o(.text))
<BR>[Address Reference Count : 1]<UL><LI> startup_stm32f207xx.o(RESET)
</UL>
<P><STRONG><a name="[53]"></a>I2C2_ER_IRQHandler</STRONG> (Thumb, 0 bytes, Stack size 0 bytes, startup_stm32f207xx.o(.text))
<BR>[Address Reference Count : 1]<UL><LI> startup_stm32f207xx.o(RESET)
</UL>
<P><STRONG><a name="[52]"></a>I2C2_EV_IRQHandler</STRONG> (Thumb, 0 bytes, Stack size 0 bytes, startup_stm32f207xx.o(.text))
<BR>[Address Reference Count : 1]<UL><LI> startup_stm32f207xx.o(RESET)
</UL>
<P><STRONG><a name="[7a]"></a>I2C3_ER_IRQHandler</STRONG> (Thumb, 0 bytes, Stack size 0 bytes, startup_stm32f207xx.o(.text))
<BR>[Address Reference Count : 1]<UL><LI> startup_stm32f207xx.o(RESET)
</UL>
<P><STRONG><a name="[79]"></a>I2C3_EV_IRQHandler</STRONG> (Thumb, 0 bytes, Stack size 0 bytes, startup_stm32f207xx.o(.text))
<BR>[Address Reference Count : 1]<UL><LI> startup_stm32f207xx.o(RESET)
</UL>
<P><STRONG><a name="[74]"></a>OTG_FS_IRQHandler</STRONG> (Thumb, 0 bytes, Stack size 0 bytes, startup_stm32f207xx.o(.text))
<BR>[Address Reference Count : 1]<UL><LI> startup_stm32f207xx.o(RESET)
</UL>
<P><STRONG><a name="[5b]"></a>OTG_FS_WKUP_IRQHandler</STRONG> (Thumb, 0 bytes, Stack size 0 bytes, startup_stm32f207xx.o(.text))
<BR>[Address Reference Count : 1]<UL><LI> startup_stm32f207xx.o(RESET)
</UL>
<P><STRONG><a name="[7c]"></a>OTG_HS_EP1_IN_IRQHandler</STRONG> (Thumb, 0 bytes, Stack size 0 bytes, startup_stm32f207xx.o(.text))
<BR>[Address Reference Count : 1]<UL><LI> startup_stm32f207xx.o(RESET)
</UL>
<P><STRONG><a name="[7b]"></a>OTG_HS_EP1_OUT_IRQHandler</STRONG> (Thumb, 0 bytes, Stack size 0 bytes, startup_stm32f207xx.o(.text))
<BR>[Address Reference Count : 1]<UL><LI> startup_stm32f207xx.o(RESET)
</UL>
<P><STRONG><a name="[7e]"></a>OTG_HS_IRQHandler</STRONG> (Thumb, 0 bytes, Stack size 0 bytes, startup_stm32f207xx.o(.text))
<BR>[Address Reference Count : 1]<UL><LI> startup_stm32f207xx.o(RESET)
</UL>
<P><STRONG><a name="[7d]"></a>OTG_HS_WKUP_IRQHandler</STRONG> (Thumb, 0 bytes, Stack size 0 bytes, startup_stm32f207xx.o(.text))
<BR>[Address Reference Count : 1]<UL><LI> startup_stm32f207xx.o(RESET)
</UL>
<P><STRONG><a name="[32]"></a>PVD_IRQHandler</STRONG> (Thumb, 0 bytes, Stack size 0 bytes, startup_stm32f207xx.o(.text))
<BR>[Address Reference Count : 1]<UL><LI> startup_stm32f207xx.o(RESET)
</UL>
<P><STRONG><a name="[36]"></a>RCC_IRQHandler</STRONG> (Thumb, 0 bytes, Stack size 0 bytes, startup_stm32f207xx.o(.text))
<BR>[Address Reference Count : 1]<UL><LI> startup_stm32f207xx.o(RESET)
</UL>
<P><STRONG><a name="[5a]"></a>RTC_Alarm_IRQHandler</STRONG> (Thumb, 0 bytes, Stack size 0 bytes, startup_stm32f207xx.o(.text))
<BR>[Address Reference Count : 1]<UL><LI> startup_stm32f207xx.o(RESET)
</UL>
<P><STRONG><a name="[34]"></a>RTC_WKUP_IRQHandler</STRONG> (Thumb, 0 bytes, Stack size 0 bytes, startup_stm32f207xx.o(.text))
<BR>[Address Reference Count : 1]<UL><LI> startup_stm32f207xx.o(RESET)
</UL>
<P><STRONG><a name="[62]"></a>SDIO_IRQHandler</STRONG> (Thumb, 0 bytes, Stack size 0 bytes, startup_stm32f207xx.o(.text))
<BR>[Address Reference Count : 1]<UL><LI> startup_stm32f207xx.o(RESET)
</UL>
<P><STRONG><a name="[54]"></a>SPI1_IRQHandler</STRONG> (Thumb, 0 bytes, Stack size 0 bytes, startup_stm32f207xx.o(.text))
<BR>[Address Reference Count : 1]<UL><LI> startup_stm32f207xx.o(RESET)
</UL>
<P><STRONG><a name="[55]"></a>SPI2_IRQHandler</STRONG> (Thumb, 0 bytes, Stack size 0 bytes, startup_stm32f207xx.o(.text))
<BR>[Address Reference Count : 1]<UL><LI> startup_stm32f207xx.o(RESET)
</UL>
<P><STRONG><a name="[64]"></a>SPI3_IRQHandler</STRONG> (Thumb, 0 bytes, Stack size 0 bytes, startup_stm32f207xx.o(.text))
<BR>[Address Reference Count : 1]<UL><LI> startup_stm32f207xx.o(RESET)
</UL>
<P><STRONG><a name="[33]"></a>TAMP_STAMP_IRQHandler</STRONG> (Thumb, 0 bytes, Stack size 0 bytes, startup_stm32f207xx.o(.text))
<BR>[Address Reference Count : 1]<UL><LI> startup_stm32f207xx.o(RESET)
</UL>
<P><STRONG><a name="[49]"></a>TIM1_BRK_TIM9_IRQHandler</STRONG> (Thumb, 0 bytes, Stack size 0 bytes, startup_stm32f207xx.o(.text))
<BR>[Address Reference Count : 1]<UL><LI> startup_stm32f207xx.o(RESET)
</UL>
<P><STRONG><a name="[4c]"></a>TIM1_CC_IRQHandler</STRONG> (Thumb, 0 bytes, Stack size 0 bytes, startup_stm32f207xx.o(.text))
<BR>[Address Reference Count : 1]<UL><LI> startup_stm32f207xx.o(RESET)
</UL>
<P><STRONG><a name="[4b]"></a>TIM1_TRG_COM_TIM11_IRQHandler</STRONG> (Thumb, 0 bytes, Stack size 0 bytes, startup_stm32f207xx.o(.text))
<BR>[Address Reference Count : 1]<UL><LI> startup_stm32f207xx.o(RESET)
</UL>
<P><STRONG><a name="[4d]"></a>TIM2_IRQHandler</STRONG> (Thumb, 0 bytes, Stack size 0 bytes, startup_stm32f207xx.o(.text))
<BR>[Address Reference Count : 1]<UL><LI> startup_stm32f207xx.o(RESET)
</UL>
<P><STRONG><a name="[4e]"></a>TIM3_IRQHandler</STRONG> (Thumb, 0 bytes, Stack size 0 bytes, startup_stm32f207xx.o(.text))
<BR>[Address Reference Count : 1]<UL><LI> startup_stm32f207xx.o(RESET)
</UL>
<P><STRONG><a name="[4f]"></a>TIM4_IRQHandler</STRONG> (Thumb, 0 bytes, Stack size 0 bytes, startup_stm32f207xx.o(.text))
<BR>[Address Reference Count : 1]<UL><LI> startup_stm32f207xx.o(RESET)
</UL>
<P><STRONG><a name="[63]"></a>TIM5_IRQHandler</STRONG> (Thumb, 0 bytes, Stack size 0 bytes, startup_stm32f207xx.o(.text))
<BR>[Address Reference Count : 1]<UL><LI> startup_stm32f207xx.o(RESET)
</UL>
<P><STRONG><a name="[67]"></a>TIM6_DAC_IRQHandler</STRONG> (Thumb, 0 bytes, Stack size 0 bytes, startup_stm32f207xx.o(.text))
<BR>[Address Reference Count : 1]<UL><LI> startup_stm32f207xx.o(RESET)
</UL>
<P><STRONG><a name="[68]"></a>TIM7_IRQHandler</STRONG> (Thumb, 0 bytes, Stack size 0 bytes, startup_stm32f207xx.o(.text))
<BR>[Address Reference Count : 1]<UL><LI> startup_stm32f207xx.o(RESET)
</UL>
<P><STRONG><a name="[5c]"></a>TIM8_BRK_TIM12_IRQHandler</STRONG> (Thumb, 0 bytes, Stack size 0 bytes, startup_stm32f207xx.o(.text))
<BR>[Address Reference Count : 1]<UL><LI> startup_stm32f207xx.o(RESET)
</UL>
<P><STRONG><a name="[5f]"></a>TIM8_CC_IRQHandler</STRONG> (Thumb, 0 bytes, Stack size 0 bytes, startup_stm32f207xx.o(.text))
<BR>[Address Reference Count : 1]<UL><LI> startup_stm32f207xx.o(RESET)
</UL>
<P><STRONG><a name="[5e]"></a>TIM8_TRG_COM_TIM14_IRQHandler</STRONG> (Thumb, 0 bytes, Stack size 0 bytes, startup_stm32f207xx.o(.text))
<BR>[Address Reference Count : 1]<UL><LI> startup_stm32f207xx.o(RESET)
</UL>
<P><STRONG><a name="[5d]"></a>TIM8_UP_TIM13_IRQHandler</STRONG> (Thumb, 0 bytes, Stack size 0 bytes, startup_stm32f207xx.o(.text))
<BR>[Address Reference Count : 1]<UL><LI> startup_stm32f207xx.o(RESET)
</UL>
<P><STRONG><a name="[65]"></a>UART4_IRQHandler</STRONG> (Thumb, 0 bytes, Stack size 0 bytes, startup_stm32f207xx.o(.text))
<BR>[Address Reference Count : 1]<UL><LI> startup_stm32f207xx.o(RESET)
</UL>
<P><STRONG><a name="[66]"></a>UART5_IRQHandler</STRONG> (Thumb, 0 bytes, Stack size 0 bytes, startup_stm32f207xx.o(.text))
<BR>[Address Reference Count : 1]<UL><LI> startup_stm32f207xx.o(RESET)
</UL>
<P><STRONG><a name="[56]"></a>USART1_IRQHandler</STRONG> (Thumb, 0 bytes, Stack size 0 bytes, startup_stm32f207xx.o(.text))
<BR>[Address Reference Count : 1]<UL><LI> startup_stm32f207xx.o(RESET)
</UL>
<P><STRONG><a name="[78]"></a>USART6_IRQHandler</STRONG> (Thumb, 0 bytes, Stack size 0 bytes, startup_stm32f207xx.o(.text))
<BR>[Address Reference Count : 1]<UL><LI> startup_stm32f207xx.o(RESET)
</UL>
<P><STRONG><a name="[31]"></a>WWDG_IRQHandler</STRONG> (Thumb, 0 bytes, Stack size 0 bytes, startup_stm32f207xx.o(.text))
<BR>[Address Reference Count : 1]<UL><LI> startup_stm32f207xx.o(RESET)
</UL>
<P><STRONG><a name="[11c]"></a>rand</STRONG> (Thumb, 20 bytes, Stack size 0 bytes, rand.o(.text))
<BR><BR>[Called By]<UL><LI><a href="#[1]">&gt;&gt;</a>&nbsp;&nbsp;&nbsp;fsm_timer_init
</UL>

<P><STRONG><a name="[183]"></a>srand</STRONG> (Thumb, 6 bytes, Stack size 0 bytes, rand.o(.text), UNUSED)

<P><STRONG><a name="[113]"></a>__aeabi_memcpy</STRONG> (Thumb, 36 bytes, Stack size 0 bytes, memcpya.o(.text))
<BR><BR>[Called By]<UL><LI><a href="#[111]">&gt;&gt;</a>&nbsp;&nbsp;&nbsp;ihu_message_send
<LI><a href="#[14d]">&gt;&gt;</a>&nbsp;&nbsp;&nbsp;prvCopyDataToQueue
<LI><a href="#[14c]">&gt;&gt;</a>&nbsp;&nbsp;&nbsp;prvCopyDataFromQueue
<LI><a href="#[9]">&gt;&gt;</a>&nbsp;&nbsp;&nbsp;fsm_vmfo_time_out
<LI><a href="#[a]">&gt;&gt;</a>&nbsp;&nbsp;&nbsp;fsm_vmfo_init_fb
<LI><a href="#[b]">&gt;&gt;</a>&nbsp;&nbsp;&nbsp;fsm_vmfo_heart_beat
<LI><a href="#[121]">&gt;&gt;</a>&nbsp;&nbsp;&nbsp;ihu_bsp_stm32_f2board_equid_get
<LI><a href="#[26]">&gt;&gt;</a>&nbsp;&nbsp;&nbsp;fsm_l3iap_time_out
<LI><a href="#[20]">&gt;&gt;</a>&nbsp;&nbsp;&nbsp;fsm_spsvirgo_time_out
<LI><a href="#[21]">&gt;&gt;</a>&nbsp;&nbsp;&nbsp;fsm_spsvirgo_l2frame_rcv
<LI><a href="#[19]">&gt;&gt;</a>&nbsp;&nbsp;&nbsp;fsm_ledpisces_time_out
<LI><a href="#[11]">&gt;&gt;</a>&nbsp;&nbsp;&nbsp;fsm_canvela_time_out
<LI><a href="#[14]">&gt;&gt;</a>&nbsp;&nbsp;&nbsp;fsm_canvela_l3iap_sw_package_report
<LI><a href="#[13]">&gt;&gt;</a>&nbsp;&nbsp;&nbsp;fsm_canvela_l3iap_inventory_report
<LI><a href="#[12]">&gt;&gt;</a>&nbsp;&nbsp;&nbsp;fsm_canvela_l2frame_rcv_handler
</UL>

<P><STRONG><a name="[fa]"></a>__aeabi_memcpy4</STRONG> (Thumb, 0 bytes, Stack size 0 bytes, memcpya.o(.text))
<BR><BR>[Called By]<UL><LI><a href="#[f8]">&gt;&gt;</a>&nbsp;&nbsp;&nbsp;MX_FREERTOS_Init
</UL>

<P><STRONG><a name="[184]"></a>__aeabi_memcpy8</STRONG> (Thumb, 0 bytes, Stack size 0 bytes, memcpya.o(.text), UNUSED)

<P><STRONG><a name="[94]"></a>__aeabi_memset</STRONG> (Thumb, 14 bytes, Stack size 0 bytes, memseta.o(.text))
<BR><BR>[Called By]<UL><LI><a href="#[132]">&gt;&gt;</a>&nbsp;&nbsp;&nbsp;xTaskGenericCreate
<LI><a href="#[95]">&gt;&gt;</a>&nbsp;&nbsp;&nbsp;_memset$wrapper
<LI><a href="#[93]">&gt;&gt;</a>&nbsp;&nbsp;&nbsp;__aeabi_memclr
</UL>

<P><STRONG><a name="[185]"></a>__aeabi_memset4</STRONG> (Thumb, 0 bytes, Stack size 0 bytes, memseta.o(.text), UNUSED)

<P><STRONG><a name="[186]"></a>__aeabi_memset8</STRONG> (Thumb, 0 bytes, Stack size 0 bytes, memseta.o(.text), UNUSED)

<P><STRONG><a name="[93]"></a>__aeabi_memclr</STRONG> (Thumb, 4 bytes, Stack size 0 bytes, memseta.o(.text))
<BR><BR>[Calls]<UL><LI><a href="#[94]">&gt;&gt;</a>&nbsp;&nbsp;&nbsp;__aeabi_memset
</UL>
<BR>[Called By]<UL><LI><a href="#[ac]">&gt;&gt;</a>&nbsp;&nbsp;&nbsp;IhuErrorPrintFo
<LI><a href="#[aa]">&gt;&gt;</a>&nbsp;&nbsp;&nbsp;IhuDebugPrintId
<LI><a href="#[6]">&gt;&gt;</a>&nbsp;&nbsp;&nbsp;fsm_vmfo_init
<LI><a href="#[ab]">&gt;&gt;</a>&nbsp;&nbsp;&nbsp;IhuDebugPrintFo
</UL>

<P><STRONG><a name="[b0]"></a>__aeabi_memclr4</STRONG> (Thumb, 0 bytes, Stack size 0 bytes, memseta.o(.text))
<BR><BR>[Called By]<UL><LI><a href="#[111]">&gt;&gt;</a>&nbsp;&nbsp;&nbsp;ihu_message_send
<LI><a href="#[1]">&gt;&gt;</a>&nbsp;&nbsp;&nbsp;fsm_timer_init
<LI><a href="#[21]">&gt;&gt;</a>&nbsp;&nbsp;&nbsp;fsm_spsvirgo_l2frame_rcv
<LI><a href="#[14]">&gt;&gt;</a>&nbsp;&nbsp;&nbsp;fsm_canvela_l3iap_sw_package_report
<LI><a href="#[13]">&gt;&gt;</a>&nbsp;&nbsp;&nbsp;fsm_canvela_l3iap_inventory_report
<LI><a href="#[12]">&gt;&gt;</a>&nbsp;&nbsp;&nbsp;fsm_canvela_l2frame_rcv_handler
<LI><a href="#[136]">&gt;&gt;</a>&nbsp;&nbsp;&nbsp;ihu_vm_system_ctr_table_init
<LI><a href="#[12c]">&gt;&gt;</a>&nbsp;&nbsp;&nbsp;ihu_timerid_to_string
<LI><a href="#[12b]">&gt;&gt;</a>&nbsp;&nbsp;&nbsp;ihu_msgid_to_string
<LI><a href="#[89]">&gt;&gt;</a>&nbsp;&nbsp;&nbsp;FsmProcessingLaunch
</UL>

<P><STRONG><a name="[187]"></a>__aeabi_memclr8</STRONG> (Thumb, 0 bytes, Stack size 0 bytes, memseta.o(.text), UNUSED)

<P><STRONG><a name="[95]"></a>_memset$wrapper</STRONG> (Thumb, 18 bytes, Stack size 8 bytes, memseta.o(.text), UNUSED)
<BR><BR>[Calls]<UL><LI><a href="#[94]">&gt;&gt;</a>&nbsp;&nbsp;&nbsp;__aeabi_memset
</UL>

<P><STRONG><a name="[f6]"></a>strcat</STRONG> (Thumb, 24 bytes, Stack size 0 bytes, strcat.o(.text))
<BR><BR>[Called By]<UL><LI><a href="#[aa]">&gt;&gt;</a>&nbsp;&nbsp;&nbsp;IhuDebugPrintId
<LI><a href="#[12c]">&gt;&gt;</a>&nbsp;&nbsp;&nbsp;ihu_timerid_to_string
<LI><a href="#[12a]">&gt;&gt;</a>&nbsp;&nbsp;&nbsp;ihu_taskid_to_string
<LI><a href="#[12b]">&gt;&gt;</a>&nbsp;&nbsp;&nbsp;ihu_msgid_to_string
</UL>

<P><STRONG><a name="[12d]"></a>strncpy</STRONG> (Thumb, 24 bytes, Stack size 8 bytes, strncpy.o(.text))
<BR><BR>[Stack]<UL><LI>Max Depth = 8<LI>Call Chain = strncpy
</UL>
<BR>[Called By]<UL><LI><a href="#[136]">&gt;&gt;</a>&nbsp;&nbsp;&nbsp;ihu_vm_system_ctr_table_init
<LI><a href="#[12c]">&gt;&gt;</a>&nbsp;&nbsp;&nbsp;ihu_timerid_to_string
<LI><a href="#[12a]">&gt;&gt;</a>&nbsp;&nbsp;&nbsp;ihu_taskid_to_string
<LI><a href="#[12b]">&gt;&gt;</a>&nbsp;&nbsp;&nbsp;ihu_msgid_to_string
</UL>

<P><STRONG><a name="[f0]"></a>strlen</STRONG> (Thumb, 14 bytes, Stack size 0 bytes, strlen.o(.text))
<BR><BR>[Called By]<UL><LI><a href="#[ac]">&gt;&gt;</a>&nbsp;&nbsp;&nbsp;IhuErrorPrintFo
<LI><a href="#[ab]">&gt;&gt;</a>&nbsp;&nbsp;&nbsp;IhuDebugPrintFo
<LI><a href="#[f3]">&gt;&gt;</a>&nbsp;&nbsp;&nbsp;ihu_bsp_stm32_sps_print_send_data
<LI><a href="#[12c]">&gt;&gt;</a>&nbsp;&nbsp;&nbsp;ihu_timerid_to_string
<LI><a href="#[12a]">&gt;&gt;</a>&nbsp;&nbsp;&nbsp;ihu_taskid_to_string
<LI><a href="#[12b]">&gt;&gt;</a>&nbsp;&nbsp;&nbsp;ihu_msgid_to_string
</UL>

<P><STRONG><a name="[f1]"></a>strncat</STRONG> (Thumb, 40 bytes, Stack size 8 bytes, strncat.o(.text))
<BR><BR>[Stack]<UL><LI>Max Depth = 8<LI>Call Chain = strncat
</UL>
<BR>[Called By]<UL><LI><a href="#[ac]">&gt;&gt;</a>&nbsp;&nbsp;&nbsp;IhuErrorPrintFo
<LI><a href="#[ab]">&gt;&gt;</a>&nbsp;&nbsp;&nbsp;IhuDebugPrintFo
</UL>

<P><STRONG><a name="[138]"></a>strcpy</STRONG> (Thumb, 18 bytes, Stack size 0 bytes, strcpy.o(.text))
<BR><BR>[Called By]<UL><LI><a href="#[136]">&gt;&gt;</a>&nbsp;&nbsp;&nbsp;ihu_vm_system_ctr_table_init
</UL>

<P><STRONG><a name="[127]"></a>strerror</STRONG> (Thumb, 40 bytes, Stack size 0 bytes, strerror.o(.text))
<BR><BR>[Called By]<UL><LI><a href="#[111]">&gt;&gt;</a>&nbsp;&nbsp;&nbsp;ihu_message_send
<LI><a href="#[131]">&gt;&gt;</a>&nbsp;&nbsp;&nbsp;ihu_task_create
<LI><a href="#[b1]">&gt;&gt;</a>&nbsp;&nbsp;&nbsp;ihu_message_rcv
<LI><a href="#[124]">&gt;&gt;</a>&nbsp;&nbsp;&nbsp;ihu_message_queue_create
</UL>

<P><STRONG><a name="[188]"></a>__aeabi_uidiv</STRONG> (Thumb, 0 bytes, Stack size 12 bytes, uidiv.o(.text), UNUSED)

<P><STRONG><a name="[10f]"></a>__aeabi_uidivmod</STRONG> (Thumb, 44 bytes, Stack size 12 bytes, uidiv.o(.text), UNUSED)
<BR><BR>[Called By]<UL><LI><a href="#[107]">&gt;&gt;</a>&nbsp;&nbsp;&nbsp;_printf_core
</UL>

<P><STRONG><a name="[96]"></a>__aeabi_uldivmod</STRONG> (Thumb, 98 bytes, Stack size 40 bytes, uldiv.o(.text), UNUSED)
<BR><BR>[Calls]<UL><LI><a href="#[97]">&gt;&gt;</a>&nbsp;&nbsp;&nbsp;__aeabi_llsr
<LI><a href="#[98]">&gt;&gt;</a>&nbsp;&nbsp;&nbsp;__aeabi_llsl
</UL>
<BR>[Called By]<UL><LI><a href="#[107]">&gt;&gt;</a>&nbsp;&nbsp;&nbsp;_printf_core
<LI><a href="#[10b]">&gt;&gt;</a>&nbsp;&nbsp;&nbsp;_fp_digits
</UL>

<P><STRONG><a name="[189]"></a>__I$use$fp</STRONG> (Thumb, 0 bytes, Stack size 8 bytes, iusefp.o(.text), UNUSED)

<P><STRONG><a name="[9a]"></a>_double_round</STRONG> (Thumb, 30 bytes, Stack size 8 bytes, depilogue.o(.text), UNUSED)
<BR><BR>[Called By]<UL><LI><a href="#[99]">&gt;&gt;</a>&nbsp;&nbsp;&nbsp;_double_epilogue
<LI><a href="#[a0]">&gt;&gt;</a>&nbsp;&nbsp;&nbsp;__aeabi_ddiv
<LI><a href="#[9b]">&gt;&gt;</a>&nbsp;&nbsp;&nbsp;__aeabi_dadd
</UL>

<P><STRONG><a name="[99]"></a>_double_epilogue</STRONG> (Thumb, 156 bytes, Stack size 32 bytes, depilogue.o(.text), UNUSED)
<BR><BR>[Calls]<UL><LI><a href="#[97]">&gt;&gt;</a>&nbsp;&nbsp;&nbsp;__aeabi_llsr
<LI><a href="#[98]">&gt;&gt;</a>&nbsp;&nbsp;&nbsp;__aeabi_llsl
<LI><a href="#[9a]">&gt;&gt;</a>&nbsp;&nbsp;&nbsp;_double_round
</UL>
<BR>[Called By]<UL><LI><a href="#[9f]">&gt;&gt;</a>&nbsp;&nbsp;&nbsp;__aeabi_dmul
<LI><a href="#[9b]">&gt;&gt;</a>&nbsp;&nbsp;&nbsp;__aeabi_dadd
</UL>

<P><STRONG><a name="[9b]"></a>__aeabi_dadd</STRONG> (Thumb, 322 bytes, Stack size 48 bytes, dadd.o(.text), UNUSED)
<BR><BR>[Calls]<UL><LI><a href="#[9c]">&gt;&gt;</a>&nbsp;&nbsp;&nbsp;__aeabi_lasr
<LI><a href="#[98]">&gt;&gt;</a>&nbsp;&nbsp;&nbsp;__aeabi_llsl
<LI><a href="#[9a]">&gt;&gt;</a>&nbsp;&nbsp;&nbsp;_double_round
<LI><a href="#[99]">&gt;&gt;</a>&nbsp;&nbsp;&nbsp;_double_epilogue
</UL>
<BR>[Called By]<UL><LI><a href="#[9e]">&gt;&gt;</a>&nbsp;&nbsp;&nbsp;__aeabi_drsub
<LI><a href="#[9d]">&gt;&gt;</a>&nbsp;&nbsp;&nbsp;__aeabi_dsub
<LI><a href="#[10b]">&gt;&gt;</a>&nbsp;&nbsp;&nbsp;_fp_digits
</UL>

<P><STRONG><a name="[9d]"></a>__aeabi_dsub</STRONG> (Thumb, 6 bytes, Stack size 0 bytes, dadd.o(.text), UNUSED)
<BR><BR>[Calls]<UL><LI><a href="#[9b]">&gt;&gt;</a>&nbsp;&nbsp;&nbsp;__aeabi_dadd
</UL>

<P><STRONG><a name="[9e]"></a>__aeabi_drsub</STRONG> (Thumb, 6 bytes, Stack size 0 bytes, dadd.o(.text), UNUSED)
<BR><BR>[Calls]<UL><LI><a href="#[9b]">&gt;&gt;</a>&nbsp;&nbsp;&nbsp;__aeabi_dadd
</UL>

<P><STRONG><a name="[9f]"></a>__aeabi_dmul</STRONG> (Thumb, 228 bytes, Stack size 48 bytes, dmul.o(.text), UNUSED)
<BR><BR>[Calls]<UL><LI><a href="#[99]">&gt;&gt;</a>&nbsp;&nbsp;&nbsp;_double_epilogue
</UL>
<BR>[Called By]<UL><LI><a href="#[10b]">&gt;&gt;</a>&nbsp;&nbsp;&nbsp;_fp_digits
</UL>

<P><STRONG><a name="[a0]"></a>__aeabi_ddiv</STRONG> (Thumb, 222 bytes, Stack size 32 bytes, ddiv.o(.text), UNUSED)
<BR><BR>[Calls]<UL><LI><a href="#[9a]">&gt;&gt;</a>&nbsp;&nbsp;&nbsp;_double_round
</UL>
<BR>[Called By]<UL><LI><a href="#[10b]">&gt;&gt;</a>&nbsp;&nbsp;&nbsp;_fp_digits
</UL>

<P><STRONG><a name="[a1]"></a>__aeabi_d2ulz</STRONG> (Thumb, 48 bytes, Stack size 0 bytes, dfixul.o(.text), UNUSED)
<BR><BR>[Calls]<UL><LI><a href="#[97]">&gt;&gt;</a>&nbsp;&nbsp;&nbsp;__aeabi_llsr
<LI><a href="#[98]">&gt;&gt;</a>&nbsp;&nbsp;&nbsp;__aeabi_llsl
</UL>
<BR>[Called By]<UL><LI><a href="#[10b]">&gt;&gt;</a>&nbsp;&nbsp;&nbsp;_fp_digits
</UL>

<P><STRONG><a name="[10c]"></a>__aeabi_cdrcmple</STRONG> (Thumb, 48 bytes, Stack size 0 bytes, cdrcmple.o(.text), UNUSED)
<BR><BR>[Called By]<UL><LI><a href="#[10b]">&gt;&gt;</a>&nbsp;&nbsp;&nbsp;_fp_digits
</UL>

<P><STRONG><a name="[91]"></a>__scatterload</STRONG> (Thumb, 28 bytes, Stack size 0 bytes, init.o(.text))
<BR><BR>[Calls]<UL><LI><a href="#[a2]">&gt;&gt;</a>&nbsp;&nbsp;&nbsp;__main_after_scatterload
</UL>
<BR>[Called By]<UL><LI><a href="#[90]">&gt;&gt;</a>&nbsp;&nbsp;&nbsp;_main_scatterload
</UL>

<P><STRONG><a name="[18a]"></a>__scatterload_rt2</STRONG> (Thumb, 0 bytes, Stack size 0 bytes, init.o(.text), UNUSED)

<P><STRONG><a name="[98]"></a>__aeabi_llsl</STRONG> (Thumb, 30 bytes, Stack size 0 bytes, llshl.o(.text), UNUSED)
<BR><BR>[Called By]<UL><LI><a href="#[96]">&gt;&gt;</a>&nbsp;&nbsp;&nbsp;__aeabi_uldivmod
<LI><a href="#[99]">&gt;&gt;</a>&nbsp;&nbsp;&nbsp;_double_epilogue
<LI><a href="#[9b]">&gt;&gt;</a>&nbsp;&nbsp;&nbsp;__aeabi_dadd
<LI><a href="#[a1]">&gt;&gt;</a>&nbsp;&nbsp;&nbsp;__aeabi_d2ulz
</UL>

<P><STRONG><a name="[18b]"></a>__semihosting_library_function</STRONG> (Thumb, 0 bytes, Stack size 0 bytes, semi.o(.text), UNUSED)

<P><STRONG><a name="[18c]"></a>_ll_shift_l</STRONG> (Thumb, 0 bytes, Stack size 0 bytes, llshl.o(.text), UNUSED)

<P><STRONG><a name="[97]"></a>__aeabi_llsr</STRONG> (Thumb, 32 bytes, Stack size 0 bytes, llushr.o(.text), UNUSED)
<BR><BR>[Called By]<UL><LI><a href="#[96]">&gt;&gt;</a>&nbsp;&nbsp;&nbsp;__aeabi_uldivmod
<LI><a href="#[99]">&gt;&gt;</a>&nbsp;&nbsp;&nbsp;_double_epilogue
<LI><a href="#[a1]">&gt;&gt;</a>&nbsp;&nbsp;&nbsp;__aeabi_d2ulz
</UL>

<P><STRONG><a name="[18d]"></a>_ll_ushift_r</STRONG> (Thumb, 0 bytes, Stack size 0 bytes, llushr.o(.text), UNUSED)

<P><STRONG><a name="[9c]"></a>__aeabi_lasr</STRONG> (Thumb, 36 bytes, Stack size 0 bytes, llsshr.o(.text), UNUSED)
<BR><BR>[Called By]<UL><LI><a href="#[9b]">&gt;&gt;</a>&nbsp;&nbsp;&nbsp;__aeabi_dadd
</UL>

<P><STRONG><a name="[18e]"></a>_ll_sshift_r</STRONG> (Thumb, 0 bytes, Stack size 0 bytes, llsshr.o(.text), UNUSED)

<P><STRONG><a name="[18f]"></a>__I$use$semihosting$fputc</STRONG> (Thumb, 0 bytes, Stack size unknown bytes, iusesemip.o(.text), UNUSED)

<P><STRONG><a name="[190]"></a>__decompress</STRONG> (Thumb, 0 bytes, Stack size unknown bytes, __dclz77c.o(.text), UNUSED)

<P><STRONG><a name="[191]"></a>__decompress2</STRONG> (Thumb, 94 bytes, Stack size unknown bytes, __dclz77c.o(.text), UNUSED)

<P><STRONG><a name="[2b]"></a>BusFault_Handler</STRONG> (Thumb, 2 bytes, Stack size 0 bytes, stm32f2xx_it.o(i.BusFault_Handler))
<BR><BR>[Calls]<UL><LI><a href="#[2b]">&gt;&gt;</a>&nbsp;&nbsp;&nbsp;BusFault_Handler
</UL>
<BR>[Called By]<UL><LI><a href="#[2b]">&gt;&gt;</a>&nbsp;&nbsp;&nbsp;BusFault_Handler
</UL>
<BR>[Address Reference Count : 1]<UL><LI> startup_stm32f207xx.o(RESET)
</UL>
<P><STRONG><a name="[45]"></a>CAN1_RX0_IRQHandler</STRONG> (Thumb, 6 bytes, Stack size 0 bytes, stm32f2xx_it.o(i.CAN1_RX0_IRQHandler))
<BR><BR>[Stack]<UL><LI>Max Depth = 16<LI>Call Chain = CAN1_RX0_IRQHandler &rArr; HAL_CAN_IRQHandler &rArr; CAN_Transmit_IT
</UL>
<BR>[Calls]<UL><LI><a href="#[a3]">&gt;&gt;</a>&nbsp;&nbsp;&nbsp;HAL_CAN_IRQHandler
</UL>
<BR>[Address Reference Count : 1]<UL><LI> startup_stm32f207xx.o(RESET)
</UL>
<P><STRONG><a name="[46]"></a>CAN1_RX1_IRQHandler</STRONG> (Thumb, 6 bytes, Stack size 0 bytes, stm32f2xx_it.o(i.CAN1_RX1_IRQHandler))
<BR><BR>[Stack]<UL><LI>Max Depth = 16<LI>Call Chain = CAN1_RX1_IRQHandler &rArr; HAL_CAN_IRQHandler &rArr; CAN_Transmit_IT
</UL>
<BR>[Calls]<UL><LI><a href="#[a3]">&gt;&gt;</a>&nbsp;&nbsp;&nbsp;HAL_CAN_IRQHandler
</UL>
<BR>[Address Reference Count : 1]<UL><LI> startup_stm32f207xx.o(RESET)
</UL>
<P><STRONG><a name="[8d]"></a>Callback01</STRONG> (Thumb, 2 bytes, Stack size 0 bytes, freertos.o(i.Callback01))
<BR>[Address Reference Count : 1]<UL><LI> freertos.o(.constdata)
</UL>
<P><STRONG><a name="[2e]"></a>DebugMon_Handler</STRONG> (Thumb, 2 bytes, Stack size 0 bytes, stm32f2xx_it.o(i.DebugMon_Handler))
<BR>[Address Reference Count : 1]<UL><LI> startup_stm32f207xx.o(RESET)
</UL>
<P><STRONG><a name="[a8]"></a>Error_Handler</STRONG> (Thumb, 2 bytes, Stack size 0 bytes, main.o(i.Error_Handler))
<BR><BR>[Calls]<UL><LI><a href="#[a8]">&gt;&gt;</a>&nbsp;&nbsp;&nbsp;Error_Handler
</UL>
<BR>[Called By]<UL><LI><a href="#[f7]">&gt;&gt;</a>&nbsp;&nbsp;&nbsp;MX_CAN1_Init
<LI><a href="#[100]">&gt;&gt;</a>&nbsp;&nbsp;&nbsp;MX_USART3_UART_Init
<LI><a href="#[ff]">&gt;&gt;</a>&nbsp;&nbsp;&nbsp;MX_USART2_UART_Init
<LI><a href="#[a8]">&gt;&gt;</a>&nbsp;&nbsp;&nbsp;Error_Handler
<LI><a href="#[fe]">&gt;&gt;</a>&nbsp;&nbsp;&nbsp;MX_RTC_Init
</UL>

<P><STRONG><a name="[a9]"></a>FsmAddNew</STRONG> (Thumb, 528 bytes, Stack size 48 bytes, vmfreeoslayer.o(i.FsmAddNew))
<BR><BR>[Stack]<UL><LI>Max Depth = 528<LI>Call Chain = FsmAddNew &rArr; FsmSetState &rArr; IhuErrorPrintFo &rArr; xQueueTakeMutexRecursive &rArr; xQueueGenericReceive &rArr; xTaskResumeAll &rArr; xTaskIncrementTick
</UL>
<BR>[Calls]<UL><LI><a href="#[ac]">&gt;&gt;</a>&nbsp;&nbsp;&nbsp;IhuErrorPrintFo
<LI><a href="#[aa]">&gt;&gt;</a>&nbsp;&nbsp;&nbsp;IhuDebugPrintId
<LI><a href="#[ab]">&gt;&gt;</a>&nbsp;&nbsp;&nbsp;IhuDebugPrintFo
<LI><a href="#[ad]">&gt;&gt;</a>&nbsp;&nbsp;&nbsp;FsmSetState
</UL>
<BR>[Called By]<UL><LI><a href="#[130]">&gt;&gt;</a>&nbsp;&nbsp;&nbsp;ihu_task_create_and_run
</UL>

<P><STRONG><a name="[ae]"></a>FsmGetState</STRONG> (Thumb, 64 bytes, Stack size 8 bytes, vmfreeoslayer.o(i.FsmGetState))
<BR><BR>[Stack]<UL><LI>Max Depth = 472<LI>Call Chain = FsmGetState &rArr; IhuErrorPrintFo &rArr; xQueueTakeMutexRecursive &rArr; xQueueGenericReceive &rArr; xTaskResumeAll &rArr; xTaskIncrementTick
</UL>
<BR>[Calls]<UL><LI><a href="#[ac]">&gt;&gt;</a>&nbsp;&nbsp;&nbsp;IhuErrorPrintFo
<LI><a href="#[aa]">&gt;&gt;</a>&nbsp;&nbsp;&nbsp;IhuDebugPrintId
</UL>
<BR>[Called By]<UL><LI><a href="#[9]">&gt;&gt;</a>&nbsp;&nbsp;&nbsp;fsm_vmfo_time_out
<LI><a href="#[20]">&gt;&gt;</a>&nbsp;&nbsp;&nbsp;fsm_spsvirgo_time_out
<LI><a href="#[19]">&gt;&gt;</a>&nbsp;&nbsp;&nbsp;fsm_ledpisces_time_out
<LI><a href="#[11]">&gt;&gt;</a>&nbsp;&nbsp;&nbsp;fsm_canvela_time_out
<LI><a href="#[b2]">&gt;&gt;</a>&nbsp;&nbsp;&nbsp;FsmRunEngine
</UL>

<P><STRONG><a name="[af]"></a>FsmInit</STRONG> (Thumb, 82 bytes, Stack size 8 bytes, vmfreeoslayer.o(i.FsmInit))
<BR><BR>[Stack]<UL><LI>Max Depth = 472<LI>Call Chain = FsmInit &rArr; IhuDebugPrintFo &rArr; xQueueTakeMutexRecursive &rArr; xQueueGenericReceive &rArr; xTaskResumeAll &rArr; xTaskIncrementTick
</UL>
<BR>[Calls]<UL><LI><a href="#[aa]">&gt;&gt;</a>&nbsp;&nbsp;&nbsp;IhuDebugPrintId
<LI><a href="#[ab]">&gt;&gt;</a>&nbsp;&nbsp;&nbsp;IhuDebugPrintFo
</UL>
<BR>[Called By]<UL><LI><a href="#[136]">&gt;&gt;</a>&nbsp;&nbsp;&nbsp;ihu_vm_system_ctr_table_init
</UL>

<P><STRONG><a name="[89]"></a>FsmProcessingLaunch</STRONG> (Thumb, 212 bytes, Stack size 592 bytes, vmfreeoslayer.o(i.FsmProcessingLaunch))
<BR><BR>[Stack]<UL><LI>Max Depth = 1144<LI>Call Chain = FsmProcessingLaunch &rArr; FsmRunEngine &rArr; FsmGetState &rArr; IhuErrorPrintFo &rArr; xQueueTakeMutexRecursive &rArr; xQueueGenericReceive &rArr; xTaskResumeAll &rArr; xTaskIncrementTick
</UL>
<BR>[Calls]<UL><LI><a href="#[ac]">&gt;&gt;</a>&nbsp;&nbsp;&nbsp;IhuErrorPrintFo
<LI><a href="#[aa]">&gt;&gt;</a>&nbsp;&nbsp;&nbsp;IhuDebugPrintId
<LI><a href="#[ab]">&gt;&gt;</a>&nbsp;&nbsp;&nbsp;IhuDebugPrintFo
<LI><a href="#[b0]">&gt;&gt;</a>&nbsp;&nbsp;&nbsp;__aeabi_memclr4
<LI><a href="#[b3]">&gt;&gt;</a>&nbsp;&nbsp;&nbsp;ihu_sleep
<LI><a href="#[b1]">&gt;&gt;</a>&nbsp;&nbsp;&nbsp;ihu_message_rcv
<LI><a href="#[b2]">&gt;&gt;</a>&nbsp;&nbsp;&nbsp;FsmRunEngine
</UL>
<BR>[Address Reference Count : 1]<UL><LI> vmfreeoslayer.o(i.ihu_task_create_and_run)
</UL>
<P><STRONG><a name="[b2]"></a>FsmRunEngine</STRONG> (Thumb, 534 bytes, Stack size 80 bytes, vmfreeoslayer.o(i.FsmRunEngine))
<BR><BR>[Stack]<UL><LI>Max Depth = 552<LI>Call Chain = FsmRunEngine &rArr; FsmGetState &rArr; IhuErrorPrintFo &rArr; xQueueTakeMutexRecursive &rArr; xQueueGenericReceive &rArr; xTaskResumeAll &rArr; xTaskIncrementTick
</UL>
<BR>[Calls]<UL><LI><a href="#[ac]">&gt;&gt;</a>&nbsp;&nbsp;&nbsp;IhuErrorPrintFo
<LI><a href="#[aa]">&gt;&gt;</a>&nbsp;&nbsp;&nbsp;IhuDebugPrintId
<LI><a href="#[ae]">&gt;&gt;</a>&nbsp;&nbsp;&nbsp;FsmGetState
<LI><a href="#[ab]">&gt;&gt;</a>&nbsp;&nbsp;&nbsp;IhuDebugPrintFo
</UL>
<BR>[Called By]<UL><LI><a href="#[89]">&gt;&gt;</a>&nbsp;&nbsp;&nbsp;FsmProcessingLaunch
</UL>

<P><STRONG><a name="[ad]"></a>FsmSetState</STRONG> (Thumb, 92 bytes, Stack size 16 bytes, vmfreeoslayer.o(i.FsmSetState))
<BR><BR>[Stack]<UL><LI>Max Depth = 480<LI>Call Chain = FsmSetState &rArr; IhuErrorPrintFo &rArr; xQueueTakeMutexRecursive &rArr; xQueueGenericReceive &rArr; xTaskResumeAll &rArr; xTaskIncrementTick
</UL>
<BR>[Calls]<UL><LI><a href="#[ac]">&gt;&gt;</a>&nbsp;&nbsp;&nbsp;IhuErrorPrintFo
<LI><a href="#[aa]">&gt;&gt;</a>&nbsp;&nbsp;&nbsp;IhuDebugPrintId
</UL>
<BR>[Called By]<UL><LI><a href="#[9]">&gt;&gt;</a>&nbsp;&nbsp;&nbsp;fsm_vmfo_time_out
<LI><a href="#[5]">&gt;&gt;</a>&nbsp;&nbsp;&nbsp;fsm_vmfo_task_entry
<LI><a href="#[8]">&gt;&gt;</a>&nbsp;&nbsp;&nbsp;fsm_vmfo_stop_rcv
<LI><a href="#[6]">&gt;&gt;</a>&nbsp;&nbsp;&nbsp;fsm_vmfo_init
<LI><a href="#[0]">&gt;&gt;</a>&nbsp;&nbsp;&nbsp;fsm_timer_task_entry
<LI><a href="#[4]">&gt;&gt;</a>&nbsp;&nbsp;&nbsp;fsm_timer_stop_rcv
<LI><a href="#[1]">&gt;&gt;</a>&nbsp;&nbsp;&nbsp;fsm_timer_init
<LI><a href="#[22]">&gt;&gt;</a>&nbsp;&nbsp;&nbsp;fsm_l3iap_task_entry
<LI><a href="#[24]">&gt;&gt;</a>&nbsp;&nbsp;&nbsp;fsm_l3iap_stop_rcv
<LI><a href="#[23]">&gt;&gt;</a>&nbsp;&nbsp;&nbsp;fsm_l3iap_init
<LI><a href="#[20]">&gt;&gt;</a>&nbsp;&nbsp;&nbsp;fsm_spsvirgo_time_out
<LI><a href="#[1c]">&gt;&gt;</a>&nbsp;&nbsp;&nbsp;fsm_spsvirgo_task_entry
<LI><a href="#[1e]">&gt;&gt;</a>&nbsp;&nbsp;&nbsp;fsm_spsvirgo_stop_rcv
<LI><a href="#[1d]">&gt;&gt;</a>&nbsp;&nbsp;&nbsp;fsm_spsvirgo_init
<LI><a href="#[19]">&gt;&gt;</a>&nbsp;&nbsp;&nbsp;fsm_ledpisces_time_out
<LI><a href="#[15]">&gt;&gt;</a>&nbsp;&nbsp;&nbsp;fsm_ledpisces_task_entry
<LI><a href="#[17]">&gt;&gt;</a>&nbsp;&nbsp;&nbsp;fsm_ledpisces_stop_rcv
<LI><a href="#[16]">&gt;&gt;</a>&nbsp;&nbsp;&nbsp;fsm_ledpisces_init
<LI><a href="#[11]">&gt;&gt;</a>&nbsp;&nbsp;&nbsp;fsm_canvela_time_out
<LI><a href="#[c]">&gt;&gt;</a>&nbsp;&nbsp;&nbsp;fsm_canvela_task_entry
<LI><a href="#[f]">&gt;&gt;</a>&nbsp;&nbsp;&nbsp;fsm_canvela_stop_rcv
<LI><a href="#[d]">&gt;&gt;</a>&nbsp;&nbsp;&nbsp;fsm_canvela_init
<LI><a href="#[a9]">&gt;&gt;</a>&nbsp;&nbsp;&nbsp;FsmAddNew
</UL>

<P><STRONG><a name="[b4]"></a>HAL_CAN_ErrorCallback</STRONG> (Thumb, 2 bytes, Stack size 0 bytes, stm32f2xx_hal_can.o(i.HAL_CAN_ErrorCallback))
<BR><BR>[Called By]<UL><LI><a href="#[a3]">&gt;&gt;</a>&nbsp;&nbsp;&nbsp;HAL_CAN_IRQHandler
</UL>

<P><STRONG><a name="[a3]"></a>HAL_CAN_IRQHandler</STRONG> (Thumb, 370 bytes, Stack size 8 bytes, stm32f2xx_hal_can.o(i.HAL_CAN_IRQHandler))
<BR><BR>[Stack]<UL><LI>Max Depth = 16<LI>Call Chain = HAL_CAN_IRQHandler &rArr; CAN_Transmit_IT
</UL>
<BR>[Calls]<UL><LI><a href="#[b4]">&gt;&gt;</a>&nbsp;&nbsp;&nbsp;HAL_CAN_ErrorCallback
<LI><a href="#[a6]">&gt;&gt;</a>&nbsp;&nbsp;&nbsp;CAN_Transmit_IT
<LI><a href="#[a4]">&gt;&gt;</a>&nbsp;&nbsp;&nbsp;CAN_Receive_IT
</UL>
<BR>[Called By]<UL><LI><a href="#[46]">&gt;&gt;</a>&nbsp;&nbsp;&nbsp;CAN1_RX1_IRQHandler
<LI><a href="#[45]">&gt;&gt;</a>&nbsp;&nbsp;&nbsp;CAN1_RX0_IRQHandler
</UL>

<P><STRONG><a name="[b5]"></a>HAL_CAN_Init</STRONG> (Thumb, 556 bytes, Stack size 24 bytes, stm32f2xx_hal_can.o(i.HAL_CAN_Init))
<BR><BR>[Stack]<UL><LI>Max Depth = 96<LI>Call Chain = HAL_CAN_Init &rArr; HAL_CAN_MspInit &rArr; HAL_GPIO_Init
</UL>
<BR>[Calls]<UL><LI><a href="#[b7]">&gt;&gt;</a>&nbsp;&nbsp;&nbsp;HAL_CAN_MspInit
<LI><a href="#[b6]">&gt;&gt;</a>&nbsp;&nbsp;&nbsp;assert_failed
<LI><a href="#[b8]">&gt;&gt;</a>&nbsp;&nbsp;&nbsp;HAL_GetTick
</UL>
<BR>[Called By]<UL><LI><a href="#[f7]">&gt;&gt;</a>&nbsp;&nbsp;&nbsp;MX_CAN1_Init
</UL>

<P><STRONG><a name="[b7]"></a>HAL_CAN_MspInit</STRONG> (Thumb, 96 bytes, Stack size 32 bytes, can.o(i.HAL_CAN_MspInit))
<BR><BR>[Stack]<UL><LI>Max Depth = 72<LI>Call Chain = HAL_CAN_MspInit &rArr; HAL_GPIO_Init
</UL>
<BR>[Calls]<UL><LI><a href="#[ba]">&gt;&gt;</a>&nbsp;&nbsp;&nbsp;HAL_NVIC_SetPriority
<LI><a href="#[bb]">&gt;&gt;</a>&nbsp;&nbsp;&nbsp;HAL_NVIC_EnableIRQ
<LI><a href="#[b9]">&gt;&gt;</a>&nbsp;&nbsp;&nbsp;HAL_GPIO_Init
</UL>
<BR>[Called By]<UL><LI><a href="#[b5]">&gt;&gt;</a>&nbsp;&nbsp;&nbsp;HAL_CAN_Init
</UL>

<P><STRONG><a name="[bc]"></a>HAL_CAN_Receive_IT</STRONG> (Thumb, 152 bytes, Stack size 16 bytes, stm32f2xx_hal_can.o(i.HAL_CAN_Receive_IT))
<BR><BR>[Stack]<UL><LI>Max Depth = 16<LI>Call Chain = HAL_CAN_Receive_IT
</UL>
<BR>[Calls]<UL><LI><a href="#[b6]">&gt;&gt;</a>&nbsp;&nbsp;&nbsp;assert_failed
</UL>
<BR>[Called By]<UL><LI><a href="#[81]">&gt;&gt;</a>&nbsp;&nbsp;&nbsp;main
</UL>

<P><STRONG><a name="[a5]"></a>HAL_CAN_RxCpltCallback</STRONG> (Thumb, 2 bytes, Stack size 0 bytes, stm32f2xx_hal_can.o(i.HAL_CAN_RxCpltCallback))
<BR><BR>[Called By]<UL><LI><a href="#[a4]">&gt;&gt;</a>&nbsp;&nbsp;&nbsp;CAN_Receive_IT
</UL>

<P><STRONG><a name="[a7]"></a>HAL_CAN_TxCpltCallback</STRONG> (Thumb, 2 bytes, Stack size 0 bytes, stm32f2xx_hal_can.o(i.HAL_CAN_TxCpltCallback))
<BR><BR>[Called By]<UL><LI><a href="#[a6]">&gt;&gt;</a>&nbsp;&nbsp;&nbsp;CAN_Transmit_IT
</UL>

<P><STRONG><a name="[e3]"></a>HAL_DMA_Abort_IT</STRONG> (Thumb, 36 bytes, Stack size 0 bytes, stm32f2xx_hal_dma.o(i.HAL_DMA_Abort_IT))
<BR><BR>[Called By]<UL><LI><a href="#[e0]">&gt;&gt;</a>&nbsp;&nbsp;&nbsp;HAL_UART_IRQHandler
</UL>

<P><STRONG><a name="[b9]"></a>HAL_GPIO_Init</STRONG> (Thumb, 652 bytes, Stack size 40 bytes, stm32f2xx_hal_gpio.o(i.HAL_GPIO_Init))
<BR><BR>[Stack]<UL><LI>Max Depth = 40<LI>Call Chain = HAL_GPIO_Init
</UL>
<BR>[Calls]<UL><LI><a href="#[b6]">&gt;&gt;</a>&nbsp;&nbsp;&nbsp;assert_failed
</UL>
<BR>[Called By]<UL><LI><a href="#[b7]">&gt;&gt;</a>&nbsp;&nbsp;&nbsp;HAL_CAN_MspInit
<LI><a href="#[e8]">&gt;&gt;</a>&nbsp;&nbsp;&nbsp;HAL_UART_MspInit
<LI><a href="#[fd]">&gt;&gt;</a>&nbsp;&nbsp;&nbsp;MX_GPIO_Init
</UL>

<P><STRONG><a name="[bd]"></a>HAL_GPIO_WritePin</STRONG> (Thumb, 46 bytes, Stack size 16 bytes, stm32f2xx_hal_gpio.o(i.HAL_GPIO_WritePin))
<BR><BR>[Stack]<UL><LI>Max Depth = 16<LI>Call Chain = HAL_GPIO_WritePin
</UL>
<BR>[Calls]<UL><LI><a href="#[b6]">&gt;&gt;</a>&nbsp;&nbsp;&nbsp;assert_failed
</UL>
<BR>[Called By]<UL><LI><a href="#[123]">&gt;&gt;</a>&nbsp;&nbsp;&nbsp;ihu_bsp_stm32_led_work_state_f2board_on
<LI><a href="#[122]">&gt;&gt;</a>&nbsp;&nbsp;&nbsp;ihu_bsp_stm32_led_commu_f2board_on
<LI><a href="#[fd]">&gt;&gt;</a>&nbsp;&nbsp;&nbsp;MX_GPIO_Init
<LI><a href="#[1a]">&gt;&gt;</a>&nbsp;&nbsp;&nbsp;ihu_bsp_stm32_led_f2board_on
<LI><a href="#[1b]">&gt;&gt;</a>&nbsp;&nbsp;&nbsp;ihu_bsp_stm32_led_f2board_off
</UL>

<P><STRONG><a name="[b8]"></a>HAL_GetTick</STRONG> (Thumb, 6 bytes, Stack size 0 bytes, stm32f2xx_hal.o(i.HAL_GetTick))
<BR><BR>[Called By]<UL><LI><a href="#[b5]">&gt;&gt;</a>&nbsp;&nbsp;&nbsp;HAL_CAN_Init
<LI><a href="#[ca]">&gt;&gt;</a>&nbsp;&nbsp;&nbsp;HAL_RCC_OscConfig
<LI><a href="#[c8]">&gt;&gt;</a>&nbsp;&nbsp;&nbsp;HAL_RCC_ClockConfig
<LI><a href="#[c7]">&gt;&gt;</a>&nbsp;&nbsp;&nbsp;HAL_RCCEx_PeriphCLKConfig
<LI><a href="#[cd]">&gt;&gt;</a>&nbsp;&nbsp;&nbsp;RTC_EnterInitMode
<LI><a href="#[d1]">&gt;&gt;</a>&nbsp;&nbsp;&nbsp;HAL_RTC_WaitForSynchro
<LI><a href="#[ec]">&gt;&gt;</a>&nbsp;&nbsp;&nbsp;HAL_UART_Transmit
<LI><a href="#[ed]">&gt;&gt;</a>&nbsp;&nbsp;&nbsp;UART_WaitOnFlagUntilTimeout
</UL>

<P><STRONG><a name="[df]"></a>HAL_IncTick</STRONG> (Thumb, 10 bytes, Stack size 0 bytes, stm32f2xx_hal.o(i.HAL_IncTick))
<BR><BR>[Called By]<UL><LI><a href="#[db]">&gt;&gt;</a>&nbsp;&nbsp;&nbsp;HAL_TIM_PeriodElapsedCallback
</UL>

<P><STRONG><a name="[be]"></a>HAL_Init</STRONG> (Thumb, 48 bytes, Stack size 8 bytes, stm32f2xx_hal.o(i.HAL_Init))
<BR><BR>[Stack]<UL><LI>Max Depth = 76<LI>Call Chain = HAL_Init &rArr; HAL_InitTick &rArr; HAL_TIM_Base_Init &rArr; TIM_Base_SetConfig
</UL>
<BR>[Calls]<UL><LI><a href="#[bf]">&gt;&gt;</a>&nbsp;&nbsp;&nbsp;HAL_NVIC_SetPriorityGrouping
<LI><a href="#[c1]">&gt;&gt;</a>&nbsp;&nbsp;&nbsp;HAL_MspInit
<LI><a href="#[c0]">&gt;&gt;</a>&nbsp;&nbsp;&nbsp;HAL_InitTick
</UL>
<BR>[Called By]<UL><LI><a href="#[81]">&gt;&gt;</a>&nbsp;&nbsp;&nbsp;main
</UL>

<P><STRONG><a name="[c0]"></a>HAL_InitTick</STRONG> (Thumb, 100 bytes, Stack size 40 bytes, stm32f2xx_hal_timebase_tim.o(i.HAL_InitTick))
<BR><BR>[Stack]<UL><LI>Max Depth = 68<LI>Call Chain = HAL_InitTick &rArr; HAL_TIM_Base_Init &rArr; TIM_Base_SetConfig
</UL>
<BR>[Calls]<UL><LI><a href="#[c5]">&gt;&gt;</a>&nbsp;&nbsp;&nbsp;HAL_TIM_Base_Start_IT
<LI><a href="#[c4]">&gt;&gt;</a>&nbsp;&nbsp;&nbsp;HAL_TIM_Base_Init
<LI><a href="#[c3]">&gt;&gt;</a>&nbsp;&nbsp;&nbsp;HAL_RCC_GetPCLK2Freq
<LI><a href="#[c2]">&gt;&gt;</a>&nbsp;&nbsp;&nbsp;HAL_RCC_GetClockConfig
<LI><a href="#[ba]">&gt;&gt;</a>&nbsp;&nbsp;&nbsp;HAL_NVIC_SetPriority
<LI><a href="#[bb]">&gt;&gt;</a>&nbsp;&nbsp;&nbsp;HAL_NVIC_EnableIRQ
</UL>
<BR>[Called By]<UL><LI><a href="#[c8]">&gt;&gt;</a>&nbsp;&nbsp;&nbsp;HAL_RCC_ClockConfig
<LI><a href="#[be]">&gt;&gt;</a>&nbsp;&nbsp;&nbsp;HAL_Init
</UL>

<P><STRONG><a name="[c1]"></a>HAL_MspInit</STRONG> (Thumb, 88 bytes, Stack size 8 bytes, stm32f2xx_hal_msp.o(i.HAL_MspInit))
<BR><BR>[Stack]<UL><LI>Max Depth = 24<LI>Call Chain = HAL_MspInit &rArr; HAL_NVIC_SetPriority
</UL>
<BR>[Calls]<UL><LI><a href="#[bf]">&gt;&gt;</a>&nbsp;&nbsp;&nbsp;HAL_NVIC_SetPriorityGrouping
<LI><a href="#[ba]">&gt;&gt;</a>&nbsp;&nbsp;&nbsp;HAL_NVIC_SetPriority
</UL>
<BR>[Called By]<UL><LI><a href="#[be]">&gt;&gt;</a>&nbsp;&nbsp;&nbsp;HAL_Init
</UL>

<P><STRONG><a name="[bb]"></a>HAL_NVIC_EnableIRQ</STRONG> (Thumb, 36 bytes, Stack size 8 bytes, stm32f2xx_hal_cortex.o(i.HAL_NVIC_EnableIRQ))
<BR><BR>[Stack]<UL><LI>Max Depth = 8<LI>Call Chain = HAL_NVIC_EnableIRQ
</UL>
<BR>[Calls]<UL><LI><a href="#[b6]">&gt;&gt;</a>&nbsp;&nbsp;&nbsp;assert_failed
</UL>
<BR>[Called By]<UL><LI><a href="#[b7]">&gt;&gt;</a>&nbsp;&nbsp;&nbsp;HAL_CAN_MspInit
<LI><a href="#[81]">&gt;&gt;</a>&nbsp;&nbsp;&nbsp;main
<LI><a href="#[c0]">&gt;&gt;</a>&nbsp;&nbsp;&nbsp;HAL_InitTick
</UL>

<P><STRONG><a name="[ba]"></a>HAL_NVIC_SetPriority</STRONG> (Thumb, 94 bytes, Stack size 16 bytes, stm32f2xx_hal_cortex.o(i.HAL_NVIC_SetPriority))
<BR><BR>[Stack]<UL><LI>Max Depth = 16<LI>Call Chain = HAL_NVIC_SetPriority
</UL>
<BR>[Calls]<UL><LI><a href="#[b6]">&gt;&gt;</a>&nbsp;&nbsp;&nbsp;assert_failed
<LI><a href="#[c6]">&gt;&gt;</a>&nbsp;&nbsp;&nbsp;NVIC_SetPriority
</UL>
<BR>[Called By]<UL><LI><a href="#[b7]">&gt;&gt;</a>&nbsp;&nbsp;&nbsp;HAL_CAN_MspInit
<LI><a href="#[c1]">&gt;&gt;</a>&nbsp;&nbsp;&nbsp;HAL_MspInit
<LI><a href="#[81]">&gt;&gt;</a>&nbsp;&nbsp;&nbsp;main
<LI><a href="#[103]">&gt;&gt;</a>&nbsp;&nbsp;&nbsp;SystemClock_Config
<LI><a href="#[c0]">&gt;&gt;</a>&nbsp;&nbsp;&nbsp;HAL_InitTick
</UL>

<P><STRONG><a name="[bf]"></a>HAL_NVIC_SetPriorityGrouping</STRONG> (Thumb, 58 bytes, Stack size 8 bytes, stm32f2xx_hal_cortex.o(i.HAL_NVIC_SetPriorityGrouping))
<BR><BR>[Stack]<UL><LI>Max Depth = 8<LI>Call Chain = HAL_NVIC_SetPriorityGrouping
</UL>
<BR>[Calls]<UL><LI><a href="#[b6]">&gt;&gt;</a>&nbsp;&nbsp;&nbsp;assert_failed
</UL>
<BR>[Called By]<UL><LI><a href="#[c1]">&gt;&gt;</a>&nbsp;&nbsp;&nbsp;HAL_MspInit
<LI><a href="#[be]">&gt;&gt;</a>&nbsp;&nbsp;&nbsp;HAL_Init
</UL>

<P><STRONG><a name="[c7]"></a>HAL_RCCEx_PeriphCLKConfig</STRONG> (Thumb, 576 bytes, Stack size 32 bytes, stm32f2xx_hal_rcc_ex.o(i.HAL_RCCEx_PeriphCLKConfig))
<BR><BR>[Stack]<UL><LI>Max Depth = 32<LI>Call Chain = HAL_RCCEx_PeriphCLKConfig
</UL>
<BR>[Calls]<UL><LI><a href="#[b6]">&gt;&gt;</a>&nbsp;&nbsp;&nbsp;assert_failed
<LI><a href="#[b8]">&gt;&gt;</a>&nbsp;&nbsp;&nbsp;HAL_GetTick
</UL>
<BR>[Called By]<UL><LI><a href="#[103]">&gt;&gt;</a>&nbsp;&nbsp;&nbsp;SystemClock_Config
</UL>

<P><STRONG><a name="[c8]"></a>HAL_RCC_ClockConfig</STRONG> (Thumb, 534 bytes, Stack size 32 bytes, stm32f2xx_hal_rcc.o(i.HAL_RCC_ClockConfig))
<BR><BR>[Stack]<UL><LI>Max Depth = 100<LI>Call Chain = HAL_RCC_ClockConfig &rArr; HAL_InitTick &rArr; HAL_TIM_Base_Init &rArr; TIM_Base_SetConfig
</UL>
<BR>[Calls]<UL><LI><a href="#[b6]">&gt;&gt;</a>&nbsp;&nbsp;&nbsp;assert_failed
<LI><a href="#[c0]">&gt;&gt;</a>&nbsp;&nbsp;&nbsp;HAL_InitTick
<LI><a href="#[c9]">&gt;&gt;</a>&nbsp;&nbsp;&nbsp;HAL_RCC_GetSysClockFreq
<LI><a href="#[b8]">&gt;&gt;</a>&nbsp;&nbsp;&nbsp;HAL_GetTick
</UL>
<BR>[Called By]<UL><LI><a href="#[103]">&gt;&gt;</a>&nbsp;&nbsp;&nbsp;SystemClock_Config
</UL>

<P><STRONG><a name="[c2]"></a>HAL_RCC_GetClockConfig</STRONG> (Thumb, 54 bytes, Stack size 0 bytes, stm32f2xx_hal_rcc.o(i.HAL_RCC_GetClockConfig))
<BR><BR>[Called By]<UL><LI><a href="#[c0]">&gt;&gt;</a>&nbsp;&nbsp;&nbsp;HAL_InitTick
</UL>

<P><STRONG><a name="[104]"></a>HAL_RCC_GetHCLKFreq</STRONG> (Thumb, 6 bytes, Stack size 0 bytes, stm32f2xx_hal_rcc.o(i.HAL_RCC_GetHCLKFreq))
<BR><BR>[Called By]<UL><LI><a href="#[103]">&gt;&gt;</a>&nbsp;&nbsp;&nbsp;SystemClock_Config
</UL>

<P><STRONG><a name="[105]"></a>HAL_RCC_GetPCLK1Freq</STRONG> (Thumb, 34 bytes, Stack size 0 bytes, stm32f2xx_hal_rcc.o(i.HAL_RCC_GetPCLK1Freq))
<BR><BR>[Called By]<UL><LI><a href="#[e9]">&gt;&gt;</a>&nbsp;&nbsp;&nbsp;UART_SetConfig
</UL>

<P><STRONG><a name="[c3]"></a>HAL_RCC_GetPCLK2Freq</STRONG> (Thumb, 34 bytes, Stack size 0 bytes, stm32f2xx_hal_rcc.o(i.HAL_RCC_GetPCLK2Freq))
<BR><BR>[Called By]<UL><LI><a href="#[c0]">&gt;&gt;</a>&nbsp;&nbsp;&nbsp;HAL_InitTick
<LI><a href="#[e9]">&gt;&gt;</a>&nbsp;&nbsp;&nbsp;UART_SetConfig
</UL>

<P><STRONG><a name="[c9]"></a>HAL_RCC_GetSysClockFreq</STRONG> (Thumb, 104 bytes, Stack size 12 bytes, stm32f2xx_hal_rcc.o(i.HAL_RCC_GetSysClockFreq))
<BR><BR>[Stack]<UL><LI>Max Depth = 12<LI>Call Chain = HAL_RCC_GetSysClockFreq
</UL>
<BR>[Called By]<UL><LI><a href="#[c8]">&gt;&gt;</a>&nbsp;&nbsp;&nbsp;HAL_RCC_ClockConfig
</UL>

<P><STRONG><a name="[ca]"></a>HAL_RCC_OscConfig</STRONG> (Thumb, 966 bytes, Stack size 40 bytes, stm32f2xx_hal_rcc.o(i.HAL_RCC_OscConfig))
<BR><BR>[Stack]<UL><LI>Max Depth = 40<LI>Call Chain = HAL_RCC_OscConfig
</UL>
<BR>[Calls]<UL><LI><a href="#[b6]">&gt;&gt;</a>&nbsp;&nbsp;&nbsp;assert_failed
<LI><a href="#[b8]">&gt;&gt;</a>&nbsp;&nbsp;&nbsp;HAL_GetTick
</UL>
<BR>[Called By]<UL><LI><a href="#[103]">&gt;&gt;</a>&nbsp;&nbsp;&nbsp;SystemClock_Config
</UL>

<P><STRONG><a name="[cb]"></a>HAL_RTC_Init</STRONG> (Thumb, 262 bytes, Stack size 16 bytes, stm32f2xx_hal_rtc.o(i.HAL_RTC_Init))
<BR><BR>[Stack]<UL><LI>Max Depth = 32<LI>Call Chain = HAL_RTC_Init &rArr; RTC_EnterInitMode
</UL>
<BR>[Calls]<UL><LI><a href="#[b6]">&gt;&gt;</a>&nbsp;&nbsp;&nbsp;assert_failed
<LI><a href="#[cc]">&gt;&gt;</a>&nbsp;&nbsp;&nbsp;HAL_RTC_MspInit
<LI><a href="#[cd]">&gt;&gt;</a>&nbsp;&nbsp;&nbsp;RTC_EnterInitMode
</UL>
<BR>[Called By]<UL><LI><a href="#[fe]">&gt;&gt;</a>&nbsp;&nbsp;&nbsp;MX_RTC_Init
</UL>

<P><STRONG><a name="[cc]"></a>HAL_RTC_MspInit</STRONG> (Thumb, 16 bytes, Stack size 0 bytes, rtc.o(i.HAL_RTC_MspInit))
<BR><BR>[Called By]<UL><LI><a href="#[cb]">&gt;&gt;</a>&nbsp;&nbsp;&nbsp;HAL_RTC_Init
</UL>

<P><STRONG><a name="[ce]"></a>HAL_RTC_SetDate</STRONG> (Thumb, 366 bytes, Stack size 32 bytes, stm32f2xx_hal_rtc.o(i.HAL_RTC_SetDate))
<BR><BR>[Stack]<UL><LI>Max Depth = 48<LI>Call Chain = HAL_RTC_SetDate &rArr; RTC_EnterInitMode
</UL>
<BR>[Calls]<UL><LI><a href="#[b6]">&gt;&gt;</a>&nbsp;&nbsp;&nbsp;assert_failed
<LI><a href="#[cd]">&gt;&gt;</a>&nbsp;&nbsp;&nbsp;RTC_EnterInitMode
<LI><a href="#[d0]">&gt;&gt;</a>&nbsp;&nbsp;&nbsp;RTC_ByteToBcd2
<LI><a href="#[cf]">&gt;&gt;</a>&nbsp;&nbsp;&nbsp;RTC_Bcd2ToByte
<LI><a href="#[d1]">&gt;&gt;</a>&nbsp;&nbsp;&nbsp;HAL_RTC_WaitForSynchro
</UL>
<BR>[Called By]<UL><LI><a href="#[fe]">&gt;&gt;</a>&nbsp;&nbsp;&nbsp;MX_RTC_Init
</UL>

<P><STRONG><a name="[d2]"></a>HAL_RTC_SetTime</STRONG> (Thumb, 462 bytes, Stack size 32 bytes, stm32f2xx_hal_rtc.o(i.HAL_RTC_SetTime))
<BR><BR>[Stack]<UL><LI>Max Depth = 48<LI>Call Chain = HAL_RTC_SetTime &rArr; RTC_EnterInitMode
</UL>
<BR>[Calls]<UL><LI><a href="#[b6]">&gt;&gt;</a>&nbsp;&nbsp;&nbsp;assert_failed
<LI><a href="#[cd]">&gt;&gt;</a>&nbsp;&nbsp;&nbsp;RTC_EnterInitMode
<LI><a href="#[d0]">&gt;&gt;</a>&nbsp;&nbsp;&nbsp;RTC_ByteToBcd2
<LI><a href="#[cf]">&gt;&gt;</a>&nbsp;&nbsp;&nbsp;RTC_Bcd2ToByte
<LI><a href="#[d1]">&gt;&gt;</a>&nbsp;&nbsp;&nbsp;HAL_RTC_WaitForSynchro
</UL>
<BR>[Called By]<UL><LI><a href="#[fe]">&gt;&gt;</a>&nbsp;&nbsp;&nbsp;MX_RTC_Init
</UL>

<P><STRONG><a name="[d1]"></a>HAL_RTC_WaitForSynchro</STRONG> (Thumb, 54 bytes, Stack size 16 bytes, stm32f2xx_hal_rtc.o(i.HAL_RTC_WaitForSynchro))
<BR><BR>[Stack]<UL><LI>Max Depth = 16<LI>Call Chain = HAL_RTC_WaitForSynchro
</UL>
<BR>[Calls]<UL><LI><a href="#[b8]">&gt;&gt;</a>&nbsp;&nbsp;&nbsp;HAL_GetTick
</UL>
<BR>[Called By]<UL><LI><a href="#[d2]">&gt;&gt;</a>&nbsp;&nbsp;&nbsp;HAL_RTC_SetTime
<LI><a href="#[ce]">&gt;&gt;</a>&nbsp;&nbsp;&nbsp;HAL_RTC_SetDate
</UL>

<P><STRONG><a name="[d3]"></a>HAL_SYSTICK_CLKSourceConfig</STRONG> (Thumb, 40 bytes, Stack size 8 bytes, stm32f2xx_hal_cortex.o(i.HAL_SYSTICK_CLKSourceConfig))
<BR><BR>[Stack]<UL><LI>Max Depth = 8<LI>Call Chain = HAL_SYSTICK_CLKSourceConfig
</UL>
<BR>[Calls]<UL><LI><a href="#[b6]">&gt;&gt;</a>&nbsp;&nbsp;&nbsp;assert_failed
</UL>
<BR>[Called By]<UL><LI><a href="#[103]">&gt;&gt;</a>&nbsp;&nbsp;&nbsp;SystemClock_Config
</UL>

<P><STRONG><a name="[d4]"></a>HAL_SYSTICK_Config</STRONG> (Thumb, 40 bytes, Stack size 8 bytes, stm32f2xx_hal_cortex.o(i.HAL_SYSTICK_Config))
<BR><BR>[Stack]<UL><LI>Max Depth = 8<LI>Call Chain = HAL_SYSTICK_Config
</UL>
<BR>[Calls]<UL><LI><a href="#[c6]">&gt;&gt;</a>&nbsp;&nbsp;&nbsp;NVIC_SetPriority
</UL>
<BR>[Called By]<UL><LI><a href="#[103]">&gt;&gt;</a>&nbsp;&nbsp;&nbsp;SystemClock_Config
</UL>

<P><STRONG><a name="[dc]"></a>HAL_TIMEx_BreakCallback</STRONG> (Thumb, 2 bytes, Stack size 0 bytes, stm32f2xx_hal_tim_ex.o(i.HAL_TIMEx_BreakCallback))
<BR><BR>[Called By]<UL><LI><a href="#[d7]">&gt;&gt;</a>&nbsp;&nbsp;&nbsp;HAL_TIM_IRQHandler
</UL>

<P><STRONG><a name="[de]"></a>HAL_TIMEx_CommutationCallback</STRONG> (Thumb, 2 bytes, Stack size 0 bytes, stm32f2xx_hal_tim_ex.o(i.HAL_TIMEx_CommutationCallback))
<BR><BR>[Called By]<UL><LI><a href="#[d7]">&gt;&gt;</a>&nbsp;&nbsp;&nbsp;HAL_TIM_IRQHandler
</UL>

<P><STRONG><a name="[c4]"></a>HAL_TIM_Base_Init</STRONG> (Thumb, 200 bytes, Stack size 8 bytes, stm32f2xx_hal_tim.o(i.HAL_TIM_Base_Init))
<BR><BR>[Stack]<UL><LI>Max Depth = 28<LI>Call Chain = HAL_TIM_Base_Init &rArr; TIM_Base_SetConfig
</UL>
<BR>[Calls]<UL><LI><a href="#[b6]">&gt;&gt;</a>&nbsp;&nbsp;&nbsp;assert_failed
<LI><a href="#[d6]">&gt;&gt;</a>&nbsp;&nbsp;&nbsp;TIM_Base_SetConfig
<LI><a href="#[d5]">&gt;&gt;</a>&nbsp;&nbsp;&nbsp;HAL_TIM_Base_MspInit
</UL>
<BR>[Called By]<UL><LI><a href="#[c0]">&gt;&gt;</a>&nbsp;&nbsp;&nbsp;HAL_InitTick
</UL>

<P><STRONG><a name="[d5]"></a>HAL_TIM_Base_MspInit</STRONG> (Thumb, 2 bytes, Stack size 0 bytes, stm32f2xx_hal_tim.o(i.HAL_TIM_Base_MspInit))
<BR><BR>[Called By]<UL><LI><a href="#[c4]">&gt;&gt;</a>&nbsp;&nbsp;&nbsp;HAL_TIM_Base_Init
</UL>

<P><STRONG><a name="[c5]"></a>HAL_TIM_Base_Start_IT</STRONG> (Thumb, 124 bytes, Stack size 8 bytes, stm32f2xx_hal_tim.o(i.HAL_TIM_Base_Start_IT))
<BR><BR>[Stack]<UL><LI>Max Depth = 8<LI>Call Chain = HAL_TIM_Base_Start_IT
</UL>
<BR>[Calls]<UL><LI><a href="#[b6]">&gt;&gt;</a>&nbsp;&nbsp;&nbsp;assert_failed
</UL>
[...]
<LI><a href="#[156]">&gt;&gt;</a>&nbsp;&nbsp;&nbsp;prvProcessTimerOrBlockTask
</UL>

<P><STRONG><a name="[11b]"></a>xTimerCreate</STRONG> (Thumb, 62 bytes, Stack size 32 bytes, timers.o(i.xTimerCreate))
<BR><BR>[Stack]<UL><LI>Max Depth = 144<LI>Call Chain = xTimerCreate &rArr; prvCheckForValidListAndQueue &rArr; xQueueGenericCreate &rArr; pvPortMalloc &rArr; xTaskResumeAll &rArr; xTaskIncrementTick
</UL>
<BR>[Calls]<UL><LI><a href="#[179]">&gt;&gt;</a>&nbsp;&nbsp;&nbsp;vListInitialiseItem
<LI><a href="#[146]">&gt;&gt;</a>&nbsp;&nbsp;&nbsp;ulPortSetInterruptMask
<LI><a href="#[15c]">&gt;&gt;</a>&nbsp;&nbsp;&nbsp;pvPortMalloc
<LI><a href="#[141]">&gt;&gt;</a>&nbsp;&nbsp;&nbsp;prvCheckForValidListAndQueue
</UL>
<BR>[Called By]<UL><LI><a href="#[f9]">&gt;&gt;</a>&nbsp;&nbsp;&nbsp;osTimerCreate
<LI><a href="#[1]">&gt;&gt;</a>&nbsp;&nbsp;&nbsp;fsm_timer_init
</UL>

<P><STRONG><a name="[16c]"></a>xTimerCreateTimerTask</STRONG> (Thumb, 50 bytes, Stack size 24 bytes, timers.o(i.xTimerCreateTimerTask))
<BR><BR>[Stack]<UL><LI>Max Depth = 160<LI>Call Chain = xTimerCreateTimerTask &rArr; xTaskGenericCreate &rArr; pvPortMalloc &rArr; xTaskResumeAll &rArr; xTaskIncrementTick
</UL>
<BR>[Calls]<UL><LI><a href="#[146]">&gt;&gt;</a>&nbsp;&nbsp;&nbsp;ulPortSetInterruptMask
<LI><a href="#[132]">&gt;&gt;</a>&nbsp;&nbsp;&nbsp;xTaskGenericCreate
<LI><a href="#[141]">&gt;&gt;</a>&nbsp;&nbsp;&nbsp;prvCheckForValidListAndQueue
</UL>
<BR>[Called By]<UL><LI><a href="#[13b]">&gt;&gt;</a>&nbsp;&nbsp;&nbsp;vTaskStartScheduler
</UL>

<P><STRONG><a name="[11e]"></a>xTimerGenericCommand</STRONG> (Thumb, 82 bytes, Stack size 32 bytes, timers.o(i.xTimerGenericCommand))
<BR><BR>[Stack]<UL><LI>Max Depth = 136<LI>Call Chain = xTimerGenericCommand &rArr; xQueueGenericSend &rArr; xTaskResumeAll &rArr; xTaskIncrementTick
</UL>
<BR>[Calls]<UL><LI><a href="#[177]">&gt;&gt;</a>&nbsp;&nbsp;&nbsp;xQueueGenericSendFromISR
<LI><a href="#[129]">&gt;&gt;</a>&nbsp;&nbsp;&nbsp;xQueueGenericSend
<LI><a href="#[146]">&gt;&gt;</a>&nbsp;&nbsp;&nbsp;ulPortSetInterruptMask
<LI><a href="#[13c]">&gt;&gt;</a>&nbsp;&nbsp;&nbsp;xTaskGetSchedulerState
</UL>
<BR>[Called By]<UL><LI><a href="#[158]">&gt;&gt;</a>&nbsp;&nbsp;&nbsp;prvSwitchTimerLists
<LI><a href="#[156]">&gt;&gt;</a>&nbsp;&nbsp;&nbsp;prvProcessTimerOrBlockTask
<LI><a href="#[154]">&gt;&gt;</a>&nbsp;&nbsp;&nbsp;prvProcessReceivedCommands
<LI><a href="#[1]">&gt;&gt;</a>&nbsp;&nbsp;&nbsp;fsm_timer_init
</UL>
<P>
<H3>
Local Symbols
</H3>
<P><STRONG><a name="[a4]"></a>CAN_Receive_IT</STRONG> (Thumb, 296 bytes, Stack size 8 bytes, stm32f2xx_hal_can.o(i.CAN_Receive_IT))
<BR><BR>[Stack]<UL><LI>Max Depth = 8<LI>Call Chain = CAN_Receive_IT
</UL>
<BR>[Calls]<UL><LI><a href="#[a5]">&gt;&gt;</a>&nbsp;&nbsp;&nbsp;HAL_CAN_RxCpltCallback
</UL>
<BR>[Called By]<UL><LI><a href="#[a3]">&gt;&gt;</a>&nbsp;&nbsp;&nbsp;HAL_CAN_IRQHandler
</UL>

<P><STRONG><a name="[a6]"></a>CAN_Transmit_IT</STRONG> (Thumb, 96 bytes, Stack size 8 bytes, stm32f2xx_hal_can.o(i.CAN_Transmit_IT))
<BR><BR>[Stack]<UL><LI>Max Depth = 8<LI>Call Chain = CAN_Transmit_IT
</UL>
<BR>[Calls]<UL><LI><a href="#[a7]">&gt;&gt;</a>&nbsp;&nbsp;&nbsp;HAL_CAN_TxCpltCallback
</UL>
<BR>[Called By]<UL><LI><a href="#[a3]">&gt;&gt;</a>&nbsp;&nbsp;&nbsp;HAL_CAN_IRQHandler
</UL>

<P><STRONG><a name="[84]"></a>UART_DMAAbortOnError</STRONG> (Thumb, 16 bytes, Stack size 8 bytes, stm32f2xx_hal_uart.o(i.UART_DMAAbortOnError))
<BR><BR>[Stack]<UL><LI>Max Depth = 8<LI>Call Chain = UART_DMAAbortOnError
</UL>
<BR>[Calls]<UL><LI><a href="#[e4]">&gt;&gt;</a>&nbsp;&nbsp;&nbsp;HAL_UART_ErrorCallback
</UL>
<BR>[Address Reference Count : 1]<UL><LI> stm32f2xx_hal_uart.o(i.HAL_UART_IRQHandler)
</UL>
<P><STRONG><a name="[e2]"></a>UART_EndRxTransfer</STRONG> (Thumb, 28 bytes, Stack size 0 bytes, stm32f2xx_hal_uart.o(i.UART_EndRxTransfer))
<BR><BR>[Called By]<UL><LI><a href="#[e0]">&gt;&gt;</a>&nbsp;&nbsp;&nbsp;HAL_UART_IRQHandler
</UL>

<P><STRONG><a name="[e1]"></a>UART_Receive_IT</STRONG> (Thumb, 140 bytes, Stack size 8 bytes, stm32f2xx_hal_uart.o(i.UART_Receive_IT))
<BR><BR>[Stack]<UL><LI>Max Depth = 40<LI>Call Chain = UART_Receive_IT &rArr; HAL_UART_RxCpltCallback
</UL>
<BR>[Calls]<UL><LI><a href="#[ea]">&gt;&gt;</a>&nbsp;&nbsp;&nbsp;HAL_UART_RxCpltCallback
</UL>
<BR>[Called By]<UL><LI><a href="#[e0]">&gt;&gt;</a>&nbsp;&nbsp;&nbsp;HAL_UART_IRQHandler
</UL>

<P><STRONG><a name="[e9]"></a>UART_SetConfig</STRONG> (Thumb, 762 bytes, Stack size 24 bytes, stm32f2xx_hal_uart.o(i.UART_SetConfig))
<BR><BR>[Stack]<UL><LI>Max Depth = 24<LI>Call Chain = UART_SetConfig
</UL>
<BR>[Calls]<UL><LI><a href="#[b6]">&gt;&gt;</a>&nbsp;&nbsp;&nbsp;assert_failed
<LI><a href="#[c3]">&gt;&gt;</a>&nbsp;&nbsp;&nbsp;HAL_RCC_GetPCLK2Freq
<LI><a href="#[105]">&gt;&gt;</a>&nbsp;&nbsp;&nbsp;HAL_RCC_GetPCLK1Freq
</UL>
<BR>[Called By]<UL><LI><a href="#[e7]">&gt;&gt;</a>&nbsp;&nbsp;&nbsp;HAL_UART_Init
</UL>

<P><STRONG><a name="[e5]"></a>UART_Transmit_IT</STRONG> (Thumb, 98 bytes, Stack size 0 bytes, stm32f2xx_hal_uart.o(i.UART_Transmit_IT))
<BR><BR>[Called By]<UL><LI><a href="#[e0]">&gt;&gt;</a>&nbsp;&nbsp;&nbsp;HAL_UART_IRQHandler
</UL>

<P><STRONG><a name="[ed]"></a>UART_WaitOnFlagUntilTimeout</STRONG> (Thumb, 100 bytes, Stack size 24 bytes, stm32f2xx_hal_uart.o(i.UART_WaitOnFlagUntilTimeout))
<BR><BR>[Stack]<UL><LI>Max Depth = 24<LI>Call Chain = UART_WaitOnFlagUntilTimeout
</UL>
<BR>[Calls]<UL><LI><a href="#[b8]">&gt;&gt;</a>&nbsp;&nbsp;&nbsp;HAL_GetTick
</UL>
<BR>[Called By]<UL><LI><a href="#[ec]">&gt;&gt;</a>&nbsp;&nbsp;&nbsp;HAL_UART_Transmit
</UL>

<P><STRONG><a name="[c6]"></a>NVIC_SetPriority</STRONG> (Thumb, 32 bytes, Stack size 0 bytes, stm32f2xx_hal_cortex.o(i.NVIC_SetPriority))
<BR><BR>[Called By]<UL><LI><a href="#[d4]">&gt;&gt;</a>&nbsp;&nbsp;&nbsp;HAL_SYSTICK_Config
<LI><a href="#[ba]">&gt;&gt;</a>&nbsp;&nbsp;&nbsp;HAL_NVIC_SetPriority
</UL>

<P><STRONG><a name="[13f]"></a>prvAddCurrentTaskToDelayedList</STRONG> (Thumb, 48 bytes, Stack size 16 bytes, tasks.o(i.prvAddCurrentTaskToDelayedList))
<BR><BR>[Stack]<UL><LI>Max Depth = 28<LI>Call Chain = prvAddCurrentTaskToDelayedList &rArr; vListInsert
</UL>
<BR>[Calls]<UL><LI><a href="#[140]">&gt;&gt;</a>&nbsp;&nbsp;&nbsp;vListInsert
</UL>
<BR>[Called By]<UL><LI><a href="#[167]">&gt;&gt;</a>&nbsp;&nbsp;&nbsp;vTaskPlaceOnEventListRestricted
<LI><a href="#[168]">&gt;&gt;</a>&nbsp;&nbsp;&nbsp;vTaskPlaceOnEventList
<LI><a href="#[12e]">&gt;&gt;</a>&nbsp;&nbsp;&nbsp;vTaskDelay
</UL>

<P><STRONG><a name="[147]"></a>prvCheckTasksWaitingTermination</STRONG> (Thumb, 76 bytes, Stack size 16 bytes, tasks.o(i.prvCheckTasksWaitingTermination))
<BR><BR>[Stack]<UL><LI>Max Depth = 88<LI>Call Chain = prvCheckTasksWaitingTermination &rArr; vPortFree &rArr; xTaskResumeAll &rArr; xTaskIncrementTick
</UL>
<BR>[Calls]<UL><LI><a href="#[14b]">&gt;&gt;</a>&nbsp;&nbsp;&nbsp;vPortFree
<LI><a href="#[145]">&gt;&gt;</a>&nbsp;&nbsp;&nbsp;vPortExitCritical
<LI><a href="#[142]">&gt;&gt;</a>&nbsp;&nbsp;&nbsp;vPortEnterCritical
<LI><a href="#[14a]">&gt;&gt;</a>&nbsp;&nbsp;&nbsp;uxListRemove
<LI><a href="#[149]">&gt;&gt;</a>&nbsp;&nbsp;&nbsp;xTaskResumeAll
<LI><a href="#[148]">&gt;&gt;</a>&nbsp;&nbsp;&nbsp;vTaskSuspendAll
</UL>
<BR>[Called By]<UL><LI><a href="#[8b]">&gt;&gt;</a>&nbsp;&nbsp;&nbsp;prvIdleTask
</UL>

<P><STRONG><a name="[151]"></a>prvGetExpectedIdleTime</STRONG> (Thumb, 28 bytes, Stack size 0 bytes, tasks.o(i.prvGetExpectedIdleTime))
<BR><BR>[Called By]<UL><LI><a href="#[8b]">&gt;&gt;</a>&nbsp;&nbsp;&nbsp;prvIdleTask
</UL>

<P><STRONG><a name="[8b]"></a>prvIdleTask</STRONG> (Thumb, 66 bytes, Stack size 0 bytes, tasks.o(i.prvIdleTask))
<BR><BR>[Stack]<UL><LI>Max Depth = 88<LI>Call Chain = prvIdleTask &rArr; prvCheckTasksWaitingTermination &rArr; vPortFree &rArr; xTaskResumeAll &rArr; xTaskIncrementTick
</UL>
<BR>[Calls]<UL><LI><a href="#[150]">&gt;&gt;</a>&nbsp;&nbsp;&nbsp;vApplicationIdleHook
<LI><a href="#[14f]">&gt;&gt;</a>&nbsp;&nbsp;&nbsp;vPortYield
<LI><a href="#[152]">&gt;&gt;</a>&nbsp;&nbsp;&nbsp;vPortSuppressTicksAndSleep
<LI><a href="#[146]">&gt;&gt;</a>&nbsp;&nbsp;&nbsp;ulPortSetInterruptMask
<LI><a href="#[149]">&gt;&gt;</a>&nbsp;&nbsp;&nbsp;xTaskResumeAll
<LI><a href="#[148]">&gt;&gt;</a>&nbsp;&nbsp;&nbsp;vTaskSuspendAll
<LI><a href="#[151]">&gt;&gt;</a>&nbsp;&nbsp;&nbsp;prvGetExpectedIdleTime
<LI><a href="#[147]">&gt;&gt;</a>&nbsp;&nbsp;&nbsp;prvCheckTasksWaitingTermination
</UL>
<BR>[Address Reference Count : 1]<UL><LI> tasks.o(i.vTaskStartScheduler)
</UL>
<P><STRONG><a name="[17b]"></a>prvResetNextTaskUnblockTime</STRONG> (Thumb, 26 bytes, Stack size 0 bytes, tasks.o(i.prvResetNextTaskUnblockTime))
<BR><BR>[Called By]<UL><LI><a href="#[15a]">&gt;&gt;</a>&nbsp;&nbsp;&nbsp;xTaskRemoveFromEventList
<LI><a href="#[173]">&gt;&gt;</a>&nbsp;&nbsp;&nbsp;xTaskIncrementTick
</UL>

<P><STRONG><a name="[13e]"></a>makeFreeRtosPriority</STRONG> (Thumb, 12 bytes, Stack size 0 bytes, cmsis_os.o(i.makeFreeRtosPriority))
<BR><BR>[Called By]<UL><LI><a href="#[fb]">&gt;&gt;</a>&nbsp;&nbsp;&nbsp;osThreadCreate
</UL>

<P><STRONG><a name="[141]"></a>prvCheckForValidListAndQueue</STRONG> (Thumb, 68 bytes, Stack size 8 bytes, timers.o(i.prvCheckForValidListAndQueue))
<BR><BR>[Stack]<UL><LI>Max Depth = 112<LI>Call Chain = prvCheckForValidListAndQueue &rArr; xQueueGenericCreate &rArr; pvPortMalloc &rArr; xTaskResumeAll &rArr; xTaskIncrementTick
</UL>
<BR>[Calls]<UL><LI><a href="#[125]">&gt;&gt;</a>&nbsp;&nbsp;&nbsp;xQueueGenericCreate
<LI><a href="#[145]">&gt;&gt;</a>&nbsp;&nbsp;&nbsp;vPortExitCritical
<LI><a href="#[142]">&gt;&gt;</a>&nbsp;&nbsp;&nbsp;vPortEnterCritical
<LI><a href="#[143]">&gt;&gt;</a>&nbsp;&nbsp;&nbsp;vListInitialise
<LI><a href="#[146]">&gt;&gt;</a>&nbsp;&nbsp;&nbsp;ulPortSetInterruptMask
<LI><a href="#[144]">&gt;&gt;</a>&nbsp;&nbsp;&nbsp;vQueueAddToRegistry
</UL>
<BR>[Called By]<UL><LI><a href="#[16c]">&gt;&gt;</a>&nbsp;&nbsp;&nbsp;xTimerCreateTimerTask
<LI><a href="#[11b]">&gt;&gt;</a>&nbsp;&nbsp;&nbsp;xTimerCreate
</UL>

<P><STRONG><a name="[153]"></a>prvInsertTimerInActiveList</STRONG> (Thumb, 52 bytes, Stack size 16 bytes, timers.o(i.prvInsertTimerInActiveList))
<BR><BR>[Stack]<UL><LI>Max Depth = 28<LI>Call Chain = prvInsertTimerInActiveList &rArr; vListInsert
</UL>
<BR>[Calls]<UL><LI><a href="#[140]">&gt;&gt;</a>&nbsp;&nbsp;&nbsp;vListInsert
</UL>
<BR>[Called By]<UL><LI><a href="#[156]">&gt;&gt;</a>&nbsp;&nbsp;&nbsp;prvProcessTimerOrBlockTask
<LI><a href="#[154]">&gt;&gt;</a>&nbsp;&nbsp;&nbsp;prvProcessReceivedCommands
</UL>

<P><STRONG><a name="[154]"></a>prvProcessReceivedCommands</STRONG> (Thumb, 162 bytes, Stack size 40 bytes, timers.o(i.prvProcessReceivedCommands))
<BR><BR>[Stack]<UL><LI>Max Depth = 216<LI>Call Chain = prvProcessReceivedCommands &rArr; prvSampleTimeNow &rArr; prvSwitchTimerLists &rArr; xTimerGenericCommand &rArr; xQueueGenericSend &rArr; xTaskResumeAll &rArr; xTaskIncrementTick
</UL>
<BR>[Calls]<UL><LI><a href="#[128]">&gt;&gt;</a>&nbsp;&nbsp;&nbsp;xQueueGenericReceive
<LI><a href="#[14b]">&gt;&gt;</a>&nbsp;&nbsp;&nbsp;vPortFree
<LI><a href="#[14a]">&gt;&gt;</a>&nbsp;&nbsp;&nbsp;uxListRemove
<LI><a href="#[146]">&gt;&gt;</a>&nbsp;&nbsp;&nbsp;ulPortSetInterruptMask
<LI><a href="#[155]">&gt;&gt;</a>&nbsp;&nbsp;&nbsp;prvSampleTimeNow
<LI><a href="#[153]">&gt;&gt;</a>&nbsp;&nbsp;&nbsp;prvInsertTimerInActiveList
<LI><a href="#[11e]">&gt;&gt;</a>&nbsp;&nbsp;&nbsp;xTimerGenericCommand
</UL>
<BR>[Called By]<UL><LI><a href="#[8c]">&gt;&gt;</a>&nbsp;&nbsp;&nbsp;prvTimerTask
</UL>

<P><STRONG><a name="[156]"></a>prvProcessTimerOrBlockTask</STRONG> (Thumb, 152 bytes, Stack size 32 bytes, timers.o(i.prvProcessTimerOrBlockTask))
<BR><BR>[Stack]<UL><LI>Max Depth = 208<LI>Call Chain = prvProcessTimerOrBlockTask &rArr; prvSampleTimeNow &rArr; prvSwitchTimerLists &rArr; xTimerGenericCommand &rArr; xQueueGenericSend &rArr; xTaskResumeAll &rArr; xTaskIncrementTick
</UL>
<BR>[Calls]<UL><LI><a href="#[14f]">&gt;&gt;</a>&nbsp;&nbsp;&nbsp;vPortYield
<LI><a href="#[14a]">&gt;&gt;</a>&nbsp;&nbsp;&nbsp;uxListRemove
<LI><a href="#[146]">&gt;&gt;</a>&nbsp;&nbsp;&nbsp;ulPortSetInterruptMask
<LI><a href="#[149]">&gt;&gt;</a>&nbsp;&nbsp;&nbsp;xTaskResumeAll
<LI><a href="#[148]">&gt;&gt;</a>&nbsp;&nbsp;&nbsp;vTaskSuspendAll
<LI><a href="#[157]">&gt;&gt;</a>&nbsp;&nbsp;&nbsp;vQueueWaitForMessageRestricted
<LI><a href="#[155]">&gt;&gt;</a>&nbsp;&nbsp;&nbsp;prvSampleTimeNow
<LI><a href="#[153]">&gt;&gt;</a>&nbsp;&nbsp;&nbsp;prvInsertTimerInActiveList
<LI><a href="#[11e]">&gt;&gt;</a>&nbsp;&nbsp;&nbsp;xTimerGenericCommand
</UL>
<BR>[Called By]<UL><LI><a href="#[8c]">&gt;&gt;</a>&nbsp;&nbsp;&nbsp;prvTimerTask
</UL>

<P><STRONG><a name="[155]"></a>prvSampleTimeNow</STRONG> (Thumb, 36 bytes, Stack size 16 bytes, timers.o(i.prvSampleTimeNow))
<BR><BR>[Stack]<UL><LI>Max Depth = 176<LI>Call Chain = prvSampleTimeNow &rArr; prvSwitchTimerLists &rArr; xTimerGenericCommand &rArr; xQueueGenericSend &rArr; xTaskResumeAll &rArr; xTaskIncrementTick
</UL>
<BR>[Calls]<UL><LI><a href="#[11d]">&gt;&gt;</a>&nbsp;&nbsp;&nbsp;xTaskGetTickCount
<LI><a href="#[158]">&gt;&gt;</a>&nbsp;&nbsp;&nbsp;prvSwitchTimerLists
</UL>
<BR>[Called By]<UL><LI><a href="#[156]">&gt;&gt;</a>&nbsp;&nbsp;&nbsp;prvProcessTimerOrBlockTask
<LI><a href="#[154]">&gt;&gt;</a>&nbsp;&nbsp;&nbsp;prvProcessReceivedCommands
</UL>

<P><STRONG><a name="[158]"></a>prvSwitchTimerLists</STRONG> (Thumb, 92 bytes, Stack size 24 bytes, timers.o(i.prvSwitchTimerLists))
<BR><BR>[Stack]<UL><LI>Max Depth = 160<LI>Call Chain = prvSwitchTimerLists &rArr; xTimerGenericCommand &rArr; xQueueGenericSend &rArr; xTaskResumeAll &rArr; xTaskIncrementTick
</UL>
<BR>[Calls]<UL><LI><a href="#[140]">&gt;&gt;</a>&nbsp;&nbsp;&nbsp;vListInsert
<LI><a href="#[14a]">&gt;&gt;</a>&nbsp;&nbsp;&nbsp;uxListRemove
<LI><a href="#[146]">&gt;&gt;</a>&nbsp;&nbsp;&nbsp;ulPortSetInterruptMask
<LI><a href="#[11e]">&gt;&gt;</a>&nbsp;&nbsp;&nbsp;xTimerGenericCommand
</UL>
<BR>[Called By]<UL><LI><a href="#[155]">&gt;&gt;</a>&nbsp;&nbsp;&nbsp;prvSampleTimeNow
</UL>

<P><STRONG><a name="[8c]"></a>prvTimerTask</STRONG> (Thumb, 32 bytes, Stack size 0 bytes, timers.o(i.prvTimerTask))
<BR><BR>[Stack]<UL><LI>Max Depth = 216<LI>Call Chain = prvTimerTask &rArr; prvProcessReceivedCommands &rArr; prvSampleTimeNow &rArr; prvSwitchTimerLists &rArr; xTimerGenericCommand &rArr; xQueueGenericSend &rArr; xTaskResumeAll &rArr; xTaskIncrementTick
</UL>
<BR>[Calls]<UL><LI><a href="#[156]">&gt;&gt;</a>&nbsp;&nbsp;&nbsp;prvProcessTimerOrBlockTask
<LI><a href="#[154]">&gt;&gt;</a>&nbsp;&nbsp;&nbsp;prvProcessReceivedCommands
</UL>
<BR>[Address Reference Count : 1]<UL><LI> timers.o(i.xTimerCreateTimerTask)
</UL>
<P><STRONG><a name="[8a]"></a>prvTaskExitError</STRONG> (Thumb, 20 bytes, Stack size 0 bytes, port.o(i.prvTaskExitError))
<BR><BR>[Calls]<UL><LI><a href="#[146]">&gt;&gt;</a>&nbsp;&nbsp;&nbsp;ulPortSetInterruptMask
</UL>
<BR>[Address Reference Count : 1]<UL><LI> port.o(i.pxPortInitialiseStack)
</UL>
<P><STRONG><a name="[15d]"></a>prvHeapInit</STRONG> (Thumb, 66 bytes, Stack size 0 bytes, heap_4.o(i.prvHeapInit))
<BR><BR>[Called By]<UL><LI><a href="#[15c]">&gt;&gt;</a>&nbsp;&nbsp;&nbsp;pvPortMalloc
</UL>

<P><STRONG><a name="[15e]"></a>prvInsertBlockIntoFreeList</STRONG> (Thumb, 72 bytes, Stack size 12 bytes, heap_4.o(i.prvInsertBlockIntoFreeList))
<BR><BR>[Stack]<UL><LI>Max Depth = 12<LI>Call Chain = prvInsertBlockIntoFreeList
</UL>
<BR>[Called By]<UL><LI><a href="#[14b]">&gt;&gt;</a>&nbsp;&nbsp;&nbsp;vPortFree
<LI><a href="#[15c]">&gt;&gt;</a>&nbsp;&nbsp;&nbsp;pvPortMalloc
</UL>

<P><STRONG><a name="[14c]"></a>prvCopyDataFromQueue</STRONG> (Thumb, 38 bytes, Stack size 8 bytes, queue.o(i.prvCopyDataFromQueue))
<BR><BR>[Stack]<UL><LI>Max Depth = 8<LI>Call Chain = prvCopyDataFromQueue
</UL>
<BR>[Calls]<UL><LI><a href="#[113]">&gt;&gt;</a>&nbsp;&nbsp;&nbsp;__aeabi_memcpy
</UL>
<BR>[Called By]<UL><LI><a href="#[128]">&gt;&gt;</a>&nbsp;&nbsp;&nbsp;xQueueGenericReceive
</UL>

<P><STRONG><a name="[14d]"></a>prvCopyDataToQueue</STRONG> (Thumb, 110 bytes, Stack size 16 bytes, queue.o(i.prvCopyDataToQueue))
<BR><BR>[Stack]<UL><LI>Max Depth = 32<LI>Call Chain = prvCopyDataToQueue &rArr; xTaskPriorityDisinherit
</UL>
<BR>[Calls]<UL><LI><a href="#[14e]">&gt;&gt;</a>&nbsp;&nbsp;&nbsp;xTaskPriorityDisinherit
<LI><a href="#[113]">&gt;&gt;</a>&nbsp;&nbsp;&nbsp;__aeabi_memcpy
</UL>
<BR>[Called By]<UL><LI><a href="#[177]">&gt;&gt;</a>&nbsp;&nbsp;&nbsp;xQueueGenericSendFromISR
<LI><a href="#[129]">&gt;&gt;</a>&nbsp;&nbsp;&nbsp;xQueueGenericSend
</UL>

<P><STRONG><a name="[159]"></a>prvUnlockQueue</STRONG> (Thumb, 100 bytes, Stack size 16 bytes, queue.o(i.prvUnlockQueue))
<BR><BR>[Stack]<UL><LI>Max Depth = 40<LI>Call Chain = prvUnlockQueue &rArr; xTaskRemoveFromEventList
</UL>
<BR>[Calls]<UL><LI><a href="#[145]">&gt;&gt;</a>&nbsp;&nbsp;&nbsp;vPortExitCritical
<LI><a href="#[142]">&gt;&gt;</a>&nbsp;&nbsp;&nbsp;vPortEnterCritical
<LI><a href="#[15a]">&gt;&gt;</a>&nbsp;&nbsp;&nbsp;xTaskRemoveFromEventList
<LI><a href="#[15b]">&gt;&gt;</a>&nbsp;&nbsp;&nbsp;vTaskMissedYield
</UL>
<BR>[Called By]<UL><LI><a href="#[129]">&gt;&gt;</a>&nbsp;&nbsp;&nbsp;xQueueGenericSend
<LI><a href="#[128]">&gt;&gt;</a>&nbsp;&nbsp;&nbsp;xQueueGenericReceive
<LI><a href="#[157]">&gt;&gt;</a>&nbsp;&nbsp;&nbsp;vQueueWaitForMessageRestricted
</UL>

<P><STRONG><a name="[10b]"></a>_fp_digits</STRONG> (Thumb, 334 bytes, Stack size 56 bytes, printfa.o(i._fp_digits), UNUSED)
<BR><BR>[Calls]<UL><LI><a href="#[96]">&gt;&gt;</a>&nbsp;&nbsp;&nbsp;__aeabi_uldivmod
<LI><a href="#[9f]">&gt;&gt;</a>&nbsp;&nbsp;&nbsp;__aeabi_dmul
<LI><a href="#[a0]">&gt;&gt;</a>&nbsp;&nbsp;&nbsp;__aeabi_ddiv
<LI><a href="#[9b]">&gt;&gt;</a>&nbsp;&nbsp;&nbsp;__aeabi_dadd
<LI><a href="#[a1]">&gt;&gt;</a>&nbsp;&nbsp;&nbsp;__aeabi_d2ulz
<LI><a href="#[10c]">&gt;&gt;</a>&nbsp;&nbsp;&nbsp;__aeabi_cdrcmple
</UL>
<BR>[Called By]<UL><LI><a href="#[107]">&gt;&gt;</a>&nbsp;&nbsp;&nbsp;_printf_core
</UL>

<P><STRONG><a name="[107]"></a>_printf_core</STRONG> (Thumb, 1744 bytes, Stack size 136 bytes, printfa.o(i._printf_core), UNUSED)
<BR><BR>[Calls]<UL><LI><a href="#[96]">&gt;&gt;</a>&nbsp;&nbsp;&nbsp;__aeabi_uldivmod
<LI><a href="#[10f]">&gt;&gt;</a>&nbsp;&nbsp;&nbsp;__aeabi_uidivmod
<LI><a href="#[10d]">&gt;&gt;</a>&nbsp;&nbsp;&nbsp;_printf_pre_padding
<LI><a href="#[10e]">&gt;&gt;</a>&nbsp;&nbsp;&nbsp;_printf_post_padding
<LI><a href="#[10b]">&gt;&gt;</a>&nbsp;&nbsp;&nbsp;_fp_digits
</UL>
<BR>[Called By]<UL><LI><a href="#[10a]">&gt;&gt;</a>&nbsp;&nbsp;&nbsp;__0vsnprintf
<LI><a href="#[109]">&gt;&gt;</a>&nbsp;&nbsp;&nbsp;__0sprintf
<LI><a href="#[108]">&gt;&gt;</a>&nbsp;&nbsp;&nbsp;__0snprintf
<LI><a href="#[106]">&gt;&gt;</a>&nbsp;&nbsp;&nbsp;__0printf
</UL>

<P><STRONG><a name="[10e]"></a>_printf_post_padding</STRONG> (Thumb, 36 bytes, Stack size 24 bytes, printfa.o(i._printf_post_padding), UNUSED)
<BR><BR>[Called By]<UL><LI><a href="#[107]">&gt;&gt;</a>&nbsp;&nbsp;&nbsp;_printf_core
</UL>

<P><STRONG><a name="[10d]"></a>_printf_pre_padding</STRONG> (Thumb, 46 bytes, Stack size 24 bytes, printfa.o(i._printf_pre_padding), UNUSED)
<BR><BR>[Called By]<UL><LI><a href="#[107]">&gt;&gt;</a>&nbsp;&nbsp;&nbsp;_printf_core
</UL>

<P><STRONG><a name="[86]"></a>_snputc</STRONG> (Thumb, 22 bytes, Stack size 0 bytes, printfa.o(i._snputc))
<BR>[Address Reference Count : 2]<UL><LI> printfa.o(i.__0vsnprintf)
<LI> printfa.o(i.__0snprintf)
</UL>
<P><STRONG><a name="[87]"></a>_sputc</STRONG> (Thumb, 10 bytes, Stack size 0 bytes, printfa.o(i._sputc))
<BR><BR>[Called By]<UL><LI><a href="#[109]">&gt;&gt;</a>&nbsp;&nbsp;&nbsp;__0sprintf
</UL>
<BR>[Address Reference Count : 1]<UL><LI> printfa.o(i.__0sprintf)
</UL><P>
<H3>
Undefined Global Symbols
</H3><HR></body></html>
