Component: ARM Compiler 5.06 update 1 (build 61) Tool: armlink [4d35a8]

==============================================================================

Section Cross References

    boot_vectors.o(RESET) refers to boot_vectors.o(STACK) for __initial_sp
    boot_vectors.o(RESET) refers to boot_vectors.o(.text) for Reset_Handler
    boot_vectors.o(RESET) refers to systick.o(.text) for SysTick_Handler
    boot_vectors.o(RESET) refers to rwble.o(.text) for BLE_WAKEUP_LP_Handler
    boot_vectors.o(RESET) refers to pwm.o(.text) for SWTIM_Handler
    boot_vectors.o(RESET) refers to wkupct_quadec.o(.text) for WKUP_QUADEC_Handler
    boot_vectors.o(RESET) refers to uart2.o(.text) for UART2_Handler
    boot_vectors.o(RESET) refers to gpio.o(.text) for GPIO0_Handler
    boot_vectors.o(.text) refers to system_armcm0.o(.text) for SystemInit
    boot_vectors.o(.text) refers to entry.o(.ARM.Collect$$$$00000000) for __main
    boot_vectors.o(.text) refers to nmi_handler.o(.text) for NMI_HandlerC
    boot_vectors.o(.text) refers to hardfault_handler.o(.text) for HardFault_HandlerC
    boot_vectors.o(.text) refers to arch_patch.o(.text) for SVC_Handler_c
    arch_console.o(.text) refers to uart2.o(.text) for uart2_finish_transfers
    arch_console.o(.text) refers to arch_sleep.o(.text) for arch_restore_sleep_mode
    arch_console.o(.text) refers to strcpy.o(.text) for strcpy
    arch_console.o(.text) refers to arch_console.o(retention_mem_area0) for retention_mem_area0
    arch_console.o(.text) refers to arch_console.o(.text) for arch_printf
    nvds.o(.text) refers to nvds.o(retention_mem_area0) for retention_mem_area0
    arch_main.o(.text) refers to arch_system.o(.text) for system_init
    arch_main.o(.text) refers to arch_console.o(.text) for arch_printf_process
    arch_main.o(.text) refers to rwip.o(.text) for rwip_sleep
    arch_main.o(.text) refers to jump_table.o(jump_table_mem_area) for jump_table_base
    arch_main.o(.text) refers to rwble.o(retention_mem_area0) for fine_hit
    arch_main.o(.constdata) refers to app_wechat.o(.text) for app_wechat_init
    jump_table.o(jump_table_mem_area) refers to arch_main.o(.text) for main_func
    jump_table.o(jump_table_mem_area) refers to rf_580.o(.text) for rf_init_func
    jump_table.o(jump_table_mem_area) refers to prf_utils.o(.text) for prf_init_func
    jump_table.o(jump_table_mem_area) refers to arch_system.o(.text) for uart_flow_off_func
    jump_table.o(jump_table_mem_area) refers to rwble.o(.text) for lld_sleep_compensate_func_patched
    jump_table.o(jump_table_mem_area) refers to jump_table.o(heap_mem_area_not_ret) for rwip_heap_non_ret
    jump_table.o(jump_table_mem_area) refers to jump_table.o(heap_env_area) for rwip_heap_env_ret
    jump_table.o(jump_table_mem_area) refers to jump_table.o(heap_db_area) for rwip_heap_db_ret
    jump_table.o(jump_table_mem_area) refers to jump_table.o(heap_msg_area) for rwip_heap_msg_ret
    jump_table.o(jump_table_mem_area) refers to ke_task.obj(.text) for ke_task_init_func
    jump_table.o(jump_table_mem_area) refers to nvds.o(.text) for custom_nvds_get_func
    jump_table.o(jump_table_mem_area) refers to jump_table.o(.constdata) for LUT_CFG
    arch_sleep.o(.text) refers to arch_sleep.o(retention_mem_area0) for retention_mem_area0
    arch_sleep.o(.text) refers to arch_sleep.o(retention_mem_area0) for retention_mem_area0
    arch_sleep.o(.text) refers to arch_sleep.o(retention_mem_area0) for retention_mem_area0
    arch_sleep.o(.text) refers to rwble.o(retention_mem_area0) for arch_rwble_last_event
    arch_system.o(.text) refers to trng.o(.text) for trng_acquire
    arch_system.o(.text) refers to arch_sleep.o(.text) for arch_get_sleep_mode
    arch_system.o(.text) refers to gpio.o(.text) for GPIO_init
    arch_system.o(.text) refers to nvds.o(.text) for nvds_read_bdaddr_from_otp
    arch_system.o(.text) refers to user_periph_setup.o(.text) for periph_init
    arch_system.o(.text) refers to rf_580.o(.text) for iq_trim_from_otp
    arch_system.o(.text) refers to arch_patch.o(.text) for patch_llm_task
    arch_system.o(.text) refers to llc.obj(.text) for patch_llc_task
    arch_system.o(.text) refers to app.o(.text) for app_init
    arch_system.o(.text) refers to app_wechat.o(.text) for app_wechat_init
    arch_system.o(.text) refers to arch_system.o(retention_mem_area0) for retention_mem_area0
    arch_system.o(.text) refers to arch_main.o(retention_mem_area0) for sys_startup_flag
    arch_system.o(.text) refers to arch_system.o(.data) for .data
    arch_system.o(.constdata) refers to app_wechat.o(.text) for app_wechat_init
    arch_patch.o(.text) refers to arch_patch.o(.constdata) for .constdata
    arch_patch.o(.constdata) refers to arch_patch.o(.text) for my_lld_data_ind_handler
    arch_patch.o(.constdata) refers to arch_patch.o(.constdata) for my_llm_default_state
    arch_patch.o(.constdata) refers to arch_patch.o(.constdata) for my_llm_default_handler
[...]
    wakeup_lp_comp                           0x00081264   Data           2  rwble.o(retention_mem_area0)
    wechat_env                               0x00081266   Data          10  wechat.o(retention_mem_area0)
    FirstNotificationBit                     0x00081270   Data           1  wechat_task.o(retention_mem_area0)
    SecondNotificationBit                    0x00081271   Data           1  wechat_task.o(retention_mem_area0)
    wechat_state                             0x00081272   Data           1  wechat_task.o(retention_mem_area0)
    app_env                                  0x0008128c   Data          12  app.o(retention_mem_area0)
    app_prf_srv_perm                         0x00081298   Data          20  app.o(retention_mem_area0)
    app_state                                0x000812ac   Data           1  app_task.o(retention_mem_area0)
    app_sec_env                              0x000812f2   Data          36  app_security.o(retention_mem_area0)
    isLightOn                                0x00081330   Data           1  mpbledemo2.o(retention_mem_area0)
    descript                                 0x00081a20   Data        1502  arch_main.o(BLE_exchange_memory)
    __Vectors                                0x20000000   Data           4  boot_vectors.o(RESET)
    __Vectors_End                            0x200000a0   Data           0  boot_vectors.o(RESET)
    jump_table_base                          0x20000160   Data         352  jump_table.o(jump_table_mem_area)
    gap_timeout_table                        0x200002c0   Data         100  gapm.o(timeout_table_area)
    nvds_data_storage                        0x20000340   Data         164  nvds.o(nvds_data_storage_area)
    __main                                   0x20000441   Thumb Code     0  entry.o(.ARM.Collect$$$$00000000)
    _main_stk                                0x20000441   Thumb Code     0  entry2.o(.ARM.Collect$$$$00000001)
    _main_scatterload                        0x20000445   Thumb Code     0  entry5.o(.ARM.Collect$$$$00000004)
    __main_after_scatterload                 0x20000449   Thumb Code     0  entry5.o(.ARM.Collect$$$$00000004)
    _main_clock                              0x20000449   Thumb Code     0  entry7b.o(.ARM.Collect$$$$00000008)
    _main_cpp_init                           0x20000449   Thumb Code     0  entry8b.o(.ARM.Collect$$$$0000000A)
    _main_init                               0x20000449   Thumb Code     0  entry9a.o(.ARM.Collect$$$$0000000B)
    __rt_final_cpp                           0x20000451   Thumb Code     0  entry10a.o(.ARM.Collect$$$$0000000D)
    __rt_final_exit                          0x20000451   Thumb Code     0  entry11a.o(.ARM.Collect$$$$0000000F)
    SystemInit                               0x20000455   Thumb Code    62  system_armcm0.o(.text)
    Reset_Handler                            0x200004a5   Thumb Code     8  boot_vectors.o(.text)
    PendSV_Handler                           0x200004f5   Thumb Code     2  boot_vectors.o(.text)
    ADC_Handler                              0x200004f9   Thumb Code     0  boot_vectors.o(.text)
    I2C_Handler                              0x200004f9   Thumb Code     0  boot_vectors.o(.text)
    KEYBRD_Handler                           0x200004f9   Thumb Code     0  boot_vectors.o(.text)
    RFCAL_Handler                            0x200004f9   Thumb Code     0  boot_vectors.o(.text)
    SPI_Handler                              0x200004f9   Thumb Code     0  boot_vectors.o(.text)
    HardFault_HandlerC                       0x20000511   Thumb Code    14  hardfault_handler.o(.text)
    NMI_HandlerC                             0x20000529   Thumb Code    50  nmi_handler.o(.text)
    delete_msg                               0x20000561   Thumb Code    34  arch_console.o(.text)
    arch_printf_process                      0x20000783   Thumb Code    42  arch_console.o(.text)
    arch_printf                              0x200007ad   Thumb Code   162  arch_console.o(.text)
    custom_nvds_get_func                     0x200008b9   Thumb Code   106  nvds.o(.text)
    nvds_read_bdaddr_from_otp                0x20000923   Thumb Code    50  nvds.o(.text)
    main_func                                0x20000971   Thumb Code   150  arch_main.o(.text)
    dummyf                                   0x20000b3d   Thumb Code     2  jump_table.o(.text)
    arch_disable_sleep                       0x20000b41   Thumb Code    26  arch_sleep.o(.text)
    arch_set_extended_sleep                  0x20000b5b   Thumb Code    26  arch_sleep.o(.text)
    arch_set_deep_sleep                      0x20000b75   Thumb Code    28  arch_sleep.o(.text)
    arch_set_sleep_mode                      0x20000b91   Thumb Code    20  arch_sleep.o(.text)
    arch_get_sleep_mode                      0x20000ba5   Thumb Code    26  arch_sleep.o(.text)
    arch_restore_sleep_mode                  0x20000bbf   Thumb Code    68  arch_sleep.o(.text)
    arch_force_active_mode                   0x20000c03   Thumb Code    30  arch_sleep.o(.text)
    arch_ble_ext_wakeup_get                  0x20000c21   Thumb Code     6  arch_sleep.o(.text)
    select_lp_clk                            0x20000c35   Thumb Code     8  arch_system.o(.text)
    set_sleep_delay                          0x20000d01   Thumb Code    10  arch_system.o(.text)
    get_rc16m_count_func                     0x20000d0b   Thumb Code    28  arch_system.o(.text)
    conditionally_run_radio_cals             0x20000d27   Thumb Code   110  arch_system.o(.text)
    lld_sleep_us_2_lpcycles_sel_func         0x20000d95   Thumb Code    10  arch_system.o(.text)
    lld_sleep_lpcycles_2_us_sel_func         0x20000d9f   Thumb Code    10  arch_system.o(.text)
    uart_flow_off_func                       0x20000da9   Thumb Code    58  arch_system.o(.text)
    init_rand_seed_from_trng                 0x20000de3   Thumb Code    16  arch_system.o(.text)
    check_sys_startup_period                 0x20000df3   Thumb Code    92  arch_system.o(.text)
    app_use_lower_clocks_check               0x20000e4f   Thumb Code     4  arch_system.o(.text)
    lld_sleep_init_func                      0x20000e53   Thumb Code    26  arch_system.o(.text)
    system_init                              0x20000e6d   Thumb Code   190  arch_system.o(.text)
    wrap_platform_reset                      0x20000f2b   Thumb Code     8  arch_system.o(.text)
    patch_llm_task                           0x20000ffb   Thumb Code    36  arch_patch.o(.text)
    SVC_Handler_c                            0x20001035   Thumb Code    24  arch_patch.o(.text)
    patch_func                               0x2000104d   Thumb Code    88  arch_patch.o(.text)
    l2cc_pdu_recv_ind_handler                0x200010f9   Thumb Code   232  atts_task.obj(.text)
    my_llc_con_update_req_ind                0x200011e5   Thumb Code   100  ch_map.obj(.text)
    my_llc_ch_map_req_ind                    0x20001249   Thumb Code    84  ch_map.obj(.text)
    patched_gapm_adv_op_sanity               0x200012a9   Thumb Code   208  gapm_util.obj(.text)
    ke_task_init_func                        0x200014bb   Thumb Code    20  ke_task.obj(.text)
    my_smpc_check_param                      0x200014e1   Thumb Code   122  smpc.obj(.text)
    smpc_send_pairing_req_ind                0x2000155b   Thumb Code   190  smpc.obj(.text)
    smpc_check_pairing_feat                  0x20001619   Thumb Code    26  smpc.obj(.text)
    smpc_pairing_cfm_handler                 0x2000163d   Thumb Code   528  smpc_task.obj(.text)
    my_llcp_con_up_req_handler               0x2000186f   Thumb Code    86  llc.obj(.text)
    patch_llc_task                           0x20001977   Thumb Code    36  llc.obj(.text)
    syscntl_use_lowest_amba_clocks           0x200019b1   Thumb Code    22  syscntl.o(.text)
    syscntl_use_highest_amba_clocks          0x200019c7   Thumb Code    22  syscntl.o(.text)
    GPIO_init                                0x200019dd   Thumb Code     2  gpio.o(.text)
    GPIO_SetPinFunction                      0x200019df   Thumb Code    24  gpio.o(.text)
    GPIO_SetInactive                         0x200019f7   Thumb Code    20  gpio.o(.text)
    GPIO_SetActive                           0x20001a0b   Thumb Code    20  gpio.o(.text)
    GPIO_ConfigurePin                        0x20001a1f   Thumb Code    38  gpio.o(.text)
    GPIO_ResetIRQ                            0x20001a45   Thumb Code    32  gpio.o(.text)
    GPIOn_Handler                            0x20001a65   Thumb Code    48  gpio.o(.text)
    GPIO0_Handler                            0x20001a95   Thumb Code     4  gpio.o(.text)
    GPIO1_Handler                            0x20001a99   Thumb Code     4  gpio.o(.text)
    GPIO2_Handler                            0x20001a9d   Thumb Code     4  gpio.o(.text)
    GPIO3_Handler                            0x20001aa1   Thumb Code     4  gpio.o(.text)
    GPIO4_Handler                            0x20001aa5   Thumb Code     4  gpio.o(.text)
    WKUP_QUADEC_Handler                      0x20001b15   Thumb Code   106  wkupct_quadec.o(.text)
    wkupct_enable_irq                        0x20001b7f   Thumb Code   126  wkupct_quadec.o(.text)
    wkupct_register_callback                 0x20001bfd   Thumb Code     6  wkupct_quadec.o(.text)
    batt_cal_cr2032                          0x20001c21   Thumb Code   110  battery.o(.text)
    batt_cal_cr1225                          0x20001c8f   Thumb Code    34  battery.o(.text)
    batt_cal_aaa                             0x20001cb1   Thumb Code    60  battery.o(.text)
    battery_get_lvl                          0x20001ced   Thumb Code    70  battery.o(.text)
    adc_init                                 0x20001d45   Thumb Code    28  adc.o(.text)
    adc_enable_channel                       0x20001d61   Thumb Code    20  adc.o(.text)
    adc_disable                              0x20001d75   Thumb Code     8  adc.o(.text)
    adc_get_sample                           0x20001d7d   Thumb Code    30  adc.o(.text)
    adc_usDelay                              0x20001d9b   Thumb Code    30  adc.o(.text)
    adc_get_vbat_sample                      0x20001db9   Thumb Code    86  adc.o(.text)
    adc_calibrate                            0x20001e0f   Thumb Code    76  adc.o(.text)
    rfpt_init                                0x20001e6d   Thumb Code    76  trng.o(.text)
    trng_init                                0x20001eb9   Thumb Code    96  trng.o(.text)
    trng_get_raw_data                        0x20001f19   Thumb Code    18  trng.o(.text)
    trng_acquire                             0x20001f2b   Thumb Code   222  trng.o(.text)
    spi_flash_init                           0x20002029   Thumb Code     8  spi_flash.o(.text)
    spi_flash_read_status_reg                0x20002031   Thumb Code    20  spi_flash.o(.text)
    spi_flash_wait_till_ready                0x20002045   Thumb Code    26  spi_flash.o(.text)
    spi_read_flash_jedec_id                  0x2000205f   Thumb Code    60  spi_flash.o(.text)
    spi_flash_auto_detect                    0x2000209b   Thumb Code    76  spi_flash.o(.text)
    spi_cs_low                               0x200020f5   Thumb Code    14  spi.o(.text)
    spi_cs_high                              0x20002103   Thumb Code    14  spi.o(.text)
    spi_init                                 0x20002111   Thumb Code   138  spi.o(.text)
    spi_set_bitmode                          0x2000219b   Thumb Code    34  spi.o(.text)
    spi_access                               0x200021bd   Thumb Code    46  spi.o(.text)
    spi_transaction                          0x200021eb   Thumb Code    24  spi.o(.text)
    SWTIM_Handler                            0x2000220d   Thumb Code    12  pwm.o(.text)
    uart2_init                               0x20002263   Thumb Code    86  uart2.o(.text)
    uart2_finish_transfers                   0x200022b9   Thumb Code    24  uart2.o(.text)
    uart2_write                              0x200022d1   Thumb Code    34  uart2.o(.text)
    UART2_Handler                            0x200022f3   Thumb Code    82  uart2.o(.text)
    SysTick_Handler                          0x20002395   Thumb Code    12  systick.o(.text)
    iq_trim_from_otp                         0x200023a5   Thumb Code    54  rf_580.o(.text)
    rf_reg_rd                                0x200023db   Thumb Code     4  rf_580.o(.text)
    rf_reg_wr                                0x200023df   Thumb Code     2  rf_580.o(.text)
    rf_reset                                 0x200023e1   Thumb Code     2  rf_580.o(.text)
    rf_force_agc_enable                      0x200023e3   Thumb Code     2  rf_580.o(.text)
    rf_txpwr_dbm_get                         0x200023e5   Thumb Code     4  rf_580.o(.text)
    rf_regs                                  0x200023f9   Thumb Code   226  rf_580.o(.text)
    rf_init_func                             0x200024df   Thumb Code   138  rf_580.o(.text)
    rf_reinit_func                           0x20002569   Thumb Code   120  rf_580.o(.text)
    rf_nfm_is_enabled                        0x200025e1   Thumb Code     6  rf_580.o(.text)
    lld_sleep_compensate_func_patched        0x20002699   Thumb Code    46  rwble.o(.text)
    skip_slave_latency_patch                 0x200026c7   Thumb Code   210  rwble.o(.text)
    power_up                                 0x20002799   Thumb Code    70  rwble.o(.text)
    BLE_WAKEUP_LP_Handler                    0x200027df   Thumb Code    98  rwble.o(.text)
    BLE_SLP_Handler                          0x20002841   Thumb Code   116  rwble.o(.text)
    BLE_CSCNT_Handler                        0x200028b5   Thumb Code    18  rwble.o(.text)
    BLE_FINETGTIM_Handler                    0x200028c7   Thumb Code    18  rwble.o(.text)
    BLE_RX_Handler                           0x200028d9   Thumb Code    14  rwble.o(.text)
    BLE_EVENT_Handler                        0x200028e7   Thumb Code    64  rwble.o(.text)
    BLE_RF_DIAG_Handler                      0x20002927   Thumb Code    82  rwble.o(.text)
    rwip_sleep                               0x200029c5   Thumb Code   366  rwip.o(.text)
    prf_server_error_ind_send                0x20002b55   Thumb Code    44  prf_utils.o(.text)
    prf_server_send_event                    0x20002b81   Thumb Code    42  prf_utils.o(.text)
    prf_init_func                            0x20002bab   Thumb Code     8  prf_utils.o(.text)
    prf_cleanup_func                         0x20002bb3   Thumb Code    32  prf_utils.o(.text)
    wechat_init                              0x20002bd9   Thumb Code    28  wechat.o(.text)
    wechat_send_write_val                    0x20002bf5   Thumb Code    50  wechat.o(.text)
    wechat_enable_indication                 0x20002c27   Thumb Code    40  wechat.o(.text)
    wechat_indication_cfm_send               0x20002c4f   Thumb Code    28  wechat.o(.text)
    wechat_disable                           0x20002c6b   Thumb Code    52  wechat.o(.text)
    app_wechat_period_report_time_out_handler 0x20002e49   Thumb Code    10  wechat_task.o(.text)
    default_advertise_operation              0x20002e65   Thumb Code     8  app_default_handlers.o(.text)
    default_app_on_connection                0x20002e6d   Thumb Code    30  app_default_handlers.o(.text)
    default_app_on_disconnect                0x20002e8b   Thumb Code     8  app_default_handlers.o(.text)
    default_app_on_set_dev_config_complete   0x20002e93   Thumb Code    16  app_default_handlers.o(.text)
    default_app_on_adv_undirect_complete     0x20002ea3   Thumb Code     2  app_default_handlers.o(.text)
    default_app_on_db_init_complete          0x20002ea5   Thumb Code     8  app_default_handlers.o(.text)
    default_app_on_pairing_request           0x20002ead   Thumb Code     8  app_default_handlers.o(.text)
    default_app_on_tk_exch_nomitm            0x20002eb5   Thumb Code    28  app_default_handlers.o(.text)
    default_app_on_csrk_exch                 0x20002ed1   Thumb Code     8  app_default_handlers.o(.text)
    default_app_on_ltk_exch                  0x20002ed9   Thumb Code    24  app_default_handlers.o(.text)
    default_app_on_encrypt_req_ind           0x20002ef1   Thumb Code    66  app_default_handlers.o(.text)
    app_prf_enable                           0x20002f5d   Thumb Code    98  app.o(.text)
    app_init                                 0x200031af   Thumb Code    80  app.o(.text)
    app_easy_gap_disconnect                  0x200031ff   Thumb Code    46  app.o(.text)
    app_easy_gap_confirm                     0x2000322d   Thumb Code    36  app.o(.text)
    app_easy_gap_undirected_advertise_start  0x20003251   Thumb Code    26  app.o(.text)
    app_timer_set                            0x2000326b   Thumb Code    24  app.o(.text)
    app_db_init_start                        0x20003283   Thumb Code    16  app.o(.text)
    app_db_init                              0x20003293   Thumb Code     2  app.o(.text)
    app_easy_gap_dev_configure               0x20003295   Thumb Code    18  app.o(.text)
    prf_init_srv_perm                        0x200032a7   Thumb Code    30  app.o(.text)
    app_gap_process_handler                  0x20003309   Thumb Code    24  app_task.o(.text)
    gapm_device_ready_ind_handler            0x20003321   Thumb Code    36  app_task.o(.text)
    gapm_cmp_evt_handler                     0x20003345   Thumb Code    60  app_task.o(.text)
    gapc_connection_req_ind_handler          0x20003381   Thumb Code   100  app_task.o(.text)
    gapc_cmp_evt_handler                     0x200033e5   Thumb Code    40  app_task.o(.text)
    gapc_disconnect_ind_handler              0x2000340d   Thumb Code    40  app_task.o(.text)
    app_module_init_cmp_evt_handler          0x20003435   Thumb Code    36  app_task.o(.text)
    gapm_adv_report_ind_handler              0x20003459   Thumb Code     4  app_task.o(.text)
    app_entry_point_handler                  0x2000346d   Thumb Code    44  app_entry_point.o(.text)
    app_std_process_event                    0x20003499   Thumb Code    64  app_entry_point.o(.text)
    app_timer_api_process_handler            0x200034e5   Thumb Code   128  app_easy_timer.o(.text)
    app_msg_utils_api_process_handler        0x2000357d   Thumb Code    46  app_easy_msg_utils.o(.text)
    app_wechat_init                          0x200035c5   Thumb Code    52  app_wechat.o(.text)
    app_wechat_enable                        0x200035f9   Thumb Code    36  app_wechat.o(.text)
    app_wechat_create_db                     0x2000361d   Thumb Code    24  app_wechat.o(.text)
    app_wechat_datahandler                   0x20003635   Thumb Code     6  app_wechat.o(.text)
    ble_wechat_indicate_data_chunk           0x2000363b   Thumb Code   100  app_wechat.o(.text)
    ble_wechat_is_last_data_sent_out         0x2000369f   Thumb Code    28  app_wechat.o(.text)
    ble_wechat_indicate_data                 0x200036bb   Thumb Code    54  app_wechat.o(.text)
    ble_wechat_process_received_data         0x200036f1   Thumb Code   120  app_wechat.o(.text)
    app_wechat_process_handler               0x20003791   Thumb Code    24  app_wechat_task.o(.text)
    app_wechat_create_db_cfm_handler         0x200037a9   Thumb Code    38  app_wechat_task.o(.text)
    app_wechat_disable_ind_handler           0x200037cf   Thumb Code    10  app_wechat_task.o(.text)
    app_wechat_write_val_ind_handler         0x200037d9   Thumb Code    16  app_wechat_task.o(.text)
    app_wechat_enable_ind_handler            0x200037e9   Thumb Code    26  app_wechat_task.o(.text)
    app_wechat_send_indication_cfm_handler   0x20003803   Thumb Code    10  app_wechat_task.o(.text)
    app_wechat_send_data_handler             0x2000380d   Thumb Code    22  app_wechat_task.o(.text)
    app_sec_gen_tk                           0x20003835   Thumb Code    18  app_security.o(.text)
    app_sec_gen_ltk                          0x20003847   Thumb Code    80  app_security.o(.text)
    app_sec_process_handler                  0x200038a5   Thumb Code    24  app_security_task.o(.text)
    gapc_bond_req_ind_handler                0x200038bd   Thumb Code    58  app_security_task.o(.text)
    gapc_bond_ind_handler                    0x200038f7   Thumb Code    76  app_security_task.o(.text)
    gapc_encrypt_req_ind_handler             0x20003943   Thumb Code    12  app_security_task.o(.text)
    gapc_encrypt_ind_handler                 0x2000394f   Thumb Code     4  app_security_task.o(.text)
    app_easy_security_send_pairing_rsp       0x2000399d   Thumb Code    22  app_easy_security.o(.text)
    app_easy_security_set_tk                 0x200039e7   Thumb Code    44  app_easy_security.o(.text)
    app_easy_security_tk_exch                0x20003a13   Thumb Code    24  app_easy_security.o(.text)
    app_easy_security_csrk_exch              0x20003a61   Thumb Code    24  app_easy_security.o(.text)
    app_easy_security_ltk_exch               0x20003aa5   Thumb Code    24  app_easy_security.o(.text)
    app_easy_security_set_ltk_exch_from_sec_env 0x20003abd   Thumb Code    52  app_easy_security.o(.text)
    app_easy_security_encrypt_cfm            0x20003b17   Thumb Code    24  app_easy_security.o(.text)
    app_easy_security_validate_encrypt_req_against_env 0x20003b2f   Thumb Code    52  app_easy_security.o(.text)
    app_easy_security_set_encrypt_req_valid  0x20003b63   Thumb Code    34  app_easy_security.o(.text)
    app_easy_security_set_encrypt_req_invalid 0x20003b85   Thumb Code    12  app_easy_security.o(.text)
    set_pad_functions                        0x20003ba1   Thumb Code   222  user_periph_setup.o(.text)
    periph_init                              0x20003c7f   Thumb Code   282  user_periph_setup.o(.text)
    app_advertise_complete                   0x20003da5   Thumb Code     8  user_wechat.o(.text)
    get_handler_by_type                      0x20003dad   Thumb Code    20  ble_wechat_util.o(.text)
    checkCPUendian                           0x20003dc1   Thumb Code    22  ble_wechat_util.o(.text)
    htons                                    0x20003dd7   Thumb Code    20  ble_wechat_util.o(.text)
    ntohs                                    0x20003deb   Thumb Code    20  ble_wechat_util.o(.text)
    wechat_error_chack                       0x20003dff   Thumb Code    78  ble_wechat_util.o(.text)
    data_handler_init                        0x20003e4d   Thumb Code    20  ble_wechat_util.o(.text)
    crc32                                    0x20003f99   Thumb Code   182  crc32.o(.text)
    epb_unpack_init                          0x2000413d   Thumb Code     6  epb.o(.text)
    epb_has_tag                              0x20004143   Thumb Code    26  epb.o(.text)
    epb_get_uint32                           0x2000415d   Thumb Code    44  epb.o(.text)
    epb_get_int32                            0x20004189   Thumb Code     2  epb.o(.text)
    epb_get_enum                             0x2000418b   Thumb Code     2  epb.o(.text)
    epb_get_bytes                            0x2000418d   Thumb Code    50  epb.o(.text)
    epb_get_string                           0x200041bf   Thumb Code     2  epb.o(.text)
    epb_get_message                          0x200041c1   Thumb Code     2  epb.o(.text)
    epb_pack_init                            0x20004251   Thumb Code    10  epb.o(.text)
    epb_get_packed_size                      0x2000425b   Thumb Code     4  epb.o(.text)
    epb_set_uint32                           0x2000425f   Thumb Code    32  epb.o(.text)
    epb_set_int32                            0x2000427f   Thumb Code     2  epb.o(.text)
    epb_set_enum                             0x20004281   Thumb Code     2  epb.o(.text)
    epb_set_bytes                            0x20004283   Thumb Code    74  epb.o(.text)
    epb_set_string                           0x200042cd   Thumb Code     2  epb.o(.text)
    epb_set_message                          0x200042cf   Thumb Code     2  epb.o(.text)
    epb_varint32_pack_size                   0x200042d1   Thumb Code    36  epb.o(.text)
    epb_length_delimited_pack_size           0x200042f5   Thumb Code    14  epb.o(.text)
    epb_base_request_pack_size               0x20004305   Thumb Code     4  epb_mmbp.o(.text)
    epb_pack_base_request                    0x20004309   Thumb Code    18  epb_mmbp.o(.text)
    epb_unpack_base_response                 0x2000431b   Thumb Code    88  epb_mmbp.o(.text)
    epb_unpack_base_response_free            0x20004373   Thumb Code     8  epb_mmbp.o(.text)
    epb_unpack_base_push                     0x2000437b   Thumb Code    26  epb_mmbp.o(.text)
    epb_unpack_base_push_free                0x20004395   Thumb Code     8  epb_mmbp.o(.text)
    epb_auth_request_pack_size               0x2000439d   Thumb Code   156  epb_mmbp.o(.text)
    epb_pack_auth_request                    0x20004439   Thumb Code   266  epb_mmbp.o(.text)
    epb_unpack_auth_response                 0x20004543   Thumb Code   108  epb_mmbp.o(.text)
    epb_unpack_auth_response_free            0x200045af   Thumb Code    18  epb_mmbp.o(.text)
    epb_init_request_pack_size               0x200045c1   Thumb Code    50  epb_mmbp.o(.text)
    epb_pack_init_request                    0x200045f3   Thumb Code   128  epb_mmbp.o(.text)
    epb_unpack_init_response                 0x20004673   Thumb Code   410  epb_mmbp.o(.text)
    epb_unpack_init_response_free            0x2000480d   Thumb Code    18  epb_mmbp.o(.text)
    epb_send_data_request_pack_size          0x2000481f   Thumb Code    46  epb_mmbp.o(.text)
    epb_pack_send_data_request               0x2000484d   Thumb Code   120  epb_mmbp.o(.text)
    epb_unpack_send_data_response            0x200048c5   Thumb Code   112  epb_mmbp.o(.text)
    epb_unpack_send_data_response_free       0x20004935   Thumb Code    18  epb_mmbp.o(.text)
    epb_unpack_recv_data_push                0x20004947   Thumb Code   134  epb_mmbp.o(.text)
    epb_unpack_recv_data_push_free           0x200049cd   Thumb Code    22  epb_mmbp.o(.text)
    epb_unpack_switch_view_push              0x200049e3   Thumb Code   122  epb_mmbp.o(.text)
    epb_unpack_switch_view_push_free         0x20004a5d   Thumb Code    18  epb_mmbp.o(.text)
    epb_unpack_switch_backgroud_push         0x20004a6f   Thumb Code   100  epb_mmbp.o(.text)
    epb_unpack_switch_backgroud_push_free    0x20004ad3   Thumb Code    18  epb_mmbp.o(.text)
    F                                        0x20004aed   Thumb Code    10  md5.o(.text)
    G                                        0x20004af7   Thumb Code     8  md5.o(.text)
    H                                        0x20004aff   Thumb Code     6  md5.o(.text)
    I                                        0x20004b05   Thumb Code     8  md5.o(.text)
    count_padding_bits                       0x20004b0d   Thumb Code    28  md5.o(.text)
    append_padding_bits                      0x20004b29   Thumb Code    82  md5.o(.text)
    md5                                      0x20004b7d   Thumb Code   402  md5.o(.text)
    mpbledemo2_get_md5                       0x20004d1d   Thumb Code    82  mpbledemo2.o(.text)
    mpbledemo2_reset                         0x20004d6f   Thumb Code    24  mpbledemo2.o(.text)
    mpbledemo2_button_handler                0x20004d87   Thumb Code    84  mpbledemo2.o(.text)
    mpbledemo2_init                          0x20004de9   Thumb Code    12  mpbledemo2.o(.text)
    mpbledemo2_init_peripheral_func          0x20004df5   Thumb Code    54  mpbledemo2.o(.text)
    mpbledemo2_indication_state              0x20004e2b   Thumb Code    14  mpbledemo2.o(.text)
    device_auth                              0x20004e39   Thumb Code   148  mpbledemo2.o(.text)
    device_init                              0x20004ecd   Thumb Code   132  mpbledemo2.o(.text)
    mpbledemo2_main_process                  0x20004f51   Thumb Code    66  mpbledemo2.o(.text)
    mpbledemo2_data_free_func                0x20004f93   Thumb Code    12  mpbledemo2.o(.text)
    mpbledemo2_data_produce_func             0x20004f9f   Thumb Code   910  mpbledemo2.o(.text)
    mpbledemo2_data_consume_func             0x2000532d   Thumb Code  1618  mpbledemo2.o(.text)
    mpbledemo2_data_error_func               0x2000597f   Thumb Code    14  mpbledemo2.o(.text)
    mpbledemo2_sendData                      0x2000598d   Thumb Code    60  mpbledemo2.o(.text)
    mpbledemo2_handleSendDataRsp             0x200059c9   Thumb Code     2  mpbledemo2.o(.text)
    mpbledemo2_OpenLight                     0x200059cb   Thumb Code    24  mpbledemo2.o(.text)
    mpbledemo2_CloseLight                    0x200059e3   Thumb Code    24  mpbledemo2.o(.text)
    mpdemo2_emcdata_read                     0x200059fb   Thumb Code    62  mpbledemo2.o(.text)
    mpbledemo2_readEmcDataResp               0x20005a39   Thumb Code   102  mpbledemo2.o(.text)
    mpbledemo2_readTimeSyncReq               0x20005a9f   Thumb Code     2  mpbledemo2.o(.text)
    mpbledemo2_readEquInfoReq                0x20005aa1   Thumb Code     2  mpbledemo2.o(.text)
    mpbledemo2_airsync_link_setup_period_report 0x20005aa3   Thumb Code    88  mpbledemo2.o(.text)
    IhuErrorPrint                            0x20005bd9   Thumb Code    58  vmdalayer.o(.text)
    vmda1458x_timer_set                      0x20005c13   Thumb Code     8  vmdalayer.o(.text)
    vmda1458x_timer_clear                    0x20005c1b   Thumb Code     8  vmdalayer.o(.text)
    vmda1458x_emc_sample                     0x20005c23   Thumb Code    22  vmdalayer.o(.text)
    vmda1458x_mac_addr_get                   0x20005c39   Thumb Code    74  vmdalayer.o(.text)
    ihu_emc_adc_read                         0x20005c83   Thumb Code     2  vmdalayer.o(.text)
    ihu_get_mac_addr                         0x20005c85   Thumb Code     4  vmdalayer.o(.text)
    vmda1458x_i2c_led_init                   0x20005cc1   Thumb Code   272  i2c_led.o(.text)
    vmda1458x_led_set                        0x20005dd1   Thumb Code   154  i2c_led.o(.text)
    vmda1458x_led_on                         0x20005e6b   Thumb Code    18  i2c_led.o(.text)
    vmda1458x_led_blink_once_on_off          0x20005e7d   Thumb Code    44  i2c_led.o(.text)
    ___aeabi_memcpy$move                     0x20005ebd   Thumb Code    64  memmovea.o(.text)
    ___aeabi_memcpy4$move                    0x20005ebd   Thumb Code     0  memmovea.o(.text)
    ___aeabi_memcpy8$move                    0x20005ebd   Thumb Code     0  memmovea.o(.text)
    __aeabi_memmove                          0x20005ebd   Thumb Code     0  memmovea.o(.text)
    __aeabi_memmove4                         0x20005ebd   Thumb Code     0  memmovea.o(.text)
    __aeabi_memmove8                         0x20005ebd   Thumb Code     0  memmovea.o(.text)
    strncpy                                  0x20005efd   Thumb Code    26  strncpy.o(.text)
    strcpy                                   0x20005f17   Thumb Code    18  strcpy.o(.text)
    __ARM_scalbn                             0x20005f29   Thumb Code    44  dscalb.o(.text)
    scalbn                                   0x20005f29   Thumb Code     0  dscalb.o(.text)
    __aeabi_d2uiz                            0x20005f55   Thumb Code    50  dfixui.o(.text)
    __aeabi_dadd                             0x20005f91   Thumb Code   328  dadd.o(.text)
    __aeabi_dsub                             0x200060d9   Thumb Code    12  dadd.o(.text)
    __aeabi_drsub                            0x200060e5   Thumb Code    12  dadd.o(.text)
    __aeabi_ddiv                             0x200060f5   Thumb Code   234  ddiv.o(.text)
    __aeabi_cdrcmple                         0x200061e5   Thumb Code    38  cdrcmple.o(.text)
    __scatterload                            0x2000620d   Thumb Code    28  init.o(.text)
    __scatterload_rt2                        0x2000620d   Thumb Code     0  init.o(.text)
    __aeabi_lasr                             0x20006231   Thumb Code    38  llsshr.o(.text)
    _ll_sshift_r                             0x20006231   Thumb Code     0  llsshr.o(.text)
    __aeabi_d2iz                             0x20006259   Thumb Code    62  dfixi.o(.text)
    Long Thumb to Thumb Veneer to ke_free    0x200062a1   Thumb Code    12  anon$$obj.o(Veneer$$Code)
    Long Thumb to Thumb Veneer to __aeabi_uidivmod 0x200062ad   Thumb Code    12  anon$$obj.o(Veneer$$Code)
    Long Thumb to Thumb Veneer to ke_malloc  0x200062b9   Thumb Code    12  anon$$obj.o(Veneer$$Code)
    Long Thumb to Thumb Veneer to memcmp     0x200062c5   Thumb Code    12  anon$$obj.o(Veneer$$Code)
    Long Thumb to Thumb Veneer to __aeabi_memcpy 0x200062d1   Thumb Code    12  anon$$obj.o(Veneer$$Code)
    Long Thumb to Thumb Veneer to nvds_get_func 0x200062dd   Thumb Code    12  anon$$obj.o(Veneer$$Code)
    Long Thumb to Thumb Veneer to lld_sleep_check 0x200062e9   Thumb Code    12  anon$$obj.o(Veneer$$Code)
    Long Thumb to Thumb Veneer to rwip_prevent_sleep_get 0x200062f5   Thumb Code    12  anon$$obj.o(Veneer$$Code)
    Long Thumb to Thumb Veneer to ke_event_get 0x20006301   Thumb Code    12  anon$$obj.o(Veneer$$Code)
    Long Thumb to Thumb Veneer to rwip_schedule 0x2000630d   Thumb Code    12  anon$$obj.o(Veneer$$Code)
    Long Thumb to Thumb Veneer to func_check_mem 0x20006319   Thumb Code    12  anon$$obj.o(Veneer$$Code)
    Long Thumb to Thumb Veneer to test_rxdone 0x20006325   Thumb Code    12  anon$$obj.o(Veneer$$Code)
    Long Thumb to Thumb Veneer to ke_mem_is_empty 0x20006331   Thumb Code    12  anon$$obj.o(Veneer$$Code)
    Long Thumb to Thumb Veneer to rwip_wakeup_delay_set 0x2000633d   Thumb Code    12  anon$$obj.o(Veneer$$Code)
    Long Thumb to Thumb Veneer to $Super$$get_rc16m_count_func 0x20006349   Thumb Code    12  anon$$obj.o(Veneer$$Code)
    Long Thumb to Thumb Veneer to get_rc16m_count 0x20006355   Thumb Code    12  anon$$obj.o(Veneer$$Code)
    Long Thumb to Thumb Veneer to pll_vcocal_LUT_InitUpdate 0x20006361   Thumb Code    12  anon$$obj.o(Veneer$$Code)
    Long Thumb to Thumb Veneer to rf_calibration 0x2000636d   Thumb Code    12  anon$$obj.o(Veneer$$Code)
    Long Thumb to Thumb Veneer to lld_sleep_us_2_lpcycles_func 0x20006379   Thumb Code    12  anon$$obj.o(Veneer$$Code)
    Long Thumb to Thumb Veneer to lld_sleep_lpcycles_2_us_func 0x20006385   Thumb Code    12  anon$$obj.o(Veneer$$Code)
    Long Thumb to Thumb Veneer to uart_flow_on 0x20006391   Thumb Code    12  anon$$obj.o(Veneer$$Code)
    Long Thumb to Thumb Veneer to srand      0x2000639d   Thumb Code    12  anon$$obj.o(Veneer$$Code)
    Long Thumb to Thumb Veneer to set_system_clocks 0x200063a9   Thumb Code    12  anon$$obj.o(Veneer$$Code)
    Long Thumb to Thumb Veneer to nvds_init  0x200063b5   Thumb Code    12  anon$$obj.o(Veneer$$Code)
    Long Thumb to Thumb Veneer to rwip_init  0x200063c1   Thumb Code    12  anon$$obj.o(Veneer$$Code)
    Long Thumb to Thumb Veneer to enable_rf_diag_irq 0x200063cd   Thumb Code    12  anon$$obj.o(Veneer$$Code)
    Long Thumb to Thumb Veneer to platform_reset_func 0x200063d9   Thumb Code    12  anon$$obj.o(Veneer$$Code)
    Long Thumb to Thumb Veneer to ke_state_get 0x200063e5   Thumb Code    12  anon$$obj.o(Veneer$$Code)
    Long Thumb to Thumb Veneer to __ARM_common_switch8 0x200063f1   Thumb Code    12  anon$$obj.o(Veneer$$Code)
    Long Thumb to Thumb Veneer to TASK_LLM_lld_data_ind_handler 0x200063fd   Thumb Code    12  anon$$obj.o(Veneer$$Code)
    Long Thumb to Thumb Veneer to co_buf_rx_free 0x20006409   Thumb Code    12  anon$$obj.o(Veneer$$Code)
    Long Thumb to Thumb Veneer to ke_timer_clear 0x20006415   Thumb Code    12  anon$$obj.o(Veneer$$Code)
    Long Thumb to Thumb Veneer to atts_send_cmd_cmp 0x20006421   Thumb Code    12  anon$$obj.o(Veneer$$Code)
    Long Thumb to Thumb Veneer to ke_state_set 0x2000642d   Thumb Code    12  anon$$obj.o(Veneer$$Code)
    Long Thumb to Thumb Veneer to atts_mtu_exc_resp 0x20006439   Thumb Code    12  anon$$obj.o(Veneer$$Code)
    Long Thumb to Thumb Veneer to atts_find_info_resp 0x20006445   Thumb Code    12  anon$$obj.o(Veneer$$Code)
    Long Thumb to Thumb Veneer to atts_find_by_type_resp 0x20006451   Thumb Code    12  anon$$obj.o(Veneer$$Code)
    Long Thumb to Thumb Veneer to atts_read_by_type_resp 0x2000645d   Thumb Code    12  anon$$obj.o(Veneer$$Code)
    Long Thumb to Thumb Veneer to atts_read_by_grp_type_resp 0x20006469   Thumb Code    12  anon$$obj.o(Veneer$$Code)
    Long Thumb to Thumb Veneer to atts_read_resp 0x20006475   Thumb Code    12  anon$$obj.o(Veneer$$Code)
    Long Thumb to Thumb Veneer to atts_read_blob_resp 0x20006481   Thumb Code    12  anon$$obj.o(Veneer$$Code)
    Long Thumb to Thumb Veneer to atts_read_mult_resp 0x2000648d   Thumb Code    12  anon$$obj.o(Veneer$$Code)
    Long Thumb to Thumb Veneer to atts_write_no_resp 0x20006499   Thumb Code    12  anon$$obj.o(Veneer$$Code)
    Long Thumb to Thumb Veneer to atts_write_resp 0x200064a5   Thumb Code    12  anon$$obj.o(Veneer$$Code)
    Long Thumb to Thumb Veneer to atts_signed_write_resp 0x200064b1   Thumb Code    12  anon$$obj.o(Veneer$$Code)
    Long Thumb to Thumb Veneer to atts_prepare_write_resp 0x200064bd   Thumb Code    12  anon$$obj.o(Veneer$$Code)
    Long Thumb to Thumb Veneer to atts_execute_write_resp 0x200064c9   Thumb Code    12  anon$$obj.o(Veneer$$Code)
    Long Thumb to Thumb Veneer to lld_con_update_ind 0x200064d5   Thumb Code    12  anon$$obj.o(Veneer$$Code)
    Long Thumb to Thumb Veneer to llc_util_dicon_procedure 0x200064e1   Thumb Code    12  anon$$obj.o(Veneer$$Code)
    Long Thumb to Thumb Veneer to lld_ch_map_ind 0x200064ed   Thumb Code    12  anon$$obj.o(Veneer$$Code)
    Long Thumb to Thumb Veneer to gapm_get_privacy_flag 0x200064f9   Thumb Code    12  anon$$obj.o(Veneer$$Code)
    Long Thumb to Thumb Veneer to gapm_set_recon_addr 0x20006505   Thumb Code    12  anon$$obj.o(Veneer$$Code)
    Long Thumb to Thumb Veneer to co_list_pop_front 0x20006511   Thumb Code    12  anon$$obj.o(Veneer$$Code)
    Long Thumb to Thumb Veneer to ke_task_handler_get 0x2000651d   Thumb Code    12  anon$$obj.o(Veneer$$Code)
    Long Thumb to Thumb Veneer to ke_msg_free 0x20006529   Thumb Code    12  anon$$obj.o(Veneer$$Code)
    Long Thumb to Thumb Veneer to co_list_push_back 0x20006535   Thumb Code    12  anon$$obj.o(Veneer$$Code)
    Long Thumb to Thumb Veneer to ke_event_clear 0x20006541   Thumb Code    12  anon$$obj.o(Veneer$$Code)
    Long Thumb to Thumb Veneer to __aeabi_memclr4 0x2000654d   Thumb Code    12  anon$$obj.o(Veneer$$Code)
    Long Thumb to Thumb Veneer to ke_event_callback_set 0x20006559   Thumb Code    12  anon$$obj.o(Veneer$$Code)
    Long Thumb to Thumb Veneer to ke_msg_alloc 0x20006565   Thumb Code    12  anon$$obj.o(Veneer$$Code)
    Long Thumb to Thumb Veneer to gapc_get_enc_keysize 0x20006571   Thumb Code    12  anon$$obj.o(Veneer$$Code)
    Long Thumb to Thumb Veneer to gapc_get_role 0x2000657d   Thumb Code    12  anon$$obj.o(Veneer$$Code)
    Long Thumb to Thumb Veneer to ke_msg_send 0x20006589   Thumb Code    12  anon$$obj.o(Veneer$$Code)
    Long Thumb to Thumb Veneer to smpc_generate_rand 0x20006595   Thumb Code    12  anon$$obj.o(Veneer$$Code)
    Long Thumb to Thumb Veneer to smpc_tkdp_send_continue 0x200065a1   Thumb Code    12  anon$$obj.o(Veneer$$Code)
    Long Thumb to Thumb Veneer to smpc_pdu_send 0x200065ad   Thumb Code    12  anon$$obj.o(Veneer$$Code)
    Long Thumb to Thumb Veneer to smpc_tkdp_rcp_start 0x200065b9   Thumb Code    12  anon$$obj.o(Veneer$$Code)
    Long Thumb to Thumb Veneer to smpc_pairing_end 0x200065c5   Thumb Code    12  anon$$obj.o(Veneer$$Code)
    Long Thumb to Thumb Veneer to smpc_check_max_key_size 0x200065d1   Thumb Code    12  anon$$obj.o(Veneer$$Code)
    Long Thumb to Thumb Veneer to smpc_check_key_distrib 0x200065dd   Thumb Code    12  anon$$obj.o(Veneer$$Code)
    Long Thumb to Thumb Veneer to smpc_get_key_sec_prop 0x200065e9   Thumb Code    12  anon$$obj.o(Veneer$$Code)
    Long Thumb to Thumb Veneer to smpc_is_sec_mode_reached 0x200065f5   Thumb Code    12  anon$$obj.o(Veneer$$Code)
    Long Thumb to Thumb Veneer to llc_le_con_update_cmd_handler 0x20006601   Thumb Code    12  anon$$obj.o(Veneer$$Code)
    Long Thumb to Thumb Veneer to llm_util_get_role 0x2000660d   Thumb Code    12  anon$$obj.o(Veneer$$Code)
    Long Thumb to Thumb Veneer to lld_evt_int_extract 0x20006619   Thumb Code    12  anon$$obj.o(Veneer$$Code)
    Long Thumb to Thumb Veneer to lld_stop_ind_handler 0x20006625   Thumb Code    12  anon$$obj.o(Veneer$$Code)
    Long Thumb to Thumb Veneer to __aeabi_idivmod 0x20006631   Thumb Code    12  anon$$obj.o(Veneer$$Code)
    Long Thumb to Thumb Veneer to IffCalibration 0x2000663d   Thumb Code    12  anon$$obj.o(Veneer$$Code)
    Long Thumb to Thumb Veneer to DCoffsetCalibration 0x20006649   Thumb Code    12  anon$$obj.o(Veneer$$Code)
    Long Thumb to Thumb Veneer to ble_regs_pop 0x20006655   Thumb Code    12  anon$$obj.o(Veneer$$Code)
    Long Thumb to Thumb Veneer to rwip_wakeup 0x20006661   Thumb Code    12  anon$$obj.o(Veneer$$Code)
    Long Thumb to Thumb Veneer to rf_workaround_init 0x2000666d   Thumb Code    12  anon$$obj.o(Veneer$$Code)
    Long Thumb to Thumb Veneer to rf_reinit  0x20006679   Thumb Code    12  anon$$obj.o(Veneer$$Code)
    Long Thumb to Thumb Veneer to $Super$$BLE_CSCNT_Handler 0x20006685   Thumb Code    12  anon$$obj.o(Veneer$$Code)
    Long Thumb to Thumb Veneer to lld_evt_rx_isr 0x20006691   Thumb Code    12  anon$$obj.o(Veneer$$Code)
    Long Thumb to Thumb Veneer to lld_evt_end_isr 0x2000669d   Thumb Code    12  anon$$obj.o(Veneer$$Code)
    Long Thumb to Thumb Veneer to set_rf_cal_cap 0x200066a9   Thumb Code    12  anon$$obj.o(Veneer$$Code)
    Long Thumb to Thumb Veneer to set_gauss_modgain 0x200066b5   Thumb Code    12  anon$$obj.o(Veneer$$Code)
    Long Thumb to Thumb Veneer to lld_evt_start_isr 0x200066c1   Thumb Code    12  anon$$obj.o(Veneer$$Code)
    Long Thumb to Thumb Veneer to ke_sleep_check 0x200066cd   Thumb Code    12  anon$$obj.o(Veneer$$Code)
    Long Thumb to Thumb Veneer to ke_timer_sleep_check 0x200066d9   Thumb Code    12  anon$$obj.o(Veneer$$Code)
    Long Thumb to Thumb Veneer to lld_sleep_enter 0x200066e5   Thumb Code    12  anon$$obj.o(Veneer$$Code)
    Long Thumb to Thumb Veneer to ble_regs_push 0x200066f1   Thumb Code    12  anon$$obj.o(Veneer$$Code)
    Long Thumb to Thumb Veneer to gapc_get_conhdl 0x200066fd   Thumb Code    12  anon$$obj.o(Veneer$$Code)
    Long Thumb to Thumb Veneer to gapc_send_disconect_ind 0x20006709   Thumb Code    12  anon$$obj.o(Veneer$$Code)
    Long Thumb to Thumb Veneer to __aeabi_memclr 0x20006715   Thumb Code    12  anon$$obj.o(Veneer$$Code)
    Long Thumb to Thumb Veneer to ke_task_create 0x20006721   Thumb Code    12  anon$$obj.o(Veneer$$Code)
    Long Thumb to Thumb Veneer to attmdb_svc_set_permission 0x2000672d   Thumb Code    12  anon$$obj.o(Veneer$$Code)
    Long Thumb to Thumb Veneer to attm_svc_create_db 0x20006739   Thumb Code    12  anon$$obj.o(Veneer$$Code)
    Long Thumb to Thumb Veneer to gapc_get_conidx 0x20006745   Thumb Code    12  anon$$obj.o(Veneer$$Code)
    Long Thumb to Thumb Veneer to attmdb_att_set_value 0x20006751   Thumb Code    12  anon$$obj.o(Veneer$$Code)
    Long Thumb to Thumb Veneer to atts_write_rsp_send 0x2000675d   Thumb Code    12  anon$$obj.o(Veneer$$Code)
    Long Thumb to Thumb Veneer to nvds_get   0x20006769   Thumb Code    12  anon$$obj.o(Veneer$$Code)
    Long Thumb to Thumb Veneer to ke_timer_set 0x20006775   Thumb Code    12  anon$$obj.o(Veneer$$Code)
    Long Thumb to Thumb Veneer to rand       0x20006781   Thumb Code    12  anon$$obj.o(Veneer$$Code)
    Long Thumb to Thumb Veneer to strlen     0x2000678d   Thumb Code    12  anon$$obj.o(Veneer$$Code)
    Long Thumb to Thumb Veneer to __aeabi_ui2d 0x20006799   Thumb Code    12  anon$$obj.o(Veneer$$Code)
    Long Thumb to Thumb Veneer to __aeabi_memcpy4 0x200067a5   Thumb Code    12  anon$$obj.o(Veneer$$Code)
    Long Thumb to Thumb Veneer to __aeabi_llsr 0x200067b1   Thumb Code    12  anon$$obj.o(Veneer$$Code)
    Long Thumb to Thumb Veneer to __aeabi_llsl 0x200067bd   Thumb Code    12  anon$$obj.o(Veneer$$Code)
    Long Thumb to Thumb Veneer to _double_epilogue 0x200067c9   Thumb Code    12  anon$$obj.o(Veneer$$Code)
    Long Thumb to Thumb Veneer to _double_round 0x200067d5   Thumb Code    12  anon$$obj.o(Veneer$$Code)
    Long Thumb to Thumb Veneer to __aeabi_dmul 0x200067e1   Thumb Code    12  anon$$obj.o(Veneer$$Code)
    Long Thumb to Thumb Veneer to __aeabi_i2d 0x200067ed   Thumb Code    12  anon$$obj.o(Veneer$$Code)
    __0sprintf$3                             0x200067f9   Thumb Code    36  printf3.o(i.__0sprintf$3)
    __1sprintf$3                             0x200067f9   Thumb Code     0  printf3.o(i.__0sprintf$3)
    __2sprintf                               0x200067f9   Thumb Code     0  printf3.o(i.__0sprintf$3)
    __ARM_common_ll_muluu                    0x20006821   Thumb Code    50  rred.o(i.__ARM_common_ll_muluu)
    __ARM_fpclassify                         0x20006855   Thumb Code    40  fpclassify.o(i.__ARM_fpclassify)
    __ieee754_rem_pio2                       0x20006881   Thumb Code   838  rred.o(i.__ieee754_rem_pio2)
    __kernel_cos                             0x20006c1d   Thumb Code   224  cos_i.o(i.__kernel_cos)
    __kernel_poly                            0x20006d11   Thumb Code   172  poly.o(i.__kernel_poly)
    __kernel_sin                             0x20006dbd   Thumb Code   222  sin_i.o(i.__kernel_sin)
    __mathlib_dbl_infnan                     0x20006ea9   Thumb Code    10  dunder.o(i.__mathlib_dbl_infnan)
    __mathlib_dbl_invalid                    0x20006eb3   Thumb Code    16  dunder.o(i.__mathlib_dbl_invalid)
    __mathlib_dbl_underflow                  0x20006ec5   Thumb Code    14  dunder.o(i.__mathlib_dbl_underflow)
    __scatterload_copy                       0x20006ed9   Thumb Code    14  handlers.o(i.__scatterload_copy)
    __scatterload_null                       0x20006ee7   Thumb Code     2  handlers.o(i.__scatterload_null)
    __scatterload_zeroinit                   0x20006ee9   Thumb Code    14  handlers.o(i.__scatterload_zeroinit)
    __set_errno                              0x20006ef9   Thumb Code     6  errno.o(i.__set_errno)
    floor                                    0x200070dd   Thumb Code   180  floor.o(i.floor)
    free                                     0x200071a5   Thumb Code    80  malloc.o(i.free)
    malloc                                   0x200071f9   Thumb Code    92  malloc.o(i.malloc)
    sin                                      0x20007265   Thumb Code   146  sin.o(i.sin)
    LUT_CFG                                  0x20007300   Data          22  jump_table.o(.constdata)
    my_llc_state_handler                     0x200075c0   Data         176  llc.obj(.constdata)
    my_llc_default_handler                   0x20007670   Data           8  llc.obj(.constdata)
    TASK_DESC_LLC                            0x20007678   Data          16  llc.obj(.constdata)
    SPI_FLASH_KNOWN_DEVICES_PARAMETERS_LIST  0x20007688   Data          80  spi_flash.o(.constdata)
    wechat_att_db                            0x200076d8   Data          96  wechat.o(.constdata)
    wechat_svc                               0x20007738   Data           2  wechat.o(.constdata)
    wechat_write_char                        0x2000773a   Data           5  wechat.o(.constdata)
    wechat_read_char                         0x2000773f   Data           5  wechat.o(.constdata)
    wechat_ind_char                          0x20007744   Data           5  wechat.o(.constdata)
    wechat_disabled                          0x2000775c   Data           8  wechat_task.o(.constdata)
    wechat_idle                              0x20007764   Data           8  wechat_task.o(.constdata)
    wechat_connected                         0x2000776c   Data          32  wechat_task.o(.constdata)
    wechat_default_state                     0x2000778c   Data           8  wechat_task.o(.constdata)
    wechat_state_handler                     0x20007794   Data          24  wechat_task.o(.constdata)
    wechat_default_handler                   0x200077ac   Data           8  wechat_task.o(.constdata)
    prf_funcs                                0x200077fc   Data          24  app.o(.constdata)
    app_default_state                        0x200078b0   Data           8  app_task.o(.constdata)
    app_default_handler                      0x200078b8   Data           8  app_task.o(.constdata)
    app_process_handlers                     0x200078c0   Data          20  app_entry_point.o(.constdata)
    X                                        0x2000794c   Data          32  md5.o(.constdata)
    S                                        0x2000796c   Data          64  md5.o(.constdata)
    Region$$Table$$Base                      0x20007bd0   Number         0  anon$$obj.o(Region$$Table)
    Region$$Table$$Limit                     0x20007c00   Number         0  anon$$obj.o(Region$$Table)
    startup_sleep_delay                      0x20007c00   Data           4  arch_system.o(.data)
    mpdemo2_emcPeriodInsMeasureFlag          0x20007c04   Data           1  mpbledemo2.o(.data)
    challeange                               0x20007c08   Data           4  mpbledemo2.o(.data)
    mpbledemo2_cmd_handler                   0x20007c0c   Data          48  mpbledemo2.o(.data)
    mpbledemo2_data_handler                  0x20007c3c   Data          44  mpbledemo2.o(.data)
    __microlib_freelist                      0x20007c6c   Data           4  mvars.o(.data)
    __microlib_freelist_initialised          0x20007c70   Data           4  mvars.o(.data)
    spi_flash_device_index                   0x20008000   Data           2  spi_flash.o(.bss)
    spi_flash_detected_device                0x20008004   Data           4  spi_flash.o(.bss)
    spi_flash_size                           0x20008008   Data           4  spi_flash.o(.bss)
    spi_flash_page_size                      0x2000800c   Data           4  spi_flash.o(.bss)
    spi_driver_cs_pad                        0x20008010   Data           2  spi.o(.bss)
    TIMER0_callback                          0x20008014   Data           4  pwm.o(.bss)
    callback_function                        0x20008018   Data           4  systick.o(.bss)
    m_info                                   0x2000801c   Data          12  mpbledemo2.o(.bss)
    rwip_heap_non_ret                        0x20008bf4   Data        1036  jump_table.o(heap_mem_area_not_ret)
    SystemCoreClock                          0x20009000   Data           0  rom_symdef.txt ABSOLUTE
    error                                    0x20009004   Data           0  rom_symdef.txt ABSOLUTE
    GPIOHandlerFunction                      0x20009020   Data          20  gpio.o(.bss)
    pDataHandler                             0x20009034   Data           4  app_wechat.o(.bss)
    g_send_data                              0x20009038   Data           8  app_wechat.o(.bss)
    first_handler                            0x20009048   Data          44  ble_wechat_util.o(.bss)
    mpdemo2_emcdata                          0x20009074   Data           3  mpbledemo2.o(.bss)
    m_mpbledemo2_handler                     0x20009078   Data           4  mpbledemo2.o(.bss)
    mpbledemo2Sta                            0x2000907c   Data          12  mpbledemo2.o(.bss)
    md5_type_and_id                          0x20009088   Data          16  mpbledemo2.o(.bss)
    zIhuRunErrCnt                            0x20009098   Data          24  vmdalayer.o(.bss)
    zIhuSleepCnt                             0x200090b0   Data          48  vmdalayer.o(.bss)
    __heap_base                              0x200090e0   Data           0  boot_vectors.o(HEAP)
    __heap_limit                             0x200091e0   Data           0  boot_vectors.o(HEAP)
    __initial_sp                             0x20009800   Data           0  boot_vectors.o(STACK)
    clk_per_reg                              0x50000004   Data           4  pwm.o(.ARM.__AT_0x50000004)
    timer0_ctrl_reg                          0x50003400   Data           4  pwm.o(.ARM.__AT_0x50003400)
    triple_pwm_ctrl_reg                      0x50003410   Data           4  pwm.o(.ARM.__AT_0x50003410)



==============================================================================

Memory Map of the image

  Image Entry point : 0x20000441

  Load Region LR_IROM1 (Base: 0x20000000, Size: 0x000000a0, Max: 0x00000160, ABSOLUTE)

    Execution Region ER_IROM1 (Base: 0x20000000, Size: 0x000000a0, Max: 0x00000160, ABSOLUTE)

    Base Addr    Size         Type   Attr      Idx    E Section Name        Object

    0x20000000   0x000000a0   Data   RO          191    RESET               boot_vectors.o



  Load Region LR_IROM2 (Base: 0x20000160, Size: 0x00000160, Max: 0x00000160, ABSOLUTE)

    Execution Region ER_IROM2 (Base: 0x20000160, Size: 0x00000160, Max: 0x00000160, ABSOLUTE)

    Base Addr    Size         Type   Attr      Idx    E Section Name        Object

    0x20000160   0x00000160   Data   RO          476    jump_table_mem_area  jump_table.o



  Load Region LR_IROM3 (Base: 0x200002c0, Size: 0x00000064, Max: 0x00000080, ABSOLUTE)

    Execution Region ER_IROM3 (Base: 0x200002c0, Size: 0x00000064, Max: 0x00000080, ABSOLUTE)

    Base Addr    Size         Type   Attr      Idx    E Section Name        Object

    0x200002c0   0x00000064   Data   RO         1709    timeout_table_area  gapm.o



  Load Region LR_IROM4 (Base: 0x20000340, Size: 0x000000a4, Max: 0x00000100, ABSOLUTE)

    Execution Region ER_IROM4 (Base: 0x20000340, Size: 0x000000a4, Max: 0x00000100, ABSOLUTE)

    Base Addr    Size         Type   Attr      Idx    E Section Name        Object

    0x20000340   0x000000a4   Data   RO          278    nvds_data_storage_area  nvds.o



  Load Region LR_IROM5 (Base: 0x20000440, Size: 0x00007838, Max: 0x000093c0, ABSOLUTE)

    Execution Region ER_IROM5 (Base: 0x20000440, Size: 0x00007838, Max: 0x00007ac0, ABSOLUTE)

    Base Addr    Size         Type   Attr      Idx    E Section Name        Object

    0x20000440   0x00000000   Code   RO         3449  * .ARM.Collect$$$$00000000  mc_p.l(entry.o)
    0x20000440   0x00000004   Code   RO         3785    .ARM.Collect$$$$00000001  mc_p.l(entry2.o)
    0x20000444   0x00000004   Code   RO         3788    .ARM.Collect$$$$00000004  mc_p.l(entry5.o)
    0x20000448   0x00000000   Code   RO         3790    .ARM.Collect$$$$00000008  mc_p.l(entry7b.o)
    0x20000448   0x00000000   Code   RO         3792    .ARM.Collect$$$$0000000A  mc_p.l(entry8b.o)
    0x20000448   0x00000008   Code   RO         3793    .ARM.Collect$$$$0000000B  mc_p.l(entry9a.o)
    0x20000450   0x00000000   Code   RO         3795    .ARM.Collect$$$$0000000D  mc_p.l(entry10a.o)
    0x20000450   0x00000000   Code   RO         3797    .ARM.Collect$$$$0000000F  mc_p.l(entry11a.o)
    0x20000450   0x00000004   Code   RO         3786    .ARM.Collect$$$$00002712  mc_p.l(entry2.o)
    0x20000454   0x00000050   Code   RO            2    .text               system_armcm0.o
    0x200004a4   0x0000006c   Code   RO          192    .text               boot_vectors.o
    0x20000510   0x00000018   Code   RO          197    .text               hardfault_handler.o
    0x20000528   0x00000038   Code   RO          221    .text               nmi_handler.o
    0x20000560   0x00000358   Code   RO          236    .text               arch_console.o
    0x200008b8   0x000000b8   Code   RO          277    .text               nvds.o
    0x20000970   0x000001cc   Code   RO          297    .text               arch_main.o
    0x20000b3c   0x00000002   Code   RO          470    .text               jump_table.o
    0x20000b3e   0x00000002   PAD
    0x20000b40   0x000000f4   Code   RO          570    .text               arch_sleep.o
    0x20000c34   0x0000034c   Code   RO          612    .text               arch_system.o
    0x20000f80   0x00000178   Code   RO          748    .text               arch_patch.o
    0x200010f8   0x000000ec   Code   RO          817    .text               atts_task.obj
    0x200011e4   0x000000c4   Code   RO          819    .text               ch_map.obj
    0x200012a8   0x00000180   Code   RO          821    .text               gapm_util.obj
    0x20001428   0x000000b8   Code   RO          823    .text               ke_task.obj
    0x200014e0   0x0000015c   Code   RO          825    .text               smpc.obj
    0x2000163c   0x00000214   Code   RO          827    .text               smpc_task.obj
    0x20001850   0x00000160   Code   RO          829    .text               llc.obj
    0x200019b0   0x0000002c   Code   RO          838    .text               syscntl.o
    0x200019dc   0x000000fc   Code   RO          858    .text               gpio.o
    0x20001ad8   0x00000148   Code   RO          916    .text               wkupct_quadec.o
    0x20001c20   0x00000124   Code   RO         1003    .text               battery.o
    0x20001d44   0x00000128   Code   RO         1023    .text               adc.o
    0x20001e6c   0x000001bc   Code   RO         1039    .text               trng.o
    0x20002028   0x000000cc   Code   RO         1052    .text               spi_flash.o
    0x200020f4   0x00000118   Code   RO         1180    .text               spi.o
    0x2000220c   0x00000010   Code   RO         1282    .text               pwm.o
    0x2000221c   0x00000178   Code   RO         1441    .text               uart2.o
    0x20002394   0x00000010   Code   RO         1480    .text               systick.o
    0x200023a4   0x000002f4   Code   RO         1527    .text               rf_580.o
    0x20002698   0x0000032c   Code   RO         1567    .text               rwble.o
    0x200029c4   0x00000190   Code   RO         1681    .text               rwip.o
    0x20002b54   0x00000084   Code   RO         2006    .text               prf_utils.o
    0x20002bd8   0x000000d4   Code   RO         2298    .text               wechat.o
    0x20002cac   0x000001b8   Code   RO         2326    .text               wechat_task.o
    0x20002e64   0x000000d8   Code   RO         2359    .text               app_default_handlers.o
    0x20002f3c   0x000003cc   Code   RO         2404    .text               app.o
    0x20003308   0x00000164   Code   RO         2580    .text               app_task.o
    0x2000346c   0x00000074   Code   RO         2683    .text               app_entry_point.o
    0x200034e0   0x00000002   Code   RO         2725    .text               app_easy_timer.o
    0x200034e2   0x00000002   PAD
    0x200034e4   0x00000098   Code   RO         2726    .text               app_easy_timer.o
    0x2000357c   0x00000048   Code   RO         2798    .text               app_easy_msg_utils.o
    0x200035c4   0x000001cc   Code   RO         2842    .text               app_wechat.o
    0x20003790   0x000000a4   Code   RO         2881    .text               app_wechat_task.o
    0x20003834   0x00000070   Code   RO         2895    .text               app_security.o
    0x200038a4   0x000000bc   Code   RO         2913    .text               app_security_task.o
    0x20003960   0x00000240   Code   RO         2928    .text               app_easy_security.o
    0x20003ba0   0x00000204   Code   RO         3000    .text               user_periph_setup.o
    0x20003da4   0x00000008   Code   RO         3014    .text               user_wechat.o
    0x20003dac   0x000001ec   Code   RO         3039    .text               ble_wechat_util.o
    0x20003f98   0x000000d4   Code   RO         3070    .text               crc32.o
    0x2000406c   0x00000296   Code   RO         3082    .text               epb.o
    0x20004302   0x00000002   PAD
    0x20004304   0x000007e8   Code   RO         3161    .text               epb_mmbp.o
    0x20004aec   0x0000000a   Code   RO         3174    .text               md5.o
    0x20004af6   0x00000008   Code   RO         3175    .text               md5.o
    0x20004afe   0x00000006   Code   RO         3176    .text               md5.o
    0x20004b04   0x00000008   Code   RO         3177    .text               md5.o
    0x20004b0c   0x0000001c   Code   RO         3179    .text               md5.o
    0x20004b28   0x00000052   Code   RO         3180    .text               md5.o
    0x20004b7a   0x00000002   PAD
    0x20004b7c   0x000001a0   Code   RO         3181    .text               md5.o
    0x20004d1c   0x00000ebc   Code   RO         3233    .text               mpbledemo2.o
    0x20005bd8   0x000000e8   Code   RO         3334    .text               vmdalayer.o
    0x20005cc0   0x000001fc   Code   RO         3383    .text               i2c_led.o
    0x20005ebc   0x00000040   Code   RO         3454    .text               mc_p.l(memmovea.o)
    0x20005efc   0x0000001a   Code   RO         3456    .text               mc_p.l(strncpy.o)
    0x20005f16   0x00000012   Code   RO         3458    .text               mc_p.l(strcpy.o)
    0x20005f28   0x0000002c   Code   RO         3751    .text               mf_p.l(dscalb.o)
    0x20005f54   0x0000003c   Code   RO         3753    .text               mf_p.l(dfixui.o)
    0x20005f90   0x00000164   Code   RO         3813    .text               mf_p.l(dadd.o)
    0x200060f4   0x000000f0   Code   RO         3815    .text               mf_p.l(ddiv.o)
    0x200061e4   0x00000028   Code   RO         3819    .text               mf_p.l(cdrcmple.o)
    0x2000620c   0x00000024   Code   RO         3825    .text               mc_p.l(init.o)
    0x20006230   0x00000026   Code   RO         3828    .text               mc_p.l(llsshr.o)
    0x20006256   0x00000002   PAD
    0x20006258   0x00000048   Code   RO         3831    .text               mf_p.l(dfixi.o)
    0x200062a0   0x0000000c   Ven    RO         3841    Veneer$$Code        anon$$obj.o
    0x200062ac   0x0000000c   Ven    RO         3842    Veneer$$Code        anon$$obj.o
    0x200062b8   0x0000000c   Ven    RO         3843    Veneer$$Code        anon$$obj.o
    0x200062c4   0x0000000c   Ven    RO         3844    Veneer$$Code        anon$$obj.o
    0x200062d0   0x0000000c   Ven    RO         3845    Veneer$$Code        anon$$obj.o
    0x200062dc   0x0000000c   Ven    RO         3846    Veneer$$Code        anon$$obj.o
    0x200062e8   0x0000000c   Ven    RO         3847    Veneer$$Code        anon$$obj.o
    0x200062f4   0x0000000c   Ven    RO         3848    Veneer$$Code        anon$$obj.o
    0x20006300   0x0000000c   Ven    RO         3849    Veneer$$Code        anon$$obj.o
    0x2000630c   0x0000000c   Ven    RO         3850    Veneer$$Code        anon$$obj.o
    0x20006318   0x0000000c   Ven    RO         3851    Veneer$$Code        anon$$obj.o
    0x20006324   0x0000000c   Ven    RO         3852    Veneer$$Code        anon$$obj.o
    0x20006330   0x0000000c   Ven    RO         3853    Veneer$$Code        anon$$obj.o
    0x2000633c   0x0000000c   Ven    RO         3854    Veneer$$Code        anon$$obj.o
    0x20006348   0x0000000c   Ven    RO         3855    Veneer$$Code        anon$$obj.o
    0x20006354   0x0000000c   Ven    RO         3856    Veneer$$Code        anon$$obj.o
    0x20006360   0x0000000c   Ven    RO         3857    Veneer$$Code        anon$$obj.o
    0x2000636c   0x0000000c   Ven    RO         3858    Veneer$$Code        anon$$obj.o
    0x20006378   0x0000000c   Ven    RO         3859    Veneer$$Code        anon$$obj.o
    0x20006384   0x0000000c   Ven    RO         3860    Veneer$$Code        anon$$obj.o
    0x20006390   0x0000000c   Ven    RO         3861    Veneer$$Code        anon$$obj.o
    0x2000639c   0x0000000c   Ven    RO         3862    Veneer$$Code        anon$$obj.o
    0x200063a8   0x0000000c   Ven    RO         3863    Veneer$$Code        anon$$obj.o
    0x200063b4   0x0000000c   Ven    RO         3864    Veneer$$Code        anon$$obj.o
    0x200063c0   0x0000000c   Ven    RO         3865    Veneer$$Code        anon$$obj.o
    0x200063cc   0x0000000c   Ven    RO         3866    Veneer$$Code        anon$$obj.o
    0x200063d8   0x0000000c   Ven    RO         3867    Veneer$$Code        anon$$obj.o
    0x200063e4   0x0000000c   Ven    RO         3868    Veneer$$Code        anon$$obj.o
    0x200063f0   0x0000000c   Ven    RO         3869    Veneer$$Code        anon$$obj.o
    0x200063fc   0x0000000c   Ven    RO         3870    Veneer$$Code        anon$$obj.o
    0x20006408   0x0000000c   Ven    RO         3871    Veneer$$Code        anon$$obj.o
    0x20006414   0x0000000c   Ven    RO         3872    Veneer$$Code        anon$$obj.o
    0x20006420   0x0000000c   Ven    RO         3873    Veneer$$Code        anon$$obj.o
    0x2000642c   0x0000000c   Ven    RO         3874    Veneer$$Code        anon$$obj.o
    0x20006438   0x0000000c   Ven    RO         3875    Veneer$$Code        anon$$obj.o
    0x20006444   0x0000000c   Ven    RO         3876    Veneer$$Code        anon$$obj.o
    0x20006450   0x0000000c   Ven    RO         3877    Veneer$$Code        anon$$obj.o
    0x2000645c   0x0000000c   Ven    RO         3878    Veneer$$Code        anon$$obj.o
    0x20006468   0x0000000c   Ven    RO         3879    Veneer$$Code        anon$$obj.o
    0x20006474   0x0000000c   Ven    RO         3880    Veneer$$Code        anon$$obj.o
    0x20006480   0x0000000c   Ven    RO         3881    Veneer$$Code        anon$$obj.o
    0x2000648c   0x0000000c   Ven    RO         3882    Veneer$$Code        anon$$obj.o
    0x20006498   0x0000000c   Ven    RO         3883    Veneer$$Code        anon$$obj.o
    0x200064a4   0x0000000c   Ven    RO         3884    Veneer$$Code        anon$$obj.o
    0x200064b0   0x0000000c   Ven    RO         3885    Veneer$$Code        anon$$obj.o
    0x200064bc   0x0000000c   Ven    RO         3886    Veneer$$Code        anon$$obj.o
    0x200064c8   0x0000000c   Ven    RO         3887    Veneer$$Code        anon$$obj.o
    0x200064d4   0x0000000c   Ven    RO         3888    Veneer$$Code        anon$$obj.o
    0x200064e0   0x0000000c   Ven    RO         3889    Veneer$$Code        anon$$obj.o
    0x200064ec   0x0000000c   Ven    RO         3890    Veneer$$Code        anon$$obj.o
    0x200064f8   0x0000000c   Ven    RO         3891    Veneer$$Code        anon$$obj.o
    0x20006504   0x0000000c   Ven    RO         3892    Veneer$$Code        anon$$obj.o
    0x20006510   0x0000000c   Ven    RO         3893    Veneer$$Code        anon$$obj.o
    0x2000651c   0x0000000c   Ven    RO         3894    Veneer$$Code        anon$$obj.o
    0x20006528   0x0000000c   Ven    RO         3895    Veneer$$Code        anon$$obj.o
    0x20006534   0x0000000c   Ven    RO         3896    Veneer$$Code        anon$$obj.o
    0x20006540   0x0000000c   Ven    RO         3897    Veneer$$Code        anon$$obj.o
    0x2000654c   0x0000000c   Ven    RO         3898    Veneer$$Code        anon$$obj.o
    0x20006558   0x0000000c   Ven    RO         3899    Veneer$$Code        anon$$obj.o
    0x20006564   0x0000000c   Ven    RO         3900    Veneer$$Code        anon$$obj.o
    0x20006570   0x0000000c   Ven    RO         3901    Veneer$$Code        anon$$obj.o
    0x2000657c   0x0000000c   Ven    RO         3902    Veneer$$Code        anon$$obj.o
    0x20006588   0x0000000c   Ven    RO         3903    Veneer$$Code        anon$$obj.o
    0x20006594   0x0000000c   Ven    RO         3904    Veneer$$Code        anon$$obj.o
    0x200065a0   0x0000000c   Ven    RO         3905    Veneer$$Code        anon$$obj.o
    0x200065ac   0x0000000c   Ven    RO         3906    Veneer$$Code        anon$$obj.o
    0x200065b8   0x0000000c   Ven    RO         3907    Veneer$$Code        anon$$obj.o
    0x200065c4   0x0000000c   Ven    RO         3908    Veneer$$Code        anon$$obj.o
    0x200065d0   0x0000000c   Ven    RO         3909    Veneer$$Code        anon$$obj.o
    0x200065dc   0x0000000c   Ven    RO         3910    Veneer$$Code        anon$$obj.o
    0x200065e8   0x0000000c   Ven    RO         3911    Veneer$$Code        anon$$obj.o
    0x200065f4   0x0000000c   Ven    RO         3912    Veneer$$Code        anon$$obj.o
    0x20006600   0x0000000c   Ven    RO         3913    Veneer$$Code        anon$$obj.o
    0x2000660c   0x0000000c   Ven    RO         3914    Veneer$$Code        anon$$obj.o
    0x20006618   0x0000000c   Ven    RO         3915    Veneer$$Code        anon$$obj.o
    0x20006624   0x0000000c   Ven    RO         3916    Veneer$$Code        anon$$obj.o
    0x20006630   0x0000000c   Ven    RO         3917    Veneer$$Code        anon$$obj.o
    0x2000663c   0x0000000c   Ven    RO         3918    Veneer$$Code        anon$$obj.o
    0x20006648   0x0000000c   Ven    RO         3919    Veneer$$Code        anon$$obj.o
    0x20006654   0x0000000c   Ven    RO         3920    Veneer$$Code        anon$$obj.o
    0x20006660   0x0000000c   Ven    RO         3921    Veneer$$Code        anon$$obj.o
    0x2000666c   0x0000000c   Ven    RO         3922    Veneer$$Code        anon$$obj.o
    0x20006678   0x0000000c   Ven    RO         3923    Veneer$$Code        anon$$obj.o
    0x20006684   0x0000000c   Ven    RO         3924    Veneer$$Code        anon$$obj.o
    0x20006690   0x0000000c   Ven    RO         3925    Veneer$$Code        anon$$obj.o
    0x2000669c   0x0000000c   Ven    RO         3926    Veneer$$Code        anon$$obj.o
    0x200066a8   0x0000000c   Ven    RO         3927    Veneer$$Code        anon$$obj.o
    0x200066b4   0x0000000c   Ven    RO         3928    Veneer$$Code        anon$$obj.o
    0x200066c0   0x0000000c   Ven    RO         3929    Veneer$$Code        anon$$obj.o
    0x200066cc   0x0000000c   Ven    RO         3930    Veneer$$Code        anon$$obj.o
    0x200066d8   0x0000000c   Ven    RO         3931    Veneer$$Code        anon$$obj.o
    0x200066e4   0x0000000c   Ven    RO         3932    Veneer$$Code        anon$$obj.o
    0x200066f0   0x0000000c   Ven    RO         3933    Veneer$$Code        anon$$obj.o
    0x200066fc   0x0000000c   Ven    RO         3934    Veneer$$Code        anon$$obj.o
    0x20006708   0x0000000c   Ven    RO         3935    Veneer$$Code        anon$$obj.o
    0x20006714   0x0000000c   Ven    RO         3936    Veneer$$Code        anon$$obj.o
    0x20006720   0x0000000c   Ven    RO         3937    Veneer$$Code        anon$$obj.o
    0x2000672c   0x0000000c   Ven    RO         3938    Veneer$$Code        anon$$obj.o
    0x20006738   0x0000000c   Ven    RO         3939    Veneer$$Code        anon$$obj.o
    0x20006744   0x0000000c   Ven    RO         3940    Veneer$$Code        anon$$obj.o
    0x20006750   0x0000000c   Ven    RO         3941    Veneer$$Code        anon$$obj.o
    0x2000675c   0x0000000c   Ven    RO         3942    Veneer$$Code        anon$$obj.o
    0x20006768   0x0000000c   Ven    RO         3943    Veneer$$Code        anon$$obj.o
    0x20006774   0x0000000c   Ven    RO         3944    Veneer$$Code        anon$$obj.o
    0x20006780   0x0000000c   Ven    RO         3945    Veneer$$Code        anon$$obj.o
    0x2000678c   0x0000000c   Ven    RO         3946    Veneer$$Code        anon$$obj.o
    0x20006798   0x0000000c   Ven    RO         3947    Veneer$$Code        anon$$obj.o
    0x200067a4   0x0000000c   Ven    RO         3948    Veneer$$Code        anon$$obj.o
    0x200067b0   0x0000000c   Ven    RO         3949    Veneer$$Code        anon$$obj.o
    0x200067bc   0x0000000c   Ven    RO         3950    Veneer$$Code        anon$$obj.o
    0x200067c8   0x0000000c   Ven    RO         3951    Veneer$$Code        anon$$obj.o
    0x200067d4   0x0000000c   Ven    RO         3952    Veneer$$Code        anon$$obj.o
    0x200067e0   0x0000000c   Ven    RO         3953    Veneer$$Code        anon$$obj.o
    0x200067ec   0x0000000c   Ven    RO         3954    Veneer$$Code        anon$$obj.o
    0x200067f8   0x00000028   Code   RO         3553    i.__0sprintf$3      mc_p.l(printf3.o)
    0x20006820   0x00000032   Code   RO         3777    i.__ARM_common_ll_muluu  m_ps.l(rred.o)
    0x20006852   0x00000002   PAD
    0x20006854   0x0000002c   Code   RO         3821    i.__ARM_fpclassify  m_ps.l(fpclassify.o)
    0x20006880   0x0000039c   Code   RO         3772    i.__ieee754_rem_pio2  m_ps.l(rred.o)
    0x20006c1c   0x000000f4   Code   RO         3755    i.__kernel_cos      m_ps.l(cos_i.o)
    0x20006d10   0x000000ac   Code   RO         3823    i.__kernel_poly     m_ps.l(poly.o)
    0x20006dbc   0x000000ec   Code   RO         3779    i.__kernel_sin      m_ps.l(sin_i.o)
    0x20006ea8   0x0000000a   Code   RO         3759    i.__mathlib_dbl_infnan  m_ps.l(dunder.o)
    0x20006eb2   0x00000010   Code   RO         3761    i.__mathlib_dbl_invalid  m_ps.l(dunder.o)
    0x20006ec2   0x00000002   PAD
    0x20006ec4   0x00000014   Code   RO         3764    i.__mathlib_dbl_underflow  m_ps.l(dunder.o)
    0x20006ed8   0x0000000e   Code   RO         3835    i.__scatterload_copy  mc_p.l(handlers.o)
    0x20006ee6   0x00000002   Code   RO         3836    i.__scatterload_null  mc_p.l(handlers.o)
    0x20006ee8   0x0000000e   Code   RO         3837    i.__scatterload_zeroinit  mc_p.l(handlers.o)
    0x20006ef6   0x00000002   PAD
    0x20006ef8   0x0000000c   Code   RO         3808    i.__set_errno       mc_p.l(errno.o)
    0x20006f04   0x000001cc   Code   RO         3558    i._printf_core      mc_p.l(printf3.o)
    0x200070d0   0x0000000a   Code   RO         3560    i._sputc            mc_p.l(printf3.o)
    0x200070da   0x00000002   PAD
    0x200070dc   0x000000c8   Code   RO         3438    i.floor             m_ps.l(floor.o)
    0x200071a4   0x00000054   Code   RO         3723    i.free              mc_p.l(malloc.o)
    0x200071f8   0x0000006c   Code   RO         3724    i.malloc            mc_p.l(malloc.o)
    0x20007264   0x0000009c   Code   RO         3442    i.sin               m_ps.l(sin.o)
    0x20007300   0x00000016   Data   RO          471    .constdata          jump_table.o
    0x20007316   0x00000002   PAD
    0x20007318   0x00000130   Data   RO          749    .constdata          arch_patch.o
    0x20007448   0x00000008   Data   RO          750    .constdata          arch_patch.o
    0x20007450   0x00000030   Data   RO          751    .constdata          arch_patch.o
    0x20007480   0x00000130   Data   RO          830    .constdata          llc.obj
    0x200075b0   0x00000010   Data   RO          831    .constdata          llc.obj
    0x200075c0   0x000000b0   Data   RO          832    .constdata          llc.obj
    0x20007670   0x00000008   Data   RO          833    .constdata          llc.obj
    0x20007678   0x00000010   Data   RO          834    .constdata          llc.obj
    0x20007688   0x00000050   Data   RO         1072    .constdata          spi_flash.o
    0x200076d8   0x00000060   Data   RO         2299    .constdata          wechat.o
    0x20007738   0x00000002   Data   RO         2300    .constdata          wechat.o
    0x2000773a   0x00000005   Data   RO         2301    .constdata          wechat.o
    0x2000773f   0x00000005   Data   RO         2302    .constdata          wechat.o
    0x20007744   0x00000005   Data   RO         2303    .constdata          wechat.o
    0x20007749   0x00000003   PAD
    0x2000774c   0x00000010   Data   RO         2304    .constdata          wechat.o
    0x2000775c   0x00000008   Data   RO         2327    .constdata          wechat_task.o
    0x20007764   0x00000008   Data   RO         2328    .constdata          wechat_task.o
    0x2000776c   0x00000020   Data   RO         2329    .constdata          wechat_task.o
    0x2000778c   0x00000008   Data   RO         2330    .constdata          wechat_task.o
    0x20007794   0x00000018   Data   RO         2331    .constdata          wechat_task.o
    0x200077ac   0x00000008   Data   RO         2332    .constdata          wechat_task.o
    0x200077b4   0x000000c2   Data   RO         2428    .constdata          app.o
    0x20007876   0x00000002   PAD
    0x20007878   0x00000038   Data   RO         2582    .constdata          app_task.o
    0x200078b0   0x00000008   Data   RO         2583    .constdata          app_task.o
    0x200078b8   0x00000008   Data   RO         2584    .constdata          app_task.o
    0x200078c0   0x00000014   Data   RO         2684    .constdata          app_entry_point.o
    0x200078d4   0x00000030   Data   RO         2882    .constdata          app_wechat_task.o
    0x20007904   0x00000020   Data   RO         2915    .constdata          app_security_task.o
    0x20007924   0x00000027   Data   RO         2937    .constdata          app_easy_security.o
    0x2000794b   0x00000001   PAD
    0x2000794c   0x00000070   Data   RO         3182    .constdata          md5.o
    0x200079bc   0x00000078   Data   RO         3238    .constdata          mpbledemo2.o
    0x20007a34   0x00000004   PAD
    0x20007a38   0x00000030   Data   RO         3756    .constdata          m_ps.l(cos_i.o)
    0x20007a68   0x000000c8   Data   RO         3774    .constdata          m_ps.l(rred.o)
    0x20007b30   0x00000028   Data   RO         3780    .constdata          m_ps.l(sin_i.o)
    0x20007b58   0x00000031   Data   RO         3239    .conststring        mpbledemo2.o
    0x20007b89   0x00000003   PAD
    0x20007b8c   0x00000041   Data   RO         3346    .conststring        vmdalayer.o
    0x20007bcd   0x00000003   PAD
    0x20007bd0   0x00000030   Data   RO         3833    Region$$Table       anon$$obj.o
    0x20007c00   0x00000004   Data   RW          620    .data               arch_system.o
    0x20007c04   0x00000038   Data   RW         3240    .data               mpbledemo2.o
    0x20007c3c   0x0000002c   Data   RW         3241    .data               mpbledemo2.o
    0x20007c68   0x00000002   Data   RW         3392    .data               i2c_led.o
    0x20007c6a   0x00000002   PAD
    0x20007c6c   0x00000004   Data   RW         3804    .data               mc_p.l(mvars.o)
    0x20007c70   0x00000004   Data   RW         3805    .data               mc_p.l(mvars.o)
    0x20007c74   0x00000004   Data   RW         3809    .data               mc_p.l(errno.o)


    Execution Region RW_IRAM50 (Base: 0x20008000, Size: 0x0000002c, Max: 0x00000bf4, ABSOLUTE)

    Base Addr    Size         Type   Attr      Idx    E Section Name        Object

    0x20008000   0x00000010   Zero   RW         1071    .bss                spi_flash.o
    0x20008010   0x00000002   Zero   RW         1183    .bss                spi.o
    0x20008012   0x00000002   PAD
    0x20008014   0x00000004   Zero   RW         1287    .bss                pwm.o
    0x20008018   0x00000004   Zero   RW         1485    .bss                systick.o
    0x2000801c   0x0000000c   Zero   RW         3234    .bss                mpbledemo2.o
    0x20008028   0x00000002   Zero   RW         3391    .bss                i2c_led.o


    Execution Region RW_IRAM51 (Base: 0x20008bf4, Size: 0x0000040c, Max: 0x0000040c, ABSOLUTE, UNINIT)

    Base Addr    Size         Type   Attr      Idx    E Section Name        Object

    0x20008bf4   0x0000040c   Zero   RW          474    heap_mem_area_not_ret  jump_table.o


    Execution Region RW_IRAM52 (Base: 0x20009000, Size: 0x00000020, Max: 0x00000020, ABSOLUTE)

    Base Addr    Size         Type   Attr      Idx    E Section Name        Object

    0x20009000   0x00000020   Zero   RW            1    RW_IRAM52.bss       anon$$obj.o


    Execution Region RW_IRAM53 (Base: 0x20009020, Size: 0x000001c0, Max: 0x000001e0, ABSOLUTE)

    Base Addr    Size         Type   Attr      Idx    E Section Name        Object

    0x20009020   0x00000014   Zero   RW          865    .bss                gpio.o
    0x20009034   0x00000014   Zero   RW         2843    .bss                app_wechat.o
    0x20009048   0x0000002c   Zero   RW         3042    .bss                ble_wechat_util.o
    0x20009074   0x00000024   Zero   RW         3235    .bss                mpbledemo2.o
    0x20009098   0x00000048   Zero   RW         3339    .bss                vmdalayer.o
    0x200090e0   0x00000100   Zero   RW          190    HEAP                boot_vectors.o


    Execution Region RW_IRAM54 (Base: 0x20009200, Size: 0x00000600, Max: 0x00000600, ABSOLUTE, UNINIT)

    Base Addr    Size         Type   Attr      Idx    E Section Name        Object

    0x20009200   0x00000600   Zero   RW          189    STACK               boot_vectors.o



  Load Region LR_RETENTION_RAM0 (Base: 0x00080768, Size: 0x00000000, Max: 0x00001898, ABSOLUTE)

    Execution Region ZI_RET00 (Base: 0x00080768, Size: 0x00000bcc, Max: 0x000012b8, ABSOLUTE, UNINIT)

    Base Addr    Size         Type   Attr      Idx    E Section Name        Object

    0x00080768   0x0000040c   Zero   RW          472    heap_db_area        jump_table.o
    0x00080b74   0x00000154   Zero   RW          473    heap_env_area       jump_table.o
    0x00080cc8   0x0000052c   Zero   RW          475    heap_msg_area       jump_table.o
    0x000811f4   0x00000008   Zero   RW          238    retention_mem_area0  arch_console.o
    0x000811fc   0x00000006   Zero   RW          279    retention_mem_area0  nvds.o
    0x00081202   0x00000001   Zero   RW          300    retention_mem_area0  arch_main.o
    0x00081203   0x00000004   Zero   RW          575    retention_mem_area0  arch_sleep.o
    0x00081207   0x00000001   PAD
    0x00081208   0x00000014   Zero   RW          621    retention_mem_area0  arch_system.o
    0x0008121c   0x00000018   Zero   RW          835    retention_mem_area0  llc.obj
    0x00081234   0x0000000c   Zero   RW          924    retention_mem_area0  wkupct_quadec.o
    0x00081240   0x0000001c   Zero   RW         1445    retention_mem_area0  uart2.o
    0x0008125c   0x00000001   Zero   RW         1530    retention_mem_area0  rf_580.o
    0x0008125d   0x00000001   PAD
    0x0008125e   0x00000008   Zero   RW         1570    retention_mem_area0  rwble.o
    0x00081266   0x0000000a   Zero   RW         2305    retention_mem_area0  wechat.o
    0x00081270   0x00000002   Zero   RW         2333    retention_mem_area0  wechat_task.o
    0x00081272   0x00000001   Zero   RW         2334    retention_mem_area0  wechat_task.o
    0x00081273   0x00000001   PAD
    0x00081274   0x00000038   Zero   RW         2430    retention_mem_area0  app.o
    0x000812ac   0x00000001   Zero   RW         2585    retention_mem_area0  app_task.o
    0x000812ad   0x00000003   PAD
    0x000812b0   0x00000028   Zero   RW         2732    retention_mem_area0  app_easy_timer.o
    0x000812d8   0x00000018   Zero   RW         2799    retention_mem_area0  app_easy_msg_utils.o
    0x000812f0   0x00000002   Zero   RW         2844    retention_mem_area0  app_wechat.o
    0x000812f2   0x00000024   Zero   RW         2896    retention_mem_area0  app_security.o
    0x00081316   0x00000002   PAD
    0x00081318   0x00000018   Zero   RW         2941    retention_mem_area0  app_easy_security.o
    0x00081330   0x00000001   Zero   RW         3242    retention_mem_area0  mpbledemo2.o


    Execution Region ZI_RET01 (Base: 0x00081a20, Size: 0x000005e0, Max: 0x000005e0, ABSOLUTE)

    Base Addr    Size         Type   Attr      Idx    E Section Name        Object

    0x00081a20   0x000005de   Zero   RW          299    BLE_exchange_memory  arch_main.o



  Load Region LR_RETENTION_RAM2 (Base: 0x00082000, Size: 0x00000000, Max: 0x00001000, ABSOLUTE)

    Execution Region ZI_RET20 (Base: 0x00082000, Size: 0x00000000, Max: 0x00001000, ABSOLUTE, UNINIT)

    **** No section assigned to this execution region ****



  Load Region LR$$.ARM.__AT_0x50000004 (Base: 0x50000004, Size: 0x00000000, Max: 0x00000004, ABSOLUTE)

    Execution Region ER$$.ARM.__AT_0x50000004 (Base: 0x50000004, Size: 0x00000004, Max: 0x00000004, ABSOLUTE, UNINIT)

    Base Addr    Size         Type   Attr      Idx    E Section Name        Object

    0x50000004   0x00000004   Zero   RW         1284    .ARM.__AT_0x50000004  pwm.o



  Load Region LR$$.ARM.__AT_0x50003400 (Base: 0x50003400, Size: 0x00000000, Max: 0x00000004, ABSOLUTE)

    Execution Region ER$$.ARM.__AT_0x50003400 (Base: 0x50003400, Size: 0x00000004, Max: 0x00000004, ABSOLUTE, UNINIT)

    Base Addr    Size         Type   Attr      Idx    E Section Name        Object

    0x50003400   0x00000004   Zero   RW         1285    .ARM.__AT_0x50003400  pwm.o



  Load Region LR$$.ARM.__AT_0x50003410 (Base: 0x50003410, Size: 0x00000000, Max: 0x00000004, ABSOLUTE)

    Execution Region ER$$.ARM.__AT_0x50003410 (Base: 0x50003410, Size: 0x00000004, Max: 0x00000004, ABSOLUTE, UNINIT)

    Base Addr    Size         Type   Attr      Idx    E Section Name        Object

    0x50003410   0x00000004   Zero   RW         1286    .ARM.__AT_0x50003410  pwm.o


==============================================================================

Image component sizes


      Code (inc. data)   RO Data    RW Data    ZI Data      Debug   Object Name

       296         18          0          0          0       2317   adc.o
       972         32        194          0         56      19308   app.o
       216         10          0          0          0       4708   app_default_handlers.o
        72          8          0          0         24       2693   app_easy_msg_utils.o
       576         16         39          0         24      12838   app_easy_security.o
       154         24          0          0         40       3728   app_easy_timer.o
       116          8         20          0          0       2755   app_entry_point.o
       112         14          0          0         36       2699   app_security.o
       188         24         32          0          0       3184   app_security_task.o
       356         16         72          0          1      19096   app_task.o
       460         40          0          0         22       5883   app_wechat.o
       164         18         48          0          0       3524   app_wechat_task.o
       856         58          0          0          8       8627   arch_console.o
       460         36          0          0       1503      18679   arch_main.o
       376         94        360          0          0      14318   arch_patch.o
       244         14          0          0          4       2994   arch_sleep.o
       844         64          0          4         20      97306   arch_system.o
       236         18          0          0          0         72   atts_task.obj
       292         16          0          0          0       2709   battery.o
       492        324          0          0         44       4644   ble_wechat_util.o
       108         22        160          0       1792        744   boot_vectors.o
       196         12          0          0          0        108   ch_map.obj
       212          6          0          0          0       1432   crc32.o
       662          0          0          0          0       8354   epb.o
      2024          8          0          0          0      10956   epb_mmbp.o
         0          0        100          0          0       3476   gapm.o
       384         38          0          0          0        112   gapm_util.obj
       252         16          0          0         20      11220   gpio.o
        24         10          0          0          0       2685   hardfault_handler.o
       508         20          0          2          2       3608   i2c_led.o
         2          0        374          0       3736       8415   jump_table.o
       184         18          0          0          0         96   ke_task.obj
       352         22        520          0         24        236   llc.obj
       558         14        112          0          0       5919   md5.o
      3772       1308        169        100         49      20404   mpbledemo2.o
        56          6          0          0          0       6375   nmi_handler.o
       184         28        164          0          6       2304   nvds.o
       132          6          0          0          0       4909   prf_utils.o
        16          4          0          0         16       2546   pwm.o
       756        178          0          0          1      65503   rf_580.o
       812         62          0          0          8     116532   rwble.o
       400         34          0          0          0      65090   rwip.o
       348         24          0          0          0        160   smpc.obj
       532          4          0          0          0         84   smpc_task.obj
       280         10          0          0          2       3619   spi.o
       204         14         80          0         16       7101   spi_flash.o
        44          0          0          0          0        673   syscntl.o
        80         18          0          0          0     197451   system_armcm0.o
        16          4          0          0          4       1236   systick.o
       444         32          0          0          0       2895   trng.o
       376         20          0          0         28      23486   uart2.o
       516         12          0          0          0        940   user_periph_setup.o
         8          0          0          0          0        953   user_wechat.o
       232         56         65          0         72       7132   vmdalayer.o
       212         14        129          0         10       5402   wechat.o
       440         18         88          0          3       7338   wechat_task.o
       328         30          0          0         12      13155   wkupct_quadec.o

    ----------------------------------------------------------------------
     24512       3376       2792        108       7632     844731   Object Totals
      1368        456         48          0         32          0   (incl. Generated)
         8          0         18          2         17          0   (incl. Padding)

    ----------------------------------------------------------------------

      Code (inc. data)   RO Data    RW Data    ZI Data      Debug   Library Member Name

       244         20         48          0          0         92   cos_i.o
        46          6          0          0          0        204   dunder.o
       200         20          0          0          0         76   floor.o
        44          4          0          0          0         60   fpclassify.o
       172          0          0          0          0         76   poly.o
       974         86        200          0          0        200   rred.o
       156         10          0          0          0        104   sin.o
       236         14         40          0          0        100   sin_i.o
         0          0          0          0          0          0   entry.o
         0          0          0          0          0          0   entry10a.o
         0          0          0          0          0          0   entry11a.o
         8          4          0          0          0          0   entry2.o
         4          0          0          0          0          0   entry5.o
         0          0          0          0          0          0   entry7b.o
         0          0          0          0          0          0   entry8b.o
         8          4          0          0          0          0   entry9a.o
        12          6          0          4          0         60   errno.o
        30          0          0          0          0          0   handlers.o
        36          8          0          0          0         68   init.o
        38          0          0          0          0         68   llsshr.o
       192         20          0          0          0        144   malloc.o
        64          0          0          0          0         68   memmovea.o
         0          0          0          8          0          0   mvars.o
       510          8          0          0          0        228   printf3.o
        18          0          0          0          0         60   strcpy.o
        26          0          0          0          0         68   strncpy.o
        40          2          0          0          0         68   cdrcmple.o
       356          4          0          0          0        140   dadd.o
       240          6          0          0          0         84   ddiv.o
        72         10          0          0          0         72   dfixi.o
        60         10          0          0          0         68   dfixui.o
        44          0          0          0          0         72   dscalb.o

    ----------------------------------------------------------------------
      3840        242        288         12          0       2180   Library Totals
        10          0          0          0          0          0   (incl. Padding)

    ----------------------------------------------------------------------

      Code (inc. data)   RO Data    RW Data    ZI Data      Debug   Library Name

      2072        160        288          0          0        912   m_ps.l
       946         50          0         12          0        764   mc_p.l
       812         32          0          0          0        504   mf_p.l

    ----------------------------------------------------------------------
      3840        242        288         12          0       2180   Library Totals

    ----------------------------------------------------------------------

==============================================================================


      Code (inc. data)   RO Data    RW Data    ZI Data      Debug   

     28352       3618       3080        120       7632     841731   Grand Totals
     28352       3618       3080        120       7632     841731   ELF Image Totals
     28352       3618       3080        120          0          0   ROM Totals

==============================================================================

    Total RO  Size (Code + RO Data)                31432 (  30.70kB)
    Total RW  Size (RW Data + ZI Data)              7752 (   7.57kB)
    Total ROM Size (Code + RO Data + RW Data)      31552 (  30.81kB)

==============================================================================

