Component: ARM Compiler 5.06 update 1 (build 61) Tool: armlink [4d35a8]

==============================================================================

Section Cross References

    boot_vectors.o(RESET) refers to boot_vectors.o(STACK) for __initial_sp
    boot_vectors.o(RESET) refers to boot_vectors.o(.text) for Reset_Handler
    boot_vectors.o(RESET) refers to systick.o(.text) for SysTick_Handler
    boot_vectors.o(RESET) refers to rwble.o(.text) for BLE_WAKEUP_LP_Handler
    boot_vectors.o(RESET) refers to pwm.o(.text) for SWTIM_Handler
    boot_vectors.o(RESET) refers to wkupct_quadec.o(.text) for WKUP_QUADEC_Handler
    boot_vectors.o(RESET) refers to uart2.o(.text) for UART2_Handler
    boot_vectors.o(RESET) refers to gpio.o(.text) for GPIO0_Handler
    boot_vectors.o(.text) refers to system_armcm0.o(.text) for SystemInit
    boot_vectors.o(.text) refers to entry.o(.ARM.Collect$$$$00000000) for __main
    boot_vectors.o(.text) refers to nmi_handler.o(.text) for NMI_HandlerC
    boot_vectors.o(.text) refers to hardfault_handler.o(.text) for HardFault_HandlerC
    boot_vectors.o(.text) refers to arch_patch.o(.text) for SVC_Handler_c
    arch_console.o(.text) refers to uart2.o(.text) for uart2_finish_transfers
    arch_console.o(.text) refers to arch_sleep.o(.text) for arch_restore_sleep_mode
    arch_console.o(.text) refers to strcpy.o(.text) for strcpy
    arch_console.o(.text) refers to arch_console.o(retention_mem_area0) for retention_mem_area0
    arch_console.o(.text) refers to arch_console.o(.text) for arch_printf
    nvds.o(.text) refers to nvds.o(retention_mem_area0) for retention_mem_area0
    arch_main.o(.text) refers to arch_system.o(.text) for system_init
    arch_main.o(.text) refers to arch_console.o(.text) for arch_printf_process
    arch_main.o(.text) refers to rwip.o(.text) for rwip_sleep
    arch_main.o(.text) refers to jump_table.o(jump_table_mem_area) for jump_table_base
    arch_main.o(.text) refers to rwble.o(retention_mem_area0) for fine_hit
    arch_main.o(.constdata) refers to app_wechat.o(.text) for app_wechat_init
    jump_table.o(jump_table_mem_area) refers to arch_main.o(.text) for main_func
    jump_table.o(jump_table_mem_area) refers to rf_580.o(.text) for rf_init_func
    jump_table.o(jump_table_mem_area) refers to prf_utils.o(.text) for prf_init_func
    jump_table.o(jump_table_mem_area) refers to arch_system.o(.text) for uart_flow_off_func
    jump_table.o(jump_table_mem_area) refers to rwble.o(.text) for lld_sleep_compensate_func_patched
    jump_table.o(jump_table_mem_area) refers to jump_table.o(heap_mem_area_not_ret) for rwip_heap_non_ret
    jump_table.o(jump_table_mem_area) refers to jump_table.o(heap_env_area) for rwip_heap_env_ret
    jump_table.o(jump_table_mem_area) refers to jump_table.o(heap_db_area) for rwip_heap_db_ret
    jump_table.o(jump_table_mem_area) refers to jump_table.o(heap_msg_area) for rwip_heap_msg_ret
    jump_table.o(jump_table_mem_area) refers to ke_task.obj(.text) for ke_task_init_func
    jump_table.o(jump_table_mem_area) refers to nvds.o(.text) for custom_nvds_get_func
    jump_table.o(jump_table_mem_area) refers to jump_table.o(.constdata) for LUT_CFG
    arch_sleep.o(.text) refers to arch_sleep.o(retention_mem_area0) for retention_mem_area0
    arch_sleep.o(.text) refers to arch_sleep.o(retention_mem_area0) for retention_mem_area0
    arch_sleep.o(.text) refers to arch_sleep.o(retention_mem_area0) for retention_mem_area0
    arch_sleep.o(.text) refers to rwble.o(retention_mem_area0) for arch_rwble_last_event
    arch_system.o(.text) refers to trng.o(.text) for trng_acquire
    arch_system.o(.text) refers to arch_sleep.o(.text) for arch_get_sleep_mode
    arch_system.o(.text) refers to gpio.o(.text) for GPIO_init
    arch_system.o(.text) refers to nvds.o(.text) for nvds_read_bdaddr_from_otp
    arch_system.o(.text) refers to user_periph_setup.o(.text) for periph_init
    arch_system.o(.text) refers to rf_580.o(.text) for iq_trim_from_otp
    arch_system.o(.text) refers to arch_patch.o(.text) for patch_llm_task
    arch_system.o(.text) refers to llc.obj(.text) for patch_llc_task
    arch_system.o(.text) refers to app.o(.text) for app_init
    arch_system.o(.text) refers to app_wechat.o(.text) for app_wechat_init
    arch_system.o(.text) refers to arch_system.o(retention_mem_area0) for retention_mem_area0
    arch_system.o(.text) refers to arch_main.o(retention_mem_area0) for sys_startup_flag
    arch_system.o(.text) refers to arch_system.o(.data) for .data
    arch_system.o(.constdata) refers to app_wechat.o(.text) for app_wechat_init
    arch_patch.o(.text) refers to arch_patch.o(.constdata) for .constdata
    arch_patch.o(.constdata) refers to arch_patch.o(.text) for my_lld_data_ind_handler
    arch_patch.o(.constdata) refers to arch_patch.o(.constdata) for my_llm_default_state
    arch_patch.o(.constdata) refers to arch_patch.o(.constdata) for my_llm_default_handler
[...]
    llm_local_le_states                      0x00034204   Data           0  rom_symdef.txt ABSOLUTE
    llm_default_state                        0x00034224   Data           0  rom_symdef.txt ABSOLUTE
    llm_state_handler                        0x00034354   Data           0  rom_symdef.txt ABSOLUTE
    llm_default_handler                      0x00034384   Data           0  rom_symdef.txt ABSOLUTE
    LLM_AA_CT1                               0x0003438c   Data           0  rom_symdef.txt ABSOLUTE
    LLM_AA_CT2                               0x0003438f   Data           0  rom_symdef.txt ABSOLUTE
    gtl_default_state                        0x000343a4   Data           0  rom_symdef.txt ABSOLUTE
    gtl_default_handler                      0x000343bc   Data           0  rom_symdef.txt ABSOLUTE
    attc_default_state                       0x000343d8   Data           0  rom_symdef.txt ABSOLUTE
    attc_state_handler                       0x000343f8   Data           0  rom_symdef.txt ABSOLUTE
    attc_default_handler                     0x00034410   Data           0  rom_symdef.txt ABSOLUTE
    attm_default_state                       0x00034428   Data           0  rom_symdef.txt ABSOLUTE
    attm_state_handler                       0x00034480   Data           0  rom_symdef.txt ABSOLUTE
    attm_default_handler                     0x00034488   Data           0  rom_symdef.txt ABSOLUTE
    atts_default_state                       0x000344a0   Data           0  rom_symdef.txt ABSOLUTE
    atts_state_handler                       0x000344d0   Data           0  rom_symdef.txt ABSOLUTE
    atts_default_handler                     0x000344f8   Data           0  rom_symdef.txt ABSOLUTE
    gattc_default_state                      0x00034510   Data           0  rom_symdef.txt ABSOLUTE
    gattc_state_handler                      0x00034598   Data           0  rom_symdef.txt ABSOLUTE
    gattc_default_handler                    0x000345b0   Data           0  rom_symdef.txt ABSOLUTE
    gattm_default_state                      0x00034604   Data           0  rom_symdef.txt ABSOLUTE
    gattm_state_handler                      0x00034614   Data           0  rom_symdef.txt ABSOLUTE
    gattm_default_handler                    0x00034624   Data           0  rom_symdef.txt ABSOLUTE
    l2cc_default_state                       0x0003463c   Data           0  rom_symdef.txt ABSOLUTE
    l2cc_state_handler                       0x00034654   Data           0  rom_symdef.txt ABSOLUTE
    l2cc_default_handler                     0x0003466c   Data           0  rom_symdef.txt ABSOLUTE
    l2cm_default_state                       0x00034684   Data           0  rom_symdef.txt ABSOLUTE
    l2cm_state_handler                       0x0003468c   Data           0  rom_symdef.txt ABSOLUTE
    l2cm_default_handler                     0x00034694   Data           0  rom_symdef.txt ABSOLUTE
    smpc_default_state                       0x000346c8   Data           0  rom_symdef.txt ABSOLUTE
    smpc_state_handler                       0x00034760   Data           0  rom_symdef.txt ABSOLUTE
    smpc_default_handler                     0x00034780   Data           0  rom_symdef.txt ABSOLUTE
    smpm_default_state                       0x00034798   Data           0  rom_symdef.txt ABSOLUTE
    smpm_state_handler                       0x000347d0   Data           0  rom_symdef.txt ABSOLUTE
    smpm_default_handler                     0x000347e0   Data           0  rom_symdef.txt ABSOLUTE
    gapc_default_state                       0x000347f8   Data           0  rom_symdef.txt ABSOLUTE
    gapc_state_handler                       0x00034910   Data           0  rom_symdef.txt ABSOLUTE
    gapc_default_handler                     0x00034928   Data           0  rom_symdef.txt ABSOLUTE
    gapm_default_state                       0x000349ec   Data           0  rom_symdef.txt ABSOLUTE
    gapm_state_handler                       0x00034b94   Data           0  rom_symdef.txt ABSOLUTE
    gapm_default_handler                     0x00034bbc   Data           0  rom_symdef.txt ABSOLUTE
    smpc_construct_pdu                       0x00034ce8   Data           0  rom_symdef.txt ABSOLUTE
    smpc_recv_pdu                            0x00034d18   Data           0  rom_symdef.txt ABSOLUTE
    dummy                                    0x00080000   Data           0  rom_symdef.txt ABSOLUTE
    sleep_env                                0x00080254   Data           0  rom_symdef.txt ABSOLUTE
    iq_trim_bias_ctrl1_reg                   0x00080256   Data           0  rom_symdef.txt ABSOLUTE
    co_buf_env                               0x00080258   Data           0  rom_symdef.txt ABSOLUTE
    dbg_state                                0x00080348   Data           0  rom_symdef.txt ABSOLUTE
    iq_trim_rf_mixer_ctrl1_reg               0x0008034a   Data           0  rom_symdef.txt ABSOLUTE
    llc_env                                  0x0008034c   Data           0  rom_symdef.txt ABSOLUTE
    llc_state                                0x00080364   Data           0  rom_symdef.txt ABSOLUTE
    ret_winsize_var                          0x0008036a   Data           0  rom_symdef.txt ABSOLUTE
    lld_evt_env                              0x0008036c   Data           0  rom_symdef.txt ABSOLUTE
    lld_sleep_env                            0x0008038c   Data           0  rom_symdef.txt ABSOLUTE
    llm_le_env                               0x00080390   Data           0  rom_symdef.txt ABSOLUTE
    llm_le_env_lpus                          0x000803e4   Data           0  rom_symdef.txt ABSOLUTE
    llm_bt_env                               0x0008042a   Data           0  rom_symdef.txt ABSOLUTE
    llm_state                                0x00080432   Data           0  rom_symdef.txt ABSOLUTE
    uart_env                                 0x00080434   Data           0  rom_symdef.txt ABSOLUTE
    vcocal_ctrl_reg_val                      0x00080452   Data           0  rom_symdef.txt ABSOLUTE
    last_temp_count                          0x00080478   Data           0  rom_symdef.txt ABSOLUTE
    last_temp_time                           0x0008047c   Data           0  rom_symdef.txt ABSOLUTE
    gtl_env                                  0x00080480   Data           0  rom_symdef.txt ABSOLUTE
    gtl_state                                0x000804a4   Data           0  rom_symdef.txt ABSOLUTE
    attc_state                               0x000804a5   Data           0  rom_symdef.txt ABSOLUTE
    attm_env                                 0x000804ac   Data           0  rom_symdef.txt ABSOLUTE
    attm_state                               0x000804b4   Data           0  rom_symdef.txt ABSOLUTE
    atts_env                                 0x000804b8   Data           0  rom_symdef.txt ABSOLUTE
    atts_state                               0x000804d0   Data           0  rom_symdef.txt ABSOLUTE
    gattc_env                                0x000804d8   Data           0  rom_symdef.txt ABSOLUTE
    gattc_state                              0x000804f0   Data           0  rom_symdef.txt ABSOLUTE
    gattm_env                                0x000804f6   Data           0  rom_symdef.txt ABSOLUTE
    gattm_state                              0x000804fc   Data           0  rom_symdef.txt ABSOLUTE
    l2cc_env                                 0x00080500   Data           0  rom_symdef.txt ABSOLUTE
    l2cc_state                               0x00080518   Data           0  rom_symdef.txt ABSOLUTE
    l2cm_env                                 0x0008051e   Data           0  rom_symdef.txt ABSOLUTE
    l2cm_state                               0x00080524   Data           0  rom_symdef.txt ABSOLUTE
    smpc_env                                 0x00080528   Data           0  rom_symdef.txt ABSOLUTE
    smpc_state                               0x00080540   Data           0  rom_symdef.txt ABSOLUTE
    smpm_env                                 0x00080548   Data           0  rom_symdef.txt ABSOLUTE
    smpm_state                               0x00080550   Data           0  rom_symdef.txt ABSOLUTE
    gapc_env                                 0x00080554   Data           0  rom_symdef.txt ABSOLUTE
    gapc_state                               0x0008056c   Data           0  rom_symdef.txt ABSOLUTE
    gap_cfg_table                            0x00080574   Data           0  rom_symdef.txt ABSOLUTE
    gapm_env                                 0x00080578   Data           0  rom_symdef.txt ABSOLUTE
    gapm_state                               0x000805a4   Data           0  rom_symdef.txt ABSOLUTE
    ke_env                                   0x000805a8   Data           0  rom_symdef.txt ABSOLUTE
    ke_task_env                              0x00080604   Data           0  rom_symdef.txt ABSOLUTE
    nvds_data_ptr                            0x000806c0   Data           0  rom_symdef.txt ABSOLUTE
    func_check_mem_flag                      0x000806c4   Data           0  rom_symdef.txt ABSOLUTE
    ke_mem_heaps_used                        0x000806c5   Data           0  rom_symdef.txt ABSOLUTE
    rwip_env                                 0x000806c6   Data           0  rom_symdef.txt ABSOLUTE
    ble_reg_save                             0x000806cc   Data           0  rom_symdef.txt ABSOLUTE
    rwip_rf                                  0x0008071c   Data           0  rom_symdef.txt ABSOLUTE
    TIMER0_callback                          0x00080768   Data           4  pwm.o(.bss)
    callback_function                        0x0008076c   Data           4  systick.o(.bss)
    pDataHandler                             0x00080770   Data           4  app_wechat.o(.bss)
    g_send_data                              0x00080774   Data           8  app_wechat.o(.bss)
    first_handler                            0x00080784   Data          44  ble_wechat_util.o(.bss)
    m_info                                   0x000807b0   Data          12  mpbledemo2.o(.bss)
    m_mpbledemo2_handler                     0x000807bc   Data           4  mpbledemo2.o(.bss)
    mpbledemo2Sta                            0x000807c6   Data          12  mpbledemo2.o(.bss)
    flagInitMsgSend                          0x000807d4   Data           1  vmlayer.o(.bss)
    zIhuHwInvInfo                            0x000807d5   Data           1  vmlayer.o(.bss)
    zIhuTaskInfo                             0x000807d8   Data         120  vmlayer.o(.bss)
    zIhuRunErrCnt                            0x00080850   Data          24  vmlayer.o(.bss)
    zIhuFsmTable                             0x00080868   Data        4368  vmlayer.o(.bss)
    zIhuSysEngPar                            0x00081978   Data          22  vmlayer.o(.bss)
    zIhuSleepCnt                             0x00081990   Data          48  vmlayer.o(.bss)
    rwip_heap_db_ret                         0x000819c0   Data        1036  jump_table.o(heap_db_area)
    rwip_heap_env_ret                        0x00081dcc   Data         340  jump_table.o(heap_env_area)
    rwip_heap_msg_ret                        0x00081f20   Data        1324  jump_table.o(heap_msg_area)
    defer_sending                            0x0008244c   Data           1  arch_console.o(retention_mem_area0)
    printf_msg_list                          0x00082450   Data           4  arch_console.o(retention_mem_area0)
    dev_bdaddr                               0x00082454   Data           6  nvds.o(retention_mem_area0)
    sys_startup_flag                         0x0008245a   Data           1  arch_main.o(retention_mem_area0)
    sleep_md                                 0x0008245b   Data           1  arch_sleep.o(retention_mem_area0)
    sleep_pend                               0x0008245c   Data           1  arch_sleep.o(retention_mem_area0)
    sleep_cnt                                0x0008245d   Data           1  arch_sleep.o(retention_mem_area0)
    sleep_ext_force                          0x0008245e   Data           1  arch_sleep.o(retention_mem_area0)
    cal_enable                               0x00082460   Data           1  arch_system.o(retention_mem_area0)
    force_rf_cal                             0x00082461   Data           1  arch_system.o(retention_mem_area0)
    arch_wkupct_deb_time                     0x00082462   Data           2  arch_system.o(retention_mem_area0)
    lp_clk_sel                               0x00082464   Data           4  arch_system.o(retention_mem_area0)
    rcx_freq                                 0x00082468   Data           4  arch_system.o(retention_mem_area0)
    rcx_period                               0x0008246c   Data           4  arch_system.o(retention_mem_area0)
    rcx_slot_duration                        0x00082470   Data           4  arch_system.o(retention_mem_area0)
    alt_evts                                 0x00082474   Data          24  llc.obj(retention_mem_area0)
    wkupct_quad_IRQ_status                   0x0008248c   Data           1  wkupct_quadec.o(retention_mem_area0)
    arch_rwble_last_event                    0x000824b6   Data           1  rwble.o(retention_mem_area0)
    set_boost_low_vbat1v_overhead            0x000824b7   Data           1  rwble.o(retention_mem_area0)
    fine_hit                                 0x000824b8   Data           1  rwble.o(retention_mem_area0)
    clk_freq_trim_reg_value                  0x000824ba   Data           2  rwble.o(retention_mem_area0)
    wakeup_lp_comp                           0x000824bc   Data           2  rwble.o(retention_mem_area0)
    sleep_lp_cycles                          0x000824c0   Data           4  rwip.o(retention_mem_area0)
    slp_period_retained                      0x000824c4   Data           4  rwip.o(retention_mem_area0)
    wechat_env                               0x000824c8   Data          10  wechat.o(retention_mem_area0)
    FirstNotificationBit                     0x000824d2   Data           1  wechat_task.o(retention_mem_area0)
    SecondNotificationBit                    0x000824d3   Data           1  wechat_task.o(retention_mem_area0)
    wechat_state                             0x000824d4   Data           1  wechat_task.o(retention_mem_area0)
    app_env                                  0x000824f0   Data          12  app.o(retention_mem_area0)
    app_prf_srv_perm                         0x000824fc   Data          20  app.o(retention_mem_area0)
    app_state                                0x00082510   Data           1  app_task.o(retention_mem_area0)
    app_sec_env                              0x00082556   Data          36  app_security.o(retention_mem_area0)
    isLightOn                                0x00082594   Data           1  mpbledemo2.o(retention_mem_area0)
    descript                                 0x00082a20   Data        1502  arch_main.o(BLE_exchange_memory)
    __Vectors                                0x20000000   Data           4  boot_vectors.o(RESET)
    __Vectors_End                            0x200000a0   Data           0  boot_vectors.o(RESET)
    jump_table_base                          0x20000160   Data         352  jump_table.o(jump_table_mem_area)
    gap_timeout_table                        0x200002c0   Data         100  gapm.o(timeout_table_area)
    nvds_data_storage                        0x20000340   Data         164  nvds.o(nvds_data_storage_area)
    __main                                   0x20000441   Thumb Code     0  entry.o(.ARM.Collect$$$$00000000)
    _main_stk                                0x20000441   Thumb Code     0  entry2.o(.ARM.Collect$$$$00000001)
    _main_scatterload                        0x20000445   Thumb Code     0  entry5.o(.ARM.Collect$$$$00000004)
    __main_after_scatterload                 0x20000449   Thumb Code     0  entry5.o(.ARM.Collect$$$$00000004)
    _main_clock                              0x20000449   Thumb Code     0  entry7b.o(.ARM.Collect$$$$00000008)
    _main_cpp_init                           0x20000449   Thumb Code     0  entry8b.o(.ARM.Collect$$$$0000000A)
    _main_init                               0x20000449   Thumb Code     0  entry9a.o(.ARM.Collect$$$$0000000B)
    __rt_final_cpp                           0x20000451   Thumb Code     0  entry10a.o(.ARM.Collect$$$$0000000D)
    __rt_final_exit                          0x20000451   Thumb Code     0  entry11a.o(.ARM.Collect$$$$0000000F)
    SystemInit                               0x20000455   Thumb Code    62  system_armcm0.o(.text)
    Reset_Handler                            0x200004a5   Thumb Code     8  boot_vectors.o(.text)
    PendSV_Handler                           0x200004f5   Thumb Code     2  boot_vectors.o(.text)
    ADC_Handler                              0x200004f9   Thumb Code     0  boot_vectors.o(.text)
    I2C_Handler                              0x200004f9   Thumb Code     0  boot_vectors.o(.text)
    KEYBRD_Handler                           0x200004f9   Thumb Code     0  boot_vectors.o(.text)
    RFCAL_Handler                            0x200004f9   Thumb Code     0  boot_vectors.o(.text)
    SPI_Handler                              0x200004f9   Thumb Code     0  boot_vectors.o(.text)
    HardFault_HandlerC                       0x20000511   Thumb Code    86  hardfault_handler.o(.text)
    NMI_HandlerC                             0x20000571   Thumb Code   140  nmi_handler.o(.text)
    delete_msg                               0x2000067d   Thumb Code    36  arch_console.o(.text)
    arch_printf_process                      0x2000091b   Thumb Code    42  arch_console.o(.text)
    arch_printf                              0x20000945   Thumb Code   146  arch_console.o(.text)
    custom_nvds_get_func                     0x20000a31   Thumb Code   110  nvds.o(.text)
    nvds_read_bdaddr_from_otp                0x20000a9f   Thumb Code    52  nvds.o(.text)
    main_func                                0x20000af1   Thumb Code   148  arch_main.o(.text)
    dummyf                                   0x20000cbd   Thumb Code     2  jump_table.o(.text)
    arch_disable_sleep                       0x20000cc1   Thumb Code    26  arch_sleep.o(.text)
    arch_set_extended_sleep                  0x20000cdb   Thumb Code    26  arch_sleep.o(.text)
    arch_set_deep_sleep                      0x20000cf5   Thumb Code    30  arch_sleep.o(.text)
    arch_set_sleep_mode                      0x20000d13   Thumb Code    20  arch_sleep.o(.text)
    arch_get_sleep_mode                      0x20000d27   Thumb Code    26  arch_sleep.o(.text)
    arch_restore_sleep_mode                  0x20000d41   Thumb Code    68  arch_sleep.o(.text)
    arch_force_active_mode                   0x20000d85   Thumb Code    30  arch_sleep.o(.text)
    arch_ble_ext_wakeup_get                  0x20000da3   Thumb Code     6  arch_sleep.o(.text)
    select_lp_clk                            0x20000db5   Thumb Code     8  arch_system.o(.text)
    set_sleep_delay                          0x20000e83   Thumb Code    10  arch_system.o(.text)
    get_rc16m_count_func                     0x20000e8d   Thumb Code    28  arch_system.o(.text)
    conditionally_run_radio_cals             0x20000ea9   Thumb Code   130  arch_system.o(.text)
    lld_sleep_us_2_lpcycles_sel_func         0x20000f2b   Thumb Code    12  arch_system.o(.text)
    lld_sleep_lpcycles_2_us_sel_func         0x20000f37   Thumb Code    12  arch_system.o(.text)
    uart_flow_off_func                       0x20000f57   Thumb Code    72  arch_system.o(.text)
    init_rand_seed_from_trng                 0x20000f9f   Thumb Code    16  arch_system.o(.text)
    check_sys_startup_period                 0x20000faf   Thumb Code    90  arch_system.o(.text)
    app_use_lower_clocks_check               0x20001009   Thumb Code     4  arch_system.o(.text)
    lld_sleep_init_func                      0x2000100d   Thumb Code    26  arch_system.o(.text)
    system_init                              0x20001027   Thumb Code   178  arch_system.o(.text)
    wrap_platform_reset                      0x200010d9   Thumb Code    16  arch_system.o(.text)
    patch_llm_task                           0x200011b3   Thumb Code    36  arch_patch.o(.text)
    SVC_Handler_c                            0x200011ed   Thumb Code    24  arch_patch.o(.text)
    patch_func                               0x20001205   Thumb Code    88  arch_patch.o(.text)
    l2cc_pdu_recv_ind_handler                0x200012b1   Thumb Code   232  atts_task.obj(.text)
    my_llc_con_update_req_ind                0x2000139d   Thumb Code   100  ch_map.obj(.text)
    my_llc_ch_map_req_ind                    0x20001401   Thumb Code    84  ch_map.obj(.text)
    patched_gapm_adv_op_sanity               0x20001461   Thumb Code   208  gapm_util.obj(.text)
    ke_task_init_func                        0x20001673   Thumb Code    20  ke_task.obj(.text)
    my_smpc_check_param                      0x20001699   Thumb Code   122  smpc.obj(.text)
    smpc_send_pairing_req_ind                0x20001713   Thumb Code   190  smpc.obj(.text)
    smpc_check_pairing_feat                  0x200017d1   Thumb Code    26  smpc.obj(.text)
    smpc_pairing_cfm_handler                 0x200017f5   Thumb Code   528  smpc_task.obj(.text)
    my_llcp_con_up_req_handler               0x20001a27   Thumb Code    86  llc.obj(.text)
    patch_llc_task                           0x20001b2f   Thumb Code    36  llc.obj(.text)
    syscntl_use_lowest_amba_clocks           0x20001b69   Thumb Code    22  syscntl.o(.text)
    syscntl_use_highest_amba_clocks          0x20001b7f   Thumb Code    22  syscntl.o(.text)
    GPIO_init                                0x20001bb5   Thumb Code   134  gpio.o(.text)
    GPIO_SetPinFunction                      0x20001c3b   Thumb Code    66  gpio.o(.text)
    GPIO_SetInactive                         0x20001c7d   Thumb Code    60  gpio.o(.text)
    GPIO_SetActive                           0x20001cb9   Thumb Code    60  gpio.o(.text)
    GPIO_ConfigurePin                        0x20001cf5   Thumb Code    84  gpio.o(.text)
    GPIO_ResetIRQ                            0x20001d49   Thumb Code    30  gpio.o(.text)
    GPIOn_Handler                            0x20001d67   Thumb Code    48  gpio.o(.text)
    GPIO0_Handler                            0x20001d97   Thumb Code     4  gpio.o(.text)
    GPIO1_Handler                            0x20001d9b   Thumb Code     4  gpio.o(.text)
    GPIO2_Handler                            0x20001d9f   Thumb Code     4  gpio.o(.text)
    GPIO3_Handler                            0x20001da3   Thumb Code     4  gpio.o(.text)
    GPIO4_Handler                            0x20001da7   Thumb Code     4  gpio.o(.text)
    WKUP_QUADEC_Handler                      0x20001dfd   Thumb Code   106  wkupct_quadec.o(.text)
    wkupct_enable_irq                        0x20001e67   Thumb Code   126  wkupct_quadec.o(.text)
    wkupct_register_callback                 0x20001ee5   Thumb Code     6  wkupct_quadec.o(.text)
    adc_init                                 0x20001f09   Thumb Code    28  adc.o(.text)
    adc_enable_channel                       0x20001f25   Thumb Code    20  adc.o(.text)
    adc_disable                              0x20001f39   Thumb Code     8  adc.o(.text)
    adc_get_sample                           0x20001f41   Thumb Code    32  adc.o(.text)
    adc_usDelay                              0x20001f61   Thumb Code    32  adc.o(.text)
    adc_get_vbat_sample                      0x20001f81   Thumb Code    94  adc.o(.text)
    rfpt_init                                0x20001fed   Thumb Code    80  trng.o(.text)
    trng_init                                0x2000203d   Thumb Code    96  trng.o(.text)
    trng_get_raw_data                        0x2000209d   Thumb Code    18  trng.o(.text)
    trng_acquire                             0x200020af   Thumb Code   242  trng.o(.text)
    SWTIM_Handler                            0x200021c1   Thumb Code    12  pwm.o(.text)
    uart2_init                               0x20002273   Thumb Code    86  uart2.o(.text)
    uart2_finish_transfers                   0x200022c9   Thumb Code    28  uart2.o(.text)
    uart2_write                              0x200022e5   Thumb Code    34  uart2.o(.text)
    UART2_Handler                            0x20002307   Thumb Code    50  uart2.o(.text)
    SysTick_Handler                          0x2000234d   Thumb Code    12  systick.o(.text)
    iq_trim_from_otp                         0x2000235d   Thumb Code    56  rf_580.o(.text)
    rf_reg_rd                                0x20002395   Thumb Code     4  rf_580.o(.text)
    rf_reg_wr                                0x20002399   Thumb Code     2  rf_580.o(.text)
    rf_reset                                 0x2000239b   Thumb Code     2  rf_580.o(.text)
    rf_force_agc_enable                      0x2000239d   Thumb Code     2  rf_580.o(.text)
    rf_txpwr_dbm_get                         0x2000239f   Thumb Code     4  rf_580.o(.text)
    rf_nfm_is_enabled                        0x200023b3   Thumb Code     6  rf_580.o(.text)
    rf_regs                                  0x200023b9   Thumb Code   226  rf_580.o(.text)
    rf_init_func                             0x2000249f   Thumb Code   140  rf_580.o(.text)
    rf_reinit_func                           0x2000252b   Thumb Code   120  rf_580.o(.text)
    lld_sleep_compensate_func_patched        0x20002655   Thumb Code    68  rwble.o(.text)
    skip_slave_latency_patch                 0x20002699   Thumb Code   230  rwble.o(.text)
    power_up                                 0x2000277f   Thumb Code    76  rwble.o(.text)
    BLE_WAKEUP_LP_Handler                    0x200027cb   Thumb Code   104  rwble.o(.text)
    BLE_SLP_Handler                          0x20002833   Thumb Code   116  rwble.o(.text)
    BLE_CSCNT_Handler                        0x200028b5   Thumb Code    18  rwble.o(.text)
    BLE_FINETGTIM_Handler                    0x200028c7   Thumb Code    14  rwble.o(.text)
    BLE_RX_Handler                           0x200028d5   Thumb Code    14  rwble.o(.text)
    BLE_EVENT_Handler                        0x200028e3   Thumb Code    66  rwble.o(.text)
    BLE_RF_DIAG_Handler                      0x20002925   Thumb Code    80  rwble.o(.text)
    rwip_sleep                               0x200029e3   Thumb Code   376  rwip.o(.text)
    prf_server_error_ind_send                0x20002b85   Thumb Code    42  prf_utils.o(.text)
    prf_server_send_event                    0x20002baf   Thumb Code    42  prf_utils.o(.text)
    prf_init_func                            0x20002bd9   Thumb Code     8  prf_utils.o(.text)
    prf_cleanup_func                         0x20002be1   Thumb Code    32  prf_utils.o(.text)
    wechat_init                              0x20002c05   Thumb Code    28  wechat.o(.text)
    wechat_send_write_val                    0x20002c21   Thumb Code    50  wechat.o(.text)
    wechat_enable_indication                 0x20002c53   Thumb Code    40  wechat.o(.text)
    wechat_indication_cfm_send               0x20002c7b   Thumb Code    28  wechat.o(.text)
    wechat_disable                           0x20002c97   Thumb Code    52  wechat.o(.text)
    default_advertise_operation              0x20002e99   Thumb Code     8  app_default_handlers.o(.text)
    default_app_on_connection                0x20002ea1   Thumb Code    30  app_default_handlers.o(.text)
    default_app_on_disconnect                0x20002ebf   Thumb Code     2  app_default_handlers.o(.text)
    default_app_on_set_dev_config_complete   0x20002ec1   Thumb Code    16  app_default_handlers.o(.text)
    default_app_on_adv_undirect_complete     0x20002ed1   Thumb Code     2  app_default_handlers.o(.text)
    default_app_on_db_init_complete          0x20002ed3   Thumb Code     2  app_default_handlers.o(.text)
    default_app_on_pairing_request           0x20002ed5   Thumb Code     8  app_default_handlers.o(.text)
    default_app_on_tk_exch_nomitm            0x20002edd   Thumb Code    28  app_default_handlers.o(.text)
    default_app_on_csrk_exch                 0x20002ef9   Thumb Code     8  app_default_handlers.o(.text)
    default_app_on_ltk_exch                  0x20002f01   Thumb Code    26  app_default_handlers.o(.text)
    default_app_on_encrypt_req_ind           0x20002f1b   Thumb Code    70  app_default_handlers.o(.text)
    app_prf_enable                           0x20002f89   Thumb Code   116  app.o(.text)
    app_init                                 0x2000320d   Thumb Code    76  app.o(.text)
    app_easy_gap_disconnect                  0x20003259   Thumb Code    52  app.o(.text)
    app_easy_gap_confirm                     0x2000328d   Thumb Code    36  app.o(.text)
    app_easy_gap_undirected_advertise_start  0x200032b1   Thumb Code    26  app.o(.text)
    app_db_init_start                        0x200032cb   Thumb Code    16  app.o(.text)
    app_db_init                              0x200032db   Thumb Code     2  app.o(.text)
    app_easy_gap_dev_configure               0x200032dd   Thumb Code    18  app.o(.text)
    prf_init_srv_perm                        0x200032ef   Thumb Code    30  app.o(.text)
    app_gap_process_handler                  0x20003321   Thumb Code    28  app_task.o(.text)
    gapm_device_ready_ind_handler            0x2000333d   Thumb Code    36  app_task.o(.text)
    gapm_cmp_evt_handler                     0x20003361   Thumb Code    80  app_task.o(.text)
    gapc_connection_req_ind_handler          0x200033b1   Thumb Code   108  app_task.o(.text)
    gapc_cmp_evt_handler                     0x2000341d   Thumb Code    40  app_task.o(.text)
    gapc_disconnect_ind_handler              0x20003445   Thumb Code    32  app_task.o(.text)
    app_module_init_cmp_evt_handler          0x20003465   Thumb Code    36  app_task.o(.text)
    gapm_adv_report_ind_handler              0x20003489   Thumb Code     4  app_task.o(.text)
    app_entry_point_handler                  0x2000349d   Thumb Code    44  app_entry_point.o(.text)
    app_std_process_event                    0x200034f9   Thumb Code    48  app_entry_point.o(.text)
    app_timer_api_process_handler            0x20003595   Thumb Code    60  app_easy_timer.o(.text)
    app_msg_utils_api_process_handler        0x20003613   Thumb Code    26  app_easy_msg_utils.o(.text)
    app_wechat_SetDatahandler                0x20003641   Thumb Code     6  app_wechat.o(.text)
    app_wechat_init                          0x20003647   Thumb Code    46  app_wechat.o(.text)
    app_wechat_enable                        0x20003675   Thumb Code    36  app_wechat.o(.text)
    app_wechat_create_db                     0x20003699   Thumb Code    24  app_wechat.o(.text)
    app_wechat_datahandler                   0x200036b1   Thumb Code     6  app_wechat.o(.text)
    ble_wechat_indicate_data_chunk           0x200036b7   Thumb Code   100  app_wechat.o(.text)
    ble_wechat_is_last_data_sent_out         0x2000371b   Thumb Code    32  app_wechat.o(.text)
    ble_wechat_indicate_data                 0x2000373b   Thumb Code    58  app_wechat.o(.text)
    ble_wechat_process_received_data         0x20003775   Thumb Code   128  app_wechat.o(.text)
    app_wechat_process_handler               0x2000381d   Thumb Code    28  app_wechat_task.o(.text)
    app_wechat_create_db_cfm_handler         0x20003839   Thumb Code    38  app_wechat_task.o(.text)
    app_wechat_disable_ind_handler           0x2000385f   Thumb Code    10  app_wechat_task.o(.text)
    app_wechat_write_val_ind_handler         0x20003869   Thumb Code    16  app_wechat_task.o(.text)
    app_wechat_enable_ind_handler            0x20003879   Thumb Code    26  app_wechat_task.o(.text)
    app_wechat_send_indication_cfm_handler   0x20003893   Thumb Code    10  app_wechat_task.o(.text)
    app_wechat_send_data_handler             0x2000389d   Thumb Code    22  app_wechat_task.o(.text)
    app_sec_gen_tk                           0x200038c5   Thumb Code    18  app_security.o(.text)
    app_sec_gen_ltk                          0x200038d7   Thumb Code    88  app_security.o(.text)
    app_sec_process_handler                  0x2000393d   Thumb Code    28  app_security_task.o(.text)
    gapc_bond_req_ind_handler                0x20003959   Thumb Code    58  app_security_task.o(.text)
    gapc_bond_ind_handler                    0x20003993   Thumb Code    82  app_security_task.o(.text)
    gapc_encrypt_req_ind_handler             0x200039e5   Thumb Code    12  app_security_task.o(.text)
    gapc_encrypt_ind_handler                 0x200039f1   Thumb Code     4  app_security_task.o(.text)
    app_easy_security_send_pairing_rsp       0x20003a43   Thumb Code    30  app_easy_security.o(.text)
    app_easy_security_set_tk                 0x20003a9b   Thumb Code    50  app_easy_security.o(.text)
    app_easy_security_tk_exch                0x20003acd   Thumb Code    32  app_easy_security.o(.text)
    app_easy_security_csrk_exch              0x20003b29   Thumb Code    32  app_easy_security.o(.text)
    app_easy_security_ltk_exch               0x20003b79   Thumb Code    32  app_easy_security.o(.text)
    app_easy_security_set_ltk_exch_from_sec_env 0x20003b99   Thumb Code    60  app_easy_security.o(.text)
    app_easy_security_encrypt_cfm            0x20003bf9   Thumb Code    32  app_easy_security.o(.text)
    app_easy_security_validate_encrypt_req_against_env 0x20003c19   Thumb Code    52  app_easy_security.o(.text)
    app_easy_security_set_encrypt_req_valid  0x20003c4d   Thumb Code    42  app_easy_security.o(.text)
    app_easy_security_set_encrypt_req_invalid 0x20003c77   Thumb Code    18  app_easy_security.o(.text)
    GPIO_reservations                        0x20003c99   Thumb Code    80  user_periph_setup.o(.text)
    set_pad_functions                        0x20003ce9   Thumb Code    36  user_periph_setup.o(.text)
    periph_init                              0x20003d0d   Thumb Code    78  user_periph_setup.o(.text)
    app_advertise_complete                   0x20003d6d   Thumb Code     8  user_wechat.o(.text)
    get_handler_by_type                      0x20003d75   Thumb Code    20  ble_wechat_util.o(.text)
    checkCPUendian                           0x20003d89   Thumb Code    22  ble_wechat_util.o(.text)
    htons                                    0x20003d9f   Thumb Code    26  ble_wechat_util.o(.text)
    ntohs                                    0x20003db9   Thumb Code    26  ble_wechat_util.o(.text)
    wechat_error_chack                       0x20003dd3   Thumb Code   114  ble_wechat_util.o(.text)
    data_handler_init                        0x20003e45   Thumb Code    20  ble_wechat_util.o(.text)
    crc32                                    0x20003fa9   Thumb Code   186  crc32.o(.text)
    epb_unpack_init                          0x20004153   Thumb Code     6  epb.o(.text)
    epb_has_tag                              0x20004159   Thumb Code    24  epb.o(.text)
    epb_get_uint32                           0x20004171   Thumb Code    44  epb.o(.text)
    epb_get_int32                            0x2000419d   Thumb Code     2  epb.o(.text)
    epb_get_enum                             0x2000419f   Thumb Code     2  epb.o(.text)
    epb_get_bytes                            0x200041a1   Thumb Code    54  epb.o(.text)
    epb_get_string                           0x200041d7   Thumb Code     2  epb.o(.text)
    epb_get_message                          0x200041d9   Thumb Code     2  epb.o(.text)
    epb_pack_init                            0x20004265   Thumb Code    10  epb.o(.text)
    epb_get_packed_size                      0x2000426f   Thumb Code     4  epb.o(.text)
    epb_set_uint32                           0x20004273   Thumb Code    34  epb.o(.text)
    epb_set_int32                            0x20004295   Thumb Code     2  epb.o(.text)
    epb_set_enum                             0x20004297   Thumb Code     2  epb.o(.text)
    epb_set_bytes                            0x200042c3   Thumb Code    52  epb.o(.text)
    epb_set_string                           0x200042f7   Thumb Code     2  epb.o(.text)
    epb_set_message                          0x200042f9   Thumb Code     2  epb.o(.text)
    epb_varint32_pack_size                   0x200042fb   Thumb Code    34  epb.o(.text)
    epb_length_delimited_pack_size           0x2000431d   Thumb Code    16  epb.o(.text)
    epb_base_request_pack_size               0x20004339   Thumb Code     4  epb_mmbp.o(.text)
    epb_pack_base_request                    0x2000433d   Thumb Code    18  epb_mmbp.o(.text)
    epb_unpack_base_response                 0x2000434f   Thumb Code    92  epb_mmbp.o(.text)
    epb_unpack_base_response_free            0x200043ab   Thumb Code     8  epb_mmbp.o(.text)
    epb_unpack_base_push                     0x200043b3   Thumb Code    26  epb_mmbp.o(.text)
    epb_unpack_base_push_free                0x200043cd   Thumb Code     8  epb_mmbp.o(.text)
    epb_auth_request_pack_size               0x200043d5   Thumb Code   162  epb_mmbp.o(.text)
    epb_pack_auth_request                    0x20004477   Thumb Code   274  epb_mmbp.o(.text)
    epb_unpack_auth_response                 0x20004589   Thumb Code   116  epb_mmbp.o(.text)
    epb_unpack_auth_response_free            0x200045fd   Thumb Code    18  epb_mmbp.o(.text)
    epb_init_request_pack_size               0x2000460f   Thumb Code    56  epb_mmbp.o(.text)
    epb_pack_init_request                    0x20004647   Thumb Code   136  epb_mmbp.o(.text)
    epb_unpack_init_response                 0x200046cf   Thumb Code   428  epb_mmbp.o(.text)
    epb_unpack_init_response_free            0x2000487b   Thumb Code    18  epb_mmbp.o(.text)
    epb_send_data_request_pack_size          0x2000488d   Thumb Code    52  epb_mmbp.o(.text)
    epb_pack_send_data_request               0x200048c1   Thumb Code   128  epb_mmbp.o(.text)
    epb_unpack_send_data_response            0x20004941   Thumb Code   116  epb_mmbp.o(.text)
    epb_unpack_send_data_response_free       0x200049b5   Thumb Code    18  epb_mmbp.o(.text)
    epb_unpack_recv_data_push                0x200049c7   Thumb Code   142  epb_mmbp.o(.text)
    epb_unpack_recv_data_push_free           0x20004a55   Thumb Code    22  epb_mmbp.o(.text)
    epb_unpack_switch_view_push              0x20004a6b   Thumb Code   134  epb_mmbp.o(.text)
    epb_unpack_switch_view_push_free         0x20004af1   Thumb Code    18  epb_mmbp.o(.text)
    epb_unpack_switch_backgroud_push         0x20004b03   Thumb Code   108  epb_mmbp.o(.text)
    epb_unpack_switch_backgroud_push_free    0x20004b6f   Thumb Code    18  epb_mmbp.o(.text)
    mpbledemo2_get_md5                       0x20004b89   Thumb Code     4  mpbledemo2.o(.text)
    mpbledemo2_reset                         0x20004b8d   Thumb Code    22  mpbledemo2.o(.text)
    mpbledemo2_button_handler                0x20004bb9   Thumb Code    94  mpbledemo2.o(.text)
    mpbledemo2_init                          0x20004c25   Thumb Code    12  mpbledemo2.o(.text)
    mpbledemo2_init_peripheral_func          0x20004c31   Thumb Code   130  mpbledemo2.o(.text)
    mpbledemo2_indication_state              0x20004cb3   Thumb Code    12  mpbledemo2.o(.text)
    device_auth                              0x20004cbf   Thumb Code   148  mpbledemo2.o(.text)
    device_init                              0x20004d53   Thumb Code   132  mpbledemo2.o(.text)
    mpbledemo2_main_process                  0x20004dd7   Thumb Code    64  mpbledemo2.o(.text)
    mpbledemo2_data_free_func                0x20004e17   Thumb Code    12  mpbledemo2.o(.text)
    mpbledemo2_data_produce_func             0x20004e23   Thumb Code   892  mpbledemo2.o(.text)
    mpbledemo2_data_consume_func             0x200051c7   Thumb Code  1572  mpbledemo2.o(.text)
    mpbledemo2_data_error_func               0x200057eb   Thumb Code    14  mpbledemo2.o(.text)
    mpbledemo2_sendData                      0x200057f9   Thumb Code    60  mpbledemo2.o(.text)
    mpbledemo2_handleSendDataRsp             0x20005835   Thumb Code     2  mpbledemo2.o(.text)
    mpbledemo2_OpenLight                     0x20005837   Thumb Code    24  mpbledemo2.o(.text)
    mpbledemo2_CloseLight                    0x2000584f   Thumb Code    24  mpbledemo2.o(.text)
    mpbledemo2_readEmcDataResp               0x20005867   Thumb Code    70  mpbledemo2.o(.text)
    mpbledemo2_readTimeSyncReq               0x200058ad   Thumb Code     2  mpbledemo2.o(.text)
    mpbledemo2_readEquInfoReq                0x200058af   Thumb Code     2  mpbledemo2.o(.text)
    IhuErrorPrint                            0x20005945   Thumb Code    64  vmlayer.o(.text)
    ihu_mac_add_get                          0x20005985   Thumb Code    74  vmlayer.o(.text)
    bxxh_emc_sample                          0x200059cf   Thumb Code     8  vmlayer.o(.text)
    ihu_emc_adc_read                         0x200059d7   Thumb Code    10  vmlayer.o(.text)
    get_mac_addr                             0x200059e1   Thumb Code     4  vmlayer.o(.text)
    strncpy                                  0x20005a55   Thumb Code    26  strncpy.o(.text)
    strcpy                                   0x20005a6f   Thumb Code    18  strcpy.o(.text)
    __aeabi_fmul                             0x20005a81   Thumb Code   122  fmul.o(.text)
    __aeabi_ui2f                             0x20005afb   Thumb Code    14  ffltui.o(.text)
    __aeabi_f2uiz                            0x20005b09   Thumb Code    40  ffixui.o(.text)
    __aeabi_uldivmod                         0x20005b31   Thumb Code    96  uldiv.o(.text)
    _float_round                             0x20005b91   Thumb Code    16  fepilogue.o(.text)
    _float_epilogue                          0x20005ba1   Thumb Code   114  fepilogue.o(.text)
    __scatterload                            0x20005c15   Thumb Code    28  init.o(.text)
    __scatterload_rt2                        0x20005c15   Thumb Code     0  init.o(.text)
    Long Thumb to Thumb Veneer to ke_malloc  0x20005c39   Thumb Code    12  anon$$obj.o(Veneer$$Code)
    Long Thumb to Thumb Veneer to ke_free    0x20005c45   Thumb Code    12  anon$$obj.o(Veneer$$Code)
    Long Thumb to Thumb Veneer to __aeabi_uidivmod 0x20005c51   Thumb Code    12  anon$$obj.o(Veneer$$Code)
    Long Thumb to Thumb Veneer to memcmp     0x20005c5d   Thumb Code    12  anon$$obj.o(Veneer$$Code)
    Long Thumb to Thumb Veneer to __aeabi_memcpy 0x20005c69   Thumb Code    12  anon$$obj.o(Veneer$$Code)
    Long Thumb to Thumb Veneer to nvds_get_func 0x20005c75   Thumb Code    12  anon$$obj.o(Veneer$$Code)
    Long Thumb to Thumb Veneer to rwip_prevent_sleep_get 0x20005c81   Thumb Code    12  anon$$obj.o(Veneer$$Code)
    Long Thumb to Thumb Veneer to ke_event_get 0x20005c8d   Thumb Code    12  anon$$obj.o(Veneer$$Code)
    Long Thumb to Thumb Veneer to rwip_schedule 0x20005c99   Thumb Code    12  anon$$obj.o(Veneer$$Code)
    Long Thumb to Thumb Veneer to lld_sleep_check 0x20005ca5   Thumb Code    12  anon$$obj.o(Veneer$$Code)
    Long Thumb to Thumb Veneer to func_check_mem 0x20005cb1   Thumb Code    12  anon$$obj.o(Veneer$$Code)
    Long Thumb to Thumb Veneer to test_rxdone 0x20005cbd   Thumb Code    12  anon$$obj.o(Veneer$$Code)
    Long Thumb to Thumb Veneer to ke_mem_is_empty 0x20005cc9   Thumb Code    12  anon$$obj.o(Veneer$$Code)
    Long Thumb to Thumb Veneer to rwip_wakeup_delay_set 0x20005cd5   Thumb Code    12  anon$$obj.o(Veneer$$Code)
    Long Thumb to Thumb Veneer to $Super$$get_rc16m_count_func 0x20005ce1   Thumb Code    12  anon$$obj.o(Veneer$$Code)
    Long Thumb to Thumb Veneer to get_rc16m_count 0x20005ced   Thumb Code    12  anon$$obj.o(Veneer$$Code)
    Long Thumb to Thumb Veneer to pll_vcocal_LUT_InitUpdate 0x20005cf9   Thumb Code    12  anon$$obj.o(Veneer$$Code)
    Long Thumb to Thumb Veneer to rf_calibration 0x20005d05   Thumb Code    12  anon$$obj.o(Veneer$$Code)
    Long Thumb to Thumb Veneer to lld_sleep_us_2_lpcycles_func 0x20005d11   Thumb Code    12  anon$$obj.o(Veneer$$Code)
    Long Thumb to Thumb Veneer to lld_sleep_lpcycles_2_us_func 0x20005d1d   Thumb Code    12  anon$$obj.o(Veneer$$Code)
    Long Thumb to Thumb Veneer to uart_flow_on 0x20005d29   Thumb Code    12  anon$$obj.o(Veneer$$Code)
    Long Thumb to Thumb Veneer to srand      0x20005d35   Thumb Code    12  anon$$obj.o(Veneer$$Code)
    Long Thumb to Thumb Veneer to set_system_clocks 0x20005d41   Thumb Code    12  anon$$obj.o(Veneer$$Code)
    Long Thumb to Thumb Veneer to nvds_init  0x20005d4d   Thumb Code    12  anon$$obj.o(Veneer$$Code)
    Long Thumb to Thumb Veneer to rwip_init  0x20005d59   Thumb Code    12  anon$$obj.o(Veneer$$Code)
    Long Thumb to Thumb Veneer to enable_rf_diag_irq 0x20005d65   Thumb Code    12  anon$$obj.o(Veneer$$Code)
    Long Thumb to Thumb Veneer to platform_reset_func 0x20005d71   Thumb Code    12  anon$$obj.o(Veneer$$Code)
    Long Thumb to Thumb Veneer to ke_state_get 0x20005d7d   Thumb Code    12  anon$$obj.o(Veneer$$Code)
    Long Thumb to Thumb Veneer to __ARM_common_switch8 0x20005d89   Thumb Code    12  anon$$obj.o(Veneer$$Code)
    Long Thumb to Thumb Veneer to TASK_LLM_lld_data_ind_handler 0x20005d95   Thumb Code    12  anon$$obj.o(Veneer$$Code)
    Long Thumb to Thumb Veneer to co_buf_rx_free 0x20005da1   Thumb Code    12  anon$$obj.o(Veneer$$Code)
    Long Thumb to Thumb Veneer to ke_timer_clear 0x20005dad   Thumb Code    12  anon$$obj.o(Veneer$$Code)
    Long Thumb to Thumb Veneer to atts_send_cmd_cmp 0x20005db9   Thumb Code    12  anon$$obj.o(Veneer$$Code)
    Long Thumb to Thumb Veneer to ke_state_set 0x20005dc5   Thumb Code    12  anon$$obj.o(Veneer$$Code)
    Long Thumb to Thumb Veneer to atts_mtu_exc_resp 0x20005dd1   Thumb Code    12  anon$$obj.o(Veneer$$Code)
    Long Thumb to Thumb Veneer to atts_find_info_resp 0x20005ddd   Thumb Code    12  anon$$obj.o(Veneer$$Code)
    Long Thumb to Thumb Veneer to atts_find_by_type_resp 0x20005de9   Thumb Code    12  anon$$obj.o(Veneer$$Code)
    Long Thumb to Thumb Veneer to atts_read_by_type_resp 0x20005df5   Thumb Code    12  anon$$obj.o(Veneer$$Code)
    Long Thumb to Thumb Veneer to atts_read_by_grp_type_resp 0x20005e01   Thumb Code    12  anon$$obj.o(Veneer$$Code)
    Long Thumb to Thumb Veneer to atts_read_resp 0x20005e0d   Thumb Code    12  anon$$obj.o(Veneer$$Code)
    Long Thumb to Thumb Veneer to atts_read_blob_resp 0x20005e19   Thumb Code    12  anon$$obj.o(Veneer$$Code)
    Long Thumb to Thumb Veneer to atts_read_mult_resp 0x20005e25   Thumb Code    12  anon$$obj.o(Veneer$$Code)
    Long Thumb to Thumb Veneer to atts_write_no_resp 0x20005e31   Thumb Code    12  anon$$obj.o(Veneer$$Code)
    Long Thumb to Thumb Veneer to atts_write_resp 0x20005e3d   Thumb Code    12  anon$$obj.o(Veneer$$Code)
    Long Thumb to Thumb Veneer to atts_signed_write_resp 0x20005e49   Thumb Code    12  anon$$obj.o(Veneer$$Code)
    Long Thumb to Thumb Veneer to atts_prepare_write_resp 0x20005e55   Thumb Code    12  anon$$obj.o(Veneer$$Code)
    Long Thumb to Thumb Veneer to atts_execute_write_resp 0x20005e61   Thumb Code    12  anon$$obj.o(Veneer$$Code)
    Long Thumb to Thumb Veneer to lld_con_update_ind 0x20005e6d   Thumb Code    12  anon$$obj.o(Veneer$$Code)
    Long Thumb to Thumb Veneer to llc_util_dicon_procedure 0x20005e79   Thumb Code    12  anon$$obj.o(Veneer$$Code)
    Long Thumb to Thumb Veneer to lld_ch_map_ind 0x20005e85   Thumb Code    12  anon$$obj.o(Veneer$$Code)
    Long Thumb to Thumb Veneer to gapm_get_privacy_flag 0x20005e91   Thumb Code    12  anon$$obj.o(Veneer$$Code)
    Long Thumb to Thumb Veneer to gapm_set_recon_addr 0x20005e9d   Thumb Code    12  anon$$obj.o(Veneer$$Code)
    Long Thumb to Thumb Veneer to co_list_pop_front 0x20005ea9   Thumb Code    12  anon$$obj.o(Veneer$$Code)
    Long Thumb to Thumb Veneer to ke_task_handler_get 0x20005eb5   Thumb Code    12  anon$$obj.o(Veneer$$Code)
    Long Thumb to Thumb Veneer to ke_msg_free 0x20005ec1   Thumb Code    12  anon$$obj.o(Veneer$$Code)
    Long Thumb to Thumb Veneer to co_list_push_back 0x20005ecd   Thumb Code    12  anon$$obj.o(Veneer$$Code)
    Long Thumb to Thumb Veneer to ke_event_clear 0x20005ed9   Thumb Code    12  anon$$obj.o(Veneer$$Code)
    Long Thumb to Thumb Veneer to __aeabi_memclr4 0x20005ee5   Thumb Code    12  anon$$obj.o(Veneer$$Code)
    Long Thumb to Thumb Veneer to ke_event_callback_set 0x20005ef1   Thumb Code    12  anon$$obj.o(Veneer$$Code)
    Long Thumb to Thumb Veneer to ke_msg_alloc 0x20005efd   Thumb Code    12  anon$$obj.o(Veneer$$Code)
    Long Thumb to Thumb Veneer to gapc_get_enc_keysize 0x20005f09   Thumb Code    12  anon$$obj.o(Veneer$$Code)
    Long Thumb to Thumb Veneer to gapc_get_role 0x20005f15   Thumb Code    12  anon$$obj.o(Veneer$$Code)
    Long Thumb to Thumb Veneer to ke_msg_send 0x20005f21   Thumb Code    12  anon$$obj.o(Veneer$$Code)
    Long Thumb to Thumb Veneer to smpc_generate_rand 0x20005f2d   Thumb Code    12  anon$$obj.o(Veneer$$Code)
    Long Thumb to Thumb Veneer to smpc_tkdp_send_continue 0x20005f39   Thumb Code    12  anon$$obj.o(Veneer$$Code)
    Long Thumb to Thumb Veneer to smpc_pdu_send 0x20005f45   Thumb Code    12  anon$$obj.o(Veneer$$Code)
    Long Thumb to Thumb Veneer to smpc_tkdp_rcp_start 0x20005f51   Thumb Code    12  anon$$obj.o(Veneer$$Code)
    Long Thumb to Thumb Veneer to smpc_pairing_end 0x20005f5d   Thumb Code    12  anon$$obj.o(Veneer$$Code)
    Long Thumb to Thumb Veneer to smpc_check_max_key_size 0x20005f69   Thumb Code    12  anon$$obj.o(Veneer$$Code)
    Long Thumb to Thumb Veneer to smpc_check_key_distrib 0x20005f75   Thumb Code    12  anon$$obj.o(Veneer$$Code)
    Long Thumb to Thumb Veneer to smpc_get_key_sec_prop 0x20005f81   Thumb Code    12  anon$$obj.o(Veneer$$Code)
    Long Thumb to Thumb Veneer to smpc_is_sec_mode_reached 0x20005f8d   Thumb Code    12  anon$$obj.o(Veneer$$Code)
    Long Thumb to Thumb Veneer to llc_le_con_update_cmd_handler 0x20005f99   Thumb Code    12  anon$$obj.o(Veneer$$Code)
    Long Thumb to Thumb Veneer to llm_util_get_role 0x20005fa5   Thumb Code    12  anon$$obj.o(Veneer$$Code)
    Long Thumb to Thumb Veneer to lld_evt_int_extract 0x20005fb1   Thumb Code    12  anon$$obj.o(Veneer$$Code)
    Long Thumb to Thumb Veneer to lld_stop_ind_handler 0x20005fbd   Thumb Code    12  anon$$obj.o(Veneer$$Code)
    Long Thumb to Thumb Veneer to __aeabi_llsl 0x20005fc9   Thumb Code    12  anon$$obj.o(Veneer$$Code)
    Long Thumb to Thumb Veneer to IffCalibration 0x20005fd5   Thumb Code    12  anon$$obj.o(Veneer$$Code)
    Long Thumb to Thumb Veneer to DCoffsetCalibration 0x20005fe1   Thumb Code    12  anon$$obj.o(Veneer$$Code)
    Long Thumb to Thumb Veneer to ble_regs_pop 0x20005fed   Thumb Code    12  anon$$obj.o(Veneer$$Code)
    Long Thumb to Thumb Veneer to rwip_wakeup 0x20005ff9   Thumb Code    12  anon$$obj.o(Veneer$$Code)
    Long Thumb to Thumb Veneer to rf_workaround_init 0x20006005   Thumb Code    12  anon$$obj.o(Veneer$$Code)
    Long Thumb to Thumb Veneer to rf_reinit  0x20006011   Thumb Code    12  anon$$obj.o(Veneer$$Code)
    Long Thumb to Thumb Veneer to lld_evt_start_isr 0x2000601d   Thumb Code    12  anon$$obj.o(Veneer$$Code)
    Long Thumb to Thumb Veneer to $Super$$BLE_CSCNT_Handler 0x20006029   Thumb Code    12  anon$$obj.o(Veneer$$Code)
    Long Thumb to Thumb Veneer to lld_evt_rx_isr 0x20006035   Thumb Code    12  anon$$obj.o(Veneer$$Code)
    Long Thumb to Thumb Veneer to lld_evt_end_isr 0x20006041   Thumb Code    12  anon$$obj.o(Veneer$$Code)
    Long Thumb to Thumb Veneer to set_rf_cal_cap 0x2000604d   Thumb Code    12  anon$$obj.o(Veneer$$Code)
    Long Thumb to Thumb Veneer to set_gauss_modgain 0x20006059   Thumb Code    12  anon$$obj.o(Veneer$$Code)
    Long Thumb to Thumb Veneer to ke_sleep_check 0x20006065   Thumb Code    12  anon$$obj.o(Veneer$$Code)
    Long Thumb to Thumb Veneer to ke_timer_sleep_check 0x20006071   Thumb Code    12  anon$$obj.o(Veneer$$Code)
    Long Thumb to Thumb Veneer to lld_sleep_enter 0x2000607d   Thumb Code    12  anon$$obj.o(Veneer$$Code)
    Long Thumb to Thumb Veneer to ble_regs_push 0x20006089   Thumb Code    12  anon$$obj.o(Veneer$$Code)
    Long Thumb to Thumb Veneer to gapc_get_conhdl 0x20006095   Thumb Code    12  anon$$obj.o(Veneer$$Code)
    Long Thumb to Thumb Veneer to gapc_send_disconect_ind 0x200060a1   Thumb Code    12  anon$$obj.o(Veneer$$Code)
    Long Thumb to Thumb Veneer to __aeabi_memclr 0x200060ad   Thumb Code    12  anon$$obj.o(Veneer$$Code)
    Long Thumb to Thumb Veneer to ke_task_create 0x200060b9   Thumb Code    12  anon$$obj.o(Veneer$$Code)
    Long Thumb to Thumb Veneer to attmdb_svc_set_permission 0x200060c5   Thumb Code    12  anon$$obj.o(Veneer$$Code)
    Long Thumb to Thumb Veneer to attm_svc_create_db 0x200060d1   Thumb Code    12  anon$$obj.o(Veneer$$Code)
    Long Thumb to Thumb Veneer to gapc_get_conidx 0x200060dd   Thumb Code    12  anon$$obj.o(Veneer$$Code)
    Long Thumb to Thumb Veneer to attmdb_att_set_value 0x200060e9   Thumb Code    12  anon$$obj.o(Veneer$$Code)
    Long Thumb to Thumb Veneer to atts_write_rsp_send 0x200060f5   Thumb Code    12  anon$$obj.o(Veneer$$Code)
    Long Thumb to Thumb Veneer to nvds_get   0x20006101   Thumb Code    12  anon$$obj.o(Veneer$$Code)
    Long Thumb to Thumb Veneer to ke_timer_set 0x2000610d   Thumb Code    12  anon$$obj.o(Veneer$$Code)
    Long Thumb to Thumb Veneer to rand       0x20006119   Thumb Code    12  anon$$obj.o(Veneer$$Code)
    Long Thumb to Thumb Veneer to __aeabi_idivmod 0x20006125   Thumb Code    12  anon$$obj.o(Veneer$$Code)
    Long Thumb to Thumb Veneer to __aeabi_memcpy4 0x20006131   Thumb Code    12  anon$$obj.o(Veneer$$Code)
    Long Thumb to Thumb Veneer to strlen     0x2000613d   Thumb Code    12  anon$$obj.o(Veneer$$Code)
    Long Thumb to Thumb Veneer to __aeabi_llsr 0x20006149   Thumb Code    12  anon$$obj.o(Veneer$$Code)
    __0sprintf$8                             0x20006155   Thumb Code    36  printf8.o(i.__0sprintf$8)
    __1sprintf$8                             0x20006155   Thumb Code     0  printf8.o(i.__0sprintf$8)
    __2sprintf                               0x20006155   Thumb Code     0  printf8.o(i.__0sprintf$8)
    __scatterload_copy                       0x2000617d   Thumb Code    14  handlers.o(i.__scatterload_copy)
    __scatterload_null                       0x2000618b   Thumb Code     2  handlers.o(i.__scatterload_null)
    __scatterload_zeroinit                   0x2000618d   Thumb Code    14  handlers.o(i.__scatterload_zeroinit)
    free                                     0x2000661d   Thumb Code    80  malloc.o(i.free)
    malloc                                   0x20006671   Thumb Code    92  malloc.o(i.malloc)
    LUT_CFG                                  0x200066dc   Data          22  jump_table.o(.constdata)
    my_llc_state_handler                     0x2000699c   Data         176  llc.obj(.constdata)
    my_llc_default_handler                   0x20006a4c   Data           8  llc.obj(.constdata)
    TASK_DESC_LLC                            0x20006a54   Data          16  llc.obj(.constdata)
    wechat_att_db                            0x20006a6c   Data          96  wechat.o(.constdata)
    wechat_svc                               0x20006acc   Data           2  wechat.o(.constdata)
    wechat_write_char                        0x20006ace   Data           5  wechat.o(.constdata)
    wechat_read_char                         0x20006ad3   Data           5  wechat.o(.constdata)
    wechat_ind_char                          0x20006ad8   Data           5  wechat.o(.constdata)
    wechat_disabled                          0x20006af0   Data           8  wechat_task.o(.constdata)
    wechat_idle                              0x20006af8   Data           8  wechat_task.o(.constdata)
    wechat_connected                         0x20006b00   Data          24  wechat_task.o(.constdata)
    wechat_default_state                     0x20006b18   Data           8  wechat_task.o(.constdata)
    wechat_state_handler                     0x20006b20   Data          24  wechat_task.o(.constdata)
    wechat_default_handler                   0x20006b38   Data           8  wechat_task.o(.constdata)
    prf_funcs                                0x20006b88   Data          24  app.o(.constdata)
    app_default_state                        0x20006c3c   Data           8  app_task.o(.constdata)
    app_default_handler                      0x20006c44   Data           8  app_task.o(.constdata)
    app_process_handlers                     0x20006c4c   Data          20  app_entry_point.o(.constdata)
    Region$$Table$$Base                      0x20006d84   Number         0  anon$$obj.o(Region$$Table)
    Region$$Table$$Limit                     0x20006da4   Number         0  anon$$obj.o(Region$$Table)
    startup_sleep_delay                      0x20006da4   Data           4  arch_system.o(.data)
    challeange                               0x20006dac   Data           4  mpbledemo2.o(.data)
    mpbledemo2_cmd_handler                   0x20006db0   Data          48  mpbledemo2.o(.data)
    mpbledemo2_data_handler                  0x20006de0   Data          44  mpbledemo2.o(.data)
    __microlib_freelist                      0x20006e0c   Data           4  mvars.o(.data)
    __microlib_freelist_initialised          0x20006e10   Data           4  mvars.o(.data)
    rwip_heap_non_ret                        0x20008bf4   Data        1036  jump_table.o(heap_mem_area_not_ret)
    SystemCoreClock                          0x20009000   Data           0  rom_symdef.txt ABSOLUTE
    error                                    0x20009004   Data           0  rom_symdef.txt ABSOLUTE
    GPIO_status                              0x20009020   Data           8  gpio.o(.bss)
    GPIO                                     0x20009028   Data         160  gpio.o(.bss)
    GPIOHandlerFunction                      0x200090c8   Data          20  gpio.o(.bss)
    __heap_base                              0x200090e0   Data           0  boot_vectors.o(HEAP)
    __heap_limit                             0x200091e0   Data           0  boot_vectors.o(HEAP)
    __initial_sp                             0x20009800   Data           0  boot_vectors.o(STACK)
    clk_per_reg                              0x50000004   Data           4  pwm.o(.ARM.__AT_0x50000004)
    timer0_ctrl_reg                          0x50003400   Data           4  pwm.o(.ARM.__AT_0x50003400)
    triple_pwm_ctrl_reg                      0x50003410   Data           4  pwm.o(.ARM.__AT_0x50003410)



==============================================================================

Memory Map of the image

  Image Entry point : 0x20000441

  Load Region LR_IROM1 (Base: 0x20000000, Size: 0x000000a0, Max: 0x00000160, ABSOLUTE)

    Execution Region ER_IROM1 (Base: 0x20000000, Size: 0x000000a0, Max: 0x00000160, ABSOLUTE)

    Base Addr    Size         Type   Attr      Idx    E Section Name        Object

    0x20000000   0x000000a0   Data   RO          191    RESET               boot_vectors.o



  Load Region LR_IROM2 (Base: 0x20000160, Size: 0x00000160, Max: 0x00000160, ABSOLUTE)

    Execution Region ER_IROM2 (Base: 0x20000160, Size: 0x00000160, Max: 0x00000160, ABSOLUTE)

    Base Addr    Size         Type   Attr      Idx    E Section Name        Object

    0x20000160   0x00000160   Data   RO          474    jump_table_mem_area  jump_table.o



  Load Region LR_IROM3 (Base: 0x200002c0, Size: 0x00000064, Max: 0x00000080, ABSOLUTE)

    Execution Region ER_IROM3 (Base: 0x200002c0, Size: 0x00000064, Max: 0x00000080, ABSOLUTE)

    Base Addr    Size         Type   Attr      Idx    E Section Name        Object

    0x200002c0   0x00000064   Data   RO         1800    timeout_table_area  gapm.o



  Load Region LR_IROM4 (Base: 0x20000340, Size: 0x000000a4, Max: 0x00000100, ABSOLUTE)

    Execution Region ER_IROM4 (Base: 0x20000340, Size: 0x000000a4, Max: 0x00000100, ABSOLUTE)

    Base Addr    Size         Type   Attr      Idx    E Section Name        Object

    0x20000340   0x000000a4   Data   RO          279    nvds_data_storage_area  nvds.o



  Load Region LR_IROM5 (Base: 0x20000440, Size: 0x000069d4, Max: 0x000093c0, ABSOLUTE)

    Execution Region ER_IROM5 (Base: 0x20000440, Size: 0x000069d4, Max: 0x00007ac0, ABSOLUTE)

    Base Addr    Size         Type   Attr      Idx    E Section Name        Object

    0x20000440   0x00000000   Code   RO         4388  * .ARM.Collect$$$$00000000  mc_p.l(entry.o)
    0x20000440   0x00000004   Code   RO         4732    .ARM.Collect$$$$00000001  mc_p.l(entry2.o)
    0x20000444   0x00000004   Code   RO         4735    .ARM.Collect$$$$00000004  mc_p.l(entry5.o)
    0x20000448   0x00000000   Code   RO         4737    .ARM.Collect$$$$00000008  mc_p.l(entry7b.o)
    0x20000448   0x00000000   Code   RO         4739    .ARM.Collect$$$$0000000A  mc_p.l(entry8b.o)
    0x20000448   0x00000008   Code   RO         4740    .ARM.Collect$$$$0000000B  mc_p.l(entry9a.o)
    0x20000450   0x00000000   Code   RO         4742    .ARM.Collect$$$$0000000D  mc_p.l(entry10a.o)
    0x20000450   0x00000000   Code   RO         4744    .ARM.Collect$$$$0000000F  mc_p.l(entry11a.o)
    0x20000450   0x00000004   Code   RO         4733    .ARM.Collect$$$$00002712  mc_p.l(entry2.o)
    0x20000454   0x00000050   Code   RO            2    .text               system_armcm0.o
    0x200004a4   0x0000006c   Code   RO          192    .text               boot_vectors.o
    0x20000510   0x00000060   Code   RO          197    .text               hardfault_handler.o
    0x20000570   0x0000009c   Code   RO          219    .text               nmi_handler.o
    0x2000060c   0x00000424   Code   RO          237    .text               arch_console.o
    0x20000a30   0x000000c0   Code   RO          278    .text               nvds.o
    0x20000af0   0x000001cc   Code   RO          298    .text               arch_main.o
    0x20000cbc   0x00000002   Code   RO          468    .text               jump_table.o
    0x20000cbe   0x00000002   PAD
    0x20000cc0   0x000000f4   Code   RO          568    .text               arch_sleep.o
    0x20000db4   0x00000384   Code   RO          610    .text               arch_system.o
    0x20001138   0x00000178   Code   RO          750    .text               arch_patch.o
    0x200012b0   0x000000ec   Code   RO          819    .text               atts_task.obj
    0x2000139c   0x000000c4   Code   RO          821    .text               ch_map.obj
    0x20001460   0x00000180   Code   RO          823    .text               gapm_util.obj
    0x200015e0   0x000000b8   Code   RO          825    .text               ke_task.obj
    0x20001698   0x0000015c   Code   RO          827    .text               smpc.obj
    0x200017f4   0x00000214   Code   RO          829    .text               smpc_task.obj
    0x20001a08   0x00000160   Code   RO          831    .text               llc.obj
    0x20001b68   0x0000002c   Code   RO          840    .text               syscntl.o
    0x20001b94   0x0000022c   Code   RO          860    .text               gpio.o
    0x20001dc0   0x00000148   Code   RO          918    .text               wkupct_quadec.o
    0x20001f08   0x000000e4   Code   RO         1050    .text               adc.o
    0x20001fec   0x000001d4   Code   RO         1071    .text               trng.o
    0x200021c0   0x00000010   Code   RO         1368    .text               pwm.o
    0x200021d0   0x0000017c   Code   RO         1527    .text               uart2.o
    0x2000234c   0x00000010   Code   RO         1571    .text               systick.o
    0x2000235c   0x000002f8   Code   RO         1618    .text               rf_580.o
    0x20002654   0x00000364   Code   RO         1658    .text               rwble.o
    0x200029b8   0x000001cc   Code   RO         1772    .text               rwip.o
    0x20002b84   0x00000080   Code   RO         2097    .text               prf_utils.o
    0x20002c04   0x000000d4   Code   RO         2389    .text               wechat.o
    0x20002cd8   0x000001c0   Code   RO         2417    .text               wechat_task.o
    0x20002e98   0x000000d0   Code   RO         2449    .text               app_default_handlers.o
    0x20002f68   0x000003b8   Code   RO         2493    .text               app.o
    0x20003320   0x0000017c   Code   RO         2675    .text               app_task.o
    0x2000349c   0x00000094   Code   RO         2706    .text               app_entry_point.o
    0x20003530   0x000000ac   Code   RO         2748    .text               app_easy_timer.o
    0x200035dc   0x00000002   Code   RO         2749    .text               app_easy_timer.o
    0x200035de   0x00000002   PAD
    0x200035e0   0x00000054   Code   RO         2820    .text               app_easy_msg_utils.o
    0x20003634   0x000001e8   Code   RO         2875    .text               app_wechat.o
    0x2000381c   0x000000a8   Code   RO         2915    .text               app_wechat_task.o
    0x200038c4   0x00000078   Code   RO         2929    .text               app_security.o
    0x2000393c   0x000000c4   Code   RO         2947    .text               app_security_task.o
    0x20003a00   0x00000298   Code   RO         2962    .text               app_easy_security.o
    0x20003c98   0x000000d4   Code   RO         3034    .text               user_periph_setup.o
    0x20003d6c   0x00000008   Code   RO         3048    .text               user_wechat.o
    0x20003d74   0x0000021c   Code   RO         3073    .text               ble_wechat_util.o
    0x20003f90   0x000000d8   Code   RO         3103    .text               crc32.o
    0x20004068   0x000002d0   Code   RO         3118    .text               epb.o
    0x20004338   0x00000850   Code   RO         3206    .text               epb_mmbp.o
    0x20004b88   0x00000dbc   Code   RO         3282    .text               mpbledemo2.o
    0x20005944   0x00000110   Code   RO         3426    .text               vmlayer.o
    0x20005a54   0x0000001a   Code   RO         4397    .text               mc_p.l(strncpy.o)
    0x20005a6e   0x00000012   Code   RO         4399    .text               mc_p.l(strcpy.o)
    0x20005a80   0x0000007a   Code   RO         4692    .text               mf_p.l(fmul.o)
    0x20005afa   0x0000000e   Code   RO         4696    .text               mf_p.l(ffltui.o)
    0x20005b08   0x00000028   Code   RO         4698    .text               mf_p.l(ffixui.o)
    0x20005b30   0x00000060   Code   RO         4749    .text               mc_p.l(uldiv.o)
    0x20005b90   0x00000082   Code   RO         4760    .text               mf_p.l(fepilogue.o)
    0x20005c12   0x00000002   PAD
    0x20005c14   0x00000024   Code   RO         4774    .text               mc_p.l(init.o)
    0x20005c38   0x0000000c   Ven    RO         4790    Veneer$$Code        anon$$obj.o
    0x20005c44   0x0000000c   Ven    RO         4791    Veneer$$Code        anon$$obj.o
    0x20005c50   0x0000000c   Ven    RO         4792    Veneer$$Code        anon$$obj.o
    0x20005c5c   0x0000000c   Ven    RO         4793    Veneer$$Code        anon$$obj.o
    0x20005c68   0x0000000c   Ven    RO         4794    Veneer$$Code        anon$$obj.o
    0x20005c74   0x0000000c   Ven    RO         4795    Veneer$$Code        anon$$obj.o
    0x20005c80   0x0000000c   Ven    RO         4796    Veneer$$Code        anon$$obj.o
    0x20005c8c   0x0000000c   Ven    RO         4797    Veneer$$Code        anon$$obj.o
    0x20005c98   0x0000000c   Ven    RO         4798    Veneer$$Code        anon$$obj.o
    0x20005ca4   0x0000000c   Ven    RO         4799    Veneer$$Code        anon$$obj.o
    0x20005cb0   0x0000000c   Ven    RO         4800    Veneer$$Code        anon$$obj.o
    0x20005cbc   0x0000000c   Ven    RO         4801    Veneer$$Code        anon$$obj.o
    0x20005cc8   0x0000000c   Ven    RO         4802    Veneer$$Code        anon$$obj.o
    0x20005cd4   0x0000000c   Ven    RO         4803    Veneer$$Code        anon$$obj.o
    0x20005ce0   0x0000000c   Ven    RO         4804    Veneer$$Code        anon$$obj.o
    0x20005cec   0x0000000c   Ven    RO         4805    Veneer$$Code        anon$$obj.o
    0x20005cf8   0x0000000c   Ven    RO         4806    Veneer$$Code        anon$$obj.o
    0x20005d04   0x0000000c   Ven    RO         4807    Veneer$$Code        anon$$obj.o
    0x20005d10   0x0000000c   Ven    RO         4808    Veneer$$Code        anon$$obj.o
    0x20005d1c   0x0000000c   Ven    RO         4809    Veneer$$Code        anon$$obj.o
    0x20005d28   0x0000000c   Ven    RO         4810    Veneer$$Code        anon$$obj.o
    0x20005d34   0x0000000c   Ven    RO         4811    Veneer$$Code        anon$$obj.o
    0x20005d40   0x0000000c   Ven    RO         4812    Veneer$$Code        anon$$obj.o
    0x20005d4c   0x0000000c   Ven    RO         4813    Veneer$$Code        anon$$obj.o
    0x20005d58   0x0000000c   Ven    RO         4814    Veneer$$Code        anon$$obj.o
    0x20005d64   0x0000000c   Ven    RO         4815    Veneer$$Code        anon$$obj.o
    0x20005d70   0x0000000c   Ven    RO         4816    Veneer$$Code        anon$$obj.o
    0x20005d7c   0x0000000c   Ven    RO         4817    Veneer$$Code        anon$$obj.o
    0x20005d88   0x0000000c   Ven    RO         4818    Veneer$$Code        anon$$obj.o
    0x20005d94   0x0000000c   Ven    RO         4819    Veneer$$Code        anon$$obj.o
    0x20005da0   0x0000000c   Ven    RO         4820    Veneer$$Code        anon$$obj.o
    0x20005dac   0x0000000c   Ven    RO         4821    Veneer$$Code        anon$$obj.o
    0x20005db8   0x0000000c   Ven    RO         4822    Veneer$$Code        anon$$obj.o
    0x20005dc4   0x0000000c   Ven    RO         4823    Veneer$$Code        anon$$obj.o
    0x20005dd0   0x0000000c   Ven    RO         4824    Veneer$$Code        anon$$obj.o
    0x20005ddc   0x0000000c   Ven    RO         4825    Veneer$$Code        anon$$obj.o
    0x20005de8   0x0000000c   Ven    RO         4826    Veneer$$Code        anon$$obj.o
    0x20005df4   0x0000000c   Ven    RO         4827    Veneer$$Code        anon$$obj.o
    0x20005e00   0x0000000c   Ven    RO         4828    Veneer$$Code        anon$$obj.o
    0x20005e0c   0x0000000c   Ven    RO         4829    Veneer$$Code        anon$$obj.o
    0x20005e18   0x0000000c   Ven    RO         4830    Veneer$$Code        anon$$obj.o
    0x20005e24   0x0000000c   Ven    RO         4831    Veneer$$Code        anon$$obj.o
    0x20005e30   0x0000000c   Ven    RO         4832    Veneer$$Code        anon$$obj.o
    0x20005e3c   0x0000000c   Ven    RO         4833    Veneer$$Code        anon$$obj.o
    0x20005e48   0x0000000c   Ven    RO         4834    Veneer$$Code        anon$$obj.o
    0x20005e54   0x0000000c   Ven    RO         4835    Veneer$$Code        anon$$obj.o
    0x20005e60   0x0000000c   Ven    RO         4836    Veneer$$Code        anon$$obj.o
    0x20005e6c   0x0000000c   Ven    RO         4837    Veneer$$Code        anon$$obj.o
    0x20005e78   0x0000000c   Ven    RO         4838    Veneer$$Code        anon$$obj.o
    0x20005e84   0x0000000c   Ven    RO         4839    Veneer$$Code        anon$$obj.o
    0x20005e90   0x0000000c   Ven    RO         4840    Veneer$$Code        anon$$obj.o
    0x20005e9c   0x0000000c   Ven    RO         4841    Veneer$$Code        anon$$obj.o
    0x20005ea8   0x0000000c   Ven    RO         4842    Veneer$$Code        anon$$obj.o
    0x20005eb4   0x0000000c   Ven    RO         4843    Veneer$$Code        anon$$obj.o
    0x20005ec0   0x0000000c   Ven    RO         4844    Veneer$$Code        anon$$obj.o
    0x20005ecc   0x0000000c   Ven    RO         4845    Veneer$$Code        anon$$obj.o
    0x20005ed8   0x0000000c   Ven    RO         4846    Veneer$$Code        anon$$obj.o
    0x20005ee4   0x0000000c   Ven    RO         4847    Veneer$$Code        anon$$obj.o
    0x20005ef0   0x0000000c   Ven    RO         4848    Veneer$$Code        anon$$obj.o
    0x20005efc   0x0000000c   Ven    RO         4849    Veneer$$Code        anon$$obj.o
    0x20005f08   0x0000000c   Ven    RO         4850    Veneer$$Code        anon$$obj.o
    0x20005f14   0x0000000c   Ven    RO         4851    Veneer$$Code        anon$$obj.o
    0x20005f20   0x0000000c   Ven    RO         4852    Veneer$$Code        anon$$obj.o
    0x20005f2c   0x0000000c   Ven    RO         4853    Veneer$$Code        anon$$obj.o
    0x20005f38   0x0000000c   Ven    RO         4854    Veneer$$Code        anon$$obj.o
    0x20005f44   0x0000000c   Ven    RO         4855    Veneer$$Code        anon$$obj.o
    0x20005f50   0x0000000c   Ven    RO         4856    Veneer$$Code        anon$$obj.o
    0x20005f5c   0x0000000c   Ven    RO         4857    Veneer$$Code        anon$$obj.o
    0x20005f68   0x0000000c   Ven    RO         4858    Veneer$$Code        anon$$obj.o
    0x20005f74   0x0000000c   Ven    RO         4859    Veneer$$Code        anon$$obj.o
    0x20005f80   0x0000000c   Ven    RO         4860    Veneer$$Code        anon$$obj.o
    0x20005f8c   0x0000000c   Ven    RO         4861    Veneer$$Code        anon$$obj.o
    0x20005f98   0x0000000c   Ven    RO         4862    Veneer$$Code        anon$$obj.o
    0x20005fa4   0x0000000c   Ven    RO         4863    Veneer$$Code        anon$$obj.o
    0x20005fb0   0x0000000c   Ven    RO         4864    Veneer$$Code        anon$$obj.o
    0x20005fbc   0x0000000c   Ven    RO         4865    Veneer$$Code        anon$$obj.o
    0x20005fc8   0x0000000c   Ven    RO         4866    Veneer$$Code        anon$$obj.o
    0x20005fd4   0x0000000c   Ven    RO         4867    Veneer$$Code        anon$$obj.o
    0x20005fe0   0x0000000c   Ven    RO         4868    Veneer$$Code        anon$$obj.o
    0x20005fec   0x0000000c   Ven    RO         4869    Veneer$$Code        anon$$obj.o
    0x20005ff8   0x0000000c   Ven    RO         4870    Veneer$$Code        anon$$obj.o
    0x20006004   0x0000000c   Ven    RO         4871    Veneer$$Code        anon$$obj.o
    0x20006010   0x0000000c   Ven    RO         4872    Veneer$$Code        anon$$obj.o
    0x2000601c   0x0000000c   Ven    RO         4873    Veneer$$Code        anon$$obj.o
    0x20006028   0x0000000c   Ven    RO         4874    Veneer$$Code        anon$$obj.o
    0x20006034   0x0000000c   Ven    RO         4875    Veneer$$Code        anon$$obj.o
    0x20006040   0x0000000c   Ven    RO         4876    Veneer$$Code        anon$$obj.o
    0x2000604c   0x0000000c   Ven    RO         4877    Veneer$$Code        anon$$obj.o
    0x20006058   0x0000000c   Ven    RO         4878    Veneer$$Code        anon$$obj.o
    0x20006064   0x0000000c   Ven    RO         4879    Veneer$$Code        anon$$obj.o
    0x20006070   0x0000000c   Ven    RO         4880    Veneer$$Code        anon$$obj.o
    0x2000607c   0x0000000c   Ven    RO         4881    Veneer$$Code        anon$$obj.o
    0x20006088   0x0000000c   Ven    RO         4882    Veneer$$Code        anon$$obj.o
    0x20006094   0x0000000c   Ven    RO         4883    Veneer$$Code        anon$$obj.o
    0x200060a0   0x0000000c   Ven    RO         4884    Veneer$$Code        anon$$obj.o
    0x200060ac   0x0000000c   Ven    RO         4885    Veneer$$Code        anon$$obj.o
    0x200060b8   0x0000000c   Ven    RO         4886    Veneer$$Code        anon$$obj.o
    0x200060c4   0x0000000c   Ven    RO         4887    Veneer$$Code        anon$$obj.o
    0x200060d0   0x0000000c   Ven    RO         4888    Veneer$$Code        anon$$obj.o
    0x200060dc   0x0000000c   Ven    RO         4889    Veneer$$Code        anon$$obj.o
    0x200060e8   0x0000000c   Ven    RO         4890    Veneer$$Code        anon$$obj.o
    0x200060f4   0x0000000c   Ven    RO         4891    Veneer$$Code        anon$$obj.o
    0x20006100   0x0000000c   Ven    RO         4892    Veneer$$Code        anon$$obj.o
    0x2000610c   0x0000000c   Ven    RO         4893    Veneer$$Code        anon$$obj.o
    0x20006118   0x0000000c   Ven    RO         4894    Veneer$$Code        anon$$obj.o
    0x20006124   0x0000000c   Ven    RO         4895    Veneer$$Code        anon$$obj.o
    0x20006130   0x0000000c   Ven    RO         4896    Veneer$$Code        anon$$obj.o
    0x2000613c   0x0000000c   Ven    RO         4897    Veneer$$Code        anon$$obj.o
    0x20006148   0x0000000c   Ven    RO         4898    Veneer$$Code        anon$$obj.o
    0x20006154   0x00000028   Code   RO         4612    i.__0sprintf$8      mc_p.l(printf8.o)
    0x2000617c   0x0000000e   Code   RO         4784    i.__scatterload_copy  mc_p.l(handlers.o)
    0x2000618a   0x00000002   Code   RO         4785    i.__scatterload_null  mc_p.l(handlers.o)
    0x2000618c   0x0000000e   Code   RO         4786    i.__scatterload_zeroinit  mc_p.l(handlers.o)
    0x2000619a   0x00000002   PAD
    0x2000619c   0x00000428   Code   RO         4617    i._printf_core      mc_p.l(printf8.o)
    0x200065c4   0x00000020   Code   RO         4618    i._printf_post_padding  mc_p.l(printf8.o)
    0x200065e4   0x0000002c   Code   RO         4619    i._printf_pre_padding  mc_p.l(printf8.o)
    0x20006610   0x0000000a   Code   RO         4621    i._sputc            mc_p.l(printf8.o)
    0x2000661a   0x00000002   PAD
    0x2000661c   0x00000054   Code   RO         4664    i.free              mc_p.l(malloc.o)
    0x20006670   0x0000006c   Code   RO         4665    i.malloc            mc_p.l(malloc.o)
    0x200066dc   0x00000016   Data   RO          469    .constdata          jump_table.o
    0x200066f2   0x00000002   PAD
    0x200066f4   0x00000130   Data   RO          751    .constdata          arch_patch.o
    0x20006824   0x00000008   Data   RO          752    .constdata          arch_patch.o
    0x2000682c   0x00000030   Data   RO          753    .constdata          arch_patch.o
    0x2000685c   0x00000130   Data   RO          832    .constdata          llc.obj
    0x2000698c   0x00000010   Data   RO          833    .constdata          llc.obj
    0x2000699c   0x000000b0   Data   RO          834    .constdata          llc.obj
    0x20006a4c   0x00000008   Data   RO          835    .constdata          llc.obj
    0x20006a54   0x00000010   Data   RO          836    .constdata          llc.obj
    0x20006a64   0x00000008   Data   RO          868    .constdata          gpio.o
    0x20006a6c   0x00000060   Data   RO         2390    .constdata          wechat.o
    0x20006acc   0x00000002   Data   RO         2391    .constdata          wechat.o
    0x20006ace   0x00000005   Data   RO         2392    .constdata          wechat.o
    0x20006ad3   0x00000005   Data   RO         2393    .constdata          wechat.o
    0x20006ad8   0x00000005   Data   RO         2394    .constdata          wechat.o
    0x20006add   0x00000003   PAD
    0x20006ae0   0x00000010   Data   RO         2395    .constdata          wechat.o
    0x20006af0   0x00000008   Data   RO         2418    .constdata          wechat_task.o
    0x20006af8   0x00000008   Data   RO         2419    .constdata          wechat_task.o
    0x20006b00   0x00000018   Data   RO         2420    .constdata          wechat_task.o
    0x20006b18   0x00000008   Data   RO         2421    .constdata          wechat_task.o
    0x20006b20   0x00000018   Data   RO         2422    .constdata          wechat_task.o
    0x20006b38   0x00000008   Data   RO         2423    .constdata          wechat_task.o
    0x20006b40   0x000000c2   Data   RO         2518    .constdata          app.o
    0x20006c02   0x00000002   PAD
    0x20006c04   0x00000038   Data   RO         2677    .constdata          app_task.o
    0x20006c3c   0x00000008   Data   RO         2678    .constdata          app_task.o
    0x20006c44   0x00000008   Data   RO         2679    .constdata          app_task.o
    0x20006c4c   0x00000014   Data   RO         2707    .constdata          app_entry_point.o
    0x20006c60   0x00000030   Data   RO         2916    .constdata          app_wechat_task.o
    0x20006c90   0x00000020   Data   RO         2949    .constdata          app_security_task.o
    0x20006cb0   0x00000027   Data   RO         2971    .constdata          app_easy_security.o
    0x20006cd7   0x00000001   PAD
    0x20006cd8   0x00000078   Data   RO         3287    .constdata          mpbledemo2.o
    0x20006d50   0x00000031   Data   RO         3288    .conststring        mpbledemo2.o
    0x20006d81   0x00000003   PAD
    0x20006d84   0x00000020   Data   RO         4782    Region$$Table       anon$$obj.o
    0x20006da4   0x00000004   Data   RW          618    .data               arch_system.o
    0x20006da8   0x00000038   Data   RW         3289    .data               mpbledemo2.o
    0x20006de0   0x0000002c   Data   RW         3290    .data               mpbledemo2.o
    0x20006e0c   0x00000004   Data   RW         4751    .data               mc_p.l(mvars.o)
    0x20006e10   0x00000004   Data   RW         4752    .data               mc_p.l(mvars.o)


    Execution Region RW_IRAM50 (Base: 0x20008000, Size: 0x00000000, Max: 0x00000bf4, ABSOLUTE)

    **** No section assigned to this execution region ****


    Execution Region RW_IRAM51 (Base: 0x20008bf4, Size: 0x0000040c, Max: 0x0000040c, ABSOLUTE, UNINIT)

    Base Addr    Size         Type   Attr      Idx    E Section Name        Object

    0x20008bf4   0x0000040c   Zero   RW          472    heap_mem_area_not_ret  jump_table.o


    Execution Region RW_IRAM52 (Base: 0x20009000, Size: 0x00000020, Max: 0x00000020, ABSOLUTE)

    Base Addr    Size         Type   Attr      Idx    E Section Name        Object

    0x20009000   0x00000020   Zero   RW            1    RW_IRAM52.bss       anon$$obj.o


    Execution Region RW_IRAM53 (Base: 0x20009020, Size: 0x000001c0, Max: 0x000001e0, ABSOLUTE)

    Base Addr    Size         Type   Attr      Idx    E Section Name        Object

    0x20009020   0x000000bc   Zero   RW          867    .bss                gpio.o
    0x200090dc   0x00000004   PAD
    0x200090e0   0x00000100   Zero   RW          190    HEAP                boot_vectors.o


    Execution Region RW_IRAM54 (Base: 0x20009200, Size: 0x00000600, Max: 0x00000600, ABSOLUTE, UNINIT)

    Base Addr    Size         Type   Attr      Idx    E Section Name        Object

    0x20009200   0x00000600   Zero   RW          189    STACK               boot_vectors.o



  Load Region LR_RETENTION_RAM2 (Base: 0x00080768, Size: 0x00000000, Max: 0x00002898, ABSOLUTE)

    Execution Region ZI_RET20 (Base: 0x00080768, Size: 0x00001e30, Max: 0x000022b8, ABSOLUTE, UNINIT)

    Base Addr    Size         Type   Attr      Idx    E Section Name        Object

    0x00080768   0x00000004   Zero   RW         1373    .bss                pwm.o
    0x0008076c   0x00000004   Zero   RW         1576    .bss                systick.o
    0x00080770   0x00000014   Zero   RW         2876    .bss                app_wechat.o
    0x00080784   0x0000002c   Zero   RW         3076    .bss                ble_wechat_util.o
    0x000807b0   0x0000000c   Zero   RW         3283    .bss                mpbledemo2.o
    0x000807bc   0x00000016   Zero   RW         3284    .bss                mpbledemo2.o
    0x000807d2   0x00000002   PAD
    0x000807d4   0x000011ec   Zero   RW         3459    .bss                vmlayer.o
    0x000819c0   0x0000040c   Zero   RW          470    heap_db_area        jump_table.o
    0x00081dcc   0x00000154   Zero   RW          471    heap_env_area       jump_table.o
    0x00081f20   0x0000052c   Zero   RW          473    heap_msg_area       jump_table.o
    0x0008244c   0x00000008   Zero   RW          239    retention_mem_area0  arch_console.o
    0x00082454   0x00000006   Zero   RW          280    retention_mem_area0  nvds.o
    0x0008245a   0x00000001   Zero   RW          301    retention_mem_area0  arch_main.o
    0x0008245b   0x00000004   Zero   RW          573    retention_mem_area0  arch_sleep.o
    0x0008245f   0x00000001   PAD
    0x00082460   0x00000014   Zero   RW          619    retention_mem_area0  arch_system.o
    0x00082474   0x00000018   Zero   RW          837    retention_mem_area0  llc.obj
    0x0008248c   0x0000000c   Zero   RW          926    retention_mem_area0  wkupct_quadec.o
    0x00082498   0x0000001c   Zero   RW         1532    retention_mem_area0  uart2.o
    0x000824b4   0x00000001   Zero   RW         1621    retention_mem_area0  rf_580.o
    0x000824b5   0x00000001   PAD
    0x000824b6   0x00000008   Zero   RW         1661    retention_mem_area0  rwble.o
    0x000824be   0x00000002   PAD
    0x000824c0   0x00000004   Zero   RW         1773    retention_mem_area0  rwip.o
    0x000824c4   0x00000004   Zero   RW         1774    retention_mem_area0  rwip.o
    0x000824c8   0x0000000a   Zero   RW         2396    retention_mem_area0  wechat.o
    0x000824d2   0x00000002   Zero   RW         2424    retention_mem_area0  wechat_task.o
    0x000824d4   0x00000001   Zero   RW         2425    retention_mem_area0  wechat_task.o
    0x000824d5   0x00000003   PAD
    0x000824d8   0x00000038   Zero   RW         2520    retention_mem_area0  app.o
    0x00082510   0x00000001   Zero   RW         2680    retention_mem_area0  app_task.o
    0x00082511   0x00000003   PAD
    0x00082514   0x00000028   Zero   RW         2756    retention_mem_area0  app_easy_timer.o
    0x0008253c   0x00000018   Zero   RW         2828    retention_mem_area0  app_easy_msg_utils.o
    0x00082554   0x00000002   Zero   RW         2877    retention_mem_area0  app_wechat.o
    0x00082556   0x00000024   Zero   RW         2930    retention_mem_area0  app_security.o
    0x0008257a   0x00000002   PAD
    0x0008257c   0x00000018   Zero   RW         2975    retention_mem_area0  app_easy_security.o
    0x00082594   0x00000001   Zero   RW         3291    retention_mem_area0  mpbledemo2.o


    Execution Region ZI_RET21 (Base: 0x00082a20, Size: 0x000005e0, Max: 0x000005e0, ABSOLUTE)

    Base Addr    Size         Type   Attr      Idx    E Section Name        Object

    0x00082a20   0x000005de   Zero   RW          300    BLE_exchange_memory  arch_main.o



  Load Region LR$$.ARM.__AT_0x50000004 (Base: 0x50000004, Size: 0x00000000, Max: 0x00000004, ABSOLUTE)

    Execution Region ER$$.ARM.__AT_0x50000004 (Base: 0x50000004, Size: 0x00000004, Max: 0x00000004, ABSOLUTE, UNINIT)

    Base Addr    Size         Type   Attr      Idx    E Section Name        Object

    0x50000004   0x00000004   Zero   RW         1370    .ARM.__AT_0x50000004  pwm.o



  Load Region LR$$.ARM.__AT_0x50003400 (Base: 0x50003400, Size: 0x00000000, Max: 0x00000004, ABSOLUTE)

    Execution Region ER$$.ARM.__AT_0x50003400 (Base: 0x50003400, Size: 0x00000004, Max: 0x00000004, ABSOLUTE, UNINIT)

    Base Addr    Size         Type   Attr      Idx    E Section Name        Object

    0x50003400   0x00000004   Zero   RW         1371    .ARM.__AT_0x50003400  pwm.o



  Load Region LR$$.ARM.__AT_0x50003410 (Base: 0x50003410, Size: 0x00000000, Max: 0x00000004, ABSOLUTE)

    Execution Region ER$$.ARM.__AT_0x50003410 (Base: 0x50003410, Size: 0x00000004, Max: 0x00000004, ABSOLUTE, UNINIT)

    Base Addr    Size         Type   Attr      Idx    E Section Name        Object

    0x50003410   0x00000004   Zero   RW         1372    .ARM.__AT_0x50003410  pwm.o


==============================================================================

Image component sizes


      Code (inc. data)   RO Data    RW Data    ZI Data      Debug   Object Name

       228         14          0          0          0       1593   adc.o
       952         20        194          0         56      18812   app.o
       208          8          0          0          0       4602   app_default_handlers.o
        84          8          0          0         24       2556   app_easy_msg_utils.o
       664         16         39          0         24      13258   app_easy_security.o
       174         12          0          0         40       4152   app_easy_timer.o
       148          8         20          0          0       2919   app_entry_point.o
       120         14          0          0         36       2751   app_security.o
       196         22         32          0          0       3428   app_security_task.o
       380         16         72          0          1      12000   app_task.o
       488         40          0          0         22       9785   app_wechat.o
       168         18         48          0          0       4044   app_wechat_task.o
      1060         58          0          0          8       9359   arch_console.o
       460         32          0          0       1503      18191   arch_main.o
       376         94        360          0          0      14302   arch_patch.o
       244         12          0          0          4       2348   arch_sleep.o
       900         66          0          4         20      97118   arch_system.o
       236         18          0          0          0         72   atts_task.obj
       540        324          0          0         44       4602   ble_wechat_util.o
       108         22        160          0       1792        760   boot_vectors.o
       196         12          0          0          0        108   ch_map.obj
       216          6          0          0          0       1544   crc32.o
       720          0          0          0          0       8732   epb.o
      2128          8          0          0          0      11274   epb_mmbp.o
         0          0        100          0          0       3516   gapm.o
       384         38          0          0          0        112   gapm_util.obj
       556         22          8          0        188      11935   gpio.o
        96         10          0          0          0        665   hardfault_handler.o
         2          0        374          0       3736       8475   jump_table.o
       184         18          0          0          0         96   ke_task.obj
       352         22        520          0         24        236   llc.obj
      3516       1140        169        100         35      31663   mpbledemo2.o
       156         16          0          0          0       7163   nmi_handler.o
       192         30        164          0          6       2340   nvds.o
       128          4          0          0          0       4945   prf_utils.o
        16          4          0          0         16       2602   pwm.o
       760        178          0          0          1      65775   rf_580.o
       868         68          0          0          8     117008   rwble.o
       460         42          0          0          8      65608   rwip.o
       348         24          0          0          0        160   smpc.obj
       532          4          0          0          0         84   smpc_task.obj
        44          0          0          0          0        681   syscntl.o
        80         18          0          0          0     197683   system_armcm0.o
        16          4          0          0          4       1284   systick.o
       468         32          0          0          0       2665   trng.o
       380         20          0          0         28      23534   uart2.o
       212         18          0          0          0        830   user_periph_setup.o
         8          0          0          0          0        981   user_wechat.o
       272        112          0          0       4588       6856   vmlayer.o
       212         14        129          0         10       5434   wechat.o
       448         18         80          0          3       7482   wechat_task.o
       328         30          0          0         12      13133   wkupct_quadec.o

    ----------------------------------------------------------------------
     23324       3170       2512        104      12296     831256   Object Totals
      1308        436         32          0         32          0   (incl. Generated)
         4          0         11          0         23          0   (incl. Padding)

    ----------------------------------------------------------------------

      Code (inc. data)   RO Data    RW Data    ZI Data      Debug   Library Member Name

         0          0          0          0          0          0   entry.o
         0          0          0          0          0          0   entry10a.o
         0          0          0          0          0          0   entry11a.o
         8          4          0          0          0          0   entry2.o
         4          0          0          0          0          0   entry5.o
         0          0          0          0          0          0   entry7b.o
         0          0          0          0          0          0   entry8b.o
         8          4          0          0          0          0   entry9a.o
        30          0          0          0          0          0   handlers.o
        36          8          0          0          0         68   init.o
       192         20          0          0          0        144   malloc.o
         0          0          0          8          0          0   mvars.o
      1190         48          0          0          0        384   printf8.o
        18          0          0          0          0         60   strcpy.o
        26          0          0          0          0         68   strncpy.o
        96          0          0          0          0         84   uldiv.o
       130          0          0          0          0        144   fepilogue.o
        40          0          0          0          0         60   ffixui.o
        14          0          0          0          0         68   ffltui.o
       122          0          0          0          0         72   fmul.o

    ----------------------------------------------------------------------
      1920         84          0          8          0       1152   Library Totals
         6          0          0          0          0          0   (incl. Padding)

    ----------------------------------------------------------------------

      Code (inc. data)   RO Data    RW Data    ZI Data      Debug   Library Name

      1608         84          0          8          0        808   mc_p.l
       306          0          0          0          0        344   mf_p.l

    ----------------------------------------------------------------------
      1920         84          0          8          0       1152   Library Totals

    ----------------------------------------------------------------------

==============================================================================


      Code (inc. data)   RO Data    RW Data    ZI Data      Debug   

     25244       3254       2512        112      12296     828996   Grand Totals
     25244       3254       2512        112      12296     828996   ELF Image Totals
     25244       3254       2512        112          0          0   ROM Totals

==============================================================================

    Total RO  Size (Code + RO Data)                27756 (  27.11kB)
    Total RW  Size (RW Data + ZI Data)             12408 (  12.12kB)
    Total ROM Size (Code + RO Data + RW Data)      27868 (  27.21kB)

==============================================================================

