<html>
<body>
<pre>
<h1>µVision Build Log</h1>
<h2>Tool Versions:</h2>
IDE-Version: ¦ÌVision V5.18.0.0
Copyright (C) 2016 ARM Ltd and ARM Germany GmbH. All rights reserved.
License Information: z MAMA, Microsoft, LIC=JDA30-BZJU5-68CFC-7RXXZ-QM63C-6Q9JT
 
Tool Versions:
Toolchain:       MDK-ARM Professional  Version: 5.18
Toolchain Path:  C:\Keil_v5\ARM\ARMCC\Bin
C Compiler:      Armcc.exe V5.06 update 1 (build 61)
Assembler:       Armasm.exe V5.06 update 1 (build 61)
Linker/Locator:  ArmLink.exe V5.06 update 1 (build 61)
Library Manager: ArmAr.exe V5.06 update 1 (build 61)
Hex Converter:   FromElf.exe V5.06 update 1 (build 61)
CPU DLL:         SARMCM3.DLL V5.18
Dialog DLL:      DCM.DLL V1.13.6.0
Target DLL:      UL2CM3.DLL V1.157.5.0
Dialog DLL:      TCM.DLL V1.14.8.0
 
<h2>Project:</h2>
D:\IHUSRC\ihu\PrjCclFo@207VG\MDK-ARM\PrjCclFo@207VG.uvprojx
Project File Date:  05/17/2017

<h2>Output:</h2>
*** Using Compiler 'V5.06 update 1 (build 61)', folder: 'C:\Keil_v5\ARM\ARMCC\Bin'
Build Project 'PrjCclFo@207VG' - Target 'PrjCclFo@207VG'
compiling bsp_calendar.c...
compiling bsp_led.c...
compiling freertos.c...
compiling bsp_usart.c...
compiling bsp_dido.c...
compiling bsp_i2c.c...
compiling bsp_adc.c...
compiling bsp_rtc.c...
compiling bsp_spi.c...
compiling bsp_stmflash.c...
compiling bsp_pwr_sav.c...
compiling bsp_cpuid.c...
compiling l1timer_freeos.c...
compiling vmfreeoslayer.c...
compiling l1vmfo.c...
compiling vmmw_ble.c...
compiling vmmw_rfid.c...
compiling vmmw_gprs.c...
compiling vmmw_navig.c...
compiling vmmw_cam.c...
compiling vmmw_pcf8563.c...
compiling l2adclibra.c...
compiling huixmlcodec.c...
compiling l2ledpisces.c...
compiling l2i2caries.c...
compiling l2didocap.c...
compiling l2spsvirgo.c...
compiling l2dcmiaris.c...
compiling l3ccl.c...
linking...
Program Size: Code=123036 RO-data=11712 RW-data=6532 ZI-data=115052  
FromELF: creating hex file...
"PrjCclFo@207VG\PrjCclFo@207VG.axf" - 0 Error(s), 0 Warning(s).

<h2>Software Packages used:</h2>

Package Vendor: ARM
                http://www.keil.com/pack/ARM.CMSIS.5.0.0-Beta4.pack
                ARM::CMSIS:CORE:5.0.0
                CMSIS (Cortex Microcontroller Software Interface Standard)
   * Component: CORE Version: 5.0.0

<h2>Collection of Component include folders:</h2>
  D:\IHUSRC\ihu\PrjCclFo@207VG\MDK-ARM\RTE
  C:\Keil_v5\ARM\PACK\ARM\CMSIS\5.0.0-Beta4\CMSIS\Include
  C:\Keil_v5\ARM\PACK\Keil\STM32F2xx_DFP\2.6.0\Drivers\CMSIS\Device\ST\STM32F2xx\Include

<h2>Collection of Component Files used:</h2>

   * Component: ARM::CMSIS:CORE:5.0.0
Build Time Elapsed:  00:00:41
</pre>
</body>
</html>
