<!doctype html public "-//w3c//dtd html 4.0 transitional//en">
<html><head>
<title>Static Call Graph - [PrjCclFo@207VG\PrjCclFo@207VG.axf]</title></head>
<body><HR>
<H1>Static Call Graph for image PrjCclFo@207VG\PrjCclFo@207VG.axf</H1><HR>
<BR><P>#&#060CALLGRAPH&#062# ARM Linker, 5060061: Last Updated: Tue May 16 14:20:59 2017
<BR><P>
<H3>Maximum Stack Usage =       2832 bytes + Unknown(Cycles, Untraceable Function Pointers)</H3><H3>
Call chain for Maximum Stack Depth:</H3>
fsm_spsvirgo_ccl_event_report_send &rArr; func_cloud_standard_xml_unpack &rArr; func_cloud_spsvirgo_ccl_msg_ccl_state_confirm_received_handle &rArr; ihu_message_send &rArr; ihu_msgid_to_string &rArr; IhuErrorPrintFo &rArr; xQueueTakeMutexRecursive &rArr; xQueueGenericReceive &rArr; xTaskResumeAll &rArr; xTaskIncrementTick
<P>
<H3>
Mutually Recursive functions
</H3> <LI><a href="#[89]">ADC_IRQHandler</a>&nbsp;&nbsp;&nbsp;&rArr;&nbsp;&nbsp;&nbsp;<a href="#[89]">ADC_IRQHandler</a><BR>
 <LI><a href="#[71]">BusFault_Handler</a>&nbsp;&nbsp;&nbsp;&rArr;&nbsp;&nbsp;&nbsp;<a href="#[71]">BusFault_Handler</a><BR>
 <LI><a href="#[6f]">HardFault_Handler</a>&nbsp;&nbsp;&nbsp;&rArr;&nbsp;&nbsp;&nbsp;<a href="#[6f]">HardFault_Handler</a><BR>
 <LI><a href="#[70]">MemManage_Handler</a>&nbsp;&nbsp;&nbsp;&rArr;&nbsp;&nbsp;&nbsp;<a href="#[70]">MemManage_Handler</a><BR>
 <LI><a href="#[110]">Error_Handler</a>&nbsp;&nbsp;&nbsp;&rArr;&nbsp;&nbsp;&nbsp;<a href="#[110]">Error_Handler</a><BR>
 <LI><a href="#[dd]">StartTask02</a>&nbsp;&nbsp;&nbsp;&rArr;&nbsp;&nbsp;&nbsp;<a href="#[dd]">StartTask02</a><BR>
 <LI><a href="#[72]">UsageFault_Handler</a>&nbsp;&nbsp;&nbsp;&rArr;&nbsp;&nbsp;&nbsp;<a href="#[72]">UsageFault_Handler</a><BR>
</UL>
<P>
<H3>
Function Pointers
</H3><UL>
 <LI><a href="#[89]">ADC_IRQHandler</a> from startup_stm32f207xx.o(.text) referenced from startup_stm32f207xx.o(RESET)
 <LI><a href="#[71]">BusFault_Handler</a> from stm32f2xx_it.o(i.BusFault_Handler) referenced from startup_stm32f207xx.o(RESET)
 <LI><a href="#[8b]">CAN1_RX0_IRQHandler</a> from startup_stm32f207xx.o(.text) referenced from startup_stm32f207xx.o(RESET)
 <LI><a href="#[8c]">CAN1_RX1_IRQHandler</a> from startup_stm32f207xx.o(.text) referenced from startup_stm32f207xx.o(RESET)
 <LI><a href="#[8d]">CAN1_SCE_IRQHandler</a> from startup_stm32f207xx.o(.text) referenced from startup_stm32f207xx.o(RESET)
 <LI><a href="#[8a]">CAN1_TX_IRQHandler</a> from startup_stm32f207xx.o(.text) referenced from startup_stm32f207xx.o(RESET)
 <LI><a href="#[b7]">CAN2_RX0_IRQHandler</a> from startup_stm32f207xx.o(.text) referenced from startup_stm32f207xx.o(RESET)
 <LI><a href="#[b8]">CAN2_RX1_IRQHandler</a> from startup_stm32f207xx.o(.text) referenced from startup_stm32f207xx.o(RESET)
 <LI><a href="#[b9]">CAN2_SCE_IRQHandler</a> from startup_stm32f207xx.o(.text) referenced from startup_stm32f207xx.o(RESET)
 <LI><a href="#[b6]">CAN2_TX_IRQHandler</a> from startup_stm32f207xx.o(.text) referenced from startup_stm32f207xx.o(RESET)
 <LI><a href="#[db]">Callback01</a> from freertos.o(i.Callback01) referenced from freertos.o(.constdata)
 <LI><a href="#[c5]">DCMI_IRQHandler</a> from startup_stm32f207xx.o(.text) referenced from startup_stm32f207xx.o(RESET)
 <LI><a href="#[82]">DMA1_Stream0_IRQHandler</a> from startup_stm32f207xx.o(.text) referenced from startup_stm32f207xx.o(RESET)
 <LI><a href="#[83]">DMA1_Stream1_IRQHandler</a> from startup_stm32f207xx.o(.text) referenced from startup_stm32f207xx.o(RESET)
 <LI><a href="#[84]">DMA1_Stream2_IRQHandler</a> from startup_stm32f207xx.o(.text) referenced from startup_stm32f207xx.o(RESET)
 <LI><a href="#[85]">DMA1_Stream3_IRQHandler</a> from startup_stm32f207xx.o(.text) referenced from startup_stm32f207xx.o(RESET)
 <LI><a href="#[86]">DMA1_Stream4_IRQHandler</a> from startup_stm32f207xx.o(.text) referenced from startup_stm32f207xx.o(RESET)
 <LI><a href="#[87]">DMA1_Stream5_IRQHandler</a> from startup_stm32f207xx.o(.text) referenced from startup_stm32f207xx.o(RESET)
 <LI><a href="#[88]">DMA1_Stream6_IRQHandler</a> from startup_stm32f207xx.o(.text) referenced from startup_stm32f207xx.o(RESET)
 <LI><a href="#[a6]">DMA1_Stream7_IRQHandler</a> from startup_stm32f207xx.o(.text) referenced from startup_stm32f207xx.o(RESET)
 <LI><a href="#[af]">DMA2_Stream0_IRQHandler</a> from startup_stm32f207xx.o(.text) referenced from startup_stm32f207xx.o(RESET)
 <LI><a href="#[b0]">DMA2_Stream1_IRQHandler</a> from startup_stm32f207xx.o(.text) referenced from startup_stm32f207xx.o(RESET)
 <LI><a href="#[b1]">DMA2_Stream2_IRQHandler</a> from startup_stm32f207xx.o(.text) referenced from startup_stm32f207xx.o(RESET)
 <LI><a href="#[b2]">DMA2_Stream3_IRQHandler</a> from startup_stm32f207xx.o(.text) referenced from startup_stm32f207xx.o(RESET)
 <LI><a href="#[b3]">DMA2_Stream4_IRQHandler</a> from startup_stm32f207xx.o(.text) referenced from startup_stm32f207xx.o(RESET)
 <LI><a href="#[bb]">DMA2_Stream5_IRQHandler</a> from startup_stm32f207xx.o(.text) referenced from startup_stm32f207xx.o(RESET)
 <LI><a href="#[bc]">DMA2_Stream6_IRQHandler</a> from startup_stm32f207xx.o(.text) referenced from startup_stm32f207xx.o(RESET)
 <LI><a href="#[bd]">DMA2_Stream7_IRQHandler</a> from startup_stm32f207xx.o(.text) referenced from startup_stm32f207xx.o(RESET)
 <LI><a href="#[74]">DebugMon_Handler</a> from stm32f2xx_it.o(i.DebugMon_Handler) referenced from startup_stm32f207xx.o(RESET)
 <LI><a href="#[b4]">ETH_IRQHandler</a> from startup_stm32f207xx.o(.text) referenced from startup_stm32f207xx.o(RESET)
 <LI><a href="#[b5]">ETH_WKUP_IRQHandler</a> from startup_stm32f207xx.o(.text) referenced from startup_stm32f207xx.o(RESET)
 <LI><a href="#[7d]">EXTI0_IRQHandler</a> from startup_stm32f207xx.o(.text) referenced from startup_stm32f207xx.o(RESET)
 <LI><a href="#[9f]">EXTI15_10_IRQHandler</a> from startup_stm32f207xx.o(.text) referenced from startup_stm32f207xx.o(RESET)
 <LI><a href="#[7e]">EXTI1_IRQHandler</a> from startup_stm32f207xx.o(.text) referenced from startup_stm32f207xx.o(RESET)
 <LI><a href="#[7f]">EXTI2_IRQHandler</a> from startup_stm32f207xx.o(.text) referenced from startup_stm32f207xx.o(RESET)
 <LI><a href="#[80]">EXTI3_IRQHandler</a> from startup_stm32f207xx.o(.text) referenced from startup_stm32f207xx.o(RESET)
 <LI><a href="#[81]">EXTI4_IRQHandler</a> from startup_stm32f207xx.o(.text) referenced from startup_stm32f207xx.o(RESET)
 <LI><a href="#[8e]">EXTI9_5_IRQHandler</a> from startup_stm32f207xx.o(.text) referenced from startup_stm32f207xx.o(RESET)
 <LI><a href="#[7b]">FLASH_IRQHandler</a> from startup_stm32f207xx.o(.text) referenced from startup_stm32f207xx.o(RESET)
 <LI><a href="#[a7]">FSMC_IRQHandler</a> from startup_stm32f207xx.o(.text) referenced from startup_stm32f207xx.o(RESET)
 <LI><a href="#[d7]">FsmProcessingLaunch</a> from vmfreeoslayer.o(i.FsmProcessingLaunch) referenced from vmfreeoslayer.o(i.ihu_task_create_and_run)
 <LI><a href="#[c6]">HASH_RNG_IRQHandler</a> from startup_stm32f207xx.o(.text) referenced from startup_stm32f207xx.o(RESET)
 <LI><a href="#[6f]">HardFault_Handler</a> from stm32f2xx_it.o(i.HardFault_Handler) referenced from startup_stm32f207xx.o(RESET)
 <LI><a href="#[97]">I2C1_ER_IRQHandler</a> from startup_stm32f207xx.o(.text) referenced from startup_stm32f207xx.o(RESET)
 <LI><a href="#[96]">I2C1_EV_IRQHandler</a> from startup_stm32f207xx.o(.text) referenced from startup_stm32f207xx.o(RESET)
 <LI><a href="#[99]">I2C2_ER_IRQHandler</a> from startup_stm32f207xx.o(.text) referenced from startup_stm32f207xx.o(RESET)
 <LI><a href="#[98]">I2C2_EV_IRQHandler</a> from startup_stm32f207xx.o(.text) referenced from startup_stm32f207xx.o(RESET)
 <LI><a href="#[c0]">I2C3_ER_IRQHandler</a> from startup_stm32f207xx.o(.text) referenced from startup_stm32f207xx.o(RESET)
 <LI><a href="#[bf]">I2C3_EV_IRQHandler</a> from startup_stm32f207xx.o(.text) referenced from startup_stm32f207xx.o(RESET)
 <LI><a href="#[70]">MemManage_Handler</a> from stm32f2xx_it.o(i.MemManage_Handler) referenced from startup_stm32f207xx.o(RESET)
 <LI><a href="#[6e]">NMI_Handler</a> from stm32f2xx_it.o(i.NMI_Handler) referenced from startup_stm32f207xx.o(RESET)
 <LI><a href="#[ba]">OTG_FS_IRQHandler</a> from stm32f2xx_it.o(i.OTG_FS_IRQHandler) referenced from startup_stm32f207xx.o(RESET)
 <LI><a href="#[a1]">OTG_FS_WKUP_IRQHandler</a> from startup_stm32f207xx.o(.text) referenced from startup_stm32f207xx.o(RESET)
 <LI><a href="#[c2]">OTG_HS_EP1_IN_IRQHandler</a> from startup_stm32f207xx.o(.text) referenced from startup_stm32f207xx.o(RESET)
 <LI><a href="#[c1]">OTG_HS_EP1_OUT_IRQHandler</a> from startup_stm32f207xx.o(.text) referenced from startup_stm32f207xx.o(RESET)
 <LI><a href="#[c4]">OTG_HS_IRQHandler</a> from startup_stm32f207xx.o(.text) referenced from startup_stm32f207xx.o(RESET)
 <LI><a href="#[c3]">OTG_HS_WKUP_IRQHandler</a> from startup_stm32f207xx.o(.text) referenced from startup_stm32f207xx.o(RESET)
 <LI><a href="#[78]">PVD_IRQHandler</a> from startup_stm32f207xx.o(.text) referenced from startup_stm32f207xx.o(RESET)
 <LI><a href="#[75]">PendSV_Handler</a> from port.o(.emb_text) referenced from startup_stm32f207xx.o(RESET)
 <LI><a href="#[7c]">RCC_IRQHandler</a> from startup_stm32f207xx.o(.text) referenced from startup_stm32f207xx.o(RESET)
 <LI><a href="#[a0]">RTC_Alarm_IRQHandler</a> from startup_stm32f207xx.o(.text) referenced from startup_stm32f207xx.o(RESET)
 <LI><a href="#[7a]">RTC_WKUP_IRQHandler</a> from startup_stm32f207xx.o(.text) referenced from startup_stm32f207xx.o(RESET)
 <LI><a href="#[6d]">Reset_Handler</a> from startup_stm32f207xx.o(.text) referenced from startup_stm32f207xx.o(RESET)
 <LI><a href="#[a8]">SDIO_IRQHandler</a> from startup_stm32f207xx.o(.text) referenced from startup_stm32f207xx.o(RESET)
 <LI><a href="#[9a]">SPI1_IRQHandler</a> from startup_stm32f207xx.o(.text) referenced from startup_stm32f207xx.o(RESET)
 <LI><a href="#[9b]">SPI2_IRQHandler</a> from startup_stm32f207xx.o(.text) referenced from startup_stm32f207xx.o(RESET)
 <LI><a href="#[aa]">SPI3_IRQHandler</a> from startup_stm32f207xx.o(.text) referenced from startup_stm32f207xx.o(RESET)
 <LI><a href="#[cc]">SPI_2linesRxISR_16BIT</a> from stm32f2xx_hal_spi.o(i.SPI_2linesRxISR_16BIT) referenced from stm32f2xx_hal_spi.o(i.HAL_SPI_TransmitReceive_IT)
 <LI><a href="#[ce]">SPI_2linesRxISR_8BIT</a> from stm32f2xx_hal_spi.o(i.SPI_2linesRxISR_8BIT) referenced from stm32f2xx_hal_spi.o(i.HAL_SPI_TransmitReceive_IT)
 <LI><a href="#[cd]">SPI_2linesTxISR_16BIT</a> from stm32f2xx_hal_spi.o(i.SPI_2linesTxISR_16BIT) referenced from stm32f2xx_hal_spi.o(i.HAL_SPI_TransmitReceive_IT)
 <LI><a href="#[cf]">SPI_2linesTxISR_8BIT</a> from stm32f2xx_hal_spi.o(i.SPI_2linesTxISR_8BIT) referenced from stm32f2xx_hal_spi.o(i.HAL_SPI_TransmitReceive_IT)
 <LI><a href="#[ca]">SPI_RxISR_16BIT</a> from stm32f2xx_hal_spi.o(i.SPI_RxISR_16BIT) referenced from stm32f2xx_hal_spi.o(i.HAL_SPI_Receive_IT)
 <LI><a href="#[cb]">SPI_RxISR_8BIT</a> from stm32f2xx_hal_spi.o(i.SPI_RxISR_8BIT) referenced from stm32f2xx_hal_spi.o(i.HAL_SPI_Receive_IT)
 <LI><a href="#[73]">SVC_Handler</a> from port.o(.emb_text) referenced from startup_stm32f207xx.o(RESET)
 <LI><a href="#[dc]">StartDefaultTask</a> from freertos.o(i.StartDefaultTask) referenced from freertos.o(.constdata)
 <LI><a href="#[dd]">StartTask02</a> from freertos.o(i.StartTask02) referenced from freertos.o(.constdata)
 <LI><a href="#[76]">SysTick_Handler</a> from stm32f2xx_it.o(i.SysTick_Handler) referenced from startup_stm32f207xx.o(RESET)
 <LI><a href="#[c8]">SystemInit</a> from system_stm32f2xx.o(i.SystemInit) referenced from startup_stm32f207xx.o(.text)
 <LI><a href="#[79]">TAMP_STAMP_IRQHandler</a> from startup_stm32f207xx.o(.text) referenced from startup_stm32f207xx.o(RESET)
 <LI><a href="#[8f]">TIM1_BRK_TIM9_IRQHandler</a> from startup_stm32f207xx.o(.text) referenced from startup_stm32f207xx.o(RESET)
 <LI><a href="#[92]">TIM1_CC_IRQHandler</a> from startup_stm32f207xx.o(.text) referenced from startup_stm32f207xx.o(RESET)
 <LI><a href="#[91]">TIM1_TRG_COM_TIM11_IRQHandler</a> from startup_stm32f207xx.o(.text) referenced from startup_stm32f207xx.o(RESET)
 <LI><a href="#[90]">TIM1_UP_TIM10_IRQHandler</a> from stm32f2xx_it.o(i.TIM1_UP_TIM10_IRQHandler) referenced from startup_stm32f207xx.o(RESET)
 <LI><a href="#[93]">TIM2_IRQHandler</a> from startup_stm32f207xx.o(.text) referenced from startup_stm32f207xx.o(RESET)
 <LI><a href="#[94]">TIM3_IRQHandler</a> from startup_stm32f207xx.o(.text) referenced from startup_stm32f207xx.o(RESET)
 <LI><a href="#[95]">TIM4_IRQHandler</a> from startup_stm32f207xx.o(.text) referenced from startup_stm32f207xx.o(RESET)
 <LI><a href="#[a9]">TIM5_IRQHandler</a> from startup_stm32f207xx.o(.text) referenced from startup_stm32f207xx.o(RESET)
 <LI><a href="#[ad]">TIM6_DAC_IRQHandler</a> from startup_stm32f207xx.o(.text) referenced from startup_stm32f207xx.o(RESET)
 <LI><a href="#[ae]">TIM7_IRQHandler</a> from startup_stm32f207xx.o(.text) referenced from startup_stm32f207xx.o(RESET)
 <LI><a href="#[a2]">TIM8_BRK_TIM12_IRQHandler</a> from startup_stm32f207xx.o(.text) referenced from startup_stm32f207xx.o(RESET)
 <LI><a href="#[a5]">TIM8_CC_IRQHandler</a> from startup_stm32f207xx.o(.text) referenced from startup_stm32f207xx.o(RESET)
 <LI><a href="#[a4]">TIM8_TRG_COM_TIM14_IRQHandler</a> from startup_stm32f207xx.o(.text) referenced from startup_stm32f207xx.o(RESET)
 <LI><a href="#[a3]">TIM8_UP_TIM13_IRQHandler</a> from startup_stm32f207xx.o(.text) referenced from startup_stm32f207xx.o(RESET)
 <LI><a href="#[ab]">UART4_IRQHandler</a> from stm32f2xx_it.o(i.UART4_IRQHandler) referenced from startup_stm32f207xx.o(RESET)
 <LI><a href="#[ac]">UART5_IRQHandler</a> from startup_stm32f207xx.o(.text) referenced from startup_stm32f207xx.o(RESET)
 <LI><a href="#[d0]">UART_DMAAbortOnError</a> from stm32f2xx_hal_uart.o(i.UART_DMAAbortOnError) referenced from stm32f2xx_hal_uart.o(i.HAL_UART_IRQHandler)
 <LI><a href="#[9c]">USART1_IRQHandler</a> from stm32f2xx_it.o(i.USART1_IRQHandler) referenced from startup_stm32f207xx.o(RESET)
 <LI><a href="#[9d]">USART2_IRQHandler</a> from stm32f2xx_it.o(i.USART2_IRQHandler) referenced from startup_stm32f207xx.o(RESET)
 <LI><a href="#[9e]">USART3_IRQHandler</a> from stm32f2xx_it.o(i.USART3_IRQHandler) referenced from startup_stm32f207xx.o(RESET)
 <LI><a href="#[be]">USART6_IRQHandler</a> from startup_stm32f207xx.o(.text) referenced from startup_stm32f207xx.o(RESET)
 <LI><a href="#[56]">USBH_AUDIO_ClassRequest</a> from usbh_audio.o(i.USBH_AUDIO_ClassRequest) referenced 2 times from usbh_audio.o(.data)
 <LI><a href="#[55]">USBH_AUDIO_InterfaceDeInit</a> from usbh_audio.o(i.USBH_AUDIO_InterfaceDeInit) referenced 2 times from usbh_audio.o(.data)
 <LI><a href="#[54]">USBH_AUDIO_InterfaceInit</a> from usbh_audio.o(i.USBH_AUDIO_InterfaceInit) referenced 2 times from usbh_audio.o(.data)
 <LI><a href="#[57]">USBH_AUDIO_Process</a> from usbh_audio.o(i.USBH_AUDIO_Process) referenced 2 times from usbh_audio.o(.data)
 <LI><a href="#[58]">USBH_AUDIO_SOFProcess</a> from usbh_audio.o(i.USBH_AUDIO_SOFProcess) referenced 2 times from usbh_audio.o(.data)
 <LI><a href="#[5b]">USBH_CDC_ClassRequest</a> from usbh_cdc.o(i.USBH_CDC_ClassRequest) referenced 2 times from usbh_cdc.o(.data)
 <LI><a href="#[5a]">USBH_CDC_InterfaceDeInit</a> from usbh_cdc.o(i.USBH_CDC_InterfaceDeInit) referenced 2 times from usbh_cdc.o(.data)
 <LI><a href="#[59]">USBH_CDC_InterfaceInit</a> from usbh_cdc.o(i.USBH_CDC_InterfaceInit) referenced 2 times from usbh_cdc.o(.data)
 <LI><a href="#[5c]">USBH_CDC_Process</a> from usbh_cdc.o(i.USBH_CDC_Process) referenced 2 times from usbh_cdc.o(.data)
 <LI><a href="#[5d]">USBH_CDC_SOFProcess</a> from usbh_cdc.o(i.USBH_CDC_SOFProcess) referenced 2 times from usbh_cdc.o(.data)
 <LI><a href="#[6a]">USBH_HID_ClassRequest</a> from usbh_hid.o(i.USBH_HID_ClassRequest) referenced 2 times from usbh_hid.o(.data)
 <LI><a href="#[69]">USBH_HID_InterfaceDeInit</a> from usbh_hid.o(i.USBH_HID_InterfaceDeInit) referenced 2 times from usbh_hid.o(.data)
 <LI><a href="#[68]">USBH_HID_InterfaceInit</a> from usbh_hid.o(i.USBH_HID_InterfaceInit) referenced 2 times from usbh_hid.o(.data)
 <LI><a href="#[d2]">USBH_HID_KeybdInit</a> from usbh_hid_keybd.o(i.USBH_HID_KeybdInit) referenced from usbh_hid.o(i.USBH_HID_InterfaceInit)
 <LI><a href="#[d3]">USBH_HID_MouseInit</a> from usbh_hid_mouse.o(i.USBH_HID_MouseInit) referenced from usbh_hid.o(i.USBH_HID_InterfaceInit)
 <LI><a href="#[6b]">USBH_HID_Process</a> from usbh_hid.o(i.USBH_HID_Process) referenced 2 times from usbh_hid.o(.data)
 <LI><a href="#[6c]">USBH_HID_SOFProcess</a> from usbh_hid.o(i.USBH_HID_SOFProcess) referenced 2 times from usbh_hid.o(.data)
 <LI><a href="#[65]">USBH_MSC_ClassRequest</a> from usbh_msc.o(i.USBH_MSC_ClassRequest) referenced 2 times from usbh_msc.o(.data)
 <LI><a href="#[64]">USBH_MSC_InterfaceDeInit</a> from usbh_msc.o(i.USBH_MSC_InterfaceDeInit) referenced 2 times from usbh_msc.o(.data)
 <LI><a href="#[63]">USBH_MSC_InterfaceInit</a> from usbh_msc.o(i.USBH_MSC_InterfaceInit) referenced 2 times from usbh_msc.o(.data)
 <LI><a href="#[66]">USBH_MSC_Process</a> from usbh_msc.o(i.USBH_MSC_Process) referenced 2 times from usbh_msc.o(.data)
 <LI><a href="#[67]">USBH_MSC_SOFProcess</a> from usbh_msc.o(i.USBH_MSC_SOFProcess) referenced 2 times from usbh_msc.o(.data)
 <LI><a href="#[60]">USBH_MTP_ClassRequest</a> from usbh_mtp.o(i.USBH_MTP_ClassRequest) referenced 2 times from usbh_mtp.o(.data)
 <LI><a href="#[5f]">USBH_MTP_InterfaceDeInit</a> from usbh_mtp.o(i.USBH_MTP_InterfaceDeInit) referenced 2 times from usbh_mtp.o(.data)
 <LI><a href="#[5e]">USBH_MTP_InterfaceInit</a> from usbh_mtp.o(i.USBH_MTP_InterfaceInit) referenced 2 times from usbh_mtp.o(.data)
 <LI><a href="#[61]">USBH_MTP_Process</a> from usbh_mtp.o(i.USBH_MTP_Process) referenced 2 times from usbh_mtp.o(.data)
 <LI><a href="#[62]">USBH_MTP_SOFProcess</a> from usbh_mtp.o(i.USBH_MTP_SOFProcess) referenced 2 times from usbh_mtp.o(.data)
 <LI><a href="#[de]">USBH_Process_OS</a> from usbh_core.o(i.USBH_Process_OS) referenced from usbh_core.o(.constdata)
 <LI><a href="#[d1]">USBH_UserProcess</a> from usb_host.o(i.USBH_UserProcess) referenced from usb_host.o(i.MX_USB_HOST_Init)
 <LI><a href="#[72]">UsageFault_Handler</a> from stm32f2xx_it.o(i.UsageFault_Handler) referenced from startup_stm32f207xx.o(RESET)
 <LI><a href="#[77]">WWDG_IRQHandler</a> from startup_stm32f207xx.o(.text) referenced from startup_stm32f207xx.o(RESET)
 <LI><a href="#[c9]">__main</a> from entry.o(.ARM.Collect$$$$00000000) referenced from startup_stm32f207xx.o(.text)
 <LI><a href="#[d4]">_snputc</a> from printfa.o(i._snputc) referenced from printfa.o(i.__0snprintf)
 <LI><a href="#[d4]">_snputc</a> from printfa.o(i._snputc) referenced from printfa.o(i.__0vsnprintf)
 <LI><a href="#[d5]">_sputc</a> from printfa.o(i._sputc) referenced from printfa.o(i.__0sprintf)
 <LI><a href="#[d]">fsm_adclibra_init</a> from l2adclibra.o(i.fsm_adclibra_init) referenced 4 times from l2adclibra.o(.data)
 <LI><a href="#[10]">fsm_adclibra_restart</a> from l2adclibra.o(i.fsm_adclibra_restart) referenced 2 times from l2adclibra.o(.data)
 <LI><a href="#[f]">fsm_adclibra_stop_rcv</a> from l2adclibra.o(i.fsm_adclibra_stop_rcv) referenced 2 times from l2adclibra.o(.data)
 <LI><a href="#[c]">fsm_adclibra_task_entry</a> from l2adclibra.o(i.fsm_adclibra_task_entry) referenced 2 times from l2adclibra.o(.data)
 <LI><a href="#[11]">fsm_adclibra_time_out</a> from l2adclibra.o(i.fsm_adclibra_time_out) referenced 2 times from l2adclibra.o(.data)
 <LI><a href="#[4b]">fsm_ccl_dcmi_sensor_status_resp</a> from l3ccl.o(i.fsm_ccl_dcmi_sensor_status_resp) referenced 2 times from l3ccl.o(.data)
 <LI><a href="#[4f]">fsm_ccl_dido_door_open_event</a> from l3ccl.o(i.fsm_ccl_dido_door_open_event) referenced 2 times from l3ccl.o(.data)
 <LI><a href="#[48]">fsm_ccl_dido_sensor_status_resp</a> from l3ccl.o(i.fsm_ccl_dido_sensor_status_resp) referenced 2 times from l3ccl.o(.data)
 <LI><a href="#[51]">fsm_ccl_door_close_event</a> from l3ccl.o(i.fsm_ccl_door_close_event) referenced 2 times from l3ccl.o(.data)
 <LI><a href="#[52]">fsm_ccl_fault_state_trigger</a> from l3ccl.o(i.fsm_ccl_fault_state_trigger) referenced 2 times from l3ccl.o(.data)
 <LI><a href="#[4d]">fsm_ccl_hand_active_trigger_to_work</a> from l3ccl.o(i.fsm_ccl_hand_active_trigger_to_work) referenced 2 times from l3ccl.o(.data)
 <LI><a href="#[4a]">fsm_ccl_i2c_sensor_status_resp</a> from l3ccl.o(i.fsm_ccl_i2c_sensor_status_resp) referenced 2 times from l3ccl.o(.data)
 <LI><a href="#[43]">fsm_ccl_init</a> from l3ccl.o(i.fsm_ccl_init) referenced 4 times from l3ccl.o(.data)
 <LI><a href="#[47]">fsm_ccl_period_report_trigger</a> from l3ccl.o(i.fsm_ccl_period_report_trigger) referenced 2 times from l3ccl.o(.data)
 <LI><a href="#[45]">fsm_ccl_restart</a> from l3ccl.o(i.fsm_ccl_restart) referenced 2 times from l3ccl.o(.data)
 <LI><a href="#[50]">fsm_ccl_sps_close_door_report_cfm</a> from l3ccl.o(i.fsm_ccl_sps_close_door_report_cfm) referenced 4 times from l3ccl.o(.data)
 <LI><a href="#[4e]">fsm_ccl_sps_cloud_fb</a> from l3ccl.o(i.fsm_ccl_sps_cloud_fb) referenced 2 times from l3ccl.o(.data)
 <LI><a href="#[4c]">fsm_ccl_sps_event_report_cfm</a> from l3ccl.o(i.fsm_ccl_sps_event_report_cfm) referenced 2 times from l3ccl.o(.data)
 <LI><a href="#[53]">fsm_ccl_sps_fault_report_cfm</a> from l3ccl.o(i.fsm_ccl_sps_fault_report_cfm) referenced 2 times from l3ccl.o(.data)
 <LI><a href="#[49]">fsm_ccl_sps_sensor_status_resp</a> from l3ccl.o(i.fsm_ccl_sps_sensor_status_resp) referenced 2 times from l3ccl.o(.data)
 <LI><a href="#[44]">fsm_ccl_stop_rcv</a> from l3ccl.o(i.fsm_ccl_stop_rcv) referenced 2 times from l3ccl.o(.data)
 <LI><a href="#[42]">fsm_ccl_task_entry</a> from l3ccl.o(i.fsm_ccl_task_entry) referenced 2 times from l3ccl.o(.data)
 <LI><a href="#[46]">fsm_ccl_time_out</a> from l3ccl.o(i.fsm_ccl_time_out) referenced 2 times from l3ccl.o(.data)
 <LI><a href="#[3]">fsm_com_do_nothing</a> from vmfreeoslayer.o(i.fsm_com_do_nothing) referenced 60 times from l1timer_freeos.o(.data)
 <LI><a href="#[e]">fsm_com_heart_beat_rcv</a> from vmfreeoslayer.o(i.fsm_com_heart_beat_rcv) referenced 14 times from l2adclibra.o(.data)
 <LI><a href="#[41]">fsm_dcmiaris_ccl_sensor_status_req</a> from l2dcmiaris.o(i.fsm_dcmiaris_ccl_sensor_status_req) referenced 2 times from l2dcmiaris.o(.data)
 <LI><a href="#[3d]">fsm_dcmiaris_init</a> from l2dcmiaris.o(i.fsm_dcmiaris_init) referenced 4 times from l2dcmiaris.o(.data)
 <LI><a href="#[3f]">fsm_dcmiaris_restart</a> from l2dcmiaris.o(i.fsm_dcmiaris_restart) referenced 2 times from l2dcmiaris.o(.data)
 <LI><a href="#[3e]">fsm_dcmiaris_stop_rcv</a> from l2dcmiaris.o(i.fsm_dcmiaris_stop_rcv) referenced 2 times from l2dcmiaris.o(.data)
 <LI><a href="#[3c]">fsm_dcmiaris_task_entry</a> from l2dcmiaris.o(i.fsm_dcmiaris_task_entry) referenced 2 times from l2dcmiaris.o(.data)
 <LI><a href="#[40]">fsm_dcmiaris_time_out</a> from l2dcmiaris.o(i.fsm_dcmiaris_time_out) referenced 2 times from l2dcmiaris.o(.data)
 <LI><a href="#[19]">fsm_didocap_ccl_door_close_req</a> from l2didocap.o(i.fsm_didocap_ccl_door_close_req) referenced 2 times from l2didocap.o(.data)
 <LI><a href="#[18]">fsm_didocap_ccl_door_open_req</a> from l2didocap.o(i.fsm_didocap_ccl_door_open_req) referenced 2 times from l2didocap.o(.data)
 <LI><a href="#[17]">fsm_didocap_ccl_sensor_status_req</a> from l2didocap.o(i.fsm_didocap_ccl_sensor_status_req) referenced 2 times from l2didocap.o(.data)
 <LI><a href="#[13]">fsm_didocap_init</a> from l2didocap.o(i.fsm_didocap_init) referenced 4 times from l2didocap.o(.data)
 <LI><a href="#[15]">fsm_didocap_restart</a> from l2didocap.o(i.fsm_didocap_restart) referenced 2 times from l2didocap.o(.data)
 <LI><a href="#[14]">fsm_didocap_stop_rcv</a> from l2didocap.o(i.fsm_didocap_stop_rcv) referenced 2 times from l2didocap.o(.data)
 <LI><a href="#[12]">fsm_didocap_task_entry</a> from l2didocap.o(i.fsm_didocap_task_entry) referenced 2 times from l2didocap.o(.data)
 <LI><a href="#[16]">fsm_didocap_time_out</a> from l2didocap.o(i.fsm_didocap_time_out) referenced 2 times from l2didocap.o(.data)
 <LI><a href="#[1f]">fsm_i2caries_ccl_sensor_status_req</a> from l2i2caries.o(i.fsm_i2caries_ccl_sensor_status_req) referenced 2 times from l2i2caries.o(.data)
 <LI><a href="#[1b]">fsm_i2caries_init</a> from l2i2caries.o(i.fsm_i2caries_init) referenced 4 times from l2i2caries.o(.data)
 <LI><a href="#[1d]">fsm_i2caries_restart</a> from l2i2caries.o(i.fsm_i2caries_restart) referenced 2 times from l2i2caries.o(.data)
 <LI><a href="#[1c]">fsm_i2caries_stop_rcv</a> from l2i2caries.o(i.fsm_i2caries_stop_rcv) referenced 2 times from l2i2caries.o(.data)
 <LI><a href="#[1a]">fsm_i2caries_task_entry</a> from l2i2caries.o(i.fsm_i2caries_task_entry) referenced 2 times from l2i2caries.o(.data)
 <LI><a href="#[1e]">fsm_i2caries_time_out</a> from l2i2caries.o(i.fsm_i2caries_time_out) referenced 2 times from l2i2caries.o(.data)
 <LI><a href="#[21]">fsm_ledpisces_init</a> from l2ledpisces.o(i.fsm_ledpisces_init) referenced 4 times from l2ledpisces.o(.data)
 <LI><a href="#[23]">fsm_ledpisces_restart</a> from l2ledpisces.o(i.fsm_ledpisces_restart) referenced 4 times from l2ledpisces.o(.data)
 <LI><a href="#[22]">fsm_ledpisces_stop_rcv</a> from l2ledpisces.o(i.fsm_ledpisces_stop_rcv) referenced 4 times from l2ledpisces.o(.data)
 <LI><a href="#[20]">fsm_ledpisces_task_entry</a> from l2ledpisces.o(i.fsm_ledpisces_task_entry) referenced 2 times from l2ledpisces.o(.data)
 <LI><a href="#[24]">fsm_ledpisces_time_out</a> from l2ledpisces.o(i.fsm_ledpisces_time_out) referenced 2 times from l2ledpisces.o(.data)
 <LI><a href="#[3b]">fsm_spsvirgo_ccl_close_door_report_send</a> from l2spsvirgo.o(i.fsm_spsvirgo_ccl_close_door_report_send) referenced 2 times from l2spsvirgo.o(.data)
 <LI><a href="#[39]">fsm_spsvirgo_ccl_event_report_send</a> from l2spsvirgo.o(i.fsm_spsvirgo_ccl_event_report_send) referenced 2 times from l2spsvirgo.o(.data)
 <LI><a href="#[3a]">fsm_spsvirgo_ccl_fault_report_send</a> from l2spsvirgo.o(i.fsm_spsvirgo_ccl_fault_report_send) referenced 2 times from l2spsvirgo.o(.data)
 <LI><a href="#[37]">fsm_spsvirgo_ccl_open_auth_inq</a> from l2spsvirgo.o(i.fsm_spsvirgo_ccl_open_auth_inq) referenced 2 times from l2spsvirgo.o(.data)
 <LI><a href="#[38]">fsm_spsvirgo_ccl_sensor_status_req</a> from l2spsvirgo.o(i.fsm_spsvirgo_ccl_sensor_status_req) referenced 2 times from l2spsvirgo.o(.data)
 <LI><a href="#[32]">fsm_spsvirgo_init</a> from l2spsvirgo.o(i.fsm_spsvirgo_init) referenced 4 times from l2spsvirgo.o(.data)
 <LI><a href="#[36]">fsm_spsvirgo_l2frame_rcv</a> from l2spsvirgo.o(i.fsm_spsvirgo_l2frame_rcv) referenced 2 times from l2spsvirgo.o(.data)
 <LI><a href="#[34]">fsm_spsvirgo_restart</a> from l2spsvirgo.o(i.fsm_spsvirgo_restart) referenced 4 times from l2spsvirgo.o(.data)
 <LI><a href="#[33]">fsm_spsvirgo_stop_rcv</a> from l2spsvirgo.o(i.fsm_spsvirgo_stop_rcv) referenced 4 times from l2spsvirgo.o(.data)
 <LI><a href="#[31]">fsm_spsvirgo_task_entry</a> from l2spsvirgo.o(i.fsm_spsvirgo_task_entry) referenced 2 times from l2spsvirgo.o(.data)
 <LI><a href="#[35]">fsm_spsvirgo_time_out</a> from l2spsvirgo.o(i.fsm_spsvirgo_time_out) referenced 4 times from l2spsvirgo.o(.data)
 <LI><a href="#[1]">fsm_timer_init</a> from l1timer_freeos.o(i.fsm_timer_init) referenced 2 times from l1timer_freeos.o(.data)
 <LI><a href="#[2]">fsm_timer_restart</a> from l1timer_freeos.o(i.fsm_timer_restart) referenced 4 times from l1timer_freeos.o(.data)
 <LI><a href="#[4]">fsm_timer_stop_rcv</a> from l1timer_freeos.o(i.fsm_timer_stop_rcv) referenced 2 times from l1timer_freeos.o(.data)
 <LI><a href="#[0]">fsm_timer_task_entry</a> from l1timer_freeos.o(i.fsm_timer_task_entry) referenced 2 times from l1timer_freeos.o(.data)
 <LI><a href="#[b]">fsm_vmfo_heart_beat</a> from l1vmfo.o(i.fsm_vmfo_heart_beat) referenced 2 times from l1vmfo.o(.data)
 <LI><a href="#[6]">fsm_vmfo_init</a> from l1vmfo.o(i.fsm_vmfo_init) referenced 2 times from l1vmfo.o(.data)
 <LI><a href="#[a]">fsm_vmfo_init_fb</a> from l1vmfo.o(i.fsm_vmfo_init_fb) referenced 2 times from l1vmfo.o(.data)
 <LI><a href="#[7]">fsm_vmfo_restart</a> from l1vmfo.o(i.fsm_vmfo_restart) referenced 6 times from l1vmfo.o(.data)
 <LI><a href="#[8]">fsm_vmfo_stop_rcv</a> from l1vmfo.o(i.fsm_vmfo_stop_rcv) referenced 4 times from l1vmfo.o(.data)
 <LI><a href="#[5]">fsm_vmfo_task_entry</a> from l1vmfo.o(i.fsm_vmfo_task_entry) referenced 2 times from l1vmfo.o(.data)
 <LI><a href="#[9]">fsm_vmfo_time_out</a> from l1vmfo.o(i.fsm_vmfo_time_out) referenced 2 times from l1vmfo.o(.data)
 <LI><a href="#[d6]">func_timer_routine_handler_1s</a> from l1timer_freeos.o(i.func_timer_routine_handler_1s) referenced from l1timer_freeos.o(i.fsm_timer_init)
 <LI><a href="#[30]">ihu_bsp_stm32_beep_f2board_off</a> from bsp_led.o(i.ihu_bsp_stm32_beep_f2board_off) referenced 4 times from l2ledpisces.o(.data)
 <LI><a href="#[2f]">ihu_bsp_stm32_beep_f2board_on</a> from bsp_led.o(i.ihu_bsp_stm32_beep_f2board_on) referenced 4 times from l2ledpisces.o(.data)
 <LI><a href="#[28]">ihu_bsp_stm32_dido_f2board_lock1_do1_off</a> from bsp_dido.o(i.ihu_bsp_stm32_dido_f2board_lock1_do1_off) referenced 2 times from l2ledpisces.o(.data)
 <LI><a href="#[27]">ihu_bsp_stm32_dido_f2board_lock1_do1_on</a> from bsp_dido.o(i.ihu_bsp_stm32_dido_f2board_lock1_do1_on) referenced 2 times from l2ledpisces.o(.data)
 <LI><a href="#[2a]">ihu_bsp_stm32_dido_f2board_lock2_do1_off</a> from bsp_dido.o(i.ihu_bsp_stm32_dido_f2board_lock2_do1_off) referenced 2 times from l2ledpisces.o(.data)
 <LI><a href="#[29]">ihu_bsp_stm32_dido_f2board_lock2_do1_on</a> from bsp_dido.o(i.ihu_bsp_stm32_dido_f2board_lock2_do1_on) referenced 2 times from l2ledpisces.o(.data)
 <LI><a href="#[2c]">ihu_bsp_stm32_dido_f2board_lock3_do1_off</a> from bsp_dido.o(i.ihu_bsp_stm32_dido_f2board_lock3_do1_off) referenced 2 times from l2ledpisces.o(.data)
 <LI><a href="#[2b]">ihu_bsp_stm32_dido_f2board_lock3_do1_on</a> from bsp_dido.o(i.ihu_bsp_stm32_dido_f2board_lock3_do1_on) referenced 2 times from l2ledpisces.o(.data)
 <LI><a href="#[2e]">ihu_bsp_stm32_dido_f2board_lock4_do1_off</a> from bsp_dido.o(i.ihu_bsp_stm32_dido_f2board_lock4_do1_off) referenced 2 times from l2ledpisces.o(.data)
 <LI><a href="#[2d]">ihu_bsp_stm32_dido_f2board_lock4_do1_on</a> from bsp_dido.o(i.ihu_bsp_stm32_dido_f2board_lock4_do1_on) referenced 2 times from l2ledpisces.o(.data)
 <LI><a href="#[26]">ihu_bsp_stm32_led_f2board_off</a> from bsp_led.o(i.ihu_bsp_stm32_led_f2board_off) referenced 2 times from l2ledpisces.o(.data)
 <LI><a href="#[25]">ihu_bsp_stm32_led_f2board_on</a> from bsp_led.o(i.ihu_bsp_stm32_led_f2board_on) referenced 2 times from l2ledpisces.o(.data)
 <LI><a href="#[c7]">main</a> from main.o(i.main) referenced from entry9a.o(.ARM.Collect$$$$0000000B)
 <LI><a href="#[d9]">prvIdleTask</a> from tasks.o(i.prvIdleTask) referenced from tasks.o(i.vTaskStartScheduler)
 <LI><a href="#[d8]">prvTaskExitError</a> from port.o(i.prvTaskExitError) referenced from port.o(i.pxPortInitialiseStack)
 <LI><a href="#[da]">prvTimerTask</a> from timers.o(i.prvTimerTask) referenced from timers.o(i.xTimerCreateTimerTask)
</UL>
<P>
<H3>
Global Symbols
</H3>
<P><STRONG><a name="[c9]"></a>__main</STRONG> (Thumb, 0 bytes, Stack size unknown bytes, entry.o(.ARM.Collect$$$$00000000))
<BR>[Address Reference Count : 1]<UL><LI> startup_stm32f207xx.o(.text)
</UL>
<P><STRONG><a name="[38f]"></a>_main_stk</STRONG> (Thumb, 0 bytes, Stack size unknown bytes, entry2.o(.ARM.Collect$$$$00000001))

<P><STRONG><a name="[df]"></a>_main_scatterload</STRONG> (Thumb, 0 bytes, Stack size unknown bytes, entry5.o(.ARM.Collect$$$$00000004))
<BR><BR>[Calls]<UL><LI><a href="#[e0]">&gt;&gt;</a>&nbsp;&nbsp;&nbsp;__scatterload
</UL>

<P><STRONG><a name="[102]"></a>__main_after_scatterload</STRONG> (Thumb, 0 bytes, Stack size unknown bytes, entry5.o(.ARM.Collect$$$$00000004))
<BR><BR>[Called By]<UL><LI><a href="#[e0]">&gt;&gt;</a>&nbsp;&nbsp;&nbsp;__scatterload
</UL>

<P><STRONG><a name="[390]"></a>_main_clock</STRONG> (Thumb, 0 bytes, Stack size unknown bytes, entry7b.o(.ARM.Collect$$$$00000008))

<P><STRONG><a name="[391]"></a>_main_cpp_init</STRONG> (Thumb, 0 bytes, Stack size unknown bytes, entry8b.o(.ARM.Collect$$$$0000000A))

<P><STRONG><a name="[392]"></a>_main_init</STRONG> (Thumb, 0 bytes, Stack size unknown bytes, entry9a.o(.ARM.Collect$$$$0000000B))

<P><STRONG><a name="[393]"></a>__rt_final_cpp</STRONG> (Thumb, 0 bytes, Stack size unknown bytes, entry10a.o(.ARM.Collect$$$$0000000D))

<P><STRONG><a name="[394]"></a>__rt_final_exit</STRONG> (Thumb, 0 bytes, Stack size unknown bytes, entry11a.o(.ARM.Collect$$$$0000000F))

<P><STRONG><a name="[73]"></a>SVC_Handler</STRONG> (Thumb, 32 bytes, Stack size 0 bytes, port.o(.emb_text))
<BR>[Address Reference Count : 1]<UL><LI> startup_stm32f207xx.o(RESET)
</UL>
<P><STRONG><a name="[386]"></a>__asm___6_port_c_39a90d8d__prvStartFirstTask</STRONG> (Thumb, 28 bytes, Stack size 0 bytes, port.o(.emb_text))
<BR><BR>[Called By]<UL><LI><a href="#[382]">&gt;&gt;</a>&nbsp;&nbsp;&nbsp;xPortStartScheduler
</UL>

<P><STRONG><a name="[75]"></a>PendSV_Handler</STRONG> (Thumb, 64 bytes, Stack size 0 bytes, port.o(.emb_text))
<BR><BR>[Stack]<UL><LI>Max Depth = 8<LI>Call Chain = PendSV_Handler &rArr; vTaskSwitchContext
</UL>
<BR>[Calls]<UL><LI><a href="#[e1]">&gt;&gt;</a>&nbsp;&nbsp;&nbsp;vTaskSwitchContext
</UL>
<BR>[Address Reference Count : 1]<UL><LI> startup_stm32f207xx.o(RESET)
</UL>
<P><STRONG><a name="[353]"></a>ulPortSetInterruptMask</STRONG> (Thumb, 14 bytes, Stack size 0 bytes, port.o(.emb_text))
<BR><BR>[Called By]<UL><LI><a href="#[347]">&gt;&gt;</a>&nbsp;&nbsp;&nbsp;xPortSysTickHandler
<LI><a href="#[d8]">&gt;&gt;</a>&nbsp;&nbsp;&nbsp;prvTaskExitError
<LI><a href="#[387]">&gt;&gt;</a>&nbsp;&nbsp;&nbsp;xTaskIncrementTick
<LI><a href="#[e1]">&gt;&gt;</a>&nbsp;&nbsp;&nbsp;vTaskSwitchContext
<LI><a href="#[378]">&gt;&gt;</a>&nbsp;&nbsp;&nbsp;vTaskStepTick
<LI><a href="#[342]">&gt;&gt;</a>&nbsp;&nbsp;&nbsp;vTaskStartScheduler
<LI><a href="#[330]">&gt;&gt;</a>&nbsp;&nbsp;&nbsp;vTaskDelay
<LI><a href="#[d9]">&gt;&gt;</a>&nbsp;&nbsp;&nbsp;prvIdleTask
<LI><a href="#[36e]">&gt;&gt;</a>&nbsp;&nbsp;&nbsp;xTaskRemoveFromEventList
<LI><a href="#[35b]">&gt;&gt;</a>&nbsp;&nbsp;&nbsp;xTaskPriorityDisinherit
<LI><a href="#[38a]">&gt;&gt;</a>&nbsp;&nbsp;&nbsp;xTaskCheckForTimeOut
<LI><a href="#[37f]">&gt;&gt;</a>&nbsp;&nbsp;&nbsp;vTaskSetTimeOutState
<LI><a href="#[37b]">&gt;&gt;</a>&nbsp;&nbsp;&nbsp;vTaskPlaceOnEventListRestricted
<LI><a href="#[37c]">&gt;&gt;</a>&nbsp;&nbsp;&nbsp;vTaskPlaceOnEventList
<LI><a href="#[379]">&gt;&gt;</a>&nbsp;&nbsp;&nbsp;vPortValidateInterruptPriority
<LI><a href="#[1a7]">&gt;&gt;</a>&nbsp;&nbsp;&nbsp;xQueueTakeMutexRecursive
<LI><a href="#[344]">&gt;&gt;</a>&nbsp;&nbsp;&nbsp;xQueueReceiveFromISR
<LI><a href="#[1a9]">&gt;&gt;</a>&nbsp;&nbsp;&nbsp;xQueueGiveMutexRecursive
<LI><a href="#[388]">&gt;&gt;</a>&nbsp;&nbsp;&nbsp;xQueueGenericReset
<LI><a href="#[356]">&gt;&gt;</a>&nbsp;&nbsp;&nbsp;xTaskResumeAll
<LI><a href="#[334]">&gt;&gt;</a>&nbsp;&nbsp;&nbsp;xTaskGenericCreate
<LI><a href="#[345]">&gt;&gt;</a>&nbsp;&nbsp;&nbsp;xQueueGenericSendFromISR
<LI><a href="#[32c]">&gt;&gt;</a>&nbsp;&nbsp;&nbsp;xQueueGenericSend
<LI><a href="#[32b]">&gt;&gt;</a>&nbsp;&nbsp;&nbsp;xQueueGenericReceive
<LI><a href="#[329]">&gt;&gt;</a>&nbsp;&nbsp;&nbsp;xQueueGenericCreate
<LI><a href="#[34d]">&gt;&gt;</a>&nbsp;&nbsp;&nbsp;vPortFree
<LI><a href="#[352]">&gt;&gt;</a>&nbsp;&nbsp;&nbsp;vPortExitCritical
<LI><a href="#[34f]">&gt;&gt;</a>&nbsp;&nbsp;&nbsp;vPortEnterCritical
<LI><a href="#[34c]">&gt;&gt;</a>&nbsp;&nbsp;&nbsp;pvPortMalloc
<LI><a href="#[292]">&gt;&gt;</a>&nbsp;&nbsp;&nbsp;xTimerGenericCommand
<LI><a href="#[380]">&gt;&gt;</a>&nbsp;&nbsp;&nbsp;xTimerCreateTimerTask
<LI><a href="#[290]">&gt;&gt;</a>&nbsp;&nbsp;&nbsp;xTimerCreate
<LI><a href="#[36b]">&gt;&gt;</a>&nbsp;&nbsp;&nbsp;prvSwitchTimerLists
<LI><a href="#[367]">&gt;&gt;</a>&nbsp;&nbsp;&nbsp;prvProcessReceivedCommands
<LI><a href="#[366]">&gt;&gt;</a>&nbsp;&nbsp;&nbsp;prvProcessExpiredTimer
<LI><a href="#[34e]">&gt;&gt;</a>&nbsp;&nbsp;&nbsp;prvCheckForValidListAndQueue
</UL>

<P><STRONG><a name="[374]"></a>vPortClearInterruptMask</STRONG> (Thumb, 6 bytes, Stack size 0 bytes, port.o(.emb_text))
<BR><BR>[Called By]<UL><LI><a href="#[347]">&gt;&gt;</a>&nbsp;&nbsp;&nbsp;xPortSysTickHandler
<LI><a href="#[344]">&gt;&gt;</a>&nbsp;&nbsp;&nbsp;xQueueReceiveFromISR
<LI><a href="#[345]">&gt;&gt;</a>&nbsp;&nbsp;&nbsp;xQueueGenericSendFromISR
<LI><a href="#[352]">&gt;&gt;</a>&nbsp;&nbsp;&nbsp;vPortExitCritical
</UL>

<P><STRONG><a name="[37a]"></a>vPortGetIPSR</STRONG> (Thumb, 6 bytes, Stack size 0 bytes, port.o(.emb_text))
<BR><BR>[Called By]<UL><LI><a href="#[379]">&gt;&gt;</a>&nbsp;&nbsp;&nbsp;vPortValidateInterruptPriority
</UL>

<P><STRONG><a name="[6d]"></a>Reset_Handler</STRONG> (Thumb, 8 bytes, Stack size 0 bytes, startup_stm32f207xx.o(.text))
<BR>[Address Reference Count : 1]<UL><LI> startup_stm32f207xx.o(RESET)
</UL>
<P><STRONG><a name="[89]"></a>ADC_IRQHandler</STRONG> (Thumb, 0 bytes, Stack size 0 bytes, startup_stm32f207xx.o(.text))
<BR><BR>[Calls]<UL><LI><a href="#[89]">&gt;&gt;</a>&nbsp;&nbsp;&nbsp;ADC_IRQHandler
</UL>
<BR>[Called By]<UL><LI><a href="#[89]">&gt;&gt;</a>&nbsp;&nbsp;&nbsp;ADC_IRQHandler
</UL>
<BR>[Address Reference Count : 1]<UL><LI> startup_stm32f207xx.o(RESET)
</UL>
<P><STRONG><a name="[8b]"></a>CAN1_RX0_IRQHandler</STRONG> (Thumb, 0 bytes, Stack size 0 bytes, startup_stm32f207xx.o(.text))
<BR>[Address Reference Count : 1]<UL><LI> startup_stm32f207xx.o(RESET)
</UL>
<P><STRONG><a name="[8c]"></a>CAN1_RX1_IRQHandler</STRONG> (Thumb, 0 bytes, Stack size 0 bytes, startup_stm32f207xx.o(.text))
<BR>[Address Reference Count : 1]<UL><LI> startup_stm32f207xx.o(RESET)
</UL>
<P><STRONG><a name="[8d]"></a>CAN1_SCE_IRQHandler</STRONG> (Thumb, 0 bytes, Stack size 0 bytes, startup_stm32f207xx.o(.text))
<BR>[Address Reference Count : 1]<UL><LI> startup_stm32f207xx.o(RESET)
</UL>
<P><STRONG><a name="[8a]"></a>CAN1_TX_IRQHandler</STRONG> (Thumb, 0 bytes, Stack size 0 bytes, startup_stm32f207xx.o(.text))
<BR>[Address Reference Count : 1]<UL><LI> startup_stm32f207xx.o(RESET)
</UL>
<P><STRONG><a name="[b7]"></a>CAN2_RX0_IRQHandler</STRONG> (Thumb, 0 bytes, Stack size 0 bytes, startup_stm32f207xx.o(.text))
<BR>[Address Reference Count : 1]<UL><LI> startup_stm32f207xx.o(RESET)
</UL>
<P><STRONG><a name="[b8]"></a>CAN2_RX1_IRQHandler</STRONG> (Thumb, 0 bytes, Stack size 0 bytes, startup_stm32f207xx.o(.text))
<BR>[Address Reference Count : 1]<UL><LI> startup_stm32f207xx.o(RESET)
</UL>
<P><STRONG><a name="[b9]"></a>CAN2_SCE_IRQHandler</STRONG> (Thumb, 0 bytes, Stack size 0 bytes, startup_stm32f207xx.o(.text))
<BR>[Address Reference Count : 1]<UL><LI> startup_stm32f207xx.o(RESET)
</UL>
<P><STRONG><a name="[b6]"></a>CAN2_TX_IRQHandler</STRONG> (Thumb, 0 bytes, Stack size 0 bytes, startup_stm32f207xx.o(.text))
<BR>[Address Reference Count : 1]<UL><LI> startup_stm32f207xx.o(RESET)
</UL>
<P><STRONG><a name="[c5]"></a>DCMI_IRQHandler</STRONG> (Thumb, 0 bytes, Stack size 0 bytes, startup_stm32f207xx.o(.text))
<BR>[Address Reference Count : 1]<UL><LI> startup_stm32f207xx.o(RESET)
</UL>
<P><STRONG><a name="[82]"></a>DMA1_Stream0_IRQHandler</STRONG> (Thumb, 0 bytes, Stack size 0 bytes, startup_stm32f207xx.o(.text))
<BR>[Address Reference Count : 1]<UL><LI> startup_stm32f207xx.o(RESET)
</UL>
<P><STRONG><a name="[83]"></a>DMA1_Stream1_IRQHandler</STRONG> (Thumb, 0 bytes, Stack size 0 bytes, startup_stm32f207xx.o(.text))
<BR>[Address Reference Count : 1]<UL><LI> startup_stm32f207xx.o(RESET)
</UL>
<P><STRONG><a name="[84]"></a>DMA1_Stream2_IRQHandler</STRONG> (Thumb, 0 bytes, Stack size 0 bytes, startup_stm32f207xx.o(.text))
<BR>[Address Reference Count : 1]<UL><LI> startup_stm32f207xx.o(RESET)
</UL>
<P><STRONG><a name="[85]"></a>DMA1_Stream3_IRQHandler</STRONG> (Thumb, 0 bytes, Stack size 0 bytes, startup_stm32f207xx.o(.text))
<BR>[Address Reference Count : 1]<UL><LI> startup_stm32f207xx.o(RESET)
</UL>
<P><STRONG><a name="[86]"></a>DMA1_Stream4_IRQHandler</STRONG> (Thumb, 0 bytes, Stack size 0 bytes, startup_stm32f207xx.o(.text))
<BR>[Address Reference Count : 1]<UL><LI> startup_stm32f207xx.o(RESET)
</UL>
<P><STRONG><a name="[87]"></a>DMA1_Stream5_IRQHandler</STRONG> (Thumb, 0 bytes, Stack size 0 bytes, startup_stm32f207xx.o(.text))
<BR>[Address Reference Count : 1]<UL><LI> startup_stm32f207xx.o(RESET)
</UL>
<P><STRONG><a name="[88]"></a>DMA1_Stream6_IRQHandler</STRONG> (Thumb, 0 bytes, Stack size 0 bytes, startup_stm32f207xx.o(.text))
<BR>[Address Reference Count : 1]<UL><LI> startup_stm32f207xx.o(RESET)
</UL>
<P><STRONG><a name="[a6]"></a>DMA1_Stream7_IRQHandler</STRONG> (Thumb, 0 bytes, Stack size 0 bytes, startup_stm32f207xx.o(.text))
<BR>[Address Reference Count : 1]<UL><LI> startup_stm32f207xx.o(RESET)
</UL>
<P><STRONG><a name="[af]"></a>DMA2_Stream0_IRQHandler</STRONG> (Thumb, 0 bytes, Stack size 0 bytes, startup_stm32f207xx.o(.text))
<BR>[Address Reference Count : 1]<UL><LI> startup_stm32f207xx.o(RESET)
</UL>
<P><STRONG><a name="[b0]"></a>DMA2_Stream1_IRQHandler</STRONG> (Thumb, 0 bytes, Stack size 0 bytes, startup_stm32f207xx.o(.text))
<BR>[Address Reference Count : 1]<UL><LI> startup_stm32f207xx.o(RESET)
</UL>
<P><STRONG><a name="[b1]"></a>DMA2_Stream2_IRQHandler</STRONG> (Thumb, 0 bytes, Stack size 0 bytes, startup_stm32f207xx.o(.text))
<BR>[Address Reference Count : 1]<UL><LI> startup_stm32f207xx.o(RESET)
</UL>
<P><STRONG><a name="[b2]"></a>DMA2_Stream3_IRQHandler</STRONG> (Thumb, 0 bytes, Stack size 0 bytes, startup_stm32f207xx.o(.text))
<BR>[Address Reference Count : 1]<UL><LI> startup_stm32f207xx.o(RESET)
</UL>
<P><STRONG><a name="[b3]"></a>DMA2_Stream4_IRQHandler</STRONG> (Thumb, 0 bytes, Stack size 0 bytes, startup_stm32f207xx.o(.text))
<BR>[Address Reference Count : 1]<UL><LI> startup_stm32f207xx.o(RESET)
</UL>
<P><STRONG><a name="[bb]"></a>DMA2_Stream5_IRQHandler</STRONG> (Thumb, 0 bytes, Stack size 0 bytes, startup_stm32f207xx.o(.text))
<BR>[Address Reference Count : 1]<UL><LI> startup_stm32f207xx.o(RESET)
</UL>
<P><STRONG><a name="[bc]"></a>DMA2_Stream6_IRQHandler</STRONG> (Thumb, 0 bytes, Stack size 0 bytes, startup_stm32f207xx.o(.text))
<BR>[Address Reference Count : 1]<UL><LI> startup_stm32f207xx.o(RESET)
</UL>
<P><STRONG><a name="[bd]"></a>DMA2_Stream7_IRQHandler</STRONG> (Thumb, 0 bytes, Stack size 0 bytes, startup_stm32f207xx.o(.text))
<BR>[Address Reference Count : 1]<UL><LI> startup_stm32f207xx.o(RESET)
</UL>
<P><STRONG><a name="[b4]"></a>ETH_IRQHandler</STRONG> (Thumb, 0 bytes, Stack size 0 bytes, startup_stm32f207xx.o(.text))
<BR>[Address Reference Count : 1]<UL><LI> startup_stm32f207xx.o(RESET)
</UL>
<P><STRONG><a name="[b5]"></a>ETH_WKUP_IRQHandler</STRONG> (Thumb, 0 bytes, Stack size 0 bytes, startup_stm32f207xx.o(.text))
<BR>[Address Reference Count : 1]<UL><LI> startup_stm32f207xx.o(RESET)
</UL>
<P><STRONG><a name="[7d]"></a>EXTI0_IRQHandler</STRONG> (Thumb, 0 bytes, Stack size 0 bytes, startup_stm32f207xx.o(.text))
<BR>[Address Reference Count : 1]<UL><LI> startup_stm32f207xx.o(RESET)
</UL>
<P><STRONG><a name="[9f]"></a>EXTI15_10_IRQHandler</STRONG> (Thumb, 0 bytes, Stack size 0 bytes, startup_stm32f207xx.o(.text))
<BR>[Address Reference Count : 1]<UL><LI> startup_stm32f207xx.o(RESET)
</UL>
<P><STRONG><a name="[7e]"></a>EXTI1_IRQHandler</STRONG> (Thumb, 0 bytes, Stack size 0 bytes, startup_stm32f207xx.o(.text))
<BR>[Address Reference Count : 1]<UL><LI> startup_stm32f207xx.o(RESET)
</UL>
<P><STRONG><a name="[7f]"></a>EXTI2_IRQHandler</STRONG> (Thumb, 0 bytes, Stack size 0 bytes, startup_stm32f207xx.o(.text))
<BR>[Address Reference Count : 1]<UL><LI> startup_stm32f207xx.o(RESET)
</UL>
<P><STRONG><a name="[80]"></a>EXTI3_IRQHandler</STRONG> (Thumb, 0 bytes, Stack size 0 bytes, startup_stm32f207xx.o(.text))
<BR>[Address Reference Count : 1]<UL><LI> startup_stm32f207xx.o(RESET)
</UL>
<P><STRONG><a name="[81]"></a>EXTI4_IRQHandler</STRONG> (Thumb, 0 bytes, Stack size 0 bytes, startup_stm32f207xx.o(.text))
<BR>[Address Reference Count : 1]<UL><LI> startup_stm32f207xx.o(RESET)
</UL>
<P><STRONG><a name="[8e]"></a>EXTI9_5_IRQHandler</STRONG> (Thumb, 0 bytes, Stack size 0 bytes, startup_stm32f207xx.o(.text))
<BR>[Address Reference Count : 1]<UL><LI> startup_stm32f207xx.o(RESET)
</UL>
<P><STRONG><a name="[7b]"></a>FLASH_IRQHandler</STRONG> (Thumb, 0 bytes, Stack size 0 bytes, startup_stm32f207xx.o(.text))
<BR>[Address Reference Count : 1]<UL><LI> startup_stm32f207xx.o(RESET)
</UL>
<P><STRONG><a name="[a7]"></a>FSMC_IRQHandler</STRONG> (Thumb, 0 bytes, Stack size 0 bytes, startup_stm32f207xx.o(.text))
<BR>[Address Reference Count : 1]<UL><LI> startup_stm32f207xx.o(RESET)
</UL>
<P><STRONG><a name="[c6]"></a>HASH_RNG_IRQHandler</STRONG> (Thumb, 0 bytes, Stack size 0 bytes, startup_stm32f207xx.o(.text))
<BR>[Address Reference Count : 1]<UL><LI> startup_stm32f207xx.o(RESET)
</UL>
<P><STRONG><a name="[97]"></a>I2C1_ER_IRQHandler</STRONG> (Thumb, 0 bytes, Stack size 0 bytes, startup_stm32f207xx.o(.text))
<BR>[Address Reference Count : 1]<UL><LI> startup_stm32f207xx.o(RESET)
</UL>
<P><STRONG><a name="[96]"></a>I2C1_EV_IRQHandler</STRONG> (Thumb, 0 bytes, Stack size 0 bytes, startup_stm32f207xx.o(.text))
<BR>[Address Reference Count : 1]<UL><LI> startup_stm32f207xx.o(RESET)
</UL>
<P><STRONG><a name="[99]"></a>I2C2_ER_IRQHandler</STRONG> (Thumb, 0 bytes, Stack size 0 bytes, startup_stm32f207xx.o(.text))
<BR>[Address Reference Count : 1]<UL><LI> startup_stm32f207xx.o(RESET)
</UL>
<P><STRONG><a name="[98]"></a>I2C2_EV_IRQHandler</STRONG> (Thumb, 0 bytes, Stack size 0 bytes, startup_stm32f207xx.o(.text))
<BR>[Address Reference Count : 1]<UL><LI> startup_stm32f207xx.o(RESET)
</UL>
<P><STRONG><a name="[c0]"></a>I2C3_ER_IRQHandler</STRONG> (Thumb, 0 bytes, Stack size 0 bytes, startup_stm32f207xx.o(.text))
<BR>[Address Reference Count : 1]<UL><LI> startup_stm32f207xx.o(RESET)
</UL>
<P><STRONG><a name="[bf]"></a>I2C3_EV_IRQHandler</STRONG> (Thumb, 0 bytes, Stack size 0 bytes, startup_stm32f207xx.o(.text))
<BR>[Address Reference Count : 1]<UL><LI> startup_stm32f207xx.o(RESET)
</UL>
<P><STRONG><a name="[a1]"></a>OTG_FS_WKUP_IRQHandler</STRONG> (Thumb, 0 bytes, Stack size 0 bytes, startup_stm32f207xx.o(.text))
<BR>[Address Reference Count : 1]<UL><LI> startup_stm32f207xx.o(RESET)
</UL>
<P><STRONG><a name="[c2]"></a>OTG_HS_EP1_IN_IRQHandler</STRONG> (Thumb, 0 bytes, Stack size 0 bytes, startup_stm32f207xx.o(.text))
<BR>[Address Reference Count : 1]<UL><LI> startup_stm32f207xx.o(RESET)
</UL>
<P><STRONG><a name="[c1]"></a>OTG_HS_EP1_OUT_IRQHandler</STRONG> (Thumb, 0 bytes, Stack size 0 bytes, startup_stm32f207xx.o(.text))
<BR>[Address Reference Count : 1]<UL><LI> startup_stm32f207xx.o(RESET)
</UL>
<P><STRONG><a name="[c4]"></a>OTG_HS_IRQHandler</STRONG> (Thumb, 0 bytes, Stack size 0 bytes, startup_stm32f207xx.o(.text))
<BR>[Address Reference Count : 1]<UL><LI> startup_stm32f207xx.o(RESET)
</UL>
<P><STRONG><a name="[c3]"></a>OTG_HS_WKUP_IRQHandler</STRONG> (Thumb, 0 bytes, Stack size 0 bytes, startup_stm32f207xx.o(.text))
<BR>[Address Reference Count : 1]<UL><LI> startup_stm32f207xx.o(RESET)
</UL>
<P><STRONG><a name="[78]"></a>PVD_IRQHandler</STRONG> (Thumb, 0 bytes, Stack size 0 bytes, startup_stm32f207xx.o(.text))
<BR>[Address Reference Count : 1]<UL><LI> startup_stm32f207xx.o(RESET)
</UL>
<P><STRONG><a name="[7c]"></a>RCC_IRQHandler</STRONG> (Thumb, 0 bytes, Stack size 0 bytes, startup_stm32f207xx.o(.text))
<BR>[Address Reference Count : 1]<UL><LI> startup_stm32f207xx.o(RESET)
</UL>
<P><STRONG><a name="[a0]"></a>RTC_Alarm_IRQHandler</STRONG> (Thumb, 0 bytes, Stack size 0 bytes, startup_stm32f207xx.o(.text))
<BR>[Address Reference Count : 1]<UL><LI> startup_stm32f207xx.o(RESET)
</UL>
<P><STRONG><a name="[7a]"></a>RTC_WKUP_IRQHandler</STRONG> (Thumb, 0 bytes, Stack size 0 bytes, startup_stm32f207xx.o(.text))
<BR>[Address Reference Count : 1]<UL><LI> startup_stm32f207xx.o(RESET)
</UL>
<P><STRONG><a name="[a8]"></a>SDIO_IRQHandler</STRONG> (Thumb, 0 bytes, Stack size 0 bytes, startup_stm32f207xx.o(.text))
<BR>[Address Reference Count : 1]<UL><LI> startup_stm32f207xx.o(RESET)
</UL>
<P><STRONG><a name="[9a]"></a>SPI1_IRQHandler</STRONG> (Thumb, 0 bytes, Stack size 0 bytes, startup_stm32f207xx.o(.text))
<BR>[Address Reference Count : 1]<UL><LI> startup_stm32f207xx.o(RESET)
</UL>
<P><STRONG><a name="[9b]"></a>SPI2_IRQHandler</STRONG> (Thumb, 0 bytes, Stack size 0 bytes, startup_stm32f207xx.o(.text))
<BR>[Address Reference Count : 1]<UL><LI> startup_stm32f207xx.o(RESET)
</UL>
<P><STRONG><a name="[aa]"></a>SPI3_IRQHandler</STRONG> (Thumb, 0 bytes, Stack size 0 bytes, startup_stm32f207xx.o(.text))
<BR>[Address Reference Count : 1]<UL><LI> startup_stm32f207xx.o(RESET)
</UL>
<P><STRONG><a name="[79]"></a>TAMP_STAMP_IRQHandler</STRONG> (Thumb, 0 bytes, Stack size 0 bytes, startup_stm32f207xx.o(.text))
<BR>[Address Reference Count : 1]<UL><LI> startup_stm32f207xx.o(RESET)
</UL>
<P><STRONG><a name="[8f]"></a>TIM1_BRK_TIM9_IRQHandler</STRONG> (Thumb, 0 bytes, Stack size 0 bytes, startup_stm32f207xx.o(.text))
<BR>[Address Reference Count : 1]<UL><LI> startup_stm32f207xx.o(RESET)
</UL>
<P><STRONG><a name="[92]"></a>TIM1_CC_IRQHandler</STRONG> (Thumb, 0 bytes, Stack size 0 bytes, startup_stm32f207xx.o(.text))
<BR>[Address Reference Count : 1]<UL><LI> startup_stm32f207xx.o(RESET)
</UL>
<P><STRONG><a name="[91]"></a>TIM1_TRG_COM_TIM11_IRQHandler</STRONG> (Thumb, 0 bytes, Stack size 0 bytes, startup_stm32f207xx.o(.text))
<BR>[Address Reference Count : 1]<UL><LI> startup_stm32f207xx.o(RESET)
</UL>
<P><STRONG><a name="[93]"></a>TIM2_IRQHandler</STRONG> (Thumb, 0 bytes, Stack size 0 bytes, startup_stm32f207xx.o(.text))
<BR>[Address Reference Count : 1]<UL><LI> startup_stm32f207xx.o(RESET)
</UL>
<P><STRONG><a name="[94]"></a>TIM3_IRQHandler</STRONG> (Thumb, 0 bytes, Stack size 0 bytes, startup_stm32f207xx.o(.text))
<BR>[Address Reference Count : 1]<UL><LI> startup_stm32f207xx.o(RESET)
</UL>
<P><STRONG><a name="[95]"></a>TIM4_IRQHandler</STRONG> (Thumb, 0 bytes, Stack size 0 bytes, startup_stm32f207xx.o(.text))
<BR>[Address Reference Count : 1]<UL><LI> startup_stm32f207xx.o(RESET)
</UL>
<P><STRONG><a name="[a9]"></a>TIM5_IRQHandler</STRONG> (Thumb, 0 bytes, Stack size 0 bytes, startup_stm32f207xx.o(.text))
<BR>[Address Reference Count : 1]<UL><LI> startup_stm32f207xx.o(RESET)
</UL>
<P><STRONG><a name="[ad]"></a>TIM6_DAC_IRQHandler</STRONG> (Thumb, 0 bytes, Stack size 0 bytes, startup_stm32f207xx.o(.text))
<BR>[Address Reference Count : 1]<UL><LI> startup_stm32f207xx.o(RESET)
</UL>
<P><STRONG><a name="[ae]"></a>TIM7_IRQHandler</STRONG> (Thumb, 0 bytes, Stack size 0 bytes, startup_stm32f207xx.o(.text))
<BR>[Address Reference Count : 1]<UL><LI> startup_stm32f207xx.o(RESET)
</UL>
<P><STRONG><a name="[a2]"></a>TIM8_BRK_TIM12_IRQHandler</STRONG> (Thumb, 0 bytes, Stack size 0 bytes, startup_stm32f207xx.o(.text))
<BR>[Address Reference Count : 1]<UL><LI> startup_stm32f207xx.o(RESET)
</UL>
<P><STRONG><a name="[a5]"></a>TIM8_CC_IRQHandler</STRONG> (Thumb, 0 bytes, Stack size 0 bytes, startup_stm32f207xx.o(.text))
<BR>[Address Reference Count : 1]<UL><LI> startup_stm32f207xx.o(RESET)
</UL>
<P><STRONG><a name="[a4]"></a>TIM8_TRG_COM_TIM14_IRQHandler</STRONG> (Thumb, 0 bytes, Stack size 0 bytes, startup_stm32f207xx.o(.text))
<BR>[Address Reference Count : 1]<UL><LI> startup_stm32f207xx.o(RESET)
</UL>
<P><STRONG><a name="[a3]"></a>TIM8_UP_TIM13_IRQHandler</STRONG> (Thumb, 0 bytes, Stack size 0 bytes, startup_stm32f207xx.o(.text))
<BR>[Address Reference Count : 1]<UL><LI> startup_stm32f207xx.o(RESET)
</UL>
<P><STRONG><a name="[ac]"></a>UART5_IRQHandler</STRONG> (Thumb, 0 bytes, Stack size 0 bytes, startup_stm32f207xx.o(.text))
<BR>[Address Reference Count : 1]<UL><LI> startup_stm32f207xx.o(RESET)
</UL>
<P><STRONG><a name="[be]"></a>USART6_IRQHandler</STRONG> (Thumb, 0 bytes, Stack size 0 bytes, startup_stm32f207xx.o(.text))
<BR>[Address Reference Count : 1]<UL><LI> startup_stm32f207xx.o(RESET)
</UL>
<P><STRONG><a name="[77]"></a>WWDG_IRQHandler</STRONG> (Thumb, 0 bytes, Stack size 0 bytes, startup_stm32f207xx.o(.text))
<BR>[Address Reference Count : 1]<UL><LI> startup_stm32f207xx.o(RESET)
</UL>
<P><STRONG><a name="[269]"></a>rand</STRONG> (Thumb, 20 bytes, Stack size 0 bytes, rand.o(.text))
<BR><BR>[Called By]<UL><LI><a href="#[1]">&gt;&gt;</a>&nbsp;&nbsp;&nbsp;fsm_timer_init
<LI><a href="#[287]">&gt;&gt;</a>&nbsp;&nbsp;&nbsp;ihu_vmmw_gprsmod_http_data_transmit_with_receive
<LI><a href="#[289]">&gt;&gt;</a>&nbsp;&nbsp;&nbsp;ihu_vmmw_blemod_hc05_uart_fetch_mac_addr_in_AT_cmd_mode
<LI><a href="#[38]">&gt;&gt;</a>&nbsp;&nbsp;&nbsp;fsm_spsvirgo_ccl_sensor_status_req
<LI><a href="#[283]">&gt;&gt;</a>&nbsp;&nbsp;&nbsp;ihu_didocap_ccl_sleep_and_fault_mode_ul_scan_illegal_rsv2_value
<LI><a href="#[282]">&gt;&gt;</a>&nbsp;&nbsp;&nbsp;ihu_didocap_ccl_sleep_and_fault_mode_ul_scan_illegal_rsv1_value
<LI><a href="#[285]">&gt;&gt;</a>&nbsp;&nbsp;&nbsp;ihu_didocap_ccl_sleep_and_fault_mode_ul_scan_illegal_dcmi_value
<LI><a href="#[41]">&gt;&gt;</a>&nbsp;&nbsp;&nbsp;fsm_dcmiaris_ccl_sensor_status_req
</UL>

<P><STRONG><a name="[33a]"></a>srand</STRONG> (Thumb, 6 bytes, Stack size 0 bytes, rand.o(.text))
<BR><BR>[Called By]<UL><LI><a href="#[289]">&gt;&gt;</a>&nbsp;&nbsp;&nbsp;ihu_vmmw_blemod_hc05_uart_fetch_mac_addr_in_AT_cmd_mode
</UL>

<P><STRONG><a name="[19a]"></a>__aeabi_memcpy</STRONG> (Thumb, 36 bytes, Stack size 0 bytes, memcpya.o(.text))
<BR><BR>[Called By]<UL><LI><a href="#[35a]">&gt;&gt;</a>&nbsp;&nbsp;&nbsp;prvCopyDataToQueue
<LI><a href="#[359]">&gt;&gt;</a>&nbsp;&nbsp;&nbsp;prvCopyDataFromQueue
<LI><a href="#[19b]">&gt;&gt;</a>&nbsp;&nbsp;&nbsp;ihu_message_send
<LI><a href="#[198]">&gt;&gt;</a>&nbsp;&nbsp;&nbsp;HAL_UART_RxCpltCallback
<LI><a href="#[9]">&gt;&gt;</a>&nbsp;&nbsp;&nbsp;fsm_vmfo_time_out
<LI><a href="#[a]">&gt;&gt;</a>&nbsp;&nbsp;&nbsp;fsm_vmfo_init_fb
<LI><a href="#[b]">&gt;&gt;</a>&nbsp;&nbsp;&nbsp;fsm_vmfo_heart_beat
<LI><a href="#[325]">&gt;&gt;</a>&nbsp;&nbsp;&nbsp;ihu_bsp_stm32_f2board_equid_get
<LI><a href="#[28a]">&gt;&gt;</a>&nbsp;&nbsp;&nbsp;ihu_vmmw_rfidmod_mf522_spi_read_id
<LI><a href="#[28c]">&gt;&gt;</a>&nbsp;&nbsp;&nbsp;ihu_vmmw_gprsmod_tcp_text_data_transmit_with_receive
<LI><a href="#[287]">&gt;&gt;</a>&nbsp;&nbsp;&nbsp;ihu_vmmw_gprsmod_http_data_transmit_with_receive
<LI><a href="#[35]">&gt;&gt;</a>&nbsp;&nbsp;&nbsp;fsm_spsvirgo_time_out
<LI><a href="#[36]">&gt;&gt;</a>&nbsp;&nbsp;&nbsp;fsm_spsvirgo_l2frame_rcv
<LI><a href="#[38]">&gt;&gt;</a>&nbsp;&nbsp;&nbsp;fsm_spsvirgo_ccl_sensor_status_req
<LI><a href="#[37]">&gt;&gt;</a>&nbsp;&nbsp;&nbsp;fsm_spsvirgo_ccl_open_auth_inq
<LI><a href="#[3a]">&gt;&gt;</a>&nbsp;&nbsp;&nbsp;fsm_spsvirgo_ccl_fault_report_send
<LI><a href="#[39]">&gt;&gt;</a>&nbsp;&nbsp;&nbsp;fsm_spsvirgo_ccl_event_report_send
<LI><a href="#[3b]">&gt;&gt;</a>&nbsp;&nbsp;&nbsp;fsm_spsvirgo_ccl_close_door_report_send
<LI><a href="#[24]">&gt;&gt;</a>&nbsp;&nbsp;&nbsp;fsm_ledpisces_time_out
<LI><a href="#[1e]">&gt;&gt;</a>&nbsp;&nbsp;&nbsp;fsm_i2caries_time_out
<LI><a href="#[1f]">&gt;&gt;</a>&nbsp;&nbsp;&nbsp;fsm_i2caries_ccl_sensor_status_req
<LI><a href="#[16]">&gt;&gt;</a>&nbsp;&nbsp;&nbsp;fsm_didocap_time_out
<LI><a href="#[17]">&gt;&gt;</a>&nbsp;&nbsp;&nbsp;fsm_didocap_ccl_sensor_status_req
<LI><a href="#[18]">&gt;&gt;</a>&nbsp;&nbsp;&nbsp;fsm_didocap_ccl_door_open_req
<LI><a href="#[19]">&gt;&gt;</a>&nbsp;&nbsp;&nbsp;fsm_didocap_ccl_door_close_req
<LI><a href="#[11]">&gt;&gt;</a>&nbsp;&nbsp;&nbsp;fsm_adclibra_time_out
<LI><a href="#[46]">&gt;&gt;</a>&nbsp;&nbsp;&nbsp;fsm_ccl_time_out
<LI><a href="#[49]">&gt;&gt;</a>&nbsp;&nbsp;&nbsp;fsm_ccl_sps_sensor_status_resp
<LI><a href="#[53]">&gt;&gt;</a>&nbsp;&nbsp;&nbsp;fsm_ccl_sps_fault_report_cfm
<LI><a href="#[4c]">&gt;&gt;</a>&nbsp;&nbsp;&nbsp;fsm_ccl_sps_event_report_cfm
<LI><a href="#[4e]">&gt;&gt;</a>&nbsp;&nbsp;&nbsp;fsm_ccl_sps_cloud_fb
<LI><a href="#[50]">&gt;&gt;</a>&nbsp;&nbsp;&nbsp;fsm_ccl_sps_close_door_report_cfm
<LI><a href="#[4a]">&gt;&gt;</a>&nbsp;&nbsp;&nbsp;fsm_ccl_i2c_sensor_status_resp
<LI><a href="#[4d]">&gt;&gt;</a>&nbsp;&nbsp;&nbsp;fsm_ccl_hand_active_trigger_to_work
<LI><a href="#[52]">&gt;&gt;</a>&nbsp;&nbsp;&nbsp;fsm_ccl_fault_state_trigger
<LI><a href="#[51]">&gt;&gt;</a>&nbsp;&nbsp;&nbsp;fsm_ccl_door_close_event
<LI><a href="#[48]">&gt;&gt;</a>&nbsp;&nbsp;&nbsp;fsm_ccl_dido_sensor_status_resp
<LI><a href="#[4f]">&gt;&gt;</a>&nbsp;&nbsp;&nbsp;fsm_ccl_dido_door_open_event
<LI><a href="#[4b]">&gt;&gt;</a>&nbsp;&nbsp;&nbsp;fsm_ccl_dcmi_sensor_status_resp
<LI><a href="#[40]">&gt;&gt;</a>&nbsp;&nbsp;&nbsp;fsm_dcmiaris_time_out
<LI><a href="#[41]">&gt;&gt;</a>&nbsp;&nbsp;&nbsp;fsm_dcmiaris_ccl_sensor_status_req
<LI><a href="#[1ca]">&gt;&gt;</a>&nbsp;&nbsp;&nbsp;PTP_BufferFullCallback
<LI><a href="#[22d]">&gt;&gt;</a>&nbsp;&nbsp;&nbsp;USBH_MSC_SCSI_Inquiry
</UL>

<P><STRONG><a name="[146]"></a>__aeabi_memcpy4</STRONG> (Thumb, 0 bytes, Stack size 0 bytes, memcpya.o(.text))
<BR><BR>[Called By]<UL><LI><a href="#[143]">&gt;&gt;</a>&nbsp;&nbsp;&nbsp;HAL_HCD_Init
<LI><a href="#[1af]">&gt;&gt;</a>&nbsp;&nbsp;&nbsp;MX_FREERTOS_Init
<LI><a href="#[1bd]">&gt;&gt;</a>&nbsp;&nbsp;&nbsp;USBH_Init
<LI><a href="#[287]">&gt;&gt;</a>&nbsp;&nbsp;&nbsp;ihu_vmmw_gprsmod_http_data_transmit_with_receive
<LI><a href="#[37]">&gt;&gt;</a>&nbsp;&nbsp;&nbsp;fsm_spsvirgo_ccl_open_auth_inq
<LI><a href="#[3a]">&gt;&gt;</a>&nbsp;&nbsp;&nbsp;fsm_spsvirgo_ccl_fault_report_send
<LI><a href="#[39]">&gt;&gt;</a>&nbsp;&nbsp;&nbsp;fsm_spsvirgo_ccl_event_report_send
<LI><a href="#[3b]">&gt;&gt;</a>&nbsp;&nbsp;&nbsp;fsm_spsvirgo_ccl_close_door_report_send
</UL>

<P><STRONG><a name="[395]"></a>__aeabi_memcpy8</STRONG> (Thumb, 0 bytes, Stack size 0 bytes, memcpya.o(.text), UNUSED)

<P><STRONG><a name="[e3]"></a>__aeabi_memset</STRONG> (Thumb, 14 bytes, Stack size 0 bytes, memseta.o(.text))
<BR><BR>[Called By]<UL><LI><a href="#[34b]">&gt;&gt;</a>&nbsp;&nbsp;&nbsp;prvAllocateTCBAndStack
<LI><a href="#[e4]">&gt;&gt;</a>&nbsp;&nbsp;&nbsp;_memset$wrapper
<LI><a href="#[e2]">&gt;&gt;</a>&nbsp;&nbsp;&nbsp;__aeabi_memclr
</UL>

<P><STRONG><a name="[396]"></a>__aeabi_memset4</STRONG> (Thumb, 0 bytes, Stack size 0 bytes, memseta.o(.text), UNUSED)

<P><STRONG><a name="[397]"></a>__aeabi_memset8</STRONG> (Thumb, 0 bytes, Stack size 0 bytes, memseta.o(.text), UNUSED)

<P><STRONG><a name="[e2]"></a>__aeabi_memclr</STRONG> (Thumb, 4 bytes, Stack size 0 bytes, memseta.o(.text))
<BR><BR>[Calls]<UL><LI><a href="#[e3]">&gt;&gt;</a>&nbsp;&nbsp;&nbsp;__aeabi_memset
</UL>
<BR>[Called By]<UL><LI><a href="#[112]">&gt;&gt;</a>&nbsp;&nbsp;&nbsp;IhuDebugPrintId
<LI><a href="#[113]">&gt;&gt;</a>&nbsp;&nbsp;&nbsp;IhuDebugPrintFo
<LI><a href="#[6]">&gt;&gt;</a>&nbsp;&nbsp;&nbsp;fsm_vmfo_init
<LI><a href="#[114]">&gt;&gt;</a>&nbsp;&nbsp;&nbsp;IhuErrorPrintFo
<LI><a href="#[36]">&gt;&gt;</a>&nbsp;&nbsp;&nbsp;fsm_spsvirgo_l2frame_rcv
<LI><a href="#[32]">&gt;&gt;</a>&nbsp;&nbsp;&nbsp;fsm_spsvirgo_init
<LI><a href="#[37]">&gt;&gt;</a>&nbsp;&nbsp;&nbsp;fsm_spsvirgo_ccl_open_auth_inq
<LI><a href="#[3a]">&gt;&gt;</a>&nbsp;&nbsp;&nbsp;fsm_spsvirgo_ccl_fault_report_send
<LI><a href="#[39]">&gt;&gt;</a>&nbsp;&nbsp;&nbsp;fsm_spsvirgo_ccl_event_report_send
<LI><a href="#[3b]">&gt;&gt;</a>&nbsp;&nbsp;&nbsp;fsm_spsvirgo_ccl_close_door_report_send
<LI><a href="#[1b]">&gt;&gt;</a>&nbsp;&nbsp;&nbsp;fsm_i2caries_init
<LI><a href="#[13]">&gt;&gt;</a>&nbsp;&nbsp;&nbsp;fsm_didocap_init
<LI><a href="#[d]">&gt;&gt;</a>&nbsp;&nbsp;&nbsp;fsm_adclibra_init
<LI><a href="#[286]">&gt;&gt;</a>&nbsp;&nbsp;&nbsp;func_cloud_standard_xml_pack
<LI><a href="#[47]">&gt;&gt;</a>&nbsp;&nbsp;&nbsp;fsm_ccl_period_report_trigger
<LI><a href="#[43]">&gt;&gt;</a>&nbsp;&nbsp;&nbsp;fsm_ccl_init
<LI><a href="#[3d]">&gt;&gt;</a>&nbsp;&nbsp;&nbsp;fsm_dcmiaris_init
<LI><a href="#[22e]">&gt;&gt;</a>&nbsp;&nbsp;&nbsp;USBH_MSC_SCSI_TestUnitReady
<LI><a href="#[230]">&gt;&gt;</a>&nbsp;&nbsp;&nbsp;USBH_MSC_SCSI_RequestSense
<LI><a href="#[22f]">&gt;&gt;</a>&nbsp;&nbsp;&nbsp;USBH_MSC_SCSI_ReadCapacity
<LI><a href="#[22d]">&gt;&gt;</a>&nbsp;&nbsp;&nbsp;USBH_MSC_SCSI_Inquiry
</UL>

<P><STRONG><a name="[11a]"></a>__aeabi_memclr4</STRONG> (Thumb, 0 bytes, Stack size 0 bytes, memseta.o(.text))
<BR><BR>[Called By]<UL><LI><a href="#[19b]">&gt;&gt;</a>&nbsp;&nbsp;&nbsp;ihu_message_send
<LI><a href="#[198]">&gt;&gt;</a>&nbsp;&nbsp;&nbsp;HAL_UART_RxCpltCallback
<LI><a href="#[337]">&gt;&gt;</a>&nbsp;&nbsp;&nbsp;ihu_vm_system_ctr_table_init
<LI><a href="#[32f]">&gt;&gt;</a>&nbsp;&nbsp;&nbsp;ihu_timerid_to_string
<LI><a href="#[32e]">&gt;&gt;</a>&nbsp;&nbsp;&nbsp;ihu_msgid_to_string
<LI><a href="#[d7]">&gt;&gt;</a>&nbsp;&nbsp;&nbsp;FsmProcessingLaunch
<LI><a href="#[1]">&gt;&gt;</a>&nbsp;&nbsp;&nbsp;fsm_timer_init
<LI><a href="#[28c]">&gt;&gt;</a>&nbsp;&nbsp;&nbsp;ihu_vmmw_gprsmod_tcp_text_data_transmit_with_receive
<LI><a href="#[287]">&gt;&gt;</a>&nbsp;&nbsp;&nbsp;ihu_vmmw_gprsmod_http_data_transmit_with_receive
<LI><a href="#[289]">&gt;&gt;</a>&nbsp;&nbsp;&nbsp;ihu_vmmw_blemod_hc05_uart_fetch_mac_addr_in_AT_cmd_mode
<LI><a href="#[36]">&gt;&gt;</a>&nbsp;&nbsp;&nbsp;fsm_spsvirgo_l2frame_rcv
<LI><a href="#[38]">&gt;&gt;</a>&nbsp;&nbsp;&nbsp;fsm_spsvirgo_ccl_sensor_status_req
<LI><a href="#[37]">&gt;&gt;</a>&nbsp;&nbsp;&nbsp;fsm_spsvirgo_ccl_open_auth_inq
<LI><a href="#[3a]">&gt;&gt;</a>&nbsp;&nbsp;&nbsp;fsm_spsvirgo_ccl_fault_report_send
<LI><a href="#[39]">&gt;&gt;</a>&nbsp;&nbsp;&nbsp;fsm_spsvirgo_ccl_event_report_send
<LI><a href="#[3b]">&gt;&gt;</a>&nbsp;&nbsp;&nbsp;fsm_spsvirgo_ccl_close_door_report_send
<LI><a href="#[1f]">&gt;&gt;</a>&nbsp;&nbsp;&nbsp;fsm_i2caries_ccl_sensor_status_req
<LI><a href="#[17]">&gt;&gt;</a>&nbsp;&nbsp;&nbsp;fsm_didocap_ccl_sensor_status_req
<LI><a href="#[288]">&gt;&gt;</a>&nbsp;&nbsp;&nbsp;func_cloud_standard_xml_unpack
<LI><a href="#[286]">&gt;&gt;</a>&nbsp;&nbsp;&nbsp;func_cloud_standard_xml_pack
<LI><a href="#[54]">&gt;&gt;</a>&nbsp;&nbsp;&nbsp;USBH_AUDIO_InterfaceInit
<LI><a href="#[267]">&gt;&gt;</a>&nbsp;&nbsp;&nbsp;func_ccl_time_out_lock_work_active
<LI><a href="#[49]">&gt;&gt;</a>&nbsp;&nbsp;&nbsp;fsm_ccl_sps_sensor_status_resp
<LI><a href="#[4a]">&gt;&gt;</a>&nbsp;&nbsp;&nbsp;fsm_ccl_i2c_sensor_status_resp
<LI><a href="#[4d]">&gt;&gt;</a>&nbsp;&nbsp;&nbsp;fsm_ccl_hand_active_trigger_to_work
<LI><a href="#[52]">&gt;&gt;</a>&nbsp;&nbsp;&nbsp;fsm_ccl_fault_state_trigger
<LI><a href="#[48]">&gt;&gt;</a>&nbsp;&nbsp;&nbsp;fsm_ccl_dido_sensor_status_resp
<LI><a href="#[4b]">&gt;&gt;</a>&nbsp;&nbsp;&nbsp;fsm_ccl_dcmi_sensor_status_resp
<LI><a href="#[41]">&gt;&gt;</a>&nbsp;&nbsp;&nbsp;fsm_dcmiaris_ccl_sensor_status_req
<LI><a href="#[23a]">&gt;&gt;</a>&nbsp;&nbsp;&nbsp;USBH_PTP_SendRequest
<LI><a href="#[63]">&gt;&gt;</a>&nbsp;&nbsp;&nbsp;USBH_MSC_InterfaceInit
</UL>

<P><STRONG><a name="[398]"></a>__aeabi_memclr8</STRONG> (Thumb, 0 bytes, Stack size 0 bytes, memseta.o(.text), UNUSED)

<P><STRONG><a name="[e4]"></a>_memset$wrapper</STRONG> (Thumb, 18 bytes, Stack size 8 bytes, memseta.o(.text), UNUSED)
<BR><BR>[Calls]<UL><LI><a href="#[e3]">&gt;&gt;</a>&nbsp;&nbsp;&nbsp;__aeabi_memset
</UL>

<P><STRONG><a name="[1ab]"></a>strcat</STRONG> (Thumb, 24 bytes, Stack size 0 bytes, strcat.o(.text))
<BR><BR>[Called By]<UL><LI><a href="#[112]">&gt;&gt;</a>&nbsp;&nbsp;&nbsp;IhuDebugPrintId
<LI><a href="#[32f]">&gt;&gt;</a>&nbsp;&nbsp;&nbsp;ihu_timerid_to_string
<LI><a href="#[32d]">&gt;&gt;</a>&nbsp;&nbsp;&nbsp;ihu_taskid_to_string
<LI><a href="#[32e]">&gt;&gt;</a>&nbsp;&nbsp;&nbsp;ihu_msgid_to_string
<LI><a href="#[28c]">&gt;&gt;</a>&nbsp;&nbsp;&nbsp;ihu_vmmw_gprsmod_tcp_text_data_transmit_with_receive
<LI><a href="#[287]">&gt;&gt;</a>&nbsp;&nbsp;&nbsp;ihu_vmmw_gprsmod_http_data_transmit_with_receive
<LI><a href="#[286]">&gt;&gt;</a>&nbsp;&nbsp;&nbsp;func_cloud_standard_xml_pack
</UL>

<P><STRONG><a name="[29b]"></a>strstr</STRONG> (Thumb, 36 bytes, Stack size 12 bytes, strstr.o(.text))
<BR><BR>[Stack]<UL><LI>Max Depth = 12<LI>Call Chain = strstr
</UL>
<BR>[Called By]<UL><LI><a href="#[28c]">&gt;&gt;</a>&nbsp;&nbsp;&nbsp;ihu_vmmw_gprsmod_tcp_text_data_transmit_with_receive
<LI><a href="#[287]">&gt;&gt;</a>&nbsp;&nbsp;&nbsp;ihu_vmmw_gprsmod_http_data_transmit_with_receive
<LI><a href="#[327]">&gt;&gt;</a>&nbsp;&nbsp;&nbsp;ihu_vmmw_gprsmod_get_rssi_value
<LI><a href="#[2e1]">&gt;&gt;</a>&nbsp;&nbsp;&nbsp;func_gprsmod_wait_AT_command_fb
<LI><a href="#[2e0]">&gt;&gt;</a>&nbsp;&nbsp;&nbsp;func_gprsmod_setup_gprs_session_connection
<LI><a href="#[2d9]">&gt;&gt;</a>&nbsp;&nbsp;&nbsp;func_gprsmod_send_AT_command
<LI><a href="#[2dc]">&gt;&gt;</a>&nbsp;&nbsp;&nbsp;func_gprsmod_module_info_retrieve
<LI><a href="#[2da]">&gt;&gt;</a>&nbsp;&nbsp;&nbsp;func_gprsmod_gsm_info_retrieve
<LI><a href="#[289]">&gt;&gt;</a>&nbsp;&nbsp;&nbsp;ihu_vmmw_blemod_hc05_uart_fetch_mac_addr_in_AT_cmd_mode
<LI><a href="#[297]">&gt;&gt;</a>&nbsp;&nbsp;&nbsp;func_blemod_uart_send_AT_command
<LI><a href="#[288]">&gt;&gt;</a>&nbsp;&nbsp;&nbsp;func_cloud_standard_xml_unpack
</UL>

<P><STRONG><a name="[2d2]"></a>strncpy</STRONG> (Thumb, 24 bytes, Stack size 8 bytes, strncpy.o(.text))
<BR><BR>[Stack]<UL><LI>Max Depth = 8<LI>Call Chain = strncpy
</UL>
<BR>[Called By]<UL><LI><a href="#[337]">&gt;&gt;</a>&nbsp;&nbsp;&nbsp;ihu_vm_system_ctr_table_init
<LI><a href="#[32f]">&gt;&gt;</a>&nbsp;&nbsp;&nbsp;ihu_timerid_to_string
<LI><a href="#[32d]">&gt;&gt;</a>&nbsp;&nbsp;&nbsp;ihu_taskid_to_string
<LI><a href="#[32e]">&gt;&gt;</a>&nbsp;&nbsp;&nbsp;ihu_msgid_to_string
<LI><a href="#[327]">&gt;&gt;</a>&nbsp;&nbsp;&nbsp;ihu_vmmw_gprsmod_get_rssi_value
<LI><a href="#[2dc]">&gt;&gt;</a>&nbsp;&nbsp;&nbsp;func_gprsmod_module_info_retrieve
<LI><a href="#[2da]">&gt;&gt;</a>&nbsp;&nbsp;&nbsp;func_gprsmod_gsm_info_retrieve
<LI><a href="#[289]">&gt;&gt;</a>&nbsp;&nbsp;&nbsp;ihu_vmmw_blemod_hc05_uart_fetch_mac_addr_in_AT_cmd_mode
<LI><a href="#[288]">&gt;&gt;</a>&nbsp;&nbsp;&nbsp;func_cloud_standard_xml_unpack
</UL>

<P><STRONG><a name="[1a5]"></a>strlen</STRONG> (Thumb, 14 bytes, Stack size 0 bytes, strlen.o(.text))
<BR><BR>[Called By]<UL><LI><a href="#[113]">&gt;&gt;</a>&nbsp;&nbsp;&nbsp;IhuDebugPrintFo
<LI><a href="#[1a8]">&gt;&gt;</a>&nbsp;&nbsp;&nbsp;ihu_bsp_stm32_sps_print_send_data
<LI><a href="#[32f]">&gt;&gt;</a>&nbsp;&nbsp;&nbsp;ihu_timerid_to_string
<LI><a href="#[32d]">&gt;&gt;</a>&nbsp;&nbsp;&nbsp;ihu_taskid_to_string
<LI><a href="#[32e]">&gt;&gt;</a>&nbsp;&nbsp;&nbsp;ihu_msgid_to_string
<LI><a href="#[114]">&gt;&gt;</a>&nbsp;&nbsp;&nbsp;IhuErrorPrintFo
<LI><a href="#[2d9]">&gt;&gt;</a>&nbsp;&nbsp;&nbsp;func_gprsmod_send_AT_command
<LI><a href="#[297]">&gt;&gt;</a>&nbsp;&nbsp;&nbsp;func_blemod_uart_send_AT_command
<LI><a href="#[286]">&gt;&gt;</a>&nbsp;&nbsp;&nbsp;func_cloud_standard_xml_pack
</UL>

<P><STRONG><a name="[2d3]"></a>strcmp</STRONG> (Thumb, 28 bytes, Stack size 8 bytes, strcmp.o(.text))
<BR><BR>[Stack]<UL><LI>Max Depth = 8<LI>Call Chain = strcmp
</UL>
<BR>[Called By]<UL><LI><a href="#[288]">&gt;&gt;</a>&nbsp;&nbsp;&nbsp;func_cloud_standard_xml_unpack
</UL>

<P><STRONG><a name="[33f]"></a>memcmp</STRONG> (Thumb, 26 bytes, Stack size 12 bytes, memcmp.o(.text))
<BR><BR>[Stack]<UL><LI>Max Depth = 12<LI>Call Chain = memcmp
</UL>
<BR>[Called By]<UL><LI><a href="#[28a]">&gt;&gt;</a>&nbsp;&nbsp;&nbsp;ihu_vmmw_rfidmod_mf522_spi_read_id
</UL>

<P><STRONG><a name="[1a6]"></a>strncat</STRONG> (Thumb, 40 bytes, Stack size 8 bytes, strncat.o(.text))
<BR><BR>[Stack]<UL><LI>Max Depth = 8<LI>Call Chain = strncat
</UL>
<BR>[Called By]<UL><LI><a href="#[113]">&gt;&gt;</a>&nbsp;&nbsp;&nbsp;IhuDebugPrintFo
<LI><a href="#[114]">&gt;&gt;</a>&nbsp;&nbsp;&nbsp;IhuErrorPrintFo
</UL>

<P><STRONG><a name="[339]"></a>strcpy</STRONG> (Thumb, 18 bytes, Stack size 0 bytes, strcpy.o(.text))
<BR><BR>[Called By]<UL><LI><a href="#[337]">&gt;&gt;</a>&nbsp;&nbsp;&nbsp;ihu_vm_system_ctr_table_init
<LI><a href="#[28c]">&gt;&gt;</a>&nbsp;&nbsp;&nbsp;ihu_vmmw_gprsmod_tcp_text_data_transmit_with_receive
<LI><a href="#[287]">&gt;&gt;</a>&nbsp;&nbsp;&nbsp;ihu_vmmw_gprsmod_http_data_transmit_with_receive
</UL>

<P><STRONG><a name="[32a]"></a>strerror</STRONG> (Thumb, 40 bytes, Stack size 0 bytes, strerror.o(.text))
<BR><BR>[Called By]<UL><LI><a href="#[19b]">&gt;&gt;</a>&nbsp;&nbsp;&nbsp;ihu_message_send
<LI><a href="#[333]">&gt;&gt;</a>&nbsp;&nbsp;&nbsp;ihu_task_create
<LI><a href="#[11b]">&gt;&gt;</a>&nbsp;&nbsp;&nbsp;ihu_message_rcv
<LI><a href="#[328]">&gt;&gt;</a>&nbsp;&nbsp;&nbsp;ihu_message_queue_create
</UL>

<P><STRONG><a name="[e5]"></a>strtol</STRONG> (Thumb, 112 bytes, Stack size 32 bytes, strtol.o(.text))
<BR><BR>[Stack]<UL><LI>Max Depth = 72<LI>Call Chain = strtol &rArr; _strtoul
</UL>
<BR>[Calls]<UL><LI><a href="#[e7]">&gt;&gt;</a>&nbsp;&nbsp;&nbsp;_strtoul
<LI><a href="#[e6]">&gt;&gt;</a>&nbsp;&nbsp;&nbsp;__rt_ctype_table
<LI><a href="#[e8]">&gt;&gt;</a>&nbsp;&nbsp;&nbsp;__aeabi_errno_addr
</UL>
<BR>[Called By]<UL><LI><a href="#[327]">&gt;&gt;</a>&nbsp;&nbsp;&nbsp;ihu_vmmw_gprsmod_get_rssi_value
</UL>

<P><STRONG><a name="[e9]"></a>strtoul</STRONG> (Thumb, 114 bytes, Stack size 40 bytes, strtoul.o(.text))
<BR><BR>[Stack]<UL><LI>Max Depth = 80<LI>Call Chain = strtoul &rArr; _strtoul
</UL>
<BR>[Calls]<UL><LI><a href="#[e7]">&gt;&gt;</a>&nbsp;&nbsp;&nbsp;_strtoul
<LI><a href="#[e6]">&gt;&gt;</a>&nbsp;&nbsp;&nbsp;__rt_ctype_table
<LI><a href="#[e8]">&gt;&gt;</a>&nbsp;&nbsp;&nbsp;__aeabi_errno_addr
</UL>
<BR>[Called By]<UL><LI><a href="#[289]">&gt;&gt;</a>&nbsp;&nbsp;&nbsp;ihu_vmmw_blemod_hc05_uart_fetch_mac_addr_in_AT_cmd_mode
<LI><a href="#[288]">&gt;&gt;</a>&nbsp;&nbsp;&nbsp;func_cloud_standard_xml_unpack
</UL>

<P><STRONG><a name="[ea]"></a>__aeabi_fadd</STRONG> (Thumb, 164 bytes, Stack size 16 bytes, fadd.o(.text))
<BR><BR>[Stack]<UL><LI>Max Depth = 20<LI>Call Chain = __aeabi_fadd &rArr; _float_epilogue
</UL>
<BR>[Calls]<UL><LI><a href="#[ec]">&gt;&gt;</a>&nbsp;&nbsp;&nbsp;_float_round
<LI><a href="#[eb]">&gt;&gt;</a>&nbsp;&nbsp;&nbsp;_float_epilogue
</UL>
<BR>[Called By]<UL><LI><a href="#[ed]">&gt;&gt;</a>&nbsp;&nbsp;&nbsp;__aeabi_fsub
<LI><a href="#[33b]">&gt;&gt;</a>&nbsp;&nbsp;&nbsp;ihu_vmmw_navig_mpu6050_angle_caculate_by_acc_xyz
<LI><a href="#[327]">&gt;&gt;</a>&nbsp;&nbsp;&nbsp;ihu_vmmw_gprsmod_get_rssi_value
<LI><a href="#[ee]">&gt;&gt;</a>&nbsp;&nbsp;&nbsp;__aeabi_frsub
</UL>

<P><STRONG><a name="[ed]"></a>__aeabi_fsub</STRONG> (Thumb, 6 bytes, Stack size 0 bytes, fadd.o(.text), UNUSED)
<BR><BR>[Calls]<UL><LI><a href="#[ea]">&gt;&gt;</a>&nbsp;&nbsp;&nbsp;__aeabi_fadd
</UL>

<P><STRONG><a name="[ee]"></a>__aeabi_frsub</STRONG> (Thumb, 6 bytes, Stack size 0 bytes, fadd.o(.text), UNUSED)
<BR><BR>[Calls]<UL><LI><a href="#[ea]">&gt;&gt;</a>&nbsp;&nbsp;&nbsp;__aeabi_fadd
</UL>

<P><STRONG><a name="[279]"></a>__aeabi_fmul</STRONG> (Thumb, 100 bytes, Stack size 8 bytes, fmul.o(.text))
<BR><BR>[Stack]<UL><LI>Max Depth = 8<LI>Call Chain = __aeabi_fmul
</UL>
<BR>[Called By]<UL><LI><a href="#[318]">&gt;&gt;</a>&nbsp;&nbsp;&nbsp;ihu_bsp_stm32_adc1_ccl_get_battery_value
<LI><a href="#[321]">&gt;&gt;</a>&nbsp;&nbsp;&nbsp;ihu_bsp_stm32_dido_f2board_dht11_temp_read
<LI><a href="#[31f]">&gt;&gt;</a>&nbsp;&nbsp;&nbsp;ihu_bsp_stm32_dido_f2board_dht11_humid_read
<LI><a href="#[33b]">&gt;&gt;</a>&nbsp;&nbsp;&nbsp;ihu_vmmw_navig_mpu6050_angle_caculate_by_acc_xyz
<LI><a href="#[327]">&gt;&gt;</a>&nbsp;&nbsp;&nbsp;ihu_vmmw_gprsmod_get_rssi_value
<LI><a href="#[1f]">&gt;&gt;</a>&nbsp;&nbsp;&nbsp;fsm_i2caries_ccl_sensor_status_req
</UL>

<P><STRONG><a name="[ef]"></a>__aeabi_fdiv</STRONG> (Thumb, 124 bytes, Stack size 8 bytes, fdiv.o(.text))
<BR><BR>[Stack]<UL><LI>Max Depth = 8<LI>Call Chain = __aeabi_fdiv
</UL>
<BR>[Calls]<UL><LI><a href="#[ec]">&gt;&gt;</a>&nbsp;&nbsp;&nbsp;_float_round
</UL>
<BR>[Called By]<UL><LI><a href="#[318]">&gt;&gt;</a>&nbsp;&nbsp;&nbsp;ihu_bsp_stm32_adc1_ccl_get_battery_value
<LI><a href="#[2a0]">&gt;&gt;</a>&nbsp;&nbsp;&nbsp;func_bsp_stm32_dido_dht11_read_temp_and_humidity
</UL>

<P><STRONG><a name="[f0]"></a>__aeabi_dadd</STRONG> (Thumb, 322 bytes, Stack size 48 bytes, dadd.o(.text))
<BR><BR>[Stack]<UL><LI>Max Depth = 88<LI>Call Chain = __aeabi_dadd &rArr; _double_epilogue &rArr; _double_round
</UL>
<BR>[Calls]<UL><LI><a href="#[f2]">&gt;&gt;</a>&nbsp;&nbsp;&nbsp;__aeabi_lasr
<LI><a href="#[f1]">&gt;&gt;</a>&nbsp;&nbsp;&nbsp;__aeabi_llsl
<LI><a href="#[f4]">&gt;&gt;</a>&nbsp;&nbsp;&nbsp;_double_round
<LI><a href="#[f3]">&gt;&gt;</a>&nbsp;&nbsp;&nbsp;_double_epilogue
</UL>
<BR>[Called By]<UL><LI><a href="#[f5]">&gt;&gt;</a>&nbsp;&nbsp;&nbsp;__aeabi_dsub
<LI><a href="#[278]">&gt;&gt;</a>&nbsp;&nbsp;&nbsp;ihu_wmmw_navig_mpu6050_axis_z_angle_caculate_by_static_method
<LI><a href="#[24f]">&gt;&gt;</a>&nbsp;&nbsp;&nbsp;_fp_digits
<LI><a href="#[254]">&gt;&gt;</a>&nbsp;&nbsp;&nbsp;atan
<LI><a href="#[f6]">&gt;&gt;</a>&nbsp;&nbsp;&nbsp;__aeabi_drsub
<LI><a href="#[24b]">&gt;&gt;</a>&nbsp;&nbsp;&nbsp;__kernel_poly
</UL>

<P><STRONG><a name="[f5]"></a>__aeabi_dsub</STRONG> (Thumb, 6 bytes, Stack size 0 bytes, dadd.o(.text))
<BR><BR>[Stack]<UL><LI>Max Depth = 88<LI>Call Chain = __aeabi_dsub &rArr; __aeabi_dadd &rArr; _double_epilogue &rArr; _double_round
</UL>
<BR>[Calls]<UL><LI><a href="#[f0]">&gt;&gt;</a>&nbsp;&nbsp;&nbsp;__aeabi_dadd
</UL>
<BR>[Called By]<UL><LI><a href="#[254]">&gt;&gt;</a>&nbsp;&nbsp;&nbsp;atan
</UL>

<P><STRONG><a name="[f6]"></a>__aeabi_drsub</STRONG> (Thumb, 6 bytes, Stack size 0 bytes, dadd.o(.text))
<BR><BR>[Stack]<UL><LI>Max Depth = 88<LI>Call Chain = __aeabi_drsub &rArr; __aeabi_dadd &rArr; _double_epilogue &rArr; _double_round
</UL>
<BR>[Calls]<UL><LI><a href="#[f0]">&gt;&gt;</a>&nbsp;&nbsp;&nbsp;__aeabi_dadd
</UL>
<BR>[Called By]<UL><LI><a href="#[254]">&gt;&gt;</a>&nbsp;&nbsp;&nbsp;atan
</UL>

<P><STRONG><a name="[f7]"></a>__aeabi_dmul</STRONG> (Thumb, 228 bytes, Stack size 48 bytes, dmul.o(.text))
<BR><BR>[Stack]<UL><LI>Max Depth = 88<LI>Call Chain = __aeabi_dmul &rArr; _double_epilogue &rArr; _double_round
</UL>
<BR>[Calls]<UL><LI><a href="#[f3]">&gt;&gt;</a>&nbsp;&nbsp;&nbsp;_double_epilogue
</UL>
<BR>[Called By]<UL><LI><a href="#[24f]">&gt;&gt;</a>&nbsp;&nbsp;&nbsp;_fp_digits
<LI><a href="#[254]">&gt;&gt;</a>&nbsp;&nbsp;&nbsp;atan
<LI><a href="#[24b]">&gt;&gt;</a>&nbsp;&nbsp;&nbsp;__kernel_poly
</UL>

<P><STRONG><a name="[f8]"></a>__aeabi_ddiv</STRONG> (Thumb, 222 bytes, Stack size 32 bytes, ddiv.o(.text))
<BR><BR>[Stack]<UL><LI>Max Depth = 40<LI>Call Chain = __aeabi_ddiv &rArr; _double_round
</UL>
<BR>[Calls]<UL><LI><a href="#[f4]">&gt;&gt;</a>&nbsp;&nbsp;&nbsp;_double_round
</UL>
<BR>[Called By]<UL><LI><a href="#[278]">&gt;&gt;</a>&nbsp;&nbsp;&nbsp;ihu_wmmw_navig_mpu6050_axis_z_angle_caculate_by_static_method
<LI><a href="#[33b]">&gt;&gt;</a>&nbsp;&nbsp;&nbsp;ihu_vmmw_navig_mpu6050_angle_caculate_by_acc_xyz
<LI><a href="#[1f]">&gt;&gt;</a>&nbsp;&nbsp;&nbsp;fsm_i2caries_ccl_sensor_status_req
<LI><a href="#[24f]">&gt;&gt;</a>&nbsp;&nbsp;&nbsp;_fp_digits
<LI><a href="#[254]">&gt;&gt;</a>&nbsp;&nbsp;&nbsp;atan
</UL>

<P><STRONG><a name="[24d]"></a>__ARM_scalbn</STRONG> (Thumb, 46 bytes, Stack size 16 bytes, dscalb.o(.text))
<BR><BR>[Stack]<UL><LI>Max Depth = 16<LI>Call Chain = __ARM_scalbn
</UL>
<BR>[Called By]<UL><LI><a href="#[254]">&gt;&gt;</a>&nbsp;&nbsp;&nbsp;atan
<LI><a href="#[24e]">&gt;&gt;</a>&nbsp;&nbsp;&nbsp;__mathlib_dbl_underflow
<LI><a href="#[24c]">&gt;&gt;</a>&nbsp;&nbsp;&nbsp;__mathlib_dbl_infnan
</UL>

<P><STRONG><a name="[399]"></a>scalbn</STRONG> (Thumb, 0 bytes, Stack size 16 bytes, dscalb.o(.text), UNUSED)

<P><STRONG><a name="[f9]"></a>__aeabi_i2f</STRONG> (Thumb, 18 bytes, Stack size 0 bytes, fflti.o(.text))
<BR><BR>[Stack]<UL><LI>Max Depth = 4<LI>Call Chain = __aeabi_i2f &rArr; _float_epilogue
</UL>
<BR>[Calls]<UL><LI><a href="#[eb]">&gt;&gt;</a>&nbsp;&nbsp;&nbsp;_float_epilogue
</UL>
<BR>[Called By]<UL><LI><a href="#[327]">&gt;&gt;</a>&nbsp;&nbsp;&nbsp;ihu_vmmw_gprsmod_get_rssi_value
</UL>

<P><STRONG><a name="[fa]"></a>__aeabi_ui2f</STRONG> (Thumb, 10 bytes, Stack size 0 bytes, ffltui.o(.text))
<BR><BR>[Stack]<UL><LI>Max Depth = 4<LI>Call Chain = __aeabi_ui2f &rArr; _float_epilogue
</UL>
<BR>[Calls]<UL><LI><a href="#[eb]">&gt;&gt;</a>&nbsp;&nbsp;&nbsp;_float_epilogue
</UL>
<BR>[Called By]<UL><LI><a href="#[318]">&gt;&gt;</a>&nbsp;&nbsp;&nbsp;ihu_bsp_stm32_adc1_ccl_get_battery_value
<LI><a href="#[2a0]">&gt;&gt;</a>&nbsp;&nbsp;&nbsp;func_bsp_stm32_dido_dht11_read_temp_and_humidity
</UL>

<P><STRONG><a name="[fb]"></a>__aeabi_i2d</STRONG> (Thumb, 34 bytes, Stack size 16 bytes, dflti.o(.text))
<BR><BR>[Stack]<UL><LI>Max Depth = 56<LI>Call Chain = __aeabi_i2d &rArr; _double_epilogue &rArr; _double_round
</UL>
<BR>[Calls]<UL><LI><a href="#[f3]">&gt;&gt;</a>&nbsp;&nbsp;&nbsp;_double_epilogue
</UL>
<BR>[Called By]<UL><LI><a href="#[278]">&gt;&gt;</a>&nbsp;&nbsp;&nbsp;ihu_wmmw_navig_mpu6050_axis_z_angle_caculate_by_static_method
<LI><a href="#[1f]">&gt;&gt;</a>&nbsp;&nbsp;&nbsp;fsm_i2caries_ccl_sensor_status_req
</UL>

<P><STRONG><a name="[31b]"></a>__aeabi_f2iz</STRONG> (Thumb, 50 bytes, Stack size 0 bytes, ffixi.o(.text))
<BR><BR>[Called By]<UL><LI><a href="#[318]">&gt;&gt;</a>&nbsp;&nbsp;&nbsp;ihu_bsp_stm32_adc1_ccl_get_battery_value
<LI><a href="#[321]">&gt;&gt;</a>&nbsp;&nbsp;&nbsp;ihu_bsp_stm32_dido_f2board_dht11_temp_read
<LI><a href="#[31f]">&gt;&gt;</a>&nbsp;&nbsp;&nbsp;ihu_bsp_stm32_dido_f2board_dht11_humid_read
<LI><a href="#[327]">&gt;&gt;</a>&nbsp;&nbsp;&nbsp;ihu_vmmw_gprsmod_get_rssi_value
</UL>

<P><STRONG><a name="[27a]"></a>__aeabi_f2uiz</STRONG> (Thumb, 40 bytes, Stack size 0 bytes, ffixui.o(.text))
<BR><BR>[Called By]<UL><LI><a href="#[1f]">&gt;&gt;</a>&nbsp;&nbsp;&nbsp;fsm_i2caries_ccl_sensor_status_req
</UL>

<P><STRONG><a name="[320]"></a>__aeabi_f2d</STRONG> (Thumb, 38 bytes, Stack size 0 bytes, f2d.o(.text))
<BR><BR>[Called By]<UL><LI><a href="#[321]">&gt;&gt;</a>&nbsp;&nbsp;&nbsp;ihu_bsp_stm32_dido_f2board_dht11_temp_read
<LI><a href="#[31f]">&gt;&gt;</a>&nbsp;&nbsp;&nbsp;ihu_bsp_stm32_dido_f2board_dht11_humid_read
<LI><a href="#[278]">&gt;&gt;</a>&nbsp;&nbsp;&nbsp;ihu_wmmw_navig_mpu6050_axis_z_angle_caculate_by_static_method
<LI><a href="#[33b]">&gt;&gt;</a>&nbsp;&nbsp;&nbsp;ihu_vmmw_navig_mpu6050_angle_caculate_by_acc_xyz
</UL>

<P><STRONG><a name="[33d]"></a>__aeabi_cdcmpeq</STRONG> (Thumb, 0 bytes, Stack size 0 bytes, cdcmple.o(.text))
<BR><BR>[Called By]<UL><LI><a href="#[33b]">&gt;&gt;</a>&nbsp;&nbsp;&nbsp;ihu_vmmw_navig_mpu6050_angle_caculate_by_acc_xyz
</UL>

<P><STRONG><a name="[39a]"></a>__aeabi_cdcmple</STRONG> (Thumb, 48 bytes, Stack size 0 bytes, cdcmple.o(.text), UNUSED)

<P><STRONG><a name="[fc]"></a>__aeabi_d2f</STRONG> (Thumb, 56 bytes, Stack size 8 bytes, d2f.o(.text))
<BR><BR>[Stack]<UL><LI>Max Depth = 8<LI>Call Chain = __aeabi_d2f
</UL>
<BR>[Calls]<UL><LI><a href="#[ec]">&gt;&gt;</a>&nbsp;&nbsp;&nbsp;_float_round
</UL>
<BR>[Called By]<UL><LI><a href="#[278]">&gt;&gt;</a>&nbsp;&nbsp;&nbsp;ihu_wmmw_navig_mpu6050_axis_z_angle_caculate_by_static_method
<LI><a href="#[33b]">&gt;&gt;</a>&nbsp;&nbsp;&nbsp;ihu_vmmw_navig_mpu6050_angle_caculate_by_acc_xyz
</UL>

[...]
</UL>
<BR>[Address Reference Count : 1]<UL><LI> usbh_mtp.o(.data)
</UL>
<P><STRONG><a name="[231]"></a>USBH_MTP_Events</STRONG> (Thumb, 146 bytes, Stack size 24 bytes, usbh_mtp.o(i.USBH_MTP_Events))
<BR><BR>[Stack]<UL><LI>Max Depth = 172<LI>Call Chain = USBH_MTP_Events &rArr; USBH_InterruptReceiveData &rArr; USBH_LL_SubmitURB &rArr; HAL_HCD_HC_SubmitRequest &rArr; USB_HC_StartXfer &rArr; USB_WritePacket
</UL>
<BR>[Calls]<UL><LI><a href="#[108]">&gt;&gt;</a>&nbsp;&nbsp;&nbsp;USBH_LL_GetURBState
<LI><a href="#[1ac]">&gt;&gt;</a>&nbsp;&nbsp;&nbsp;MTP_DecodeEvent
<LI><a href="#[1e5]">&gt;&gt;</a>&nbsp;&nbsp;&nbsp;USBH_InterruptReceiveData
</UL>
<BR>[Called By]<UL><LI><a href="#[61]">&gt;&gt;</a>&nbsp;&nbsp;&nbsp;USBH_MTP_Process
</UL>

<P><STRONG><a name="[5f]"></a>USBH_MTP_InterfaceDeInit</STRONG> (Thumb, 118 bytes, Stack size 16 bytes, usbh_mtp.o(i.USBH_MTP_InterfaceDeInit))
<BR><BR>[Stack]<UL><LI>Max Depth = 48<LI>Call Chain = USBH_MTP_InterfaceDeInit &rArr; USBH_ClosePipe &rArr; USBH_LL_ClosePipe &rArr; HAL_HCD_HC_Halt &rArr; USB_HC_Halt
</UL>
<BR>[Calls]<UL><LI><a href="#[1ea]">&gt;&gt;</a>&nbsp;&nbsp;&nbsp;USBH_FreePipe
<LI><a href="#[1e9]">&gt;&gt;</a>&nbsp;&nbsp;&nbsp;USBH_ClosePipe
<LI><a href="#[1eb]">&gt;&gt;</a>&nbsp;&nbsp;&nbsp;free
</UL>
<BR>[Address Reference Count : 1]<UL><LI> usbh_mtp.o(.data)
</UL>
<P><STRONG><a name="[5e]"></a>USBH_MTP_InterfaceInit</STRONG> (Thumb, 316 bytes, Stack size 40 bytes, usbh_mtp.o(i.USBH_MTP_InterfaceInit))
<BR><BR>[Stack]<UL><LI>Max Depth = 160<LI>Call Chain = USBH_MTP_InterfaceInit &rArr; USBH_OpenPipe &rArr; USBH_LL_OpenPipe &rArr; HAL_HCD_HC_Init &rArr; USB_HC_Init
</UL>
<BR>[Calls]<UL><LI><a href="#[1f2]">&gt;&gt;</a>&nbsp;&nbsp;&nbsp;USBH_LL_SetToggle
<LI><a href="#[234]">&gt;&gt;</a>&nbsp;&nbsp;&nbsp;MTP_FindDataOutEndpoint
<LI><a href="#[233]">&gt;&gt;</a>&nbsp;&nbsp;&nbsp;MTP_FindDataInEndpoint
<LI><a href="#[232]">&gt;&gt;</a>&nbsp;&nbsp;&nbsp;MTP_FindCtlEndpoint
<LI><a href="#[1ff]">&gt;&gt;</a>&nbsp;&nbsp;&nbsp;USBH_SelectInterface
<LI><a href="#[1f1]">&gt;&gt;</a>&nbsp;&nbsp;&nbsp;USBH_OpenPipe
<LI><a href="#[1e8]">&gt;&gt;</a>&nbsp;&nbsp;&nbsp;USBH_FindInterface
<LI><a href="#[1f0]">&gt;&gt;</a>&nbsp;&nbsp;&nbsp;USBH_AllocPipe
<LI><a href="#[235]">&gt;&gt;</a>&nbsp;&nbsp;&nbsp;USBH_PTP_Init
<LI><a href="#[1ec]">&gt;&gt;</a>&nbsp;&nbsp;&nbsp;malloc
</UL>
<BR>[Address Reference Count : 1]<UL><LI> usbh_mtp.o(.data)
</UL>
<P><STRONG><a name="[61]"></a>USBH_MTP_Process</STRONG> (Thumb, 300 bytes, Stack size 32 bytes, usbh_mtp.o(i.USBH_MTP_Process))
<BR><BR>[Stack]<UL><LI>Max Depth = 324<LI>Call Chain = USBH_MTP_Process &rArr; USBH_PTP_GetStorageInfo &rArr; USBH_PTP_Process &rArr; USBH_BulkSendData &rArr; USBH_LL_SubmitURB &rArr; HAL_HCD_HC_SubmitRequest &rArr; USB_HC_StartXfer &rArr; USB_WritePacket
</UL>
<BR>[Calls]<UL><LI><a href="#[10c]">&gt;&gt;</a>&nbsp;&nbsp;&nbsp;osMessagePut
<LI><a href="#[1d6]">&gt;&gt;</a>&nbsp;&nbsp;&nbsp;osDelay
<LI><a href="#[231]">&gt;&gt;</a>&nbsp;&nbsp;&nbsp;USBH_MTP_Events
<LI><a href="#[236]">&gt;&gt;</a>&nbsp;&nbsp;&nbsp;USBH_PTP_OpenSession
<LI><a href="#[239]">&gt;&gt;</a>&nbsp;&nbsp;&nbsp;USBH_PTP_GetStorageInfo
<LI><a href="#[238]">&gt;&gt;</a>&nbsp;&nbsp;&nbsp;USBH_PTP_GetStorageIds
<LI><a href="#[237]">&gt;&gt;</a>&nbsp;&nbsp;&nbsp;USBH_PTP_GetDeviceInfo
</UL>
<BR>[Address Reference Count : 1]<UL><LI> usbh_mtp.o(.data)
</UL>
<P><STRONG><a name="[62]"></a>USBH_MTP_SOFProcess</STRONG> (Thumb, 4 bytes, Stack size 0 bytes, usbh_mtp.o(i.USBH_MTP_SOFProcess))
<BR>[Address Reference Count : 1]<UL><LI> usbh_mtp.o(.data)
</UL>
<P><STRONG><a name="[226]"></a>USBH_MSC_BOT_Abort</STRONG> (Thumb, 36 bytes, Stack size 0 bytes, usbh_msc_bot.o(i.USBH_MSC_BOT_Abort))
<BR><BR>[Stack]<UL><LI>Max Depth = 204<LI>Call Chain = USBH_MSC_BOT_Abort &rArr; USBH_ClrFeature &rArr; USBH_CtlReq &rArr; USBH_HandleControl &rArr; USBH_CtlSendSetup &rArr; USBH_LL_SubmitURB &rArr; HAL_HCD_HC_SubmitRequest &rArr; USB_HC_StartXfer &rArr; USB_WritePacket
</UL>
<BR>[Calls]<UL><LI><a href="#[201]">&gt;&gt;</a>&nbsp;&nbsp;&nbsp;USBH_ClrFeature
</UL>
<BR>[Called By]<UL><LI><a href="#[227]">&gt;&gt;</a>&nbsp;&nbsp;&nbsp;USBH_MSC_BOT_Process
</UL>

<P><STRONG><a name="[228]"></a>USBH_MSC_DecodeCSW</STRONG> (Thumb, 70 bytes, Stack size 16 bytes, usbh_msc_bot.o(i.USBH_MSC_DecodeCSW))
<BR><BR>[Stack]<UL><LI>Max Depth = 16<LI>Call Chain = USBH_MSC_DecodeCSW
</UL>
<BR>[Calls]<UL><LI><a href="#[109]">&gt;&gt;</a>&nbsp;&nbsp;&nbsp;USBH_LL_GetLastXferSize
</UL>
<BR>[Called By]<UL><LI><a href="#[227]">&gt;&gt;</a>&nbsp;&nbsp;&nbsp;USBH_MSC_BOT_Process
</UL>

<P><STRONG><a name="[21b]"></a>DeInitStateMachine</STRONG> (Thumb, 70 bytes, Stack size 8 bytes, usbh_core.o(i.DeInitStateMachine))
<BR><BR>[Stack]<UL><LI>Max Depth = 8<LI>Call Chain = DeInitStateMachine
</UL>
<BR>[Called By]<UL><LI><a href="#[1bd]">&gt;&gt;</a>&nbsp;&nbsp;&nbsp;USBH_Init
<LI><a href="#[23f]">&gt;&gt;</a>&nbsp;&nbsp;&nbsp;USBH_Process
</UL>

<P><STRONG><a name="[219]"></a>USBH_HandleEnum</STRONG> (Thumb, 360 bytes, Stack size 32 bytes, usbh_core.o(i.USBH_HandleEnum))
<BR><BR>[Stack]<UL><LI>Max Depth = 268<LI>Call Chain = USBH_HandleEnum &rArr; USBH_Get_StringDesc &rArr; USBH_GetDescriptor &rArr; USBH_CtlReq &rArr; USBH_HandleControl &rArr; USBH_CtlSendSetup &rArr; USBH_LL_SubmitURB &rArr; HAL_HCD_HC_SubmitRequest &rArr; USB_HC_StartXfer &rArr; USB_WritePacket
</UL>
<BR>[Calls]<UL><LI><a href="#[10c]">&gt;&gt;</a>&nbsp;&nbsp;&nbsp;osMessagePut
<LI><a href="#[207]">&gt;&gt;</a>&nbsp;&nbsp;&nbsp;USBH_Delay
<LI><a href="#[1f1]">&gt;&gt;</a>&nbsp;&nbsp;&nbsp;USBH_OpenPipe
<LI><a href="#[21a]">&gt;&gt;</a>&nbsp;&nbsp;&nbsp;USBH_SetAddress
<LI><a href="#[20d]">&gt;&gt;</a>&nbsp;&nbsp;&nbsp;USBH_Get_StringDesc
<LI><a href="#[20b]">&gt;&gt;</a>&nbsp;&nbsp;&nbsp;USBH_Get_DevDesc
<LI><a href="#[209]">&gt;&gt;</a>&nbsp;&nbsp;&nbsp;USBH_Get_CfgDesc
</UL>
<BR>[Called By]<UL><LI><a href="#[23f]">&gt;&gt;</a>&nbsp;&nbsp;&nbsp;USBH_Process
</UL>

<P><STRONG><a name="[222]"></a>USBH_HandleSof</STRONG> (Thumb, 20 bytes, Stack size 0 bytes, usbh_core.o(i.USBH_HandleSof))
<BR><BR>[Called By]<UL><LI><a href="#[14e]">&gt;&gt;</a>&nbsp;&nbsp;&nbsp;USBH_LL_IncTimer
</UL>

<P><STRONG><a name="[de]"></a>USBH_Process_OS</STRONG> (Thumb, 42 bytes, Stack size 24 bytes, usbh_core.o(i.USBH_Process_OS))
<BR><BR>[Stack]<UL><LI>Max Depth = 332<LI>Call Chain = USBH_Process_OS &rArr; USBH_Process &rArr; USBH_HandleEnum &rArr; USBH_Get_StringDesc &rArr; USBH_GetDescriptor &rArr; USBH_CtlReq &rArr; USBH_HandleControl &rArr; USBH_CtlSendSetup &rArr; USBH_LL_SubmitURB &rArr; HAL_HCD_HC_SubmitRequest &rArr; USB_HC_StartXfer &rArr; USB_WritePacket
</UL>
<BR>[Calls]<UL><LI><a href="#[241]">&gt;&gt;</a>&nbsp;&nbsp;&nbsp;osMessageGet
<LI><a href="#[23f]">&gt;&gt;</a>&nbsp;&nbsp;&nbsp;USBH_Process
</UL>
<BR>[Address Reference Count : 1]<UL><LI> usbh_core.o(.constdata)
</UL>
<P><STRONG><a name="[65]"></a>USBH_MSC_ClassRequest</STRONG> (Thumb, 112 bytes, Stack size 16 bytes, usbh_msc.o(i.USBH_MSC_ClassRequest))
<BR><BR>[Stack]<UL><LI>Max Depth = 220<LI>Call Chain = USBH_MSC_ClassRequest &rArr; USBH_ClrFeature &rArr; USBH_CtlReq &rArr; USBH_HandleControl &rArr; USBH_CtlSendSetup &rArr; USBH_LL_SubmitURB &rArr; HAL_HCD_HC_SubmitRequest &rArr; USB_HC_StartXfer &rArr; USB_WritePacket
</UL>
<BR>[Calls]<UL><LI><a href="#[201]">&gt;&gt;</a>&nbsp;&nbsp;&nbsp;USBH_ClrFeature
<LI><a href="#[22b]">&gt;&gt;</a>&nbsp;&nbsp;&nbsp;USBH_MSC_BOT_REQ_GetMaxLUN
</UL>
<BR>[Address Reference Count : 1]<UL><LI> usbh_msc.o(.data)
</UL>
<P><STRONG><a name="[64]"></a>USBH_MSC_InterfaceDeInit</STRONG> (Thumb, 76 bytes, Stack size 16 bytes, usbh_msc.o(i.USBH_MSC_InterfaceDeInit))
<BR><BR>[Stack]<UL><LI>Max Depth = 48<LI>Call Chain = USBH_MSC_InterfaceDeInit &rArr; USBH_ClosePipe &rArr; USBH_LL_ClosePipe &rArr; HAL_HCD_HC_Halt &rArr; USB_HC_Halt
</UL>
<BR>[Calls]<UL><LI><a href="#[1ea]">&gt;&gt;</a>&nbsp;&nbsp;&nbsp;USBH_FreePipe
<LI><a href="#[1e9]">&gt;&gt;</a>&nbsp;&nbsp;&nbsp;USBH_ClosePipe
<LI><a href="#[1eb]">&gt;&gt;</a>&nbsp;&nbsp;&nbsp;free
</UL>
<BR>[Address Reference Count : 1]<UL><LI> usbh_msc.o(.data)
</UL>
<P><STRONG><a name="[63]"></a>USBH_MSC_InterfaceInit</STRONG> (Thumb, 332 bytes, Stack size 32 bytes, usbh_msc.o(i.USBH_MSC_InterfaceInit))
<BR><BR>[Stack]<UL><LI>Max Depth = 152<LI>Call Chain = USBH_MSC_InterfaceInit &rArr; USBH_OpenPipe &rArr; USBH_LL_OpenPipe &rArr; HAL_HCD_HC_Init &rArr; USB_HC_Init
</UL>
<BR>[Calls]<UL><LI><a href="#[1f2]">&gt;&gt;</a>&nbsp;&nbsp;&nbsp;USBH_LL_SetToggle
<LI><a href="#[1ff]">&gt;&gt;</a>&nbsp;&nbsp;&nbsp;USBH_SelectInterface
<LI><a href="#[1f1]">&gt;&gt;</a>&nbsp;&nbsp;&nbsp;USBH_OpenPipe
<LI><a href="#[1e8]">&gt;&gt;</a>&nbsp;&nbsp;&nbsp;USBH_FindInterface
<LI><a href="#[1f0]">&gt;&gt;</a>&nbsp;&nbsp;&nbsp;USBH_AllocPipe
<LI><a href="#[22c]">&gt;&gt;</a>&nbsp;&nbsp;&nbsp;USBH_MSC_BOT_Init
<LI><a href="#[1ec]">&gt;&gt;</a>&nbsp;&nbsp;&nbsp;malloc
<LI><a href="#[11a]">&gt;&gt;</a>&nbsp;&nbsp;&nbsp;__aeabi_memclr4
</UL>
<BR>[Address Reference Count : 1]<UL><LI> usbh_msc.o(.data)
</UL>
<P><STRONG><a name="[66]"></a>USBH_MSC_Process</STRONG> (Thumb, 850 bytes, Stack size 32 bytes, usbh_msc.o(i.USBH_MSC_Process))
<BR><BR>[Stack]<UL><LI>Max Depth = 292<LI>Call Chain = USBH_MSC_Process &rArr; USBH_MSC_SCSI_TestUnitReady &rArr; USBH_MSC_BOT_Process &rArr; USBH_MSC_BOT_REQ_Reset &rArr; USBH_CtlReq &rArr; USBH_HandleControl &rArr; USBH_CtlSendSetup &rArr; USBH_LL_SubmitURB &rArr; HAL_HCD_HC_SubmitRequest &rArr; USB_HC_StartXfer &rArr; USB_WritePacket
</UL>
<BR>[Calls]<UL><LI><a href="#[10c]">&gt;&gt;</a>&nbsp;&nbsp;&nbsp;osMessagePut
<LI><a href="#[22e]">&gt;&gt;</a>&nbsp;&nbsp;&nbsp;USBH_MSC_SCSI_TestUnitReady
<LI><a href="#[230]">&gt;&gt;</a>&nbsp;&nbsp;&nbsp;USBH_MSC_SCSI_RequestSense
<LI><a href="#[22f]">&gt;&gt;</a>&nbsp;&nbsp;&nbsp;USBH_MSC_SCSI_ReadCapacity
<LI><a href="#[22d]">&gt;&gt;</a>&nbsp;&nbsp;&nbsp;USBH_MSC_SCSI_Inquiry
</UL>
<BR>[Address Reference Count : 1]<UL><LI> usbh_msc.o(.data)
</UL>
<P><STRONG><a name="[67]"></a>USBH_MSC_SOFProcess</STRONG> (Thumb, 4 bytes, Stack size 0 bytes, usbh_msc.o(i.USBH_MSC_SOFProcess))
<BR>[Address Reference Count : 1]<UL><LI> usbh_msc.o(.data)
</UL>
<P><STRONG><a name="[1ca]"></a>PTP_BufferFullCallback</STRONG> (Thumb, 110 bytes, Stack size 8 bytes, usbh_mtp_ptp.o(i.PTP_BufferFullCallback))
<BR><BR>[Stack]<UL><LI>Max Depth = 48<LI>Call Chain = PTP_BufferFullCallback &rArr; PTP_DecodeDeviceInfo &rArr; PTP_GetArray16
</UL>
<BR>[Calls]<UL><LI><a href="#[1cb]">&gt;&gt;</a>&nbsp;&nbsp;&nbsp;PTP_DecodeDeviceInfo
<LI><a href="#[19a]">&gt;&gt;</a>&nbsp;&nbsp;&nbsp;__aeabi_memcpy
</UL>
<BR>[Called By]<UL><LI><a href="#[23b]">&gt;&gt;</a>&nbsp;&nbsp;&nbsp;USBH_PTP_Process
</UL>

<P><STRONG><a name="[1cb]"></a>PTP_DecodeDeviceInfo</STRONG> (Thumb, 320 bytes, Stack size 24 bytes, usbh_mtp_ptp.o(i.PTP_DecodeDeviceInfo))
<BR><BR>[Stack]<UL><LI>Max Depth = 40<LI>Call Chain = PTP_DecodeDeviceInfo &rArr; PTP_GetArray16
</UL>
<BR>[Calls]<UL><LI><a href="#[1cc]">&gt;&gt;</a>&nbsp;&nbsp;&nbsp;PTP_GetString
<LI><a href="#[1cd]">&gt;&gt;</a>&nbsp;&nbsp;&nbsp;PTP_GetArray16
</UL>
<BR>[Called By]<UL><LI><a href="#[1ca]">&gt;&gt;</a>&nbsp;&nbsp;&nbsp;PTP_BufferFullCallback
<LI><a href="#[237]">&gt;&gt;</a>&nbsp;&nbsp;&nbsp;USBH_PTP_GetDeviceInfo
</UL>

<P><STRONG><a name="[1cd]"></a>PTP_GetArray16</STRONG> (Thumb, 58 bytes, Stack size 16 bytes, usbh_mtp_ptp.o(i.PTP_GetArray16))
<BR><BR>[Stack]<UL><LI>Max Depth = 16<LI>Call Chain = PTP_GetArray16
</UL>
<BR>[Called By]<UL><LI><a href="#[1cb]">&gt;&gt;</a>&nbsp;&nbsp;&nbsp;PTP_DecodeDeviceInfo
</UL>

<P><STRONG><a name="[1cf]"></a>PTP_GetArray32</STRONG> (Thumb, 70 bytes, Stack size 20 bytes, usbh_mtp_ptp.o(i.PTP_GetArray32))
<BR><BR>[Stack]<UL><LI>Max Depth = 20<LI>Call Chain = PTP_GetArray32
</UL>
<BR>[Called By]<UL><LI><a href="#[1ce]">&gt;&gt;</a>&nbsp;&nbsp;&nbsp;PTP_GetStorageIDs
</UL>

<P><STRONG><a name="[1ce]"></a>PTP_GetStorageIDs</STRONG> (Thumb, 28 bytes, Stack size 8 bytes, usbh_mtp_ptp.o(i.PTP_GetStorageIDs))
<BR><BR>[Stack]<UL><LI>Max Depth = 28<LI>Call Chain = PTP_GetStorageIDs &rArr; PTP_GetArray32
</UL>
<BR>[Calls]<UL><LI><a href="#[1cf]">&gt;&gt;</a>&nbsp;&nbsp;&nbsp;PTP_GetArray32
</UL>
<BR>[Called By]<UL><LI><a href="#[238]">&gt;&gt;</a>&nbsp;&nbsp;&nbsp;USBH_PTP_GetStorageIds
</UL>

<P><STRONG><a name="[1d0]"></a>PTP_GetStorageInfo</STRONG> (Thumb, 248 bytes, Stack size 24 bytes, usbh_mtp_ptp.o(i.PTP_GetStorageInfo))
<BR><BR>[Stack]<UL><LI>Max Depth = 32<LI>Call Chain = PTP_GetStorageInfo &rArr; PTP_GetString
</UL>
<BR>[Calls]<UL><LI><a href="#[1cc]">&gt;&gt;</a>&nbsp;&nbsp;&nbsp;PTP_GetString
</UL>
<BR>[Called By]<UL><LI><a href="#[239]">&gt;&gt;</a>&nbsp;&nbsp;&nbsp;USBH_PTP_GetStorageInfo
</UL>

<P><STRONG><a name="[1cc]"></a>PTP_GetString</STRONG> (Thumb, 36 bytes, Stack size 8 bytes, usbh_mtp_ptp.o(i.PTP_GetString))
<BR><BR>[Stack]<UL><LI>Max Depth = 8<LI>Call Chain = PTP_GetString
</UL>
<BR>[Called By]<UL><LI><a href="#[1d0]">&gt;&gt;</a>&nbsp;&nbsp;&nbsp;PTP_GetStorageInfo
<LI><a href="#[1cb]">&gt;&gt;</a>&nbsp;&nbsp;&nbsp;PTP_DecodeDeviceInfo
</UL>

<P><STRONG><a name="[6a]"></a>USBH_HID_ClassRequest</STRONG> (Thumb, 130 bytes, Stack size 16 bytes, usbh_hid.o(i.USBH_HID_ClassRequest))
<BR><BR>[Stack]<UL><LI>Max Depth = 236<LI>Call Chain = USBH_HID_ClassRequest &rArr; USBH_HID_GetHIDReportDescriptor &rArr; USBH_GetDescriptor &rArr; USBH_CtlReq &rArr; USBH_HandleControl &rArr; USBH_CtlSendSetup &rArr; USBH_LL_SubmitURB &rArr; HAL_HCD_HC_SubmitRequest &rArr; USB_HC_StartXfer &rArr; USB_WritePacket
</UL>
<BR>[Calls]<UL><LI><a href="#[210]">&gt;&gt;</a>&nbsp;&nbsp;&nbsp;USBH_HID_ParseHIDDesc
<LI><a href="#[213]">&gt;&gt;</a>&nbsp;&nbsp;&nbsp;USBH_HID_SetProtocol
<LI><a href="#[212]">&gt;&gt;</a>&nbsp;&nbsp;&nbsp;USBH_HID_SetIdle
<LI><a href="#[211]">&gt;&gt;</a>&nbsp;&nbsp;&nbsp;USBH_HID_GetHIDReportDescriptor
<LI><a href="#[20f]">&gt;&gt;</a>&nbsp;&nbsp;&nbsp;USBH_HID_GetHIDDescriptor
</UL>
<BR>[Address Reference Count : 1]<UL><LI> usbh_hid.o(.data)
</UL>
<P><STRONG><a name="[69]"></a>USBH_HID_InterfaceDeInit</STRONG> (Thumb, 70 bytes, Stack size 16 bytes, usbh_hid.o(i.USBH_HID_InterfaceDeInit))
<BR><BR>[Stack]<UL><LI>Max Depth = 48<LI>Call Chain = USBH_HID_InterfaceDeInit &rArr; USBH_ClosePipe &rArr; USBH_LL_ClosePipe &rArr; HAL_HCD_HC_Halt &rArr; USB_HC_Halt
</UL>
<BR>[Calls]<UL><LI><a href="#[1ea]">&gt;&gt;</a>&nbsp;&nbsp;&nbsp;USBH_FreePipe
<LI><a href="#[1e9]">&gt;&gt;</a>&nbsp;&nbsp;&nbsp;USBH_ClosePipe
<LI><a href="#[1eb]">&gt;&gt;</a>&nbsp;&nbsp;&nbsp;free
</UL>
<BR>[Address Reference Count : 1]<UL><LI> usbh_hid.o(.data)
</UL>
<P><STRONG><a name="[68]"></a>USBH_HID_InterfaceInit</STRONG> (Thumb, 352 bytes, Stack size 40 bytes, usbh_hid.o(i.USBH_HID_InterfaceInit))
<BR><BR>[Stack]<UL><LI>Max Depth = 160<LI>Call Chain = USBH_HID_InterfaceInit &rArr; USBH_OpenPipe &rArr; USBH_LL_OpenPipe &rArr; HAL_HCD_HC_Init &rArr; USB_HC_Init
</UL>
<BR>[Calls]<UL><LI><a href="#[1f2]">&gt;&gt;</a>&nbsp;&nbsp;&nbsp;USBH_LL_SetToggle
<LI><a href="#[1ff]">&gt;&gt;</a>&nbsp;&nbsp;&nbsp;USBH_SelectInterface
<LI><a href="#[1f1]">&gt;&gt;</a>&nbsp;&nbsp;&nbsp;USBH_OpenPipe
<LI><a href="#[1e8]">&gt;&gt;</a>&nbsp;&nbsp;&nbsp;USBH_FindInterface
<LI><a href="#[1f0]">&gt;&gt;</a>&nbsp;&nbsp;&nbsp;USBH_AllocPipe
<LI><a href="#[1ec]">&gt;&gt;</a>&nbsp;&nbsp;&nbsp;malloc
</UL>
<BR>[Address Reference Count : 1]<UL><LI> usbh_hid.o(.data)
</UL>
<P><STRONG><a name="[210]"></a>USBH_HID_ParseHIDDesc</STRONG> (Thumb, 42 bytes, Stack size 0 bytes, usbh_hid.o(i.USBH_HID_ParseHIDDesc))
<BR><BR>[Called By]<UL><LI><a href="#[6a]">&gt;&gt;</a>&nbsp;&nbsp;&nbsp;USBH_HID_ClassRequest
</UL>

<P><STRONG><a name="[6b]"></a>USBH_HID_Process</STRONG> (Thumb, 214 bytes, Stack size 24 bytes, usbh_hid.o(i.USBH_HID_Process))
<BR><BR>[Stack]<UL><LI>Max Depth = 236<LI>Call Chain = USBH_HID_Process &rArr; USBH_HID_GetReport &rArr; USBH_CtlReq &rArr; USBH_HandleControl &rArr; USBH_CtlSendSetup &rArr; USBH_LL_SubmitURB &rArr; HAL_HCD_HC_SubmitRequest &rArr; USB_HC_StartXfer &rArr; USB_WritePacket
</UL>
<BR>[Calls]<UL><LI><a href="#[10c]">&gt;&gt;</a>&nbsp;&nbsp;&nbsp;osMessagePut
<LI><a href="#[108]">&gt;&gt;</a>&nbsp;&nbsp;&nbsp;USBH_LL_GetURBState
<LI><a href="#[1e5]">&gt;&gt;</a>&nbsp;&nbsp;&nbsp;USBH_InterruptReceiveData
<LI><a href="#[201]">&gt;&gt;</a>&nbsp;&nbsp;&nbsp;USBH_ClrFeature
<LI><a href="#[217]">&gt;&gt;</a>&nbsp;&nbsp;&nbsp;USBH_HID_EventCallback
<LI><a href="#[216]">&gt;&gt;</a>&nbsp;&nbsp;&nbsp;fifo_write
<LI><a href="#[214]">&gt;&gt;</a>&nbsp;&nbsp;&nbsp;USBH_HID_GetReport
</UL>
<BR>[Address Reference Count : 1]<UL><LI> usbh_hid.o(.data)
</UL>
<P><STRONG><a name="[6c]"></a>USBH_HID_SOFProcess</STRONG> (Thumb, 48 bytes, Stack size 8 bytes, usbh_hid.o(i.USBH_HID_SOFProcess))
<BR><BR>[Stack]<UL><LI>Max Depth = 136<LI>Call Chain = USBH_HID_SOFProcess &rArr; osMessagePut &rArr; xQueueGenericSend &rArr; xTaskResumeAll &rArr; xTaskIncrementTick
</UL>
<BR>[Calls]<UL><LI><a href="#[10c]">&gt;&gt;</a>&nbsp;&nbsp;&nbsp;osMessagePut
</UL>
<BR>[Address Reference Count : 1]<UL><LI> usbh_hid.o(.data)
</UL>
<P><STRONG><a name="[1fd]"></a>USBH_GetFreePipe</STRONG> (Thumb, 30 bytes, Stack size 0 bytes, usbh_pipes.o(i.USBH_GetFreePipe))
<BR><BR>[Called By]<UL><LI><a href="#[1f0]">&gt;&gt;</a>&nbsp;&nbsp;&nbsp;USBH_AllocPipe
</UL>

<P><STRONG><a name="[24f]"></a>_fp_digits</STRONG> (Thumb, 334 bytes, Stack size 56 bytes, printfa.o(i._fp_digits), UNUSED)
<BR><BR>[Calls]<UL><LI><a href="#[f7]">&gt;&gt;</a>&nbsp;&nbsp;&nbsp;__aeabi_dmul
<LI><a href="#[f8]">&gt;&gt;</a>&nbsp;&nbsp;&nbsp;__aeabi_ddiv
<LI><a href="#[f0]">&gt;&gt;</a>&nbsp;&nbsp;&nbsp;__aeabi_dadd
<LI><a href="#[101]">&gt;&gt;</a>&nbsp;&nbsp;&nbsp;__aeabi_d2ulz
<LI><a href="#[250]">&gt;&gt;</a>&nbsp;&nbsp;&nbsp;__aeabi_cdrcmple
<LI><a href="#[fd]">&gt;&gt;</a>&nbsp;&nbsp;&nbsp;__aeabi_uldivmod
</UL>
<BR>[Called By]<UL><LI><a href="#[248]">&gt;&gt;</a>&nbsp;&nbsp;&nbsp;_printf_core
</UL>

<P><STRONG><a name="[248]"></a>_printf_core</STRONG> (Thumb, 1744 bytes, Stack size 136 bytes, printfa.o(i._printf_core), UNUSED)
<BR><BR>[Calls]<UL><LI><a href="#[251]">&gt;&gt;</a>&nbsp;&nbsp;&nbsp;_printf_pre_padding
<LI><a href="#[252]">&gt;&gt;</a>&nbsp;&nbsp;&nbsp;_printf_post_padding
<LI><a href="#[24f]">&gt;&gt;</a>&nbsp;&nbsp;&nbsp;_fp_digits
<LI><a href="#[fd]">&gt;&gt;</a>&nbsp;&nbsp;&nbsp;__aeabi_uldivmod
<LI><a href="#[253]">&gt;&gt;</a>&nbsp;&nbsp;&nbsp;__aeabi_uidivmod
</UL>
<BR>[Called By]<UL><LI><a href="#[24a]">&gt;&gt;</a>&nbsp;&nbsp;&nbsp;__0vsnprintf
<LI><a href="#[249]">&gt;&gt;</a>&nbsp;&nbsp;&nbsp;__0sprintf
<LI><a href="#[247]">&gt;&gt;</a>&nbsp;&nbsp;&nbsp;__0snprintf
</UL>

<P><STRONG><a name="[252]"></a>_printf_post_padding</STRONG> (Thumb, 36 bytes, Stack size 24 bytes, printfa.o(i._printf_post_padding), UNUSED)
<BR><BR>[Called By]<UL><LI><a href="#[248]">&gt;&gt;</a>&nbsp;&nbsp;&nbsp;_printf_core
</UL>

<P><STRONG><a name="[251]"></a>_printf_pre_padding</STRONG> (Thumb, 46 bytes, Stack size 24 bytes, printfa.o(i._printf_pre_padding), UNUSED)
<BR><BR>[Called By]<UL><LI><a href="#[248]">&gt;&gt;</a>&nbsp;&nbsp;&nbsp;_printf_core
</UL>

<P><STRONG><a name="[d4]"></a>_snputc</STRONG> (Thumb, 22 bytes, Stack size 0 bytes, printfa.o(i._snputc))
<BR>[Address Reference Count : 2]<UL><LI> printfa.o(i.__0snprintf)
<LI> printfa.o(i.__0vsnprintf)
</UL>
<P><STRONG><a name="[d5]"></a>_sputc</STRONG> (Thumb, 10 bytes, Stack size 0 bytes, printfa.o(i._sputc))
<BR><BR>[Called By]<UL><LI><a href="#[249]">&gt;&gt;</a>&nbsp;&nbsp;&nbsp;__0sprintf
</UL>
<BR>[Address Reference Count : 1]<UL><LI> printfa.o(i.__0sprintf)
</UL><P>
<H3>
Undefined Global Symbols
</H3><HR></body></html>
