<html>
<body>
<pre>
<h1>µVision Build Log</h1>
<h2>Tool Versions:</h2>
IDE-Version: ¦ÌVision V5.18.0.0
Copyright (C) 2016 ARM Ltd and ARM Germany GmbH. All rights reserved.
License Information: z MAMA, Microsoft, LIC=JDA30-BZJU5-68CFC-7RXXZ-QM63C-6Q9JT
 
Tool Versions:
Toolchain:       MDK-ARM Professional  Version: 5.18
Toolchain Path:  C:\Keil_v5\ARM\ARMCC\Bin
C Compiler:      Armcc.exe V5.06 update 1 (build 61)
Assembler:       Armasm.exe V5.06 update 1 (build 61)
Linker/Locator:  ArmLink.exe V5.06 update 1 (build 61)
Library Manager: ArmAr.exe V5.06 update 1 (build 61)
Hex Converter:   FromElf.exe V5.06 update 1 (build 61)
CPU DLL:         SARMCM3.DLL V5.18
Dialog DLL:      DCM.DLL V1.13.6.0
Target DLL:      UL2CM3.DLL V1.157.5.0
Dialog DLL:      TCM.DLL V1.14.8.0
 
<h2>Project:</h2>
D:\IHUSRC\ihu\PrjCclFo@207VG\MDK-ARM\PrjCclFo@207VG.uvprojx
Project File Date:  05/07/2017

<h2>Output:</h2>
*** Using Compiler 'V5.06 update 1 (build 61)', folder: 'C:\Keil_v5\ARM\ARMCC\Bin'
Build Project 'PrjCclFo@207VG' - Target 'PrjCclFo@207VG'
compiling vmmw_pcf8563.c...
D:\IHUSRC\ihu\SrcBxxh\l1vmfreeos\vmmw_pcf8563.c(1157): warning:  #514-D: pointless comparison of unsigned integer with a negative constant
    if (
hu_l1hd_i2c_pcf8563_write_buffer(
CF8563_Write, reg_add, 1, buffer, length) == 
HU_FAILURE)
D:\IHUSRC\ihu\SrcBxxh\l1vmfreeos\vmmw_pcf8563.c(583): warning:  #177-D: function "IS_PCF8563_Data" was declared but never referenced
  static void IS_PCF8563_Data(_PCF8563_Register_Typedef* PCF_DataStruct)
..\..\SrcBxxh\l1vmfreeos\vmmw_pcf8563.c: 2 warnings, 0 errors
linking...
Program Size: Code=102812 RO-data=11644 RW-data=6504 ZI-data=102040  
FromELF: creating hex file...
"PrjCclFo@207VG\PrjCclFo@207VG.axf" - 0 Error(s), 2 Warning(s).

<h2>Software Packages used:</h2>

Package Vendor: ARM
                http://www.keil.com/pack/ARM.CMSIS.5.0.0-Beta4.pack
                ARM::CMSIS:CORE:5.0.0
                CMSIS (Cortex Microcontroller Software Interface Standard)
   * Component: CORE Version: 5.0.0

<h2>Collection of Component include folders:</h2>
  D:\IHUSRC\ihu\PrjCclFo@207VG\MDK-ARM\RTE
  C:\Keil_v5\ARM\PACK\ARM\CMSIS\5.0.0-Beta4\CMSIS\Include
  C:\Keil_v5\ARM\PACK\Keil\STM32F2xx_DFP\2.6.0\Drivers\CMSIS\Device\ST\STM32F2xx\Include

<h2>Collection of Component Files used:</h2>

   * Component: ARM::CMSIS:CORE:5.0.0
Build Time Elapsed:  00:00:03
</pre>
</body>
</html>
