<html>
<body>
<pre>
<h1>µVision Build Log</h1>
<h2>Tool Versions:</h2>
IDE-Version: ¦ÌVision V5.18.0.0
Copyright (C) 2016 ARM Ltd and ARM Germany GmbH. All rights reserved.
License Information: ZZ Microsoft, Microsoft, LIC=LJWGK-ZEPR1-AVU1J-U4SSR-Q96M5-JRGTF
 
Tool Versions:
Toolchain:       MDK-ARM Professional  Version: 5.18
Toolchain Path:  C:\Keil_v5\ARM\ARMCC\Bin
C Compiler:      Armcc.exe V5.06 update 1 (build 61)
Assembler:       Armasm.exe V5.06 update 1 (build 61)
Linker/Locator:  ArmLink.exe V5.06 update 1 (build 61)
Library Manager: ArmAr.exe V5.06 update 1 (build 61)
Hex Converter:   FromElf.exe V5.06 update 1 (build 61)
CPU DLL:         SARMCM3.DLL V5.18
Dialog DLL:      DARMCM1.DLL V1.12.0.0
Target DLL:      Segger\JL2CM3.dll V2.99.18.0
Dialog DLL:      TARMCM1.DLL V1.9.0.0
 
<h2>Project:</h2>
D:\IHUPRJ\ihu\DA1458x_SDK\5.0.3\utilities\secondary_bootloader\emcwx_secondary_bootloader.uvprojx
Project File Date:  09/18/2016

<h2>Output:</h2>
*** Using Compiler 'V5.06 update 1 (build 61)', folder: 'C:\Keil_v5\ARM\ARMCC\Bin'
Rebuild Project 'emcwx_secondary_bootloader' - Target 'secondary_bootloader'
assembling startup_CMSDK_CM0.s...
creating preprocessor file for system_CMSDK.c...
creating preprocessor file for bootloader.c...
compiling system_CMSDK.c...
creating preprocessor file for timer.c...
compiling bootloader.c...
D:\IHUPRJ\ihu\DA1458x_SDK\5.0.3\utilities\secondary_bootloader\src\bootloader.c(237): warning:  #111-D: statement is unreachable
      return -1;
src\bootloader.c: 1 warning, 0 errors
creating preprocessor file for spi_flash.c...
creating preprocessor file for spi.c...
compiling timer.c...
compiling spi.c...
compiling spi_flash.c...
creating preprocessor file for gpio.c...
creating preprocessor file for uart.c...
creating preprocessor file for i2c_eeprom.c...
compiling gpio.c...
D:\IHUPRJ\ihu\DA1458x_SDK\5.0.3\sdk\platform\driver\gpio\gpio.c(79): warning:  #177-D: function "gpioshift16" was declared but never referenced
  static uint16 gpioshift16(uint16 f){
..\..\sdk\platform\driver\gpio\gpio.c: 1 warning, 0 errors
compiling uart.c...
creating preprocessor file for main.c...
creating preprocessor file for uart_booter.c...
compiling i2c_eeprom.c...
compiling main.c...
D:\IHUPRJ\ihu\DA1458x_SDK\5.0.3\utilities\secondary_bootloader\src\main.c(44): warning: A1581W: Added 2 bytes of padding at address 0xa
creating preprocessor file for spi_commands.c...
creating preprocessor file for crc32.c...
compiling uart_booter.c...
compiling crc32.c...
creating preprocessor file for sw_aes.c...
compiling spi_commands.c...
compiling sw_aes.c...
linking...
Program Size: Code=2676 RO-data=288 RW-data=36 ZI-data=512  
FromELF: creating hex file...
".\Out\secondary_bootloader.axf" - 0 Error(s), 3 Warning(s).

<h2>Collection of Component include folders:</h2>
  D:\IHUPRJ\ihu\DA1458x_SDK\5.0.3\utilities\secondary_bootloader\RTE
  C:\Keil_v5\ARM\PACK\ARM\CMSIS\4.5.0\Device\ARM\ARMCM0\Include

<h2>Collection of Component Files used:</h2>
Build Time Elapsed:  00:00:06
</pre>
</body>
</html>
