Component: ARM Compiler 5.06 update 1 (build 61) Tool: armlink [4d35a8]

==============================================================================

Section Cross References

    startup_cmsdk_cm0.o(RESET) refers to startup_cmsdk_cm0.o(STACK) for __initial_sp
    startup_cmsdk_cm0.o(RESET) refers to startup_cmsdk_cm0.o(.text) for Reset_Handler
    startup_cmsdk_cm0.o(RESET) refers to timer.o(.text) for SWTIM_Handler
    startup_cmsdk_cm0.o(.text) refers to system_cmsdk.o(.text) for SystemInit
    startup_cmsdk_cm0.o(.text) refers to entry.o(.ARM.Collect$$$$00000000) for __main
    system_cmsdk.o(.text) refers to system_cmsdk.o(.data) for .data
    bootloader.o(.text) refers to sw_aes.o(.text) for AES_set_key
    bootloader.o(.text) refers to crc32.o(.text) for crc32
    bootloader.o(.text) refers to spi_commands.o(.text) for spi_flash_peripheral_init
    bootloader.o(.text) refers to spi_flash.o(.text) for spi_flash_release_from_power_down
    bootloader.o(.text) refers to bootloader.o(.constdata) for .constdata
    bootloader.o(.text) refers to bootloader.o(.bss) for .bss
    timer.o(.text) refers to uart_booter.o(.data) for timeout_occur
    timer.o(.text) refers to uart_booter.o(.data) for timeout_multi
    spi_flash.o(.text) refers to spi.o(.text) for spi_set_bitmode
    spi_flash.o(.text) refers to uidiv.o(.text) for __aeabi_uidivmod
    spi_flash.o(.text) refers to spi_flash.o(.data) for .data
    spi_flash.o(.text) refers to spi_flash.o(.constdata) for .constdata
    spi.o(.text) refers to gpio.o(.text) for GPIO_SetInactive
    spi.o(.text) refers to spi.o(.data) for .data
    uart.o(.text) refers to gpio.o(.text) for GPIO_ConfigurePin
    uart.o(.text) refers to timer.o(.text) for start_timer
    uart.o(.text) refers to uart_booter.o(.data) for timeout_occur
    i2c_eeprom.o(.text) refers to i2c_eeprom.o(.data) for .data
    main.o(.text) refers to spi.o(.text) for spi_release
    main.o(.text) refers to gpio.o(.text) for GPIO_ConfigurePin
    main.o(.text) refers to main.o(.emb_text) for sw_reset
    main.o(.text) refers to bootloader.o(.text) for spi_loadActiveImage
    uart_booter.o(.text) refers to uart.o(.text) for uart_send_byte
    spi_commands.o(.text) refers to gpio.o(.text) for GPIO_ConfigurePin
    spi_commands.o(.text) refers to spi_flash.o(.text) for spi_flash_init
    spi_commands.o(.text) refers to spi.o(.text) for spi_init
    spi_commands.o(.text) refers to spi_commands.o(.data) for .data
    crc32.o(.text) refers to crc32.o(.constdata) for .constdata
    sw_aes.o(.text) refers to idiv.o(.text) for __aeabi_idivmod
    sw_aes.o(.text) refers to memcpya.o(.text) for __aeabi_memcpy
    sw_aes.o(.text) refers to sw_aes.o(.constdata) for .constdata
    entry.o(.ARM.Collect$$$$00000000) refers (Special) to entry10a.o(.ARM.Collect$$$$0000000D) for __rt_final_cpp
    entry.o(.ARM.Collect$$$$00000000) refers (Special) to entry11a.o(.ARM.Collect$$$$0000000F) for __rt_final_exit
    entry.o(.ARM.Collect$$$$00000000) refers (Special) to entry7b.o(.ARM.Collect$$$$00000008) for _main_clock
    entry.o(.ARM.Collect$$$$00000000) refers (Special) to entry8b.o(.ARM.Collect$$$$0000000A) for _main_cpp_init
    entry.o(.ARM.Collect$$$$00000000) refers (Special) to entry9a.o(.ARM.Collect$$$$0000000B) for _main_init
    entry.o(.ARM.Collect$$$$00000000) refers (Special) to entry5.o(.ARM.Collect$$$$00000004) for _main_scatterload
    entry.o(.ARM.Collect$$$$00000000) refers (Special) to entry2.o(.ARM.Collect$$$$00000001) for _main_stk
    idiv.o(.text) refers to uidiv.o(.text) for __aeabi_uidivmod
    entry2.o(.ARM.Collect$$$$00000001) refers to entry2.o(.ARM.Collect$$$$00002712) for __lit__00000000
    entry2.o(.ARM.Collect$$$$00002712) refers to startup_cmsdk_cm0.o(STACK) for __initial_sp
    entry2.o(__vectab_stack_and_reset_area) refers to startup_cmsdk_cm0.o(STACK) for __initial_sp
    entry2.o(__vectab_stack_and_reset_area) refers to entry.o(.ARM.Collect$$$$00000000) for __main
    entry5.o(.ARM.Collect$$$$00000004) refers to init.o(.text) for __scatterload
    entry9a.o(.ARM.Collect$$$$0000000B) refers to main.o(.text) for main
    entry9b.o(.ARM.Collect$$$$0000000C) refers to main.o(.text) for main
    init.o(.text) refers to entry5.o(.ARM.Collect$$$$00000004) for __main_after_scatterload


==============================================================================

Removing Unused input sections from the image.

    Removing startup_cmsdk_cm0.o(HEAP), (512 bytes).
    Removing system_cmsdk.o(.rev16_text), (4 bytes).
    Removing system_cmsdk.o(.revsh_text), (4 bytes).
    Removing system_cmsdk.o(.data), (4 bytes).
    Removing bootloader.o(.rev16_text), (4 bytes).
    Removing bootloader.o(.revsh_text), (4 bytes).
    Removing timer.o(.rev16_text), (4 bytes).
    Removing timer.o(.revsh_text), (4 bytes).
    Removing spi_flash.o(.rev16_text), (4 bytes).
    Removing spi_flash.o(.revsh_text), (4 bytes).
    Removing spi.o(.rev16_text), (4 bytes).
    Removing spi.o(.revsh_text), (4 bytes).
    Removing gpio.o(.rev16_text), (4 bytes).
    Removing gpio.o(.revsh_text), (4 bytes).
    Removing gpio.o(.bss), (20 bytes).
    Removing uart.o(.rev16_text), (4 bytes).
    Removing uart.o(.revsh_text), (4 bytes).
    Removing uart.o(.text), (208 bytes).
    Removing i2c_eeprom.o(.rev16_text), (4 bytes).
    Removing i2c_eeprom.o(.revsh_text), (4 bytes).
    Removing i2c_eeprom.o(.text), (632 bytes).
    Removing i2c_eeprom.o(.data), (2 bytes).
    Removing main.o(.rev16_text), (4 bytes).
    Removing main.o(.revsh_text), (4 bytes).
    Removing uart_booter.o(.rev16_text), (4 bytes).
    Removing uart_booter.o(.revsh_text), (4 bytes).
    Removing uart_booter.o(.text), (188 bytes).
    Removing spi_commands.o(.rev16_text), (4 bytes).
    Removing spi_commands.o(.revsh_text), (4 bytes).
    Removing sw_aes.o(.rev16_text), (4 bytes).
    Removing sw_aes.o(.revsh_text), (4 bytes).

31 unused section(s) (total 1662 bytes) removed from the image.

==============================================================================

Image Symbol Table

    Local Symbols

    Symbol Name                              Value     Ov Type        Size  Object(Section)

    RESET                                    0x00000000   Section      160  startup_cmsdk_cm0.o(RESET)
    ../clib/microlib/division.c              0x00000000   Number         0  uidiv.o ABSOLUTE
    ../clib/microlib/division.c              0x00000000   Number         0  idiv.o ABSOLUTE
    ../clib/microlib/init/entry.s            0x00000000   Number         0  entry10b.o ABSOLUTE
    ../clib/microlib/init/entry.s            0x00000000   Number         0  entry.o ABSOLUTE
    ../clib/microlib/init/entry.s            0x00000000   Number         0  entry11b.o ABSOLUTE
    ../clib/microlib/init/entry.s            0x00000000   Number         0  entry11a.o ABSOLUTE
    ../clib/microlib/init/entry.s            0x00000000   Number         0  entry5.o ABSOLUTE
    ../clib/microlib/init/entry.s            0x00000000   Number         0  entry2.o ABSOLUTE
    ../clib/microlib/init/entry.s            0x00000000   Number         0  entry10a.o ABSOLUTE
    ../clib/microlib/init/entry.s            0x00000000   Number         0  entry9b.o ABSOLUTE
    ../clib/microlib/init/entry.s            0x00000000   Number         0  entry9a.o ABSOLUTE
    ../clib/microlib/init/entry.s            0x00000000   Number         0  entry8b.o ABSOLUTE
    ../clib/microlib/init/entry.s            0x00000000   Number         0  entry7a.o ABSOLUTE
    ../clib/microlib/init/entry.s            0x00000000   Number         0  entry7b.o ABSOLUTE
    ../clib/microlib/init/entry.s            0x00000000   Number         0  entry8a.o ABSOLUTE
    ../clib/microlib/string/memcpy.c         0x00000000   Number         0  memcpyb.o ABSOLUTE
    ../clib/microlib/string/memcpy.c         0x00000000   Number         0  memcpya.o ABSOLUTE
    ..\..\sdk\platform\driver\gpio\gpio.c    0x00000000   Number         0  gpio.o ABSOLUTE
    ..\..\sdk\platform\driver\i2c_eeprom\i2c_eeprom.c 0x00000000   Number         0  i2c_eeprom.o ABSOLUTE
    ..\..\sdk\platform\driver\spi\spi.c      0x00000000   Number         0  spi.o ABSOLUTE
    ..\..\sdk\platform\driver\spi_flash\spi_flash.c 0x00000000   Number         0  spi_flash.o ABSOLUTE
    ..\\..\\sdk\\platform\\driver\\gpio\\gpio.c 0x00000000   Number         0  gpio.o ABSOLUTE
    ..\\..\\sdk\\platform\\driver\\i2c_eeprom\\i2c_eeprom.c 0x00000000   Number         0  i2c_eeprom.o ABSOLUTE
    ..\\..\\sdk\\platform\\driver\\spi\\spi.c 0x00000000   Number         0  spi.o ABSOLUTE
    ..\\..\\sdk\\platform\\driver\\spi_flash\\spi_flash.c 0x00000000   Number         0  spi_flash.o ABSOLUTE
    dc.s                                     0x00000000   Number         0  dc.o ABSOLUTE
    handlers.s                               0x00000000   Number         0  handlers.o ABSOLUTE
    init.s                                   0x00000000   Number         0  init.o ABSOLUTE
    src\\bootloader.c                        0x00000000   Number         0  bootloader.o ABSOLUTE
    src\\main.c                              0x00000000   Number         0  main.o ABSOLUTE
    src\\spi_commands.c                      0x00000000   Number         0  spi_commands.o ABSOLUTE
    src\\sw_aes.c                            0x00000000   Number         0  sw_aes.o ABSOLUTE
    src\\timer.c                             0x00000000   Number         0  timer.o ABSOLUTE
    src\\uart.c                              0x00000000   Number         0  uart.o ABSOLUTE
    src\\uart_booter.c                       0x00000000   Number         0  uart_booter.o ABSOLUTE
    src\bootloader.c                         0x00000000   Number         0  bootloader.o ABSOLUTE
    src\crc32.c                              0x00000000   Number         0  crc32.o ABSOLUTE
    src\main.c                               0x00000000   Number         0  main.o ABSOLUTE
    src\spi_commands.c                       0x00000000   Number         0  spi_commands.o ABSOLUTE
    src\sw_aes.c                             0x00000000   Number         0  sw_aes.o ABSOLUTE
    src\timer.c                              0x00000000   Number         0  timer.o ABSOLUTE
    src\uart.c                               0x00000000   Number         0  uart.o ABSOLUTE
    src\uart_booter.c                        0x00000000   Number         0  uart_booter.o ABSOLUTE
    startup\\system_CMSDK.c                  0x00000000   Number         0  system_cmsdk.o ABSOLUTE
    startup\startup_CMSDK_CM0.s              0x00000000   Number         0  startup_cmsdk_cm0.o ABSOLUTE
    startup\system_CMSDK.c                   0x00000000   Number         0  system_cmsdk.o ABSOLUTE
    .ARM.Collect$$$$00000000                 0x000000a0   Section        0  entry.o(.ARM.Collect$$$$00000000)
    .ARM.Collect$$$$00000001                 0x000000a0   Section        4  entry2.o(.ARM.Collect$$$$00000001)
    .ARM.Collect$$$$00000004                 0x000000a4   Section        4  entry5.o(.ARM.Collect$$$$00000004)
    .ARM.Collect$$$$00000008                 0x000000a8   Section        0  entry7b.o(.ARM.Collect$$$$00000008)
    .ARM.Collect$$$$0000000A                 0x000000a8   Section        0  entry8b.o(.ARM.Collect$$$$0000000A)
    .ARM.Collect$$$$0000000B                 0x000000a8   Section        8  entry9a.o(.ARM.Collect$$$$0000000B)
    .ARM.Collect$$$$0000000D                 0x000000b0   Section        0  entry10a.o(.ARM.Collect$$$$0000000D)
    .ARM.Collect$$$$0000000F                 0x000000b0   Section        0  entry11a.o(.ARM.Collect$$$$0000000F)
    .ARM.Collect$$$$00002712                 0x000000b0   Section        4  entry2.o(.ARM.Collect$$$$00002712)
    __lit__00000000                          0x000000b0   Data           4  entry2.o(.ARM.Collect$$$$00002712)
    .text                                    0x000000b4   Section       28  startup_cmsdk_cm0.o(.text)
    .text                                    0x000000d0   Section        0  system_cmsdk.o(.text)
    .text                                    0x0000013c   Section       36  init.o(.text)
    i.__scatterload_copy                     0x00000160   Section       14  handlers.o(i.__scatterload_copy)
    i.__scatterload_null                     0x0000016e   Section        2  handlers.o(i.__scatterload_null)
    i.__scatterload_zeroinit                 0x00000170   Section       14  handlers.o(i.__scatterload_zeroinit)
    .emb_text                                0x00080000   Section       16  main.o(.emb_text)
    .text                                    0x00080010   Section        0  bootloader.o(.text)
    loadActiveImage                          0x00080037   Thumb Code   378  bootloader.o(.text)
    FlashRead                                0x000801c5   Thumb Code    10  bootloader.o(.text)
    .text                                    0x000801d8   Section        0  timer.o(.text)
    .text                                    0x00080258   Section        0  spi_flash.o(.text)
    .text                                    0x00080738   Section        0  spi.o(.text)
    .text                                    0x00080880   Section        0  gpio.o(.text)
    .text                                    0x00080934   Section        0  main.o(.text)
    .text                                    0x000809ec   Section        0  spi_commands.o(.text)
    .text                                    0x00080af0   Section        0  crc32.o(.text)
    .text                                    0x00080b14   Section        0  sw_aes.o(.text)
    .text                                    0x00080f70   Section        0  uidiv.o(.text)
    .text                                    0x00080f9c   Section        0  idiv.o(.text)
    .text                                    0x00080fc4   Section        0  memcpya.o(.text)
    .constdata                               0x00080fe8   Section       32  bootloader.o(.constdata)
    .constdata                               0x00081008   Section       80  spi_flash.o(.constdata)
    .constdata                               0x00081058   Section     1024  crc32.o(.constdata)
    crc32_tab                                0x00081058   Data        1024  crc32.o(.constdata)
    .constdata                               0x00081458   Section      542  sw_aes.o(.constdata)
    aes_sbox                                 0x00081458   Data         256  sw_aes.o(.constdata)
    aes_isbox                                0x00081558   Data         256  sw_aes.o(.constdata)
    Rcon                                     0x00081658   Data          30  sw_aes.o(.constdata)
    .data                                    0x00081678   Section        4  system_cmsdk.o(.data)
    .data                                    0x0008167c   Section       16  spi_flash.o(.data)
    .data                                    0x0008168c   Section        2  spi.o(.data)
    .data                                    0x00081690   Section        4  uart_booter.o(.data)
    .data                                    0x00081694   Section        4  uart_booter.o(.data)
    .data                                    0x00081698   Section        2  spi_commands.o(.data)
    .bss                                     0x0008169c   Section      500  bootloader.o(.bss)
    STACK                                    0x00081890   Section      512  startup_cmsdk_cm0.o(STACK)

    Global Symbols

    Symbol Name                              Value     Ov Type        Size  Object(Section)

    BuildAttributes$$THM_ISAv3M$S$PE$A:L22$X:L11$S22$IEEE1$IW$USESV6$~STKCKD$USESV7$~SHL$OTIME$EBA8$MICROLIB$REQ8$EABIv2 0x00000000   Number         0  anon$$obj.o ABSOLUTE
    __ARM_use_no_argv                        0x00000000   Number         0  main.o ABSOLUTE
    __Vectors                                0x00000000   Data           4  startup_cmsdk_cm0.o(RESET)
    __cpp_initialize__aeabi_                  - Undefined Weak Reference
    __cxa_finalize                            - Undefined Weak Reference
    __decompress                              - Undefined Weak Reference
    _clock_init                               - Undefined Weak Reference
    _microlib_exit                            - Undefined Weak Reference
    __Vectors_End                            0x000000a0   Data           0  startup_cmsdk_cm0.o(RESET)
    __Vectors_Size                           0x000000a0   Number         0  startup_cmsdk_cm0.o ABSOLUTE
    __main                                   0x000000a1   Thumb Code     0  entry.o(.ARM.Collect$$$$00000000)
    _main_stk                                0x000000a1   Thumb Code     0  entry2.o(.ARM.Collect$$$$00000001)
    _main_scatterload                        0x000000a5   Thumb Code     0  entry5.o(.ARM.Collect$$$$00000004)
    __main_after_scatterload                 0x000000a9   Thumb Code     0  entry5.o(.ARM.Collect$$$$00000004)
    _main_clock                              0x000000a9   Thumb Code     0  entry7b.o(.ARM.Collect$$$$00000008)
    _main_cpp_init                           0x000000a9   Thumb Code     0  entry8b.o(.ARM.Collect$$$$0000000A)
    _main_init                               0x000000a9   Thumb Code     0  entry9a.o(.ARM.Collect$$$$0000000B)
    __rt_final_cpp                           0x000000b1   Thumb Code     0  entry10a.o(.ARM.Collect$$$$0000000D)
    __rt_final_exit                          0x000000b1   Thumb Code     0  entry11a.o(.ARM.Collect$$$$0000000F)
    Reset_Handler                            0x000000b5   Thumb Code     8  startup_cmsdk_cm0.o(.text)
    NMI_Handler                              0x000000bd   Thumb Code     2  startup_cmsdk_cm0.o(.text)
    HardFault_Handler                        0x000000bf   Thumb Code     2  startup_cmsdk_cm0.o(.text)
    SVC_Handler                              0x000000c1   Thumb Code     2  startup_cmsdk_cm0.o(.text)
    PendSV_Handler                           0x000000c3   Thumb Code     2  startup_cmsdk_cm0.o(.text)
    SysTick_Handler                          0x000000c5   Thumb Code     2  startup_cmsdk_cm0.o(.text)
    ADC_Handler                              0x000000c7   Thumb Code     0  startup_cmsdk_cm0.o(.text)
    BLE_CRYPT_Handler                        0x000000c7   Thumb Code     0  startup_cmsdk_cm0.o(.text)
    BLE_CSCNT_Handler                        0x000000c7   Thumb Code     0  startup_cmsdk_cm0.o(.text)
    BLE_ERROR_Handler                        0x000000c7   Thumb Code     0  startup_cmsdk_cm0.o(.text)
    BLE_EVENT_Handler                        0x000000c7   Thumb Code     0  startup_cmsdk_cm0.o(.text)
    BLE_FINETGTIM_Handler                    0x000000c7   Thumb Code     0  startup_cmsdk_cm0.o(.text)
    BLE_GROSSTGTIM_Handler                   0x000000c7   Thumb Code     0  startup_cmsdk_cm0.o(.text)
    BLE_RADIOCNTL_Handler                    0x000000c7   Thumb Code     0  startup_cmsdk_cm0.o(.text)
    BLE_RX_Handler                           0x000000c7   Thumb Code     0  startup_cmsdk_cm0.o(.text)
    BLE_SLP_Handler                          0x000000c7   Thumb Code     0  startup_cmsdk_cm0.o(.text)
    BLE_WAKEUP_LP_Handler                    0x000000c7   Thumb Code     0  startup_cmsdk_cm0.o(.text)
    GPIO0_Handler                            0x000000c7   Thumb Code     0  startup_cmsdk_cm0.o(.text)
    GPIO1_Handler                            0x000000c7   Thumb Code     0  startup_cmsdk_cm0.o(.text)
    GPIO2_Handler                            0x000000c7   Thumb Code     0  startup_cmsdk_cm0.o(.text)
    GPIO3_Handler                            0x000000c7   Thumb Code     0  startup_cmsdk_cm0.o(.text)
    GPIO4_Handler                            0x000000c7   Thumb Code     0  startup_cmsdk_cm0.o(.text)
    I2C_Handler                              0x000000c7   Thumb Code     0  startup_cmsdk_cm0.o(.text)
    KEYBRD_Handler                           0x000000c7   Thumb Code     0  startup_cmsdk_cm0.o(.text)
    RFCAL_Handler                            0x000000c7   Thumb Code     0  startup_cmsdk_cm0.o(.text)
    SPI_Handler                              0x000000c7   Thumb Code     0  startup_cmsdk_cm0.o(.text)
    UART2_Handler                            0x000000c7   Thumb Code     0  startup_cmsdk_cm0.o(.text)
    UART_Handler                             0x000000c7   Thumb Code     0  startup_cmsdk_cm0.o(.text)
    WKUP_QUADEC_Handler                      0x000000c7   Thumb Code     0  startup_cmsdk_cm0.o(.text)
    SystemInit                               0x000000d1   Thumb Code    78  system_cmsdk.o(.text)
    SystemCoreClockUpdate                    0x0000011f   Thumb Code     8  system_cmsdk.o(.text)
    __scatterload                            0x0000013d   Thumb Code    28  init.o(.text)
    __scatterload_rt2                        0x0000013d   Thumb Code     0  init.o(.text)
    __scatterload_copy                       0x00000161   Thumb Code    14  handlers.o(i.__scatterload_copy)
    __scatterload_null                       0x0000016f   Thumb Code     2  handlers.o(i.__scatterload_null)
    __scatterload_zeroinit                   0x00000171   Thumb Code    14  handlers.o(i.__scatterload_zeroinit)
    Region$$Table$$Base                      0x00000180   Number         0  anon$$obj.o(Region$$Table)
    Region$$Table$$Limit                     0x000001b0   Number         0  anon$$obj.o(Region$$Table)
    sw_reset                                 0x00080001   Thumb Code    10  main.o(.emb_text)
    Decrypt_Image                            0x00080011   Thumb Code    38  bootloader.o(.text)
    spi_loadActiveImage                      0x000801b1   Thumb Code    20  bootloader.o(.text)
    start_timer                              0x000801d9   Thumb Code    52  timer.o(.text)
    stop_timer                               0x0008020d   Thumb Code    22  timer.o(.text)
    SWTIM_Handler                            0x00080223   Thumb Code    30  timer.o(.text)
    spi_flash_init                           0x00080259   Thumb Code     8  spi_flash.o(.text)
    spi_flash_read_status_reg                0x00080261   Thumb Code    20  spi_flash.o(.text)
    spi_flash_wait_till_ready                0x00080275   Thumb Code    26  spi_flash.o(.text)
    spi_read_flash_jedec_id                  0x0008028f   Thumb Code    60  spi_flash.o(.text)
    spi_flash_auto_detect                    0x000802cb   Thumb Code    76  spi_flash.o(.text)
    spi_flash_set_write_enable               0x00080317   Thumb Code    60  spi_flash.o(.text)
    spi_flash_write_enable_volatile          0x00080353   Thumb Code    60  spi_flash.o(.text)
    spi_flash_set_write_disable              0x0008038f   Thumb Code    52  spi_flash.o(.text)
    spi_flash_write_status_reg               0x000803c3   Thumb Code    32  spi_flash.o(.text)
    spi_flash_read_data                      0x000803e3   Thumb Code    86  spi_flash.o(.text)
    spi_flash_page_program                   0x00080439   Thumb Code    90  spi_flash.o(.text)
    spi_flash_block_erase                    0x00080493   Thumb Code    40  spi_flash.o(.text)
    spi_flash_chip_erase                     0x000804bb   Thumb Code    36  spi_flash.o(.text)
    spi_read_flash_memory_man_and_dev_id     0x000804df   Thumb Code    52  spi_flash.o(.text)
    spi_read_flash_unique_id                 0x00080513   Thumb Code    70  spi_flash.o(.text)
    spi_flash_write_data                     0x00080559   Thumb Code   110  spi_flash.o(.text)
    spi_flash_power_down                     0x000805c7   Thumb Code    24  spi_flash.o(.text)
    spi_flash_release_from_power_down        0x000805df   Thumb Code    18  spi_flash.o(.text)
    spi_flash_configure_memory_protection    0x000805f1   Thumb Code    52  spi_flash.o(.text)
    spi_flash_chip_erase_forced              0x00080625   Thumb Code    38  spi_flash.o(.text)
    spi_flash_page_fill                      0x0008064b   Thumb Code    88  spi_flash.o(.text)
    spi_flash_fill                           0x000806a3   Thumb Code   106  spi_flash.o(.text)
    spi_flash_enable                         0x0008070d   Thumb Code    40  spi_flash.o(.text)
    spi_cs_low                               0x00080739   Thumb Code    14  spi.o(.text)
    spi_cs_high                              0x00080747   Thumb Code    14  spi.o(.text)
    spi_init                                 0x00080755   Thumb Code   138  spi.o(.text)
    spi_set_bitmode                          0x000807df   Thumb Code    34  spi.o(.text)
    spi_release                              0x00080801   Thumb Code    38  spi.o(.text)
    spi_disable                              0x00080827   Thumb Code    12  spi.o(.text)
    spi_access                               0x00080833   Thumb Code    46  spi.o(.text)
    spi_transaction                          0x00080861   Thumb Code    24  spi.o(.text)
    GPIO_init                                0x00080881   Thumb Code     2  gpio.o(.text)
    GPIO_SetPinFunction                      0x00080883   Thumb Code    24  gpio.o(.text)
    GPIO_SetInactive                         0x0008089b   Thumb Code    20  gpio.o(.text)
    GPIO_SetActive                           0x000808af   Thumb Code    20  gpio.o(.text)
    GPIO_ConfigurePin                        0x000808c3   Thumb Code    38  gpio.o(.text)
    GPIO_ConfigurePinPower                   0x000808e9   Thumb Code    44  gpio.o(.text)
    GPIO_GetPinStatus                        0x00080915   Thumb Code    26  gpio.o(.text)
    Start_run_user_application               0x00080935   Thumb Code   128  main.o(.text)
    main                                     0x000809b5   Thumb Code    44  main.o(.text)
    spi_flash_peripheral_init                0x000809ed   Thumb Code   106  spi_commands.o(.text)
    spi_flash_size_init                      0x00080a57   Thumb Code    30  spi_commands.o(.text)
    putByte_SPI                              0x00080a75   Thumb Code    18  spi_commands.o(.text)
    SpiFlashRead                             0x00080a87   Thumb Code    84  spi_commands.o(.text)
    crc32                                    0x00080af1   Thumb Code    32  crc32.o(.text)
    AES_set_key                              0x00080b15   Thumb Code   296  sw_aes.o(.text)
    AES_convert_key                          0x00080c3d   Thumb Code   124  sw_aes.o(.text)
    AES_decrypt                              0x00080cb9   Thumb Code   492  sw_aes.o(.text)
    AES_cbc_decrypt                          0x00080ea5   Thumb Code   180  sw_aes.o(.text)
    __aeabi_uidiv                            0x00080f71   Thumb Code     0  uidiv.o(.text)
    __aeabi_uidivmod                         0x00080f71   Thumb Code    44  uidiv.o(.text)
    __aeabi_idiv                             0x00080f9d   Thumb Code     0  idiv.o(.text)
    __aeabi_idivmod                          0x00080f9d   Thumb Code    40  idiv.o(.text)
    __aeabi_memcpy                           0x00080fc5   Thumb Code    36  memcpya.o(.text)
    __aeabi_memcpy4                          0x00080fc5   Thumb Code     0  memcpya.o(.text)
    __aeabi_memcpy8                          0x00080fc5   Thumb Code     0  memcpya.o(.text)
    Key                                      0x00080fe8   Data          16  bootloader.o(.constdata)
    IV                                       0x00080ff8   Data          16  bootloader.o(.constdata)
    SPI_FLASH_KNOWN_DEVICES_PARAMETERS_LIST  0x00081008   Data          80  spi_flash.o(.constdata)
    SystemCoreClock                          0x00081678   Data           4  system_cmsdk.o(.data)
    spi_flash_device_index                   0x0008167c   Data           2  spi_flash.o(.data)
    spi_flash_detected_device                0x00081680   Data           4  spi_flash.o(.data)
    spi_flash_size                           0x00081684   Data           4  spi_flash.o(.data)
    spi_flash_page_size                      0x00081688   Data           4  spi_flash.o(.data)
    spi_driver_cs_pad                        0x0008168c   Data           2  spi.o(.data)
    timeout_multi                            0x00081690   Data           4  uart_booter.o(.data)
    timeout_occur                            0x00081694   Data           4  uart_booter.o(.data)
    spi_FLASH_CS_Pad                         0x00081698   Data           2  spi_commands.o(.data)
    ctx                                      0x0008169c   Data         500  bootloader.o(.bss)
    __initial_sp                             0x00081a90   Data           0  startup_cmsdk_cm0.o(STACK)



==============================================================================

Memory Map of the image

  Image Entry point : 0x000000a1

  Load Region LR_IROM1 (Base: 0x00000000, Size: 0x0000184c, Max: 0x00008000, ABSOLUTE)

    Execution Region ER_IROM1 (Base: 0x00000000, Size: 0x000001b0, Max: 0x00002000, ABSOLUTE)

    Base Addr    Size         Type   Attr      Idx    E Section Name        Object

    0x00000000   0x000000a0   Data   RO            3    RESET               startup_cmsdk_cm0.o
    0x000000a0   0x00000000   Code   RO          435  * .ARM.Collect$$$$00000000  mc_p.l(entry.o)
    0x000000a0   0x00000004   Code   RO          446    .ARM.Collect$$$$00000001  mc_p.l(entry2.o)
    0x000000a4   0x00000004   Code   RO          449    .ARM.Collect$$$$00000004  mc_p.l(entry5.o)
    0x000000a8   0x00000000   Code   RO          451    .ARM.Collect$$$$00000008  mc_p.l(entry7b.o)
    0x000000a8   0x00000000   Code   RO          453    .ARM.Collect$$$$0000000A  mc_p.l(entry8b.o)
    0x000000a8   0x00000008   Code   RO          454    .ARM.Collect$$$$0000000B  mc_p.l(entry9a.o)
    0x000000b0   0x00000000   Code   RO          456    .ARM.Collect$$$$0000000D  mc_p.l(entry10a.o)
    0x000000b0   0x00000000   Code   RO          458    .ARM.Collect$$$$0000000F  mc_p.l(entry11a.o)
    0x000000b0   0x00000004   Code   RO          447    .ARM.Collect$$$$00002712  mc_p.l(entry2.o)
    0x000000b4   0x0000001c   Code   RO            4    .text               startup_cmsdk_cm0.o
    0x000000d0   0x0000006c   Code   RO           12    .text               system_cmsdk.o
    0x0000013c   0x00000024   Code   RO          460    .text               mc_p.l(init.o)
    0x00000160   0x0000000e   Code   RO          464    i.__scatterload_copy  mc_p.l(handlers.o)
    0x0000016e   0x00000002   Code   RO          465    i.__scatterload_null  mc_p.l(handlers.o)
    0x00000170   0x0000000e   Code   RO          466    i.__scatterload_zeroinit  mc_p.l(handlers.o)
    0x0000017e   0x00000002   PAD
    0x00000180   0x00000030   Data   RO          462    Region$$Table       anon$$obj.o


    Execution Region ER_IROM2 (Base: 0x00080000, Size: 0x00001a90, Max: 0x00002000, ABSOLUTE)

    Base Addr    Size         Type   Attr      Idx    E Section Name        Object

    0x00080000   0x00000010   Code   RO          310    .emb_text           main.o
    0x00080010   0x000001c8   Code   RO           55    .text               bootloader.o
    0x000801d8   0x00000080   Code   RO          152    .text               timer.o
    0x00080258   0x000004e0   Code   RO          182    .text               spi_flash.o
    0x00080738   0x00000148   Code   RO          216    .text               spi.o
    0x00080880   0x000000b4   Code   RO          240    .text               gpio.o
    0x00080934   0x000000b8   Code   RO          311    .text               main.o
    0x000809ec   0x00000104   Code   RO          358    .text               spi_commands.o
    0x00080af0   0x00000024   Code   RO          383    .text               crc32.o
    0x00080b14   0x0000045c   Code   RO          402    .text               sw_aes.o
    0x00080f70   0x0000002c   Code   RO          438    .text               mc_p.l(uidiv.o)
    0x00080f9c   0x00000028   Code   RO          440    .text               mc_p.l(idiv.o)
    0x00080fc4   0x00000024   Code   RO          442    .text               mc_p.l(memcpya.o)
    0x00080fe8   0x00000020   Data   RO           57    .constdata          bootloader.o
    0x00081008   0x00000050   Data   RO          183    .constdata          spi_flash.o
    0x00081058   0x00000400   Data   RO          384    .constdata          crc32.o
    0x00081458   0x0000021e   Data   RO          403    .constdata          sw_aes.o
    0x00081676   0x00000002   PAD
    0x00081678   0x00000004   Data   RW           14    .data               system_cmsdk.o
    0x0008167c   0x00000010   Data   RW          184    .data               spi_flash.o
    0x0008168c   0x00000002   Data   RW          217    .data               spi.o
    0x0008168e   0x00000002   PAD
    0x00081690   0x00000004   Data   RW          335    .data               uart_booter.o
    0x00081694   0x00000004   Data   RW          336    .data               uart_booter.o
    0x00081698   0x00000002   Data   RW          359    .data               spi_commands.o
    0x0008169a   0x00000002   PAD
    0x0008169c   0x000001f4   Zero   RW           56    .bss                bootloader.o
    0x00081890   0x00000200   Zero   RW            1    STACK               startup_cmsdk_cm0.o


==============================================================================

Image component sizes


      Code (inc. data)   RO Data    RW Data    ZI Data      Debug   Object Name

       456         10         32          0        500      10775   bootloader.o
        36          4       1024          0          0       1632   crc32.o
       180          6          0          0          0       3125   gpio.o
       200         18          0          0          0       1014   main.o
       328          8          0          2          0       2759   spi.o
       260         22          0          2          0       2186   spi_commands.o
      1248         16         80         16          0       9591   spi_flash.o
        28          8        160          0        512        644   startup_cmsdk_cm0.o
      1116         24        542          0          0       5138   sw_aes.o
       108         22          0          4          0     100757   system_cmsdk.o
       128         24          0          0          0       6587   timer.o
         0          0          0          8          0        714   uart_booter.o

    ----------------------------------------------------------------------
      4088        162       1888         36       1012     144922   Object Totals
         0          0         48          0          0          0   (incl. Generated)
         0          0          2          4          0          0   (incl. Padding)

    ----------------------------------------------------------------------

      Code (inc. data)   RO Data    RW Data    ZI Data      Debug   Library Member Name

         0          0          0          0          0          0   entry.o
         0          0          0          0          0          0   entry10a.o
         0          0          0          0          0          0   entry11a.o
         8          4          0          0          0          0   entry2.o
         4          0          0          0          0          0   entry5.o
         0          0          0          0          0          0   entry7b.o
         0          0          0          0          0          0   entry8b.o
         8          4          0          0          0          0   entry9a.o
        30          0          0          0          0          0   handlers.o
        40          0          0          0          0         72   idiv.o
        36          8          0          0          0         68   init.o
        36          0          0          0          0         60   memcpya.o
        44          0          0          0          0         72   uidiv.o

    ----------------------------------------------------------------------
       208         16          0          0          0        272   Library Totals
         2          0          0          0          0          0   (incl. Padding)

    ----------------------------------------------------------------------

      Code (inc. data)   RO Data    RW Data    ZI Data      Debug   Library Name

       206         16          0          0          0        272   mc_p.l

    ----------------------------------------------------------------------
       208         16          0          0          0        272   Library Totals

    ----------------------------------------------------------------------

==============================================================================


      Code (inc. data)   RO Data    RW Data    ZI Data      Debug   

      4296        178       1888         36       1012     144546   Grand Totals
      4296        178       1888         36       1012     144546   ELF Image Totals
      4296        178       1888         36          0          0   ROM Totals

==============================================================================

    Total RO  Size (Code + RO Data)                 6184 (   6.04kB)
    Total RW  Size (RW Data + ZI Data)              1048 (   1.02kB)
    Total ROM Size (Code + RO Data + RW Data)       6220 (   6.07kB)

==============================================================================

