<html>
<body>
<pre>
<h1>µVision Build Log</h1>
<h2>Tool Versions:</h2>
IDE-Version: ¦ÌVision V5.18.0.0
Copyright (C) 2016 ARM Ltd and ARM Germany GmbH. All rights reserved.
License Information: z MAMA, Microsoft, LIC=JDA30-BZJU5-68CFC-7RXXZ-QM63C-6Q9JT
 
Tool Versions:
Toolchain:       MDK-ARM Professional  Version: 5.18
Toolchain Path:  C:\Keil_v5\ARM\ARMCC\Bin
C Compiler:      Armcc.exe V5.06 update 1 (build 61)
Assembler:       Armasm.exe V5.06 update 1 (build 61)
Linker/Locator:  ArmLink.exe V5.06 update 1 (build 61)
Library Manager: ArmAr.exe V5.06 update 1 (build 61)
Hex Converter:   FromElf.exe V5.06 update 1 (build 61)
CPU DLL:         SARMCM3.DLL V5.18
Dialog DLL:      DCM.DLL V1.13.6.0
Target DLL:      UL2CM3.DLL V1.157.5.0
Dialog DLL:      TCM.DLL V1.14.8.0
 
<h2>Project:</h2>
D:\IHUSRC\ihu\PrjBfscFo@205RG\MDK-ARM\PrjBfscFo@205RG.uvprojx
Project File Date:  12/27/2016

<h2>Output:</h2>
*** Using Compiler 'V5.06 update 1 (build 61)', folder: 'C:\Keil_v5\ARM\ARMCC\Bin'
Build Project 'PrjBfscFo@205RG' - Target 'PrjBfscFo@205RG'
compiling bsp_i2c.c...
compiling bsp_can.c...
compiling bsp_usart.c...
compiling bsp_spi.c...
compiling main.c...
compiling l1timer_freeos.c...
compiling vmfreeoslayer.c...
compiling vmmw_gprs.c...
compiling l2adclibra.c...
compiling l1vmfo.c...
compiling l2didocap.c...
compiling l2ethorion.c...
compiling l2i2caries.c...
compiling l2ledpisces.c...
compiling l2pwmtaurus.c...
compiling l2spileo.c...
compiling l2spsvirgo.c...
D:\IHUSRC\ihu\SrcBxxh\l2framefreeos\l2spsvirgo.c(293): warning:  #177-D: variable "ret" was declared but never referenced
  	int ret;
..\..\SrcBxxh\l2framefreeos\l2spsvirgo.c: 1 warning, 0 errors
compiling l2canvela.c...
D:\IHUSRC\ihu\SrcBxxh\l2framefreeos\l2canvela.c(680): warning:  #550-D: parameter "prefixcmdid" was set but never used
  OPSTAT func_canvela_frame_decode(strIhuCanvelaCmdFrame_t *pframe, UINT8 prefixcmdid, UINT8 optid, UINT8 optpar, UINT32 modbusval)
D:\IHUSRC\ihu\SrcBxxh\l2framefreeos\l2canvela.c(680): warning:  #550-D: parameter "optpar" was set but never used
  OPSTAT func_canvela_frame_decode(strIhuCanvelaCmdFrame_t *pframe, UINT8 prefixcmdid, UINT8 optid, UINT8 optpar, UINT32 modbusval)
D:\IHUSRC\ihu\SrcBxxh\l2framefreeos\l2canvela.c(680): warning:  #550-D: parameter "modbusval" was set but never used
  OPSTAT func_canvela_frame_decode(strIhuCanvelaCmdFrame_t *pframe, UINT8 prefixcmdid, UINT8 optid, UINT8 optpar, UINT32 modbusval)
..\..\SrcBxxh\l2framefreeos\l2canvela.c: 3 warnings, 0 errors
compiling l3bfsc.c...
linking...
Program Size: Code=83536 RO-data=4228 RW-data=1728 ZI-data=78144  
"PrjBfscFo@205RG\PrjBfscFo@205RG.axf" - 0 Error(s), 4 Warning(s).

<h2>Software Packages used:</h2>

Package Vendor: ARM
                http://www.keil.com/pack/ARM.CMSIS.4.5.0.pack
                ARM::CMSIS:CORE:4.3.0
                CMSIS (Cortex Microcontroller Software Interface Standard)
   * Component: CORE Version: 4.3.0

<h2>Collection of Component include folders:</h2>
  D:\IHUSRC\ihu\PrjBfscFo@205RG\MDK-ARM\RTE
  C:\Keil_v5\ARM\PACK\ARM\CMSIS\4.5.0\CMSIS\Include
  C:\Keil_v5\ARM\PACK\Keil\STM32F2xx_DFP\2.6.0\Drivers\CMSIS\Device\ST\STM32F2xx\Include

<h2>Collection of Component Files used:</h2>

   * Component: ARM::CMSIS:CORE:4.3.0
Build Time Elapsed:  00:00:19
</pre>
</body>
</html>
