Archive member included because of file (symbol)

c:/program files (x86)/atollic/truestudio for arm pro 3.2.0/armtools/bin/../lib/gcc/arm-atollic-eabi/4.6.2/../../../../arm-atollic-eabi/lib/thumb/armv7-m\libc.a(lib_a-init.o)
                              BSP\cstartup.o (__libc_init_array)
c:/program files (x86)/atollic/truestudio for arm pro 3.2.0/armtools/bin/../lib/gcc/arm-atollic-eabi/4.6.2/../../../../arm-atollic-eabi/lib/thumb/armv7-m\libc.a(lib_a-vsnprintf.o)
                              BSP\bsp_ser.o (vsnprintf)
c:/program files (x86)/atollic/truestudio for arm pro 3.2.0/armtools/bin/../lib/gcc/arm-atollic-eabi/4.6.2/../../../../arm-atollic-eabi/lib/thumb/armv7-m\libc.a(lib_a-impure.o)
                              c:/program files (x86)/atollic/truestudio for arm pro 3.2.0/armtools/bin/../lib/gcc/arm-atollic-eabi/4.6.2/../../../../arm-atollic-eabi/lib/thumb/armv7-m\libc.a(lib_a-vsnprintf.o) (_impure_ptr)
c:/program files (x86)/atollic/truestudio for arm pro 3.2.0/armtools/bin/../lib/gcc/arm-atollic-eabi/4.6.2/../../../../arm-atollic-eabi/lib/thumb/armv7-m\libc.a(lib_a-svfprintf.o)
                              c:/program files (x86)/atollic/truestudio for arm pro 3.2.0/armtools/bin/../lib/gcc/arm-atollic-eabi/4.6.2/../../../../arm-atollic-eabi/lib/thumb/armv7-m\libc.a(lib_a-vsnprintf.o) (_svfprintf_r)
c:/program files (x86)/atollic/truestudio for arm pro 3.2.0/armtools/bin/../lib/gcc/arm-atollic-eabi/4.6.2/../../../../arm-atollic-eabi/lib/thumb/armv7-m\libc.a(lib_a-dtoa.o)
                              c:/program files (x86)/atollic/truestudio for arm pro 3.2.0/armtools/bin/../lib/gcc/arm-atollic-eabi/4.6.2/../../../../arm-atollic-eabi/lib/thumb/armv7-m\libc.a(lib_a-svfprintf.o) (_dtoa_r)
c:/program files (x86)/atollic/truestudio for arm pro 3.2.0/armtools/bin/../lib/gcc/arm-atollic-eabi/4.6.2/../../../../arm-atollic-eabi/lib/thumb/armv7-m\libc.a(lib_a-locale.o)
                              c:/program files (x86)/atollic/truestudio for arm pro 3.2.0/armtools/bin/../lib/gcc/arm-atollic-eabi/4.6.2/../../../../arm-atollic-eabi/lib/thumb/armv7-m\libc.a(lib_a-svfprintf.o) (_localeconv_r)
c:/program files (x86)/atollic/truestudio for arm pro 3.2.0/armtools/bin/../lib/gcc/arm-atollic-eabi/4.6.2/../../../../arm-atollic-eabi/lib/thumb/armv7-m\libc.a(lib_a-malloc.o)
                              c:/program files (x86)/atollic/truestudio for arm pro 3.2.0/armtools/bin/../lib/gcc/arm-atollic-eabi/4.6.2/../../../../arm-atollic-eabi/lib/thumb/armv7-m\libc.a(lib_a-dtoa.o) (malloc)
c:/program files (x86)/atollic/truestudio for arm pro 3.2.0/armtools/bin/../lib/gcc/arm-atollic-eabi/4.6.2/../../../../arm-atollic-eabi/lib/thumb/armv7-m\libc.a(lib_a-mallocr.o)
                              c:/program files (x86)/atollic/truestudio for arm pro 3.2.0/armtools/bin/../lib/gcc/arm-atollic-eabi/4.6.2/../../../../arm-atollic-eabi/lib/thumb/armv7-m\libc.a(lib_a-svfprintf.o) (_malloc_r)
c:/program files (x86)/atollic/truestudio for arm pro 3.2.0/armtools/bin/../lib/gcc/arm-atollic-eabi/4.6.2/../../../../arm-atollic-eabi/lib/thumb/armv7-m\libc.a(lib_a-memchr.o)
                              c:/program files (x86)/atollic/truestudio for arm pro 3.2.0/armtools/bin/../lib/gcc/arm-atollic-eabi/4.6.2/../../../../arm-atollic-eabi/lib/thumb/armv7-m\libc.a(lib_a-svfprintf.o) (memchr)
c:/program files (x86)/atollic/truestudio for arm pro 3.2.0/armtools/bin/../lib/gcc/arm-atollic-eabi/4.6.2/../../../../arm-atollic-eabi/lib/thumb/armv7-m\libc.a(lib_a-memcpy.o)
                              c:/program files (x86)/atollic/truestudio for arm pro 3.2.0/armtools/bin/../lib/gcc/arm-atollic-eabi/4.6.2/../../../../arm-atollic-eabi/lib/thumb/armv7-m\libc.a(lib_a-dtoa.o) (memcpy)
c:/program files (x86)/atollic/truestudio for arm pro 3.2.0/armtools/bin/../lib/gcc/arm-atollic-eabi/4.6.2/../../../../arm-atollic-eabi/lib/thumb/armv7-m\libc.a(lib_a-mlock.o)
                              c:/program files (x86)/atollic/truestudio for arm pro 3.2.0/armtools/bin/../lib/gcc/arm-atollic-eabi/4.6.2/../../../../arm-atollic-eabi/lib/thumb/armv7-m\libc.a(lib_a-mallocr.o) (__malloc_lock)
c:/program files (x86)/atollic/truestudio for arm pro 3.2.0/armtools/bin/../lib/gcc/arm-atollic-eabi/4.6.2/../../../../arm-atollic-eabi/lib/thumb/armv7-m\libc.a(lib_a-mprec.o)
                              c:/program files (x86)/atollic/truestudio for arm pro 3.2.0/armtools/bin/../lib/gcc/arm-atollic-eabi/4.6.2/../../../../arm-atollic-eabi/lib/thumb/armv7-m\libc.a(lib_a-dtoa.o) (_Balloc)
c:/program files (x86)/atollic/truestudio for arm pro 3.2.0/armtools/bin/../lib/gcc/arm-atollic-eabi/4.6.2/../../../../arm-atollic-eabi/lib/thumb/armv7-m\libc.a(lib_a-s_fpclassify.o)
                              c:/program files (x86)/atollic/truestudio for arm pro 3.2.0/armtools/bin/../lib/gcc/arm-atollic-eabi/4.6.2/../../../../arm-atollic-eabi/lib/thumb/armv7-m\libc.a(lib_a-svfprintf.o) (__fpclassifyd)
[...]
Memory Configuration

Name             Origin             Length             Attributes
FLASH            0x08000000         0x00100000         xr
RAM              0x20000000         0x0001c000         xrw
MEMORY_B1        0x60000000         0x00000000         xr
*default*        0x00000000         0xffffffff

Linker script and memory map

LOAD c:/program files (x86)/atollic/truestudio for arm pro 3.2.0/armtools/bin/../lib/gcc/arm-atollic-eabi/4.6.2/thumb/armv7-m/crti.o
LOAD c:/program files (x86)/atollic/truestudio for arm pro 3.2.0/armtools/bin/../lib/gcc/arm-atollic-eabi/4.6.2/thumb/armv7-m/crtbegin.o
LOAD uCOS-III\Source\os_var.o
LOAD uCOS-III\Source\os_tmr.o
LOAD uCOS-III\Source\os_time.o
LOAD uCOS-III\Source\os_tick.o
LOAD uCOS-III\Source\os_task.o
LOAD uCOS-III\Source\os_stat.o
LOAD uCOS-III\Source\os_sem.o
LOAD uCOS-III\Source\os_q.o
LOAD uCOS-III\Source\os_prio.o
LOAD uCOS-III\Source\os_pend_multi.o
LOAD uCOS-III\Source\os_mutex.o
LOAD uCOS-III\Source\os_msg.o
LOAD uCOS-III\Source\os_mem.o
LOAD uCOS-III\Source\os_int.o
LOAD uCOS-III\Source\os_flag.o
LOAD uCOS-III\Source\os_dbg.o
LOAD uCOS-III\Source\os_core.o
LOAD uCOS-III\Source\os_cfg_app.o
LOAD uCOS-III\Ports\ARM-Cortex-M3\Generic\GNU\os_cpu_c.o
LOAD uCOS-III\Ports\ARM-Cortex-M3\Generic\GNU\os_cpu_a.o
LOAD uC-LIB\lib_str.o
LOAD uC-LIB\lib_mem.o
LOAD uC-LIB\lib_math.o
LOAD uC-LIB\lib_ascii.o
LOAD uC-CPU\cpu_core.o
LOAD uC-CPU\ARM-Cortex-M3\GNU\cpu_c.o
LOAD uC-CPU\ARM-Cortex-M3\GNU\cpu_a.o
LOAD BSP\cstartup.o
LOAD BSP\bsp_ser.o
LOAD BSP\bsp_lcd.o
LOAD BSP\bsp_ioe.o
LOAD BSP\bsp_int.o
LOAD BSP\bsp.o
LOAD BSP\STM32F2xx\src\stm32f2xx_wwdg.o
LOAD BSP\STM32F2xx\src\stm32f2xx_usart.o
LOAD BSP\STM32F2xx\src\stm32f2xx_tim.o
LOAD BSP\STM32F2xx\src\stm32f2xx_syscfg.o
LOAD BSP\STM32F2xx\src\stm32f2xx_spi.o
LOAD BSP\STM32F2xx\src\stm32f2xx_sdio.o
LOAD BSP\STM32F2xx\src\stm32f2xx_rtc.o
LOAD BSP\STM32F2xx\src\stm32f2xx_rng.o
LOAD BSP\STM32F2xx\src\stm32f2xx_rcc.o
LOAD BSP\STM32F2xx\src\stm32f2xx_pwr.o
LOAD BSP\STM32F2xx\src\stm32f2xx_iwdg.o
LOAD BSP\STM32F2xx\src\stm32f2xx_i2c.o
LOAD BSP\STM32F2xx\src\stm32f2xx_hash_sha1.o
LOAD BSP\STM32F2xx\src\stm32f2xx_hash_md5.o
LOAD BSP\STM32F2xx\src\stm32f2xx_hash.o
LOAD BSP\STM32F2xx\src\stm32f2xx_gpio.o
LOAD BSP\STM32F2xx\src\stm32f2xx_fsmc.o
LOAD BSP\STM32F2xx\src\stm32f2xx_flash.o
LOAD BSP\STM32F2xx\src\stm32f2xx_exti.o
LOAD BSP\STM32F2xx\src\stm32f2xx_dma.o
LOAD BSP\STM32F2xx\src\stm32f2xx_dcmi.o
LOAD BSP\STM32F2xx\src\stm32f2xx_dbgmcu.o
LOAD BSP\STM32F2xx\src\stm32f2xx_dac.o
LOAD BSP\STM32F2xx\src\stm32f2xx_cryp_tdes.o
LOAD BSP\STM32F2xx\src\stm32f2xx_cryp_des.o
LOAD BSP\STM32F2xx\src\stm32f2xx_cryp_aes.o
LOAD BSP\STM32F2xx\src\stm32f2xx_cryp.o
LOAD BSP\STM32F2xx\src\stm32f2xx_crc.o
LOAD BSP\STM32F2xx\src\stm32f2xx_can.o
LOAD BSP\STM32F2xx\src\stm32f2xx_adc.o
LOAD BSP\STM32F2xx\src\misc.o
LOAD BSP\OS\bsp_os.o
LOAD BSP\CMSIS\Device Support\system_stm32f2xx.o
LOAD APP\os_app_hooks.o
LOAD APP\app.o
                0x00001000                malloc_getpagesize_P = 0x1000
START GROUP
LOAD c:/program files (x86)/atollic/truestudio for arm pro 3.2.0/armtools/bin/../lib/gcc/arm-atollic-eabi/4.6.2/thumb/armv7-m\libgcc.a
LOAD c:/program files (x86)/atollic/truestudio for arm pro 3.2.0/armtools/bin/../lib/gcc/arm-atollic-eabi/4.6.2/../../../../arm-atollic-eabi/lib/thumb/armv7-m\libc.a
END GROUP
LOAD c:/program files (x86)/atollic/truestudio for arm pro 3.2.0/armtools/bin/../lib/gcc/arm-atollic-eabi/4.6.2/thumb/armv7-m/crtend.o
LOAD c:/program files (x86)/atollic/truestudio for arm pro 3.2.0/armtools/bin/../lib/gcc/arm-atollic-eabi/4.6.2/thumb/armv7-m/crtn.o
                0x2001c000                _estack = 0x2001c000
                0x00000000                _Min_Heap_Size = 0x0
                0x00000400                _Min_Stack_Size = 0x400

.isr_vector     0x08000000      0x184
                0x08000000                . = ALIGN (0x4)
 *(.isr_vector)
 .isr_vector    0x08000000      0x184 BSP\cstartup.o
                0x08000000                g_pfnVectors
                0x08000184                . = ALIGN (0x4)

.text           0x08000188     0xb480
                0x08000188                . = ALIGN (0x4)
 *(.text)
 .text          0x08000188       0x54 c:/program files (x86)/atollic/truestudio for arm pro 3.2.0/armtools/bin/../lib/gcc/arm-atollic-eabi/4.6.2/thumb/armv7-m/crtbegin.o
 .text          0x080001dc       0x88 uCOS-III\Ports\ARM-Cortex-M3\Generic\GNU\os_cpu_a.o
                0x080001dc                OSStartHighRdy
                0x080001fa                OS_CPU_PendSVHandler
 .text          0x08000264       0x34 uC-CPU\ARM-Cortex-M3\GNU\cpu_a.o
                0x08000264                CPU_IntDis
                0x08000268                CPU_IntEn
                0x0800026c                CPU_SR_Save
                0x08000274                CPU_SR_Restore
                0x0800027a                CPU_WaitForInt
                0x0800027e                CPU_WaitForExcept
                0x08000282                CPU_CntLeadZeros
                0x08000288                CPU_CntTrailZeros
                0x08000292                CPU_RevBits
 .text          0x08000298      0x370 c:/program files (x86)/atollic/truestudio for arm pro 3.2.0/armtools/bin/../lib/gcc/arm-atollic-eabi/4.6.2/thumb/armv7-m\libgcc.a(_arm_addsubdf3.o)
                0x08000298                __aeabi_drsub
                0x080002a0                __aeabi_dsub
                0x080002a0                __subdf3
                0x080002a4                __aeabi_dadd
                0x080002a4                __adddf3
                0x0800051c                __floatunsidf
                0x0800051c                __aeabi_ui2d
                0x0800053c                __floatsidf
                0x0800053c                __aeabi_i2d
                0x08000560                __aeabi_f2d
                0x08000560                __extendsfdf2
                0x0800059c                __floatundidf
                0x0800059c                __aeabi_ul2d
                0x080005ac                __floatdidf
                0x080005ac                __aeabi_l2d
 .text          0x08000608      0x424 c:/program files (x86)/atollic/truestudio for arm pro 3.2.0/armtools/bin/../lib/gcc/arm-atollic-eabi/4.6.2/thumb/armv7-m\libgcc.a(_arm_muldivdf3.o)
                0x08000608                __aeabi_dmul
                0x08000608                __muldf3
                0x0800085c                __divdf3
                0x0800085c                __aeabi_ddiv
 .text          0x08000a2c      0x110 c:/program files (x86)/atollic/truestudio for arm pro 3.2.0/armtools/bin/../lib/gcc/arm-atollic-eabi/4.6.2/thumb/armv7-m\libgcc.a(_arm_cmpdf2.o)
                0x08000a2c                __gtdf2
                0x08000a2c                __gedf2
                0x08000a34                __ltdf2
                0x08000a34                __ledf2
                0x08000a3c                __nedf2
                0x08000a3c                __eqdf2
                0x08000a3c                __cmpdf2
                0x08000ab8                __aeabi_cdrcmple
                0x08000ac8                __aeabi_cdcmpeq
                0x08000ac8                __aeabi_cdcmple
                0x08000ad8                __aeabi_dcmpeq
                0x08000aec                __aeabi_dcmplt
                0x08000b00                __aeabi_dcmple
                0x08000b14                __aeabi_dcmpge
                0x08000b28                __aeabi_dcmpgt
 .text          0x08000b3c       0x50 c:/program files (x86)/atollic/truestudio for arm pro 3.2.0/armtools/bin/../lib/gcc/arm-atollic-eabi/4.6.2/thumb/armv7-m\libgcc.a(_arm_fixdfsi.o)
                0x08000b3c                __aeabi_d2iz
                0x08000b3c                __fixdfsi
 .text          0x08000b8c       0x2c c:/program files (x86)/atollic/truestudio for arm pro 3.2.0/armtools/bin/../lib/gcc/arm-atollic-eabi/4.6.2/thumb/armv7-m\libgcc.a(_aeabi_uldivmod.o)
                0x08000b8c                __aeabi_uldivmod
 .text          0x08000bb8       0x5c c:/program files (x86)/atollic/truestudio for arm pro 3.2.0/armtools/bin/../lib/gcc/arm-atollic-eabi/4.6.2/thumb/armv7-m\libgcc.a(bpabi.o)
                0x08000bb8                __gnu_ldivmod_helper
                0x08000be8                __gnu_uldivmod_helper
 .text          0x08000c14      0xb4c c:/program files (x86)/atollic/truestudio for arm pro 3.2.0/armtools/bin/../lib/gcc/arm-atollic-eabi/4.6.2/thumb/armv7-m\libgcc.a(unwind-arm.o)
                0x08000ebc                _Unwind_VRS_Get
                0x08000efc                _Unwind_VRS_Set
                0x08001254                __aeabi_unwind_cpp_pr2
                0x08001258                __aeabi_unwind_cpp_pr1
                0x0800125c                __aeabi_unwind_cpp_pr0
                0x08001260                _Unwind_VRS_Pop
                0x08001614                _Unwind_GetCFA
                0x08001618                __gnu_Unwind_RaiseException
                0x08001678                __gnu_Unwind_ForcedUnwind
                0x0800168c                __gnu_Unwind_Resume
                0x080016c8                __gnu_Unwind_Resume_or_Rethrow
                0x080016d8                _Unwind_Complete
                0x080016dc                _Unwind_DeleteException
                0x080016ec                __gnu_Unwind_Backtrace
 .text          0x08001760      0x1ac c:/program files (x86)/atollic/truestudio for arm pro 3.2.0/armtools/bin/../lib/gcc/arm-atollic-eabi/4.6.2/thumb/armv7-m\libgcc.a(libunwind.o)
                0x08001760                __restore_core_regs
                0x08001760                restore_core_regs
                0x08001778                __gnu_Unwind_Restore_VFP
                0x08001780                __gnu_Unwind_Save_VFP
                0x08001788                __gnu_Unwind_Restore_VFP_D
                0x08001790                __gnu_Unwind_Save_VFP_D
                0x08001798                __gnu_Unwind_Restore_VFP_D_16_to_31
                0x080017a0                __gnu_Unwind_Save_VFP_D_16_to_31
                0x080017a8                __gnu_Unwind_Restore_WMMXD
                0x080017ec                __gnu_Unwind_Save_WMMXD
                0x08001830                __gnu_Unwind_Restore_WMMXC
                0x08001844                __gnu_Unwind_Save_WMMXC
                0x08001858                ___Unwind_RaiseException
                0x08001858                _Unwind_RaiseException
                0x0800187c                _Unwind_Resume
                0x0800187c                ___Unwind_Resume
                0x080018a0                _Unwind_Resume_or_Rethrow
                0x080018a0                ___Unwind_Resume_or_Rethrow
                0x080018c4                _Unwind_ForcedUnwind
                0x080018c4                ___Unwind_ForcedUnwind
                0x080018e8                ___Unwind_Backtrace
                0x080018e8                _Unwind_Backtrace
 .text          0x0800190c      0x374 c:/program files (x86)/atollic/truestudio for arm pro 3.2.0/armtools/bin/../lib/gcc/arm-atollic-eabi/4.6.2/thumb/armv7-m\libgcc.a(pr-support.o)
                0x08001960                __gnu_unwind_execute
                0x08001c28                __gnu_unwind_frame
                0x08001c50                _Unwind_GetRegionStart
                0x08001c5c                _Unwind_GetLanguageSpecificData
                0x08001c70                _Unwind_GetDataRelBase
                0x08001c78                _Unwind_GetTextRelBase
 .text          0x08001c80        0x4 c:/program files (x86)/atollic/truestudio for arm pro 3.2.0/armtools/bin/../lib/gcc/arm-atollic-eabi/4.6.2/thumb/armv7-m\libgcc.a(_dvmd_tls.o)
                0x08001c80                __aeabi_idiv0
                0x08001c80                __aeabi_ldiv0
 .text          0x08001c84      0x2c0 c:/program files (x86)/atollic/truestudio for arm pro 3.2.0/armtools/bin/../lib/gcc/arm-atollic-eabi/4.6.2/thumb/armv7-m\libgcc.a(_divdi3.o)
                0x08001c84                __divdi3
 .text          0x08001f44      0x28c c:/program files (x86)/atollic/truestudio for arm pro 3.2.0/armtools/bin/../lib/gcc/arm-atollic-eabi/4.6.2/thumb/armv7-m\libgcc.a(_udivdi3.o)
                0x08001f44                __udivdi3
 *(.text*)
 .text.OS_TmrInit
                0x080021d0      0x1ac uCOS-III\Source\os_tmr.o
                0x080021d0                OS_TmrInit
 .text.OS_TmrLink
                0x0800237c      0x19c uCOS-III\Source\os_tmr.o
                0x0800237c                OS_TmrLink
 .text.OS_TmrResetPeak
                0x08002518       0x4c uCOS-III\Source\os_tmr.o
                0x08002518                OS_TmrResetPeak
 .text.OS_TmrUnlink
                0x08002564       0xac uCOS-III\Source\os_tmr.o
                0x08002564                OS_TmrUnlink
 .text.OS_TmrTask
                0x08002610      0x13c uCOS-III\Source\os_tmr.o
                0x08002610                OS_TmrTask
 .text.OSTimeDly
                0x0800274c      0x100 uCOS-III\Source\os_time.o
                0x0800274c                OSTimeDly
 .text.OSTimeDlyHMSM
                0x0800284c      0x234 uCOS-III\Source\os_time.o
                0x0800284c                OSTimeDlyHMSM
 .text.OSTimeTick
                0x08002a80       0xa4 uCOS-III\Source\os_time.o
                0x08002a80                OSTimeTick
 .text.OS_TickTask
                0x08002b24       0x3c uCOS-III\Source\os_tick.o
                0x08002b24                OS_TickTask
 .text.OS_TickTaskInit
                0x08002b60       0xf0 uCOS-III\Source\os_tick.o
                0x08002b60                OS_TickTaskInit
 .text.OS_TickListInit
                0x08002c50       0x5c uCOS-III\Source\os_tick.o
                0x08002c50                OS_TickListInit
 .text.OS_TickListInsert
                0x08002cac      0x23c uCOS-III\Source\os_tick.o
                0x08002cac                OS_TickListInsert
 .text.OS_TickListRemove
                0x08002ee8       0x98 uCOS-III\Source\os_tick.o
                0x08002ee8                OS_TickListRemove
 .text.OS_TickListResetPeak
                0x08002f80       0x4c uCOS-III\Source\os_tick.o
                0x08002f80                OS_TickListResetPeak
 .text.OS_TickListUpdate
                0x08002fcc      0x26c uCOS-III\Source\os_tick.o
                0x08002fcc                OS_TickListUpdate
 .text.OSTaskCreate
                0x08003238      0x248 uCOS-III\Source\os_task.o
                0x08003238                OSTaskCreate
 .text.OSTaskSemPend
                0x08003480      0x278 uCOS-III\Source\os_task.o
                0x08003480                OSTaskSemPend
 .text.OSTaskSemPost
                0x080036f8       0x50 uCOS-III\Source\os_task.o
                0x080036f8                OSTaskSemPost
 .text.OSTaskStkChk
                0x08003748      0x108 uCOS-III\Source\os_task.o
                0x08003748                OSTaskStkChk
 .text.OS_TaskDbgListAdd
                0x08003850       0x64 uCOS-III\Source\os_task.o
                0x08003850                OS_TaskDbgListAdd
 .text.OS_TaskInit
                0x080038b4       0x44 uCOS-III\Source\os_task.o
                0x080038b4                OS_TaskInit
 .text.OS_TaskInitTCB
                0x080038f8      0x210 uCOS-III\Source\os_task.o
                0x080038f8                OS_TaskInitTCB
 .text.OS_TaskReturn
                0x08003b08       0x34 uCOS-III\Source\os_task.o
                0x08003b08                OS_TaskReturn
 .text.OS_TaskSemPost
                0x08003b3c      0x134 uCOS-III\Source\os_task.o
                0x08003b3c                OS_TaskSemPost
 .text.OSStatReset
                0x08003c70      0x170 uCOS-III\Source\os_stat.o
                0x08003c70                OSStatReset
 .text.OS_StatTask
                0x08003de0      0x404 uCOS-III\Source\os_stat.o
                0x08003de0                OS_StatTask
 .text.OS_StatTaskInit
                0x080041e4      0x114 uCOS-III\Source\os_stat.o
                0x080041e4                OS_StatTaskInit
 .text.OSSemCreate
                0x080042f8       0xa8 uCOS-III\Source\os_sem.o
                0x080042f8                OSSemCreate
 .text.OSSemPend
                0x080043a0      0x204 uCOS-III\Source\os_sem.o
                0x080043a0                OSSemPend
 .text.OSSemPost
                0x080045a4       0x98 uCOS-III\Source\os_sem.o
                0x080045a4                OSSemPost
 .text.OS_SemDbgListAdd
                0x0800463c       0x68 uCOS-III\Source\os_sem.o
                0x0800463c                OS_SemDbgListAdd
 .text.OS_SemInit
                0x080046a4       0x38 uCOS-III\Source\os_sem.o
                0x080046a4                OS_SemInit
 .text.OS_SemPost
                0x080046dc       0xf8 uCOS-III\Source\os_sem.o
                0x080046dc                OS_SemPost
 .text.OS_QInit
                0x080047d4       0x38 uCOS-III\Source\os_q.o
                0x080047d4                OS_QInit
 .text.OS_PrioInit
                0x0800480c       0x38 uCOS-III\Source\os_prio.o
                0x0800480c                OS_PrioInit
 .text.OS_PrioGetHighest
                0x08004844       0x50 uCOS-III\Source\os_prio.o
                0x08004844                OS_PrioGetHighest
 .text.OS_PrioInsert
                0x08004894       0x58 uCOS-III\Source\os_prio.o
                0x08004894                OS_PrioInsert
 .text.OS_PrioRemove
                0x080048ec       0x5c uCOS-III\Source\os_prio.o
                0x080048ec                OS_PrioRemove
 .text.OS_MutexInit
                0x08004948       0x38 uCOS-III\Source\os_mutex.o
                0x08004948                OS_MutexInit
 .text.OS_MsgPoolInit
                0x08004980      0x124 uCOS-III\Source\os_msg.o
                0x08004980                OS_MsgPoolInit
 .text.OS_MsgQInit
                0x08004aa4       0x3c uCOS-III\Source\os_msg.o
                0x08004aa4                OS_MsgQInit
 .text.OS_MemInit
                0x08004ae0       0x38 uCOS-III\Source\os_mem.o
                0x08004ae0                OS_MemInit
 .text.OS_FlagInit
                0x08004b18       0x38 uCOS-III\Source\os_flag.o
                0x08004b18                OS_FlagInit
 .text.OS_Dbg_Init
                0x08004b50      0x2cc uCOS-III\Source\os_dbg.o
                0x08004b50                OS_Dbg_Init
 .text.OSInit   0x08004e1c      0x274 uCOS-III\Source\os_core.o
                0x08004e1c                OSInit
 .text.OSIntEnter
                0x08005090       0x48 uCOS-III\Source\os_core.o
                0x08005090                OSIntEnter
 .text.OSIntExit
                0x080050d8      0x130 uCOS-III\Source\os_core.o
                0x080050d8                OSIntExit
 .text.OSSched  0x08005208       0xe4 uCOS-III\Source\os_core.o
                0x08005208                OSSched
 .text.OSSchedLock
                0x080052ec       0x94 uCOS-III\Source\os_core.o
                0x080052ec                OSSchedLock
 .text.OSSchedUnlock
                0x08005380       0xb4 uCOS-III\Source\os_core.o
                0x08005380                OSSchedUnlock
 .text.OSStart  0x08005434       0xac uCOS-III\Source\os_core.o
                0x08005434                OSStart
 .text.OS_IdleTask
                0x080054e0       0x54 uCOS-III\Source\os_core.o
                0x080054e0                OS_IdleTask
 .text.OS_IdleTaskInit
                0x08005534       0x84 uCOS-III\Source\os_core.o
                0x08005534                OS_IdleTaskInit
 .text.OS_Pend  0x080055b8       0xb4 uCOS-III\Source\os_core.o
                0x080055b8                OS_Pend
 .text.OS_PendDataInit
                0x0800566c       0x7c uCOS-III\Source\os_core.o
                0x0800566c                OS_PendDataInit
 .text.OS_PendDbgNameAdd
                0x080056e8       0x84 uCOS-III\Source\os_core.o
                0x080056e8                OS_PendDbgNameAdd
 .text.OS_PendDbgNameRemove
                0x0800576c       0x54 uCOS-III\Source\os_core.o
                0x0800576c                OS_PendDbgNameRemove
 .text.OS_PendListInit
                0x080057c0       0x2c uCOS-III\Source\os_core.o
                0x080057c0                OS_PendListInit
 .text.OS_PendListInsertPrio
                0x080057ec       0xf4 uCOS-III\Source\os_core.o
                0x080057ec                OS_PendListInsertPrio
 .text.OS_PendListRemove
                0x080058e0       0x5c uCOS-III\Source\os_core.o
                0x080058e0                OS_PendListRemove
 .text.OS_PendListRemove1
                0x0800593c       0xa0 uCOS-III\Source\os_core.o
                0x0800593c                OS_PendListRemove1
 .text.OS_Post  0x080059dc      0x11c uCOS-III\Source\os_core.o
                0x080059dc                OS_Post
 .text.OS_Post1
                0x08005af8       0x60 uCOS-III\Source\os_core.o
                0x08005af8                OS_Post1
 .text.OS_RdyListInit
                0x08005b58       0x5c uCOS-III\Source\os_core.o
                0x08005b58                OS_RdyListInit
 .text.OS_RdyListInsert
                0x08005bb4       0x40 uCOS-III\Source\os_core.o
                0x08005bb4                OS_RdyListInsert
 .text.OS_RdyListInsertHead
                0x08005bf4       0x94 uCOS-III\Source\os_core.o
                0x08005bf4                OS_RdyListInsertHead
 .text.OS_RdyListInsertTail
                0x08005c88       0x90 uCOS-III\Source\os_core.o
                0x08005c88                OS_RdyListInsertTail
 .text.OS_RdyListMoveHeadToTail
                0x08005d18       0x98 uCOS-III\Source\os_core.o
                0x08005d18                OS_RdyListMoveHeadToTail
 .text.OS_RdyListRemove
                0x08005db0       0xc8 uCOS-III\Source\os_core.o
                0x08005db0                OS_RdyListRemove
 .text.OS_SchedLockTimeMeasStart
                0x08005e78       0x24 uCOS-III\Source\os_core.o
                0x08005e78                OS_SchedLockTimeMeasStart
 .text.OS_SchedLockTimeMeasStop
                0x08005e9c       0x68 uCOS-III\Source\os_core.o
                0x08005e9c                OS_SchedLockTimeMeasStop
 .text.OS_SchedRoundRobin
                0x08005f04       0xd8 uCOS-III\Source\os_core.o
                0x08005f04                OS_SchedRoundRobin
 .text.OS_TaskBlock
                0x08005fdc       0x58 uCOS-III\Source\os_core.o
                0x08005fdc                OS_TaskBlock
 .text.OS_TaskRdy
                0x08006034       0x2c uCOS-III\Source\os_core.o
                0x08006034                OS_TaskRdy
 .text.OSCfg_Init
                0x08006060        0xc uCOS-III\Source\os_cfg_app.o
                0x08006060                OSCfg_Init
 .text.OSIdleTaskHook
                0x0800606c       0x20 uCOS-III\Ports\ARM-Cortex-M3\Generic\GNU\os_cpu_c.o
                0x0800606c                OSIdleTaskHook
 .text.OSInitHook
                0x0800608c       0x74 uCOS-III\Ports\ARM-Cortex-M3\Generic\GNU\os_cpu_c.o
                0x0800608c                OSInitHook
 .text.OSStatTaskHook
                0x08006100       0x20 uCOS-III\Ports\ARM-Cortex-M3\Generic\GNU\os_cpu_c.o
                0x08006100                OSStatTaskHook
 .text.OSTaskCreateHook
                0x08006120       0x2c uCOS-III\Ports\ARM-Cortex-M3\Generic\GNU\os_cpu_c.o
                0x08006120                OSTaskCreateHook
 .text.OSTaskReturnHook
                0x0800614c       0x2c uCOS-III\Ports\ARM-Cortex-M3\Generic\GNU\os_cpu_c.o
                0x0800614c                OSTaskReturnHook
 .text.OSTaskStkInit
                0x08006178      0x128 uCOS-III\Ports\ARM-Cortex-M3\Generic\GNU\os_cpu_c.o
                0x08006178                OSTaskStkInit
 .text.OSTaskSwHook
                0x080062a0       0xe8 uCOS-III\Ports\ARM-Cortex-M3\Generic\GNU\os_cpu_c.o
                0x080062a0                OSTaskSwHook
 .text.OSTimeTickHook
                0x08006388       0x20 uCOS-III\Ports\ARM-Cortex-M3\Generic\GNU\os_cpu_c.o
                0x08006388                OSTimeTickHook
 .text.OS_CPU_SysTickHandler
                0x080063a8       0x44 uCOS-III\Ports\ARM-Cortex-M3\Generic\GNU\os_cpu_c.o
                0x080063a8                OS_CPU_SysTickHandler
 .text.OS_CPU_SysTickInit
                0x080063ec       0x74 uCOS-III\Ports\ARM-Cortex-M3\Generic\GNU\os_cpu_c.o
                0x080063ec                OS_CPU_SysTickInit
 .text.Mem_Init
                0x08006460       0xbc uC-LIB\lib_mem.o
                0x08006460                Mem_Init
 .text.Mem_Clr  0x0800651c       0x20 uC-LIB\lib_mem.o
                0x0800651c                Mem_Clr
 .text.Mem_Set  0x0800653c       0xe4 uC-LIB\lib_mem.o
                0x0800653c                Mem_Set
 .text.CPU_Init
                0x08006620       0x10 uC-CPU\cpu_core.o
                0x08006620                CPU_Init
 .text.CPU_NameClr
                0x08006630       0x34 uC-CPU\cpu_core.o
                0x08006630                CPU_NameClr
 .text.CPU_TS_TmrFreqSet
                0x08006664       0x20 uC-CPU\cpu_core.o
                0x08006664                CPU_TS_TmrFreqSet
 .text.CPU_NameInit
                0x08006684        0xc uC-CPU\cpu_core.o
 .text.CPU_TS_Init
                0x08006690       0x18 uC-CPU\cpu_core.o
 .text.CPU_IntSrcEn
                0x080066a8      0x198 uC-CPU\ARM-Cortex-M3\GNU\cpu_c.o
                0x080066a8                CPU_IntSrcEn
 .text.Reset_Handler
                0x08006840       0x48 BSP\cstartup.o
                0x08006840                Reset_Handler
 .text.App_NMI_ISR
                0x08006888        0x2 BSP\cstartup.o
 .text.App_Fault_ISR
                0x0800688a        0x2 BSP\cstartup.o
 .text.App_MemFault_ISR
                0x0800688c        0x2 BSP\cstartup.o
 .text.App_BusFault_ISR
                0x0800688e        0x2 BSP\cstartup.o
 .text.App_UsageFault_ISR
                0x08006890        0x2 BSP\cstartup.o
 .text.App_Spurious_ISR
                0x08006892        0x2 BSP\cstartup.o
 .text.BSP_Ser_Init
                0x08006894      0x178 BSP\bsp_ser.o
                0x08006894                BSP_Ser_Init
 .text.BSP_Ser_ISR_Handler
                0x08006a0c       0x98 BSP\bsp_ser.o
 .text.BSP_Ser_Printf
                0x08006aa4       0x38 BSP\bsp_ser.o
                0x08006aa4                BSP_Ser_Printf
 .text.BSP_Ser_WrByteUnlocked
                0x08006adc       0x5c BSP\bsp_ser.o
 .text.BSP_Ser_WrStr
                0x08006b38       0x78 BSP\bsp_ser.o
                0x08006b38                BSP_Ser_WrStr
 .text.BSP_IntDisAll
                0x08006bb0        0xc BSP\bsp_int.o
                0x08006bb0                BSP_IntDisAll
 .text.BSP_IntEn
                0x08006bbc       0x28 BSP\bsp_int.o
                0x08006bbc                BSP_IntEn
 .text.BSP_IntVectSet
                0x08006be4       0x3c BSP\bsp_int.o
                0x08006be4                BSP_IntVectSet
 .text.BSP_IntHandlerWWDG
                0x08006c20       0x10 BSP\bsp_int.o
                0x08006c20                BSP_IntHandlerWWDG
 .text.BSP_IntHandlerPVD
                0x08006c30       0x10 BSP\bsp_int.o
                0x08006c30                BSP_IntHandlerPVD
 .text.BSP_IntHandlerTAMPER
                0x08006c40       0x10 BSP\bsp_int.o
                0x08006c40                BSP_IntHandlerTAMPER
 .text.BSP_IntHandlerRTC
                0x08006c50       0x10 BSP\bsp_int.o
                0x08006c50                BSP_IntHandlerRTC
 .text.BSP_IntHandlerFLASH
                0x08006c60       0x10 BSP\bsp_int.o
                0x08006c60                BSP_IntHandlerFLASH
 .text.BSP_IntHandlerRCC
                0x08006c70       0x10 BSP\bsp_int.o
                0x08006c70                BSP_IntHandlerRCC
 .text.BSP_IntHandlerEXTI0
                0x08006c80       0x10 BSP\bsp_int.o
                0x08006c80                BSP_IntHandlerEXTI0
 .text.BSP_IntHandlerEXTI1
                0x08006c90       0x10 BSP\bsp_int.o
                0x08006c90                BSP_IntHandlerEXTI1
 .text.BSP_IntHandlerEXTI2
                0x08006ca0       0x10 BSP\bsp_int.o
                0x08006ca0                BSP_IntHandlerEXTI2
 .text.BSP_IntHandlerEXTI3
                0x08006cb0       0x10 BSP\bsp_int.o
                0x08006cb0                BSP_IntHandlerEXTI3
 .text.BSP_IntHandlerEXTI4
                0x08006cc0       0x10 BSP\bsp_int.o
                0x08006cc0                BSP_IntHandlerEXTI4
 .text.BSP_IntHandlerDMA1_CH1
                0x08006cd0       0x10 BSP\bsp_int.o
                0x08006cd0                BSP_IntHandlerDMA1_CH1
 .text.BSP_IntHandlerDMA1_CH2
                0x08006ce0       0x10 BSP\bsp_int.o
                0x08006ce0                BSP_IntHandlerDMA1_CH2
 .text.BSP_IntHandlerDMA1_CH3
                0x08006cf0       0x10 BSP\bsp_int.o
                0x08006cf0                BSP_IntHandlerDMA1_CH3
 .text.BSP_IntHandlerDMA1_CH4
                0x08006d00       0x10 BSP\bsp_int.o
                0x08006d00                BSP_IntHandlerDMA1_CH4
 .text.BSP_IntHandlerDMA1_CH5
                0x08006d10       0x10 BSP\bsp_int.o
                0x08006d10                BSP_IntHandlerDMA1_CH5
 .text.BSP_IntHandlerDMA1_CH6
                0x08006d20       0x10 BSP\bsp_int.o
                0x08006d20                BSP_IntHandlerDMA1_CH6
 .text.BSP_IntHandlerDMA1_CH7
                0x08006d30       0x10 BSP\bsp_int.o
                0x08006d30                BSP_IntHandlerDMA1_CH7
 .text.BSP_IntHandlerADC1_2
                0x08006d40       0x10 BSP\bsp_int.o
                0x08006d40                BSP_IntHandlerADC1_2
 .text.BSP_IntHandlerCAN1_TX
                0x08006d50       0x10 BSP\bsp_int.o
                0x08006d50                BSP_IntHandlerCAN1_TX
 .text.BSP_IntHandlerCAN1_RX0
                0x08006d60       0x10 BSP\bsp_int.o
                0x08006d60                BSP_IntHandlerCAN1_RX0
 .text.BSP_IntHandlerCAN1_RX1
                0x08006d70       0x10 BSP\bsp_int.o
                0x08006d70                BSP_IntHandlerCAN1_RX1
 .text.BSP_IntHandlerCAN1_SCE
                0x08006d80       0x10 BSP\bsp_int.o
                0x08006d80                BSP_IntHandlerCAN1_SCE
 .text.BSP_IntHandlerEXTI9_5
                0x08006d90       0x10 BSP\bsp_int.o
                0x08006d90                BSP_IntHandlerEXTI9_5
 .text.BSP_IntHandlerTIM1_BRK
                0x08006da0       0x10 BSP\bsp_int.o
                0x08006da0                BSP_IntHandlerTIM1_BRK
 .text.BSP_IntHandlerTIM1_UP
                0x08006db0       0x10 BSP\bsp_int.o
                0x08006db0                BSP_IntHandlerTIM1_UP
 .text.BSP_IntHandlerTIM1_TRG_COM
                0x08006dc0       0x10 BSP\bsp_int.o
                0x08006dc0                BSP_IntHandlerTIM1_TRG_COM
 .text.BSP_IntHandlerTIM1_CC
                0x08006dd0       0x10 BSP\bsp_int.o
                0x08006dd0                BSP_IntHandlerTIM1_CC
 .text.BSP_IntHandlerTIM2
                0x08006de0       0x10 BSP\bsp_int.o
                0x08006de0                BSP_IntHandlerTIM2
 .text.BSP_IntHandlerTIM3
                0x08006df0       0x10 BSP\bsp_int.o
                0x08006df0                BSP_IntHandlerTIM3
 .text.BSP_IntHandlerTIM4
                0x08006e00       0x10 BSP\bsp_int.o
                0x08006e00                BSP_IntHandlerTIM4
 .text.BSP_IntHandlerI2C1_EV
                0x08006e10       0x10 BSP\bsp_int.o
                0x08006e10                BSP_IntHandlerI2C1_EV
 .text.BSP_IntHandlerI2C1_ER
                0x08006e20       0x10 BSP\bsp_int.o
                0x08006e20                BSP_IntHandlerI2C1_ER
 .text.BSP_IntHandlerI2C2_EV
                0x08006e30       0x10 BSP\bsp_int.o
                0x08006e30                BSP_IntHandlerI2C2_EV
 .text.BSP_IntHandlerI2C2_ER
                0x08006e40       0x10 BSP\bsp_int.o
                0x08006e40                BSP_IntHandlerI2C2_ER
 .text.BSP_IntHandlerSPI1
                0x08006e50       0x10 BSP\bsp_int.o
                0x08006e50                BSP_IntHandlerSPI1
 .text.BSP_IntHandlerSPI2
                0x08006e60       0x10 BSP\bsp_int.o
                0x08006e60                BSP_IntHandlerSPI2
 .text.BSP_IntHandlerUSART1
                0x08006e70       0x10 BSP\bsp_int.o
                0x08006e70                BSP_IntHandlerUSART1
 .text.BSP_IntHandlerUSART2
                0x08006e80       0x10 BSP\bsp_int.o
                0x08006e80                BSP_IntHandlerUSART2
 .text.BSP_IntHandlerUSART3
                0x08006e90       0x10 BSP\bsp_int.o
                0x08006e90                BSP_IntHandlerUSART3
 .text.BSP_IntHandlerEXTI15_10
                0x08006ea0       0x10 BSP\bsp_int.o
                0x08006ea0                BSP_IntHandlerEXTI15_10
 .text.BSP_IntHandlerRTCAlarm
                0x08006eb0       0x10 BSP\bsp_int.o
                0x08006eb0                BSP_IntHandlerRTCAlarm
 .text.BSP_IntHandlerUSBWakeUp
                0x08006ec0       0x10 BSP\bsp_int.o
                0x08006ec0                BSP_IntHandlerUSBWakeUp
 .text.BSP_IntHandlerTIM8_BRK_TIM12
                0x08006ed0       0x10 BSP\bsp_int.o
                0x08006ed0                BSP_IntHandlerTIM8_BRK_TIM12
 .text.BSP_IntHandlerTIM8_UP_TIM13
                0x08006ee0       0x10 BSP\bsp_int.o
                0x08006ee0                BSP_IntHandlerTIM8_UP_TIM13
 .text.BSP_IntHandlerTIM8_TRG_COM_TIM14
                0x08006ef0       0x10 BSP\bsp_int.o
                0x08006ef0                BSP_IntHandlerTIM8_TRG_COM_TIM14
 .text.BSP_IntHandlerTIM8_CC
                0x08006f00       0x10 BSP\bsp_int.o
                0x08006f00                BSP_IntHandlerTIM8_CC
 .text.BSP_IntHandlerDMA1_STREAM7
                0x08006f10       0x10 BSP\bsp_int.o
                0x08006f10                BSP_IntHandlerDMA1_STREAM7
 .text.BSP_IntHandlerFSMC
                0x08006f20       0x10 BSP\bsp_int.o
                0x08006f20                BSP_IntHandlerFSMC
 .text.BSP_IntHandlerSDIO
                0x08006f30       0x10 BSP\bsp_int.o
                0x08006f30                BSP_IntHandlerSDIO
 .text.BSP_IntHandlerTIM5
                0x08006f40       0x10 BSP\bsp_int.o
                0x08006f40                BSP_IntHandlerTIM5
 .text.BSP_IntHandlerSPI3
                0x08006f50       0x10 BSP\bsp_int.o
                0x08006f50                BSP_IntHandlerSPI3
 .text.BSP_IntHandlerUSART4
                0x08006f60       0x10 BSP\bsp_int.o
                0x08006f60                BSP_IntHandlerUSART4
 .text.BSP_IntHandlerUSART5
                0x08006f70       0x10 BSP\bsp_int.o
                0x08006f70                BSP_IntHandlerUSART5
 .text.BSP_IntHandlerTIM6
                0x08006f80       0x10 BSP\bsp_int.o
                0x08006f80                BSP_IntHandlerTIM6
 .text.BSP_IntHandlerTIM7
                0x08006f90       0x10 BSP\bsp_int.o
                0x08006f90                BSP_IntHandlerTIM7
 .text.BSP_IntHandlerDMA2_CH1
                0x08006fa0       0x10 BSP\bsp_int.o
                0x08006fa0                BSP_IntHandlerDMA2_CH1
 .text.BSP_IntHandlerDMA2_CH2
                0x08006fb0       0x10 BSP\bsp_int.o
                0x08006fb0                BSP_IntHandlerDMA2_CH2
 .text.BSP_IntHandlerDMA2_CH3
                0x08006fc0       0x10 BSP\bsp_int.o
                0x08006fc0                BSP_IntHandlerDMA2_CH3
 .text.BSP_IntHandlerDMA2_CH4
                0x08006fd0       0x10 BSP\bsp_int.o
                0x08006fd0                BSP_IntHandlerDMA2_CH4
 .text.BSP_IntHandlerDMA2_CH5
                0x08006fe0       0x10 BSP\bsp_int.o
                0x08006fe0                BSP_IntHandlerDMA2_CH5
 .text.BSP_IntHandlerETH
                0x08006ff0       0x10 BSP\bsp_int.o
                0x08006ff0                BSP_IntHandlerETH
 .text.BSP_IntHandlerETHWakeup
                0x08007000       0x10 BSP\bsp_int.o
                0x08007000                BSP_IntHandlerETHWakeup
 .text.BSP_IntHandlerCAN2_TX
                0x08007010       0x10 BSP\bsp_int.o
                0x08007010                BSP_IntHandlerCAN2_TX
 .text.BSP_IntHandlerCAN2_RX0
                0x08007020       0x10 BSP\bsp_int.o
                0x08007020                BSP_IntHandlerCAN2_RX0
 .text.BSP_IntHandlerCAN2_RX1
                0x08007030       0x10 BSP\bsp_int.o
                0x08007030                BSP_IntHandlerCAN2_RX1
 .text.BSP_IntHandlerCAN2_SCE
                0x08007040       0x10 BSP\bsp_int.o
                0x08007040                BSP_IntHandlerCAN2_SCE
 .text.BSP_IntHandlerOTG
                0x08007050       0x10 BSP\bsp_int.o
                0x08007050                BSP_IntHandlerOTG
 .text.BSP_IntHandlerDMA2_CH6
                0x08007060       0x10 BSP\bsp_int.o
                0x08007060                BSP_IntHandlerDMA2_CH6
 .text.BSP_IntHandlerDMA2_CH7
                0x08007070       0x10 BSP\bsp_int.o
                0x08007070                BSP_IntHandlerDMA2_CH7
 .text.BSP_IntHandlerDMA2_CH8
                0x08007080       0x10 BSP\bsp_int.o
                0x08007080                BSP_IntHandlerDMA2_CH8
 .text.BSP_IntHandlerUSART6
                0x08007090       0x10 BSP\bsp_int.o
                0x08007090                BSP_IntHandlerUSART6
 .text.BSP_IntHandlerI2C3_EV
                0x080070a0       0x10 BSP\bsp_int.o
                0x080070a0                BSP_IntHandlerI2C3_EV
 .text.BSP_IntHandlerI2C3_ER
                0x080070b0       0x10 BSP\bsp_int.o
                0x080070b0                BSP_IntHandlerI2C3_ER
 .text.BSP_IntHandlerOTG_HS_EP1_OUT
                0x080070c0       0x10 BSP\bsp_int.o
                0x080070c0                BSP_IntHandlerOTG_HS_EP1_OUT
 .text.BSP_IntHandlerOTG_HS_EP1_IN
                0x080070d0       0x10 BSP\bsp_int.o
                0x080070d0                BSP_IntHandlerOTG_HS_EP1_IN
 .text.BSP_IntHandlerOTG_HS_WKUP
                0x080070e0       0x10 BSP\bsp_int.o
                0x080070e0                BSP_IntHandlerOTG_HS_WKUP
 .text.BSP_IntHandlerOTG_HS
                0x080070f0       0x10 BSP\bsp_int.o
                0x080070f0                BSP_IntHandlerOTG_HS
 .text.BSP_IntHandlerDCMI
                0x08007100       0x10 BSP\bsp_int.o
                0x08007100                BSP_IntHandlerDCMI
 .text.BSP_IntHandlerCRYP
                0x08007110       0x10 BSP\bsp_int.o
                0x08007110                BSP_IntHandlerCRYP
 .text.BSP_IntHandlerHASH_RNG
                0x08007120       0x10 BSP\bsp_int.o
                0x08007120                BSP_IntHandlerHASH_RNG
 .text.BSP_IntHandler
                0x08007130       0x4c BSP\bsp_int.o
 .text.BSP_Init
                0x0800717c        0xc BSP\bsp.o
                0x0800717c                BSP_Init
 .text.BSP_CPU_ClkFreq
                0x08007188       0x1c BSP\bsp.o
                0x08007188                BSP_CPU_ClkFreq
 .text.BSP_CPU_TickInit
                0x080071a4       0x30 BSP\bsp.o
                0x080071a4                BSP_CPU_TickInit
 .text.BSP_LED_Init
                0x080071d4      0x140 BSP\bsp.o
 .text.BSP_LED_Toggle
                0x08007314      0x288 BSP\bsp.o
                0x08007314                BSP_LED_Toggle
 .text.CPU_TS_TmrInit
                0x0800759c       0x5c BSP\bsp.o
                0x0800759c                CPU_TS_TmrInit
 .text.CPU_TS_TmrRd
                0x080075f8       0x18 BSP\bsp.o
                0x080075f8                CPU_TS_TmrRd
 .text.USART_Init
                0x08007610      0x1ac BSP\STM32F2xx\src\stm32f2xx_usart.o
                0x08007610                USART_Init
 .text.USART_ClockInit
                0x080077bc       0x54 BSP\STM32F2xx\src\stm32f2xx_usart.o
                0x080077bc                USART_ClockInit
 .text.USART_Cmd
                0x08007810       0x40 BSP\STM32F2xx\src\stm32f2xx_usart.o
                0x08007810                USART_Cmd
 .text.USART_SendData
                0x08007850       0x28 BSP\STM32F2xx\src\stm32f2xx_usart.o
                0x08007850                USART_SendData
 .text.USART_ReceiveData
                0x08007878       0x24 BSP\STM32F2xx\src\stm32f2xx_usart.o
                0x08007878                USART_ReceiveData
 .text.USART_ITConfig
                0x0800789c       0xa4 BSP\STM32F2xx\src\stm32f2xx_usart.o
                0x0800789c                USART_ITConfig
 .text.USART_ClearITPendingBit
                0x08007940       0x44 BSP\STM32F2xx\src\stm32f2xx_usart.o
                0x08007940                USART_ClearITPendingBit
 .text.RCC_GetClocksFreq
                0x08007984      0x1d0 BSP\STM32F2xx\src\stm32f2xx_rcc.o
                0x08007984                RCC_GetClocksFreq
 .text.RCC_AHB1PeriphClockCmd
                0x08007b54       0x58 BSP\STM32F2xx\src\stm32f2xx_rcc.o
                0x08007b54                RCC_AHB1PeriphClockCmd
 .text.RCC_APB1PeriphClockCmd
                0x08007bac       0x58 BSP\STM32F2xx\src\stm32f2xx_rcc.o
                0x08007bac                RCC_APB1PeriphClockCmd
 .text.GPIO_Init
                0x08007c04      0x154 BSP\STM32F2xx\src\stm32f2xx_gpio.o
                0x08007c04                GPIO_Init
 .text.GPIO_ReadOutputData
                0x08007d58       0x1c BSP\STM32F2xx\src\stm32f2xx_gpio.o
                0x08007d58                GPIO_ReadOutputData
 .text.GPIO_SetBits
                0x08007d74       0x1c BSP\STM32F2xx\src\stm32f2xx_gpio.o
                0x08007d74                GPIO_SetBits
 .text.GPIO_ResetBits
                0x08007d90       0x1c BSP\STM32F2xx\src\stm32f2xx_gpio.o
                0x08007d90                GPIO_ResetBits
 .text.GPIO_PinAFConfig
                0x08007dac       0xac BSP\STM32F2xx\src\stm32f2xx_gpio.o
                0x08007dac                GPIO_PinAFConfig
 .text.BSP_OS_SemCreate
                0x08007e58       0x34 BSP\OS\bsp_os.o
                0x08007e58                BSP_OS_SemCreate
 .text.BSP_OS_SemWait
                0x08007e8c       0x54 BSP\OS\bsp_os.o
                0x08007e8c                BSP_OS_SemWait
 .text.BSP_OS_SemPost
                0x08007ee0       0x34 BSP\OS\bsp_os.o
                0x08007ee0                BSP_OS_SemPost
 .text.SystemInit
                0x08007f14       0x94 BSP\CMSIS\Device Support\system_stm32f2xx.o
                0x08007f14                SystemInit
 .text.SetSysClock
                0x08007fa8      0x154 BSP\CMSIS\Device Support\system_stm32f2xx.o
 .text.main     0x080080fc       0x80 APP\app.o
                0x080080fc                main
 .text.AppTaskStart
                0x0800817c       0x6c APP\app.o
 .text.AppTaskCreate
                0x080081e8        0xc APP\app.o
 .text.AppObjCreate
                0x080081f4        0xc APP\app.o
 .text.__libc_init_array
                0x08008200       0x48 c:/program files (x86)/atollic/truestudio for arm pro 3.2.0/armtools/bin/../lib/gcc/arm-atollic-eabi/4.6.2/../../../../arm-atollic-eabi/lib/thumb/armv7-m\libc.a(lib_a-init.o)
                0x08008200                __libc_init_array
 .text._vsnprintf_r
                0x08008248       0x56 c:/program files (x86)/atollic/truestudio for arm pro 3.2.0/armtools/bin/../lib/gcc/arm-atollic-eabi/4.6.2/../../../../arm-atollic-eabi/lib/thumb/armv7-m\libc.a(lib_a-vsnprintf.o)
                0x08008248                _vsnprintf_r
 *fill*         0x0800829e        0x2 00
 .text.vsnprintf
                0x080082a0       0x20 c:/program files (x86)/atollic/truestudio for arm pro 3.2.0/armtools/bin/../lib/gcc/arm-atollic-eabi/4.6.2/../../../../arm-atollic-eabi/lib/thumb/armv7-m\libc.a(lib_a-vsnprintf.o)
                0x080082a0                vsnprintf
 .text._svfprintf_r
                0x080082c0     0x102c c:/program files (x86)/atollic/truestudio for arm pro 3.2.0/armtools/bin/../lib/gcc/arm-atollic-eabi/4.6.2/../../../../arm-atollic-eabi/lib/thumb/armv7-m\libc.a(lib_a-svfprintf.o)
                0x080082c0                _svfprintf_r
 .text.quorem   0x080092ec      0x110 c:/program files (x86)/atollic/truestudio for arm pro 3.2.0/armtools/bin/../lib/gcc/arm-atollic-eabi/4.6.2/../../../../arm-atollic-eabi/lib/thumb/armv7-m\libc.a(lib_a-dtoa.o)
 *fill*         0x080093fc        0x4 00
 .text._dtoa_r  0x08009400      0xb58 c:/program files (x86)/atollic/truestudio for arm pro 3.2.0/armtools/bin/../lib/gcc/arm-atollic-eabi/4.6.2/../../../../arm-atollic-eabi/lib/thumb/armv7-m\libc.a(lib_a-dtoa.o)
                0x08009400                _dtoa_r
 .text._localeconv_r
                0x08009f58        0x8 c:/program files (x86)/atollic/truestudio for arm pro 3.2.0/armtools/bin/../lib/gcc/arm-atollic-eabi/4.6.2/../../../../arm-atollic-eabi/lib/thumb/armv7-m\libc.a(lib_a-locale.o)
                0x08009f58                _localeconv_r
 .text.malloc   0x08009f60       0x10 c:/program files (x86)/atollic/truestudio for arm pro 3.2.0/armtools/bin/../lib/gcc/arm-atollic-eabi/4.6.2/../../../../arm-atollic-eabi/lib/thumb/armv7-m\libc.a(lib_a-malloc.o)
                0x08009f60                malloc
 .text._malloc_r
                0x08009f70      0x3fc c:/program files (x86)/atollic/truestudio for arm pro 3.2.0/armtools/bin/../lib/gcc/arm-atollic-eabi/4.6.2/../../../../arm-atollic-eabi/lib/thumb/armv7-m\libc.a(lib_a-mallocr.o)
                0x08009f70                _malloc_r
 .text.memchr   0x0800a36c       0x1c c:/program files (x86)/atollic/truestudio for arm pro 3.2.0/armtools/bin/../lib/gcc/arm-atollic-eabi/4.6.2/../../../../arm-atollic-eabi/lib/thumb/armv7-m\libc.a(lib_a-memchr.o)
                0x0800a36c                memchr
 .text.memcpy   0x0800a388       0x12 c:/program files (x86)/atollic/truestudio for arm pro 3.2.0/armtools/bin/../lib/gcc/arm-atollic-eabi/4.6.2/../../../../arm-atollic-eabi/lib/thumb/armv7-m\libc.a(lib_a-memcpy.o)
                0x0800a388                memcpy
 .text.__malloc_lock
                0x0800a39a        0x2 c:/program files (x86)/atollic/truestudio for arm pro 3.2.0/armtools/bin/../lib/gcc/arm-atollic-eabi/4.6.2/../../../../arm-atollic-eabi/lib/thumb/armv7-m\libc.a(lib_a-mlock.o)
                0x0800a39a                __malloc_lock
 .text.__malloc_unlock
                0x0800a39c        0x2 c:/program files (x86)/atollic/truestudio for arm pro 3.2.0/armtools/bin/../lib/gcc/arm-atollic-eabi/4.6.2/../../../../arm-atollic-eabi/lib/thumb/armv7-m\libc.a(lib_a-mlock.o)
                0x0800a39c                __malloc_unlock
 .text._Balloc  0x0800a39e       0x62 c:/program files (x86)/atollic/truestudio for arm pro 3.2.0/armtools/bin/../lib/gcc/arm-atollic-eabi/4.6.2/../../../../arm-atollic-eabi/lib/thumb/armv7-m\libc.a(lib_a-mprec.o)
                0x0800a39e                _Balloc
 .text._Bfree   0x0800a400       0x2e c:/program files (x86)/atollic/truestudio for arm pro 3.2.0/armtools/bin/../lib/gcc/arm-atollic-eabi/4.6.2/../../../../arm-atollic-eabi/lib/thumb/armv7-m\libc.a(lib_a-mprec.o)
                0x0800a400                _Bfree
 .text.__multadd
                0x0800a42e       0x78 c:/program files (x86)/atollic/truestudio for arm pro 3.2.0/armtools/bin/../lib/gcc/arm-atollic-eabi/4.6.2/../../../../arm-atollic-eabi/lib/thumb/armv7-m\libc.a(lib_a-mprec.o)
                0x0800a42e                __multadd
 .text.__hi0bits
                0x0800a4a6       0x3e c:/program files (x86)/atollic/truestudio for arm pro 3.2.0/armtools/bin/../lib/gcc/arm-atollic-eabi/4.6.2/../../../../arm-atollic-eabi/lib/thumb/armv7-m\libc.a(lib_a-mprec.o)
                0x0800a4a6                __hi0bits
 .text.__lo0bits
                0x0800a4e4       0x5a c:/program files (x86)/atollic/truestudio for arm pro 3.2.0/armtools/bin/../lib/gcc/arm-atollic-eabi/4.6.2/../../../../arm-atollic-eabi/lib/thumb/armv7-m\libc.a(lib_a-mprec.o)
                0x0800a4e4                __lo0bits
 .text.__i2b    0x0800a53e       0x12 c:/program files (x86)/atollic/truestudio for arm pro 3.2.0/armtools/bin/../lib/gcc/arm-atollic-eabi/4.6.2/../../../../arm-atollic-eabi/lib/thumb/armv7-m\libc.a(lib_a-mprec.o)
                0x0800a53e                __i2b
 .text.__multiply
                0x0800a550      0x128 c:/program files (x86)/atollic/truestudio for arm pro 3.2.0/armtools/bin/../lib/gcc/arm-atollic-eabi/4.6.2/../../../../arm-atollic-eabi/lib/thumb/armv7-m\libc.a(lib_a-mprec.o)
                0x0800a550                __multiply
 .text.__pow5mult
                0x0800a678       0xa0 c:/program files (x86)/atollic/truestudio for arm pro 3.2.0/armtools/bin/../lib/gcc/arm-atollic-eabi/4.6.2/../../../../arm-atollic-eabi/lib/thumb/armv7-m\libc.a(lib_a-mprec.o)
                0x0800a678                __pow5mult
 .text.__lshift
                0x0800a718       0xae c:/program files (x86)/atollic/truestudio for arm pro 3.2.0/armtools/bin/../lib/gcc/arm-atollic-eabi/4.6.2/../../../../arm-atollic-eabi/lib/thumb/armv7-m\libc.a(lib_a-mprec.o)
                0x0800a718                __lshift
 .text.__mcmp   0x0800a7c6       0x3e c:/program files (x86)/atollic/truestudio for arm pro 3.2.0/armtools/bin/../lib/gcc/arm-atollic-eabi/4.6.2/../../../../arm-atollic-eabi/lib/thumb/armv7-m\libc.a(lib_a-mprec.o)
                0x0800a7c6                __mcmp
 .text.__mdiff  0x0800a804       0xc8 c:/program files (x86)/atollic/truestudio for arm pro 3.2.0/armtools/bin/../lib/gcc/arm-atollic-eabi/4.6.2/../../../../arm-atollic-eabi/lib/thumb/armv7-m\libc.a(lib_a-mprec.o)
                0x0800a804                __mdiff
 .text.__d2b    0x0800a8cc       0xbc c:/program files (x86)/atollic/truestudio for arm pro 3.2.0/armtools/bin/../lib/gcc/arm-atollic-eabi/4.6.2/../../../../arm-atollic-eabi/lib/thumb/armv7-m\libc.a(lib_a-mprec.o)
                0x0800a8cc                __d2b
 .text.__fpclassifyd
                0x0800a988       0x64 c:/program files (x86)/atollic/truestudio for arm pro 3.2.0/armtools/bin/../lib/gcc/arm-atollic-eabi/4.6.2/../../../../arm-atollic-eabi/lib/thumb/armv7-m\libc.a(lib_a-s_fpclassify.o)
                0x0800a988                __fpclassifyd
 .text._sbrk_r  0x0800a9ec       0x20 c:/program files (x86)/atollic/truestudio for arm pro 3.2.0/armtools/bin/../lib/gcc/arm-atollic-eabi/4.6.2/../../../../arm-atollic-eabi/lib/thumb/armv7-m\libc.a(lib_a-sbrkr.o)
                0x0800a9ec                _sbrk_r
 .text.strlen   0x0800aa0c       0x10 c:/program files (x86)/atollic/truestudio for arm pro 3.2.0/armtools/bin/../lib/gcc/arm-atollic-eabi/4.6.2/../../../../arm-atollic-eabi/lib/thumb/armv7-m\libc.a(lib_a-strlen.o)
                0x0800aa0c                strlen
 .text.__ssprint_r
                0x0800aa1c       0xf2 c:/program files (x86)/atollic/truestudio for arm pro 3.2.0/armtools/bin/../lib/gcc/arm-atollic-eabi/4.6.2/../../../../arm-atollic-eabi/lib/thumb/armv7-m\libc.a(lib_a-svfiprintf.o)
                0x0800aa1c                __ssprint_r
 .text._getpid  0x0800ab0e        0x4 c:/program files (x86)/atollic/truestudio for arm pro 3.2.0/armtools/bin/../lib/gcc/arm-atollic-eabi/4.6.2/../../../../arm-atollic-eabi/lib/thumb/armv7-m\libc.a(lib_a-syscalls.o)
                0x0800ab0e                _getpid
 *fill*         0x0800ab12        0x2 00
 .text._kill    0x0800ab14       0x10 c:/program files (x86)/atollic/truestudio for arm pro 3.2.0/armtools/bin/../lib/gcc/arm-atollic-eabi/4.6.2/../../../../arm-atollic-eabi/lib/thumb/armv7-m\libc.a(lib_a-syscalls.o)
                0x0800ab14                _kill
 .text._exit    0x0800ab24        0xc c:/program files (x86)/atollic/truestudio for arm pro 3.2.0/armtools/bin/../lib/gcc/arm-atollic-eabi/4.6.2/../../../../arm-atollic-eabi/lib/thumb/armv7-m\libc.a(lib_a-syscalls.o)
                0x0800ab24                _exit
 .text._sbrk    0x0800ab30       0x34 c:/program files (x86)/atollic/truestudio for arm pro 3.2.0/armtools/bin/../lib/gcc/arm-atollic-eabi/4.6.2/../../../../arm-atollic-eabi/lib/thumb/armv7-m\libc.a(lib_a-syscalls.o)
                0x0800ab30                _sbrk
 .text._calloc_r
                0x0800ab64       0x5a c:/program files (x86)/atollic/truestudio for arm pro 3.2.0/armtools/bin/../lib/gcc/arm-atollic-eabi/4.6.2/../../../../arm-atollic-eabi/lib/thumb/armv7-m\libc.a(lib_a-callocr.o)
                0x0800ab64                _calloc_r
 *fill*         0x0800abbe        0x2 00
 .text._malloc_trim_r
                0x0800abc0       0xa8 c:/program files (x86)/atollic/truestudio for arm pro 3.2.0/armtools/bin/../lib/gcc/arm-atollic-eabi/4.6.2/../../../../arm-atollic-eabi/lib/thumb/armv7-m\libc.a(lib_a-freer.o)
                0x0800abc0                _malloc_trim_r
 .text._free_r  0x0800ac68      0x16c c:/program files (x86)/atollic/truestudio for arm pro 3.2.0/armtools/bin/../lib/gcc/arm-atollic-eabi/4.6.2/../../../../arm-atollic-eabi/lib/thumb/armv7-m\libc.a(lib_a-freer.o)
                0x0800ac68                _free_r
 .text.memmove  0x0800add4       0x3a c:/program files (x86)/atollic/truestudio for arm pro 3.2.0/armtools/bin/../lib/gcc/arm-atollic-eabi/4.6.2/../../../../arm-atollic-eabi/lib/thumb/armv7-m\libc.a(lib_a-memmove.o)
                0x0800add4                memmove
 .text.memset   0x0800ae0e        0xe c:/program files (x86)/atollic/truestudio for arm pro 3.2.0/armtools/bin/../lib/gcc/arm-atollic-eabi/4.6.2/../../../../arm-atollic-eabi/lib/thumb/armv7-m\libc.a(lib_a-memset.o)
                0x0800ae0e                memset
 .text._realloc_r
                0x0800ae1c      0x2dc c:/program files (x86)/atollic/truestudio for arm pro 3.2.0/armtools/bin/../lib/gcc/arm-atollic-eabi/4.6.2/../../../../arm-atollic-eabi/lib/thumb/armv7-m\libc.a(lib_a-reallocr.o)
                0x0800ae1c                _realloc_r
 .text.abort    0x0800b0f8        0xe c:/program files (x86)/atollic/truestudio for arm pro 3.2.0/armtools/bin/../lib/gcc/arm-atollic-eabi/4.6.2/../../../../arm-atollic-eabi/lib/thumb/armv7-m\libc.a(lib_a-abort.o)
                0x0800b0f8                abort
 .text._raise_r
                0x0800b106       0x54 c:/program files (x86)/atollic/truestudio for arm pro 3.2.0/armtools/bin/../lib/gcc/arm-atollic-eabi/4.6.2/../../../../arm-atollic-eabi/lib/thumb/armv7-m\libc.a(lib_a-signal.o)
                0x0800b106                _raise_r
 *fill*         0x0800b15a        0x2 00
 .text.raise    0x0800b15c       0x10 c:/program files (x86)/atollic/truestudio for arm pro 3.2.0/armtools/bin/../lib/gcc/arm-atollic-eabi/4.6.2/../../../../arm-atollic-eabi/lib/thumb/armv7-m\libc.a(lib_a-signal.o)
                0x0800b15c                raise
 .text._kill_r  0x0800b16c       0x24 c:/program files (x86)/atollic/truestudio for arm pro 3.2.0/armtools/bin/../lib/gcc/arm-atollic-eabi/4.6.2/../../../../arm-atollic-eabi/lib/thumb/armv7-m\libc.a(lib_a-signalr.o)
                0x0800b16c                _kill_r
 .text._getpid_r
                0x0800b190        0x4 c:/program files (x86)/atollic/truestudio for arm pro 3.2.0/armtools/bin/../lib/gcc/arm-atollic-eabi/4.6.2/../../../../arm-atollic-eabi/lib/thumb/armv7-m\libc.a(lib_a-signalr.o)
                0x0800b190                _getpid_r
 *(.rodata)
 .rodata        0x0800b194       0x20 uCOS-III\Source\os_tmr.o
 .rodata        0x0800b1b4       0x14 uCOS-III\Source\os_tick.o
 .rodata        0x0800b1c8        0xc uCOS-III\Source\os_task.o
 .rodata        0x0800b1d4       0x14 uCOS-III\Source\os_stat.o
 .rodata        0x0800b1e8        0xc uCOS-III\Source\os_sem.o
 .rodata        0x0800b1f4       0x2c uCOS-III\Source\os_core.o
 .rodata        0x0800b220       0x2c BSP\bsp_ser.o
 .rodata        0x0800b24c       0x58 APP\app.o
 *(.rodata*)
 .rodata.OSDbg_DbgEn
                0x0800b2a4        0x1 uCOS-III\Source\os_dbg.o
                0x0800b2a4                OSDbg_DbgEn
 .rodata.OSDbg_ArgChkEn
                0x0800b2a5        0x1 uCOS-III\Source\os_dbg.o
                0x0800b2a5                OSDbg_ArgChkEn
 .rodata.OSDbg_AppHooksEn
                0x0800b2a6        0x1 uCOS-III\Source\os_dbg.o
                0x0800b2a6                OSDbg_AppHooksEn
 *fill*         0x0800b2a7        0x1 00
 .rodata.OSDbg_EndiannessTest
                0x0800b2a8        0x4 uCOS-III\Source\os_dbg.o
                0x0800b2a8                OSDbg_EndiannessTest
 .rodata.OSDbg_CalledFromISRChkEn
                0x0800b2ac        0x1 uCOS-III\Source\os_dbg.o
                0x0800b2ac                OSDbg_CalledFromISRChkEn
 .rodata.OSDbg_FlagEn
                0x0800b2ad        0x1 uCOS-III\Source\os_dbg.o
                0x0800b2ad                OSDbg_FlagEn
 *fill*         0x0800b2ae        0x2 00
 .rodata.OSDbg_FlagGrp
                0x0800b2b0       0x28 uCOS-III\Source\os_dbg.o
                0x0800b2b0                OSDbg_FlagGrp
 .rodata.OSDbg_FlagDelEn
                0x0800b2d8        0x1 uCOS-III\Source\os_dbg.o
                0x0800b2d8                OSDbg_FlagDelEn
 .rodata.OSDbg_FlagModeClrEn
                0x0800b2d9        0x1 uCOS-III\Source\os_dbg.o
                0x0800b2d9                OSDbg_FlagModeClrEn
 .rodata.OSDbg_FlagPendAbortEn
                0x0800b2da        0x1 uCOS-III\Source\os_dbg.o
                0x0800b2da                OSDbg_FlagPendAbortEn
 *fill*         0x0800b2db        0x1 00
 .rodata.OSDbg_FlagGrpSize
                0x0800b2dc        0x2 uCOS-III\Source\os_dbg.o
                0x0800b2dc                OSDbg_FlagGrpSize
 .rodata.OSDbg_FlagWidth
                0x0800b2de        0x2 uCOS-III\Source\os_dbg.o
                0x0800b2de                OSDbg_FlagWidth
 .rodata.OSDbg_ISRPostDeferredEn
                0x0800b2e0        0x1 uCOS-III\Source\os_dbg.o
                0x0800b2e0                OSDbg_ISRPostDeferredEn
 *fill*         0x0800b2e1        0x3 00
 .rodata.OSDbg_Mem
                0x0800b2e4       0x20 uCOS-III\Source\os_dbg.o
                0x0800b2e4                OSDbg_Mem
 .rodata.OSDbg_MemEn
                0x0800b304        0x1 uCOS-III\Source\os_dbg.o
                0x0800b304                OSDbg_MemEn
 *fill*         0x0800b305        0x1 00
 .rodata.OSDbg_MemSize
                0x0800b306        0x2 uCOS-III\Source\os_dbg.o
                0x0800b306                OSDbg_MemSize
 .rodata.OSDbg_MsgEn
                0x0800b308        0x1 uCOS-III\Source\os_dbg.o
                0x0800b308                OSDbg_MsgEn
 *fill*         0x0800b309        0x1 00
 .rodata.OSDbg_MsgSize
                0x0800b30a        0x2 uCOS-III\Source\os_dbg.o
                0x0800b30a                OSDbg_MsgSize
 .rodata.OSDbg_MsgPoolSize
                0x0800b30c        0x2 uCOS-III\Source\os_dbg.o
                0x0800b30c                OSDbg_MsgPoolSize
 .rodata.OSDbg_MsgQSize
                0x0800b30e        0x2 uCOS-III\Source\os_dbg.o
                0x0800b30e                OSDbg_MsgQSize
 .rodata.OSDbg_Mutex
                0x0800b310       0x2c uCOS-III\Source\os_dbg.o
                0x0800b310                OSDbg_Mutex
 .rodata.OSDbg_MutexEn
                0x0800b33c        0x1 uCOS-III\Source\os_dbg.o
                0x0800b33c                OSDbg_MutexEn
 .rodata.OSDbg_MutexDelEn
                0x0800b33d        0x1 uCOS-III\Source\os_dbg.o
                0x0800b33d                OSDbg_MutexDelEn
 .rodata.OSDbg_MutexPendAbortEn
                0x0800b33e        0x1 uCOS-III\Source\os_dbg.o
                0x0800b33e                OSDbg_MutexPendAbortEn
 *fill*         0x0800b33f        0x1 00
 .rodata.OSDbg_MutexSize
                0x0800b340        0x2 uCOS-III\Source\os_dbg.o
                0x0800b340                OSDbg_MutexSize
 .rodata.OSDbg_ObjTypeChkEn
                0x0800b342        0x1 uCOS-III\Source\os_dbg.o
                0x0800b342                OSDbg_ObjTypeChkEn
 .rodata.OSDbg_PendMultiEn
                0x0800b343        0x1 uCOS-III\Source\os_dbg.o
                0x0800b343                OSDbg_PendMultiEn
 .rodata.OSDbg_PendDataSize
                0x0800b344        0x2 uCOS-III\Source\os_dbg.o
                0x0800b344                OSDbg_PendDataSize
 .rodata.OSDbg_PendListSize
                0x0800b346        0x2 uCOS-III\Source\os_dbg.o
                0x0800b346                OSDbg_PendListSize
 .rodata.OSDbg_PendObjSize
                0x0800b348        0x2 uCOS-III\Source\os_dbg.o
                0x0800b348                OSDbg_PendObjSize
 .rodata.OSDbg_PrioMax
                0x0800b34a        0x2 uCOS-III\Source\os_dbg.o
                0x0800b34a                OSDbg_PrioMax
 .rodata.OSDbg_PrioTblSize
                0x0800b34c        0x2 uCOS-III\Source\os_dbg.o
                0x0800b34c                OSDbg_PrioTblSize
 .rodata.OSDbg_PtrSize
                0x0800b34e        0x2 uCOS-III\Source\os_dbg.o
                0x0800b34e                OSDbg_PtrSize
 .rodata.OSDbg_Q
                0x0800b350       0x30 uCOS-III\Source\os_dbg.o
                0x0800b350                OSDbg_Q
 .rodata.OSDbg_QEn
                0x0800b380        0x1 uCOS-III\Source\os_dbg.o
                0x0800b380                OSDbg_QEn
 .rodata.OSDbg_QDelEn
                0x0800b381        0x1 uCOS-III\Source\os_dbg.o
                0x0800b381                OSDbg_QDelEn
 .rodata.OSDbg_QFlushEn
                0x0800b382        0x1 uCOS-III\Source\os_dbg.o
                0x0800b382                OSDbg_QFlushEn
 .rodata.OSDbg_QPendAbortEn
                0x0800b383        0x1 uCOS-III\Source\os_dbg.o
                0x0800b383                OSDbg_QPendAbortEn
 .rodata.OSDbg_QSize
                0x0800b384        0x2 uCOS-III\Source\os_dbg.o
                0x0800b384                OSDbg_QSize
 .rodata.OSDbg_SchedRoundRobinEn
                0x0800b386        0x1 uCOS-III\Source\os_dbg.o
                0x0800b386                OSDbg_SchedRoundRobinEn
 *fill*         0x0800b387        0x1 00
 .rodata.OSDbg_Sem
                0x0800b388       0x28 uCOS-III\Source\os_dbg.o
                0x0800b388                OSDbg_Sem
 .rodata.OSDbg_SemEn
                0x0800b3b0        0x1 uCOS-III\Source\os_dbg.o
                0x0800b3b0                OSDbg_SemEn
 .rodata.OSDbg_SemDelEn
                0x0800b3b1        0x1 uCOS-III\Source\os_dbg.o
                0x0800b3b1                OSDbg_SemDelEn
 .rodata.OSDbg_SemPendAbortEn
                0x0800b3b2        0x1 uCOS-III\Source\os_dbg.o
                0x0800b3b2                OSDbg_SemPendAbortEn
 .rodata.OSDbg_SemSetEn
                0x0800b3b3        0x1 uCOS-III\Source\os_dbg.o
                0x0800b3b3                OSDbg_SemSetEn
 .rodata.OSDbg_SemSize
                0x0800b3b4        0x2 uCOS-III\Source\os_dbg.o
                0x0800b3b4                OSDbg_SemSize
 .rodata.OSDbg_RdyList
                0x0800b3b6        0x2 uCOS-III\Source\os_dbg.o
                0x0800b3b6                OSDbg_RdyList
 .rodata.OSDbg_RdyListSize
                0x0800b3b8        0x4 uCOS-III\Source\os_dbg.o
                0x0800b3b8                OSDbg_RdyListSize
 .rodata.OSDbg_StkWidth
                0x0800b3bc        0x1 uCOS-III\Source\os_dbg.o
                0x0800b3bc                OSDbg_StkWidth
 .rodata.OSDbg_StatTaskEn
                0x0800b3bd        0x1 uCOS-III\Source\os_dbg.o
                0x0800b3bd                OSDbg_StatTaskEn
 .rodata.OSDbg_StatTaskStkChkEn
                0x0800b3be        0x1 uCOS-III\Source\os_dbg.o
                0x0800b3be                OSDbg_StatTaskStkChkEn
 .rodata.OSDbg_TaskChangePrioEn
                0x0800b3bf        0x1 uCOS-III\Source\os_dbg.o
                0x0800b3bf                OSDbg_TaskChangePrioEn
 .rodata.OSDbg_TaskDelEn
                0x0800b3c0        0x1 uCOS-III\Source\os_dbg.o
                0x0800b3c0                OSDbg_TaskDelEn
 .rodata.OSDbg_TaskQEn
                0x0800b3c1        0x1 uCOS-III\Source\os_dbg.o
                0x0800b3c1                OSDbg_TaskQEn
 .rodata.OSDbg_TaskQPendAbortEn
                0x0800b3c2        0x1 uCOS-III\Source\os_dbg.o
                0x0800b3c2                OSDbg_TaskQPendAbortEn
 .rodata.OSDbg_TaskProfileEn
                0x0800b3c3        0x1 uCOS-III\Source\os_dbg.o
                0x0800b3c3                OSDbg_TaskProfileEn
 .rodata.OSDbg_TaskRegTblSize
                0x0800b3c4        0x2 uCOS-III\Source\os_dbg.o
                0x0800b3c4                OSDbg_TaskRegTblSize
 .rodata.OSDbg_TaskSemPendAbortEn
                0x0800b3c6        0x1 uCOS-III\Source\os_dbg.o
                0x0800b3c6                OSDbg_TaskSemPendAbortEn
 .rodata.OSDbg_TaskSuspendEn
                0x0800b3c7        0x1 uCOS-III\Source\os_dbg.o
                0x0800b3c7                OSDbg_TaskSuspendEn
 .rodata.OSDbg_TCBSize
                0x0800b3c8        0x2 uCOS-III\Source\os_dbg.o
                0x0800b3c8                OSDbg_TCBSize
 .rodata.OSDbg_TickSpokeSize
                0x0800b3ca        0x2 uCOS-III\Source\os_dbg.o
                0x0800b3ca                OSDbg_TickSpokeSize
 .rodata.OSDbg_TimeDlyHMSMEn
                0x0800b3cc        0x1 uCOS-III\Source\os_dbg.o
                0x0800b3cc                OSDbg_TimeDlyHMSMEn
 .rodata.OSDbg_TimeDlyResumeEn
                0x0800b3cd        0x1 uCOS-III\Source\os_dbg.o
                0x0800b3cd                OSDbg_TimeDlyResumeEn
 *fill*         0x0800b3ce        0x2 00
 .rodata.OSDbg_Tmr
                0x0800b3d0       0x34 uCOS-III\Source\os_dbg.o
                0x0800b3d0                OSDbg_Tmr
 .rodata.OSDbg_TmrEn
                0x0800b404        0x1 uCOS-III\Source\os_dbg.o
                0x0800b404                OSDbg_TmrEn
 .rodata.OSDbg_TmrDelEn
                0x0800b405        0x1 uCOS-III\Source\os_dbg.o
                0x0800b405                OSDbg_TmrDelEn
 .rodata.OSDbg_TmrSize
                0x0800b406        0x2 uCOS-III\Source\os_dbg.o
                0x0800b406                OSDbg_TmrSize
 .rodata.OSDbg_TmrSpokeSize
                0x0800b408        0x2 uCOS-III\Source\os_dbg.o
                0x0800b408                OSDbg_TmrSpokeSize
 .rodata.OSDbg_VersionNbr
                0x0800b40a        0x2 uCOS-III\Source\os_dbg.o
                0x0800b40a                OSDbg_VersionNbr
 .rodata.OSDbg_DataSize
                0x0800b40c        0x4 uCOS-III\Source\os_dbg.o
                0x0800b40c                OSDbg_DataSize
 .rodata.OSCfg_IdleTaskStkBasePtr
                0x0800b410        0x4 uCOS-III\Source\os_cfg_app.o
                0x0800b410                OSCfg_IdleTaskStkBasePtr
 .rodata.OSCfg_IdleTaskStkLimit
                0x0800b414        0x4 uCOS-III\Source\os_cfg_app.o
                0x0800b414                OSCfg_IdleTaskStkLimit
 .rodata.OSCfg_IdleTaskStkSize
                0x0800b418        0x4 uCOS-III\Source\os_cfg_app.o
                0x0800b418                OSCfg_IdleTaskStkSize
 .rodata.OSCfg_ISRStkBasePtr
                0x0800b41c        0x4 uCOS-III\Source\os_cfg_app.o
                0x0800b41c                OSCfg_ISRStkBasePtr
 .rodata.OSCfg_ISRStkSize
                0x0800b420        0x4 uCOS-III\Source\os_cfg_app.o
                0x0800b420                OSCfg_ISRStkSize
 .rodata.OSCfg_MsgPoolSize
                0x0800b424        0x2 uCOS-III\Source\os_cfg_app.o
                0x0800b424                OSCfg_MsgPoolSize
 *fill*         0x0800b426        0x2 00
 .rodata.OSCfg_MsgPoolBasePtr
                0x0800b428        0x4 uCOS-III\Source\os_cfg_app.o
                0x0800b428                OSCfg_MsgPoolBasePtr
 .rodata.OSCfg_StatTaskPrio
                0x0800b42c        0x1 uCOS-III\Source\os_cfg_app.o
                0x0800b42c                OSCfg_StatTaskPrio
 *fill*         0x0800b42d        0x3 00
 .rodata.OSCfg_StatTaskRate_Hz
                0x0800b430        0x4 uCOS-III\Source\os_cfg_app.o
                0x0800b430                OSCfg_StatTaskRate_Hz
 .rodata.OSCfg_StatTaskStkBasePtr
                0x0800b434        0x4 uCOS-III\Source\os_cfg_app.o
                0x0800b434                OSCfg_StatTaskStkBasePtr
 .rodata.OSCfg_StatTaskStkLimit
                0x0800b438        0x4 uCOS-III\Source\os_cfg_app.o
                0x0800b438                OSCfg_StatTaskStkLimit
 .rodata.OSCfg_StatTaskStkSize
                0x0800b43c        0x4 uCOS-III\Source\os_cfg_app.o
                0x0800b43c                OSCfg_StatTaskStkSize
 .rodata.OSCfg_StkSizeMin
                0x0800b440        0x4 uCOS-III\Source\os_cfg_app.o
                0x0800b440                OSCfg_StkSizeMin
 .rodata.OSCfg_TickRate_Hz
                0x0800b444        0x4 uCOS-III\Source\os_cfg_app.o
                0x0800b444                OSCfg_TickRate_Hz
 .rodata.OSCfg_TickTaskPrio
                0x0800b448        0x1 uCOS-III\Source\os_cfg_app.o
                0x0800b448                OSCfg_TickTaskPrio
 *fill*         0x0800b449        0x3 00
 .rodata.OSCfg_TickTaskStkBasePtr
                0x0800b44c        0x4 uCOS-III\Source\os_cfg_app.o
                0x0800b44c                OSCfg_TickTaskStkBasePtr
 .rodata.OSCfg_TickTaskStkLimit
                0x0800b450        0x4 uCOS-III\Source\os_cfg_app.o
                0x0800b450                OSCfg_TickTaskStkLimit
 .rodata.OSCfg_TickTaskStkSize
                0x0800b454        0x4 uCOS-III\Source\os_cfg_app.o
                0x0800b454                OSCfg_TickTaskStkSize
 .rodata.OSCfg_TickWheelSize
                0x0800b458        0x2 uCOS-III\Source\os_cfg_app.o
                0x0800b458                OSCfg_TickWheelSize
 .rodata.OSCfg_TmrTaskPrio
                0x0800b45a        0x1 uCOS-III\Source\os_cfg_app.o
                0x0800b45a                OSCfg_TmrTaskPrio
 *fill*         0x0800b45b        0x1 00
 .rodata.OSCfg_TmrTaskRate_Hz
                0x0800b45c        0x4 uCOS-III\Source\os_cfg_app.o
                0x0800b45c                OSCfg_TmrTaskRate_Hz
 .rodata.OSCfg_TmrTaskStkBasePtr
                0x0800b460        0x4 uCOS-III\Source\os_cfg_app.o
                0x0800b460                OSCfg_TmrTaskStkBasePtr
 .rodata.OSCfg_TmrTaskStkLimit
                0x0800b464        0x4 uCOS-III\Source\os_cfg_app.o
                0x0800b464                OSCfg_TmrTaskStkLimit
 .rodata.OSCfg_TmrTaskStkSize
                0x0800b468        0x4 uCOS-III\Source\os_cfg_app.o
                0x0800b468                OSCfg_TmrTaskStkSize
 .rodata.OSCfg_TmrWheelSize
                0x0800b46c        0x2 uCOS-III\Source\os_cfg_app.o
                0x0800b46c                OSCfg_TmrWheelSize
 *fill*         0x0800b46e        0x2 00
 .rodata.GPIO_PIN
                0x0800b470        0x8 BSP\bsp.o
                0x0800b470                GPIO_PIN
 .rodata.GPIO_CLK
                0x0800b478       0x10 BSP\bsp.o
                0x0800b478                GPIO_CLK
 .rodata.str1.1
                0x0800b488        0x2 c:/program files (x86)/atollic/truestudio for arm pro 3.2.0/armtools/bin/../lib/gcc/arm-atollic-eabi/4.6.2/../../../../arm-atollic-eabi/lib/thumb/armv7-m\libc.a(lib_a-impure.o)
 .rodata.zeroes.6598
                0x0800b48a       0x10 c:/program files (x86)/atollic/truestudio for arm pro 3.2.0/armtools/bin/../lib/gcc/arm-atollic-eabi/4.6.2/../../../../arm-atollic-eabi/lib/thumb/armv7-m\libc.a(lib_a-svfprintf.o)
 .rodata.str1.1
                0x0800b49a       0x34 c:/program files (x86)/atollic/truestudio for arm pro 3.2.0/armtools/bin/../lib/gcc/arm-atollic-eabi/4.6.2/../../../../arm-atollic-eabi/lib/thumb/armv7-m\libc.a(lib_a-svfprintf.o)
 .rodata.blanks.6597
                0x0800b4ce       0x10 c:/program files (x86)/atollic/truestudio for arm pro 3.2.0/armtools/bin/../lib/gcc/arm-atollic-eabi/4.6.2/../../../../arm-atollic-eabi/lib/thumb/armv7-m\libc.a(lib_a-svfprintf.o)
 .rodata.str1.1
                0x0800b4de        0xd c:/program files (x86)/atollic/truestudio for arm pro 3.2.0/armtools/bin/../lib/gcc/arm-atollic-eabi/4.6.2/../../../../arm-atollic-eabi/lib/thumb/armv7-m\libc.a(lib_a-dtoa.o)
                                  0xf (size before relaxing)
 .rodata.str1.1
                0x0800b4eb        0x8 c:/program files (x86)/atollic/truestudio for arm pro 3.2.0/armtools/bin/../lib/gcc/arm-atollic-eabi/4.6.2/../../../../arm-atollic-eabi/lib/thumb/armv7-m\libc.a(lib_a-locale.o)
                                  0xb (size before relaxing)
 *fill*         0x0800b4f3        0x1 00
 .rodata.p05.5123
                0x0800b4f4        0xc c:/program files (x86)/atollic/truestudio for arm pro 3.2.0/armtools/bin/../lib/gcc/arm-atollic-eabi/4.6.2/../../../../arm-atollic-eabi/lib/thumb/armv7-m\libc.a(lib_a-mprec.o)
 .rodata.__mprec_tens
                0x0800b500       0xc8 c:/program files (x86)/atollic/truestudio for arm pro 3.2.0/armtools/bin/../lib/gcc/arm-atollic-eabi/4.6.2/../../../../arm-atollic-eabi/lib/thumb/armv7-m\libc.a(lib_a-mprec.o)
                0x0800b500                __mprec_tens
 .rodata.__mprec_bigtens
                0x0800b5c8       0x28 c:/program files (x86)/atollic/truestudio for arm pro 3.2.0/armtools/bin/../lib/gcc/arm-atollic-eabi/4.6.2/../../../../arm-atollic-eabi/lib/thumb/armv7-m\libc.a(lib_a-mprec.o)
                0x0800b5c8                __mprec_bigtens
 *(.glue_7)
 .glue_7        0x00000000        0x0 linker stubs
 *(.glue_7t)
 .glue_7t       0x00000000        0x0 linker stubs
 *(.eh_frame)
 .eh_frame      0x0800b5f0        0x0 c:/program files (x86)/atollic/truestudio for arm pro 3.2.0/armtools/bin/../lib/gcc/arm-atollic-eabi/4.6.2/thumb/armv7-m/crtbegin.o
 *(.init)
 .init          0x0800b5f0        0x4 c:/program files (x86)/atollic/truestudio for arm pro 3.2.0/armtools/bin/../lib/gcc/arm-atollic-eabi/4.6.2/thumb/armv7-m/crti.o
                0x0800b5f0                _init
 .init          0x0800b5f4        0x8 c:/program files (x86)/atollic/truestudio for arm pro 3.2.0/armtools/bin/../lib/gcc/arm-atollic-eabi/4.6.2/thumb/armv7-m/crtn.o
 *(.fini)
 .fini          0x0800b5fc        0x4 c:/program files (x86)/atollic/truestudio for arm pro 3.2.0/armtools/bin/../lib/gcc/arm-atollic-eabi/4.6.2/thumb/armv7-m/crti.o
                0x0800b5fc                _fini
 .fini          0x0800b600        0x8 c:/program files (x86)/atollic/truestudio for arm pro 3.2.0/armtools/bin/../lib/gcc/arm-atollic-eabi/4.6.2/thumb/armv7-m/crtn.o
                0x0800b608                . = ALIGN (0x4)
                0x0800b608                _etext = .

.vfp11_veneer   0x0800b608        0x0
 .vfp11_veneer  0x00000000        0x0 linker stubs

.v4_bx          0x0800b608        0x0
 .v4_bx         0x00000000        0x0 linker stubs

.ARM.extab      0x0800b608       0x30
 *(.ARM.extab* .gnu.linkonce.armextab.*)
 .ARM.extab     0x0800b608       0x18 c:/program files (x86)/atollic/truestudio for arm pro 3.2.0/armtools/bin/../lib/gcc/arm-atollic-eabi/4.6.2/thumb/armv7-m\libgcc.a(unwind-arm.o)
 .ARM.extab     0x0800b620       0x18 c:/program files (x86)/atollic/truestudio for arm pro 3.2.0/armtools/bin/../lib/gcc/arm-atollic-eabi/4.6.2/thumb/armv7-m\libgcc.a(pr-support.o)

.ARM            0x0800b638       0xe8
                0x0800b638                __exidx_start = .
 *(.ARM.exidx*)
 .ARM.exidx     0x0800b638       0x10 c:/program files (x86)/atollic/truestudio for arm pro 3.2.0/armtools/bin/../lib/gcc/arm-atollic-eabi/4.6.2/thumb/armv7-m\libgcc.a(bpabi.o)
 .ARM.exidx     0x0800b648       0x88 c:/program files (x86)/atollic/truestudio for arm pro 3.2.0/armtools/bin/../lib/gcc/arm-atollic-eabi/4.6.2/thumb/armv7-m\libgcc.a(unwind-arm.o)
                                 0xc0 (size before relaxing)
 .ARM.exidx     0x0800b6d0       0x38 c:/program files (x86)/atollic/truestudio for arm pro 3.2.0/armtools/bin/../lib/gcc/arm-atollic-eabi/4.6.2/thumb/armv7-m\libgcc.a(pr-support.o)
                                 0x48 (size before relaxing)
 .ARM.exidx     0x0800b708        0x8 c:/program files (x86)/atollic/truestudio for arm pro 3.2.0/armtools/bin/../lib/gcc/arm-atollic-eabi/4.6.2/thumb/armv7-m\libgcc.a(_divdi3.o)
 .ARM.exidx     0x0800b710       0x10 c:/program files (x86)/atollic/truestudio for arm pro 3.2.0/armtools/bin/../lib/gcc/arm-atollic-eabi/4.6.2/thumb/armv7-m\libgcc.a(_udivdi3.o)
                                  0x8 (size before relaxing)
                0x0800b720                __exidx_end = .

.preinit_array  0x0800b720        0x0
                0x0800b720                PROVIDE (__preinit_array_start, .)
 *(.preinit_array*)
                0x0800b720                PROVIDE (__preinit_array_end, .)

.init_array     0x0800b720        0x4
                0x0800b720                PROVIDE (__init_array_start, .)
 *(SORT(.init_array.*))
 *(.init_array*)
 .init_array    0x0800b720        0x4 c:/program files (x86)/atollic/truestudio for arm pro 3.2.0/armtools/bin/../lib/gcc/arm-atollic-eabi/4.6.2/thumb/armv7-m/crtbegin.o
                0x0800b724                PROVIDE (__init_array_end, .)

.fini_array     0x0800b724        0x4
                0x0800b724                PROVIDE (__fini_array_start, .)
 *(SORT(.fini_array.*))
 *(.fini_array*)
 .fini_array    0x0800b724        0x4 c:/program files (x86)/atollic/truestudio for arm pro 3.2.0/armtools/bin/../lib/gcc/arm-atollic-eabi/4.6.2/thumb/armv7-m/crtbegin.o
                0x0800b728                PROVIDE (__fini_array_end, .)
                0x0800b728                _sidata = LOADADDR (.data)

.data           0x20000000      0x55c load address 0x0800b728
                0x20000000                . = ALIGN (0x4)
                0x20000000                _sdata = .
 *(.data)
 *(.data*)
 .data.GPIO_PORT
                0x20000000       0x10 BSP\bsp.o
                0x20000000                GPIO_PORT
 .data.APBAHBPrescTable
                0x20000010       0x10 BSP\STM32F2xx\src\stm32f2xx_rcc.o
 .data.impure_data
                0x20000020       0xf0 c:/program files (x86)/atollic/truestudio for arm pro 3.2.0/armtools/bin/../lib/gcc/arm-atollic-eabi/4.6.2/../../../../arm-atollic-eabi/lib/thumb/armv7-m\libc.a(lib_a-impure.o)
 .data._impure_ptr
                0x20000110        0x4 c:/program files (x86)/atollic/truestudio for arm pro 3.2.0/armtools/bin/../lib/gcc/arm-atollic-eabi/4.6.2/../../../../arm-atollic-eabi/lib/thumb/armv7-m\libc.a(lib_a-impure.o)
                0x20000110                _impure_ptr
 .data.lconv    0x20000114       0x38 c:/program files (x86)/atollic/truestudio for arm pro 3.2.0/armtools/bin/../lib/gcc/arm-atollic-eabi/4.6.2/../../../../arm-atollic-eabi/lib/thumb/armv7-m\libc.a(lib_a-locale.o)
 .data.__malloc_av_
                0x2000014c      0x408 c:/program files (x86)/atollic/truestudio for arm pro 3.2.0/armtools/bin/../lib/gcc/arm-atollic-eabi/4.6.2/../../../../arm-atollic-eabi/lib/thumb/armv7-m\libc.a(lib_a-mallocr.o)
                0x2000014c                __malloc_av_
 .data.__malloc_trim_threshold
                0x20000554        0x4 c:/program files (x86)/atollic/truestudio for arm pro 3.2.0/armtools/bin/../lib/gcc/arm-atollic-eabi/4.6.2/../../../../arm-atollic-eabi/lib/thumb/armv7-m\libc.a(lib_a-mallocr.o)
                0x20000554                __malloc_trim_threshold
 .data.__malloc_sbrk_base
                0x20000558        0x4 c:/program files (x86)/atollic/truestudio for arm pro 3.2.0/armtools/bin/../lib/gcc/arm-atollic-eabi/4.6.2/../../../../arm-atollic-eabi/lib/thumb/armv7-m\libc.a(lib_a-mallocr.o)
                0x20000558                __malloc_sbrk_base
                0x2000055c                . = ALIGN (0x4)
                0x2000055c                _edata = .

.jcr            0x2000055c        0x0 load address 0x0800bc84
 .jcr           0x2000055c        0x0 c:/program files (x86)/atollic/truestudio for arm pro 3.2.0/armtools/bin/../lib/gcc/arm-atollic-eabi/4.6.2/thumb/armv7-m/crtbegin.o
                0x2000055c                . = ALIGN (0x4)

.bss            0x2000055c     0x3dc8 load address 0x0800bc84
                0x2000055c                _sbss = .
                0x2000055c                __bss_start__ = _sbss
 *(.bss)
 .bss           0x2000055c       0x1c c:/program files (x86)/atollic/truestudio for arm pro 3.2.0/armtools/bin/../lib/gcc/arm-atollic-eabi/4.6.2/thumb/armv7-m/crtbegin.o
 *(.bss*)
 .bss.BSP_SerTxWait
                0x20000578       0x28 BSP\bsp_ser.o
 .bss.BSP_SerRxWait
                0x200005a0       0x28 BSP\bsp_ser.o
 .bss.BSP_SerLock
                0x200005c8       0x28 BSP\bsp_ser.o
 .bss.BSP_SerRxData
                0x200005f0        0x1 BSP\bsp_ser.o
 *fill*         0x200005f1        0x3 00
 .bss.BSP_IntVectTbl
                0x200005f4      0x144 BSP\bsp_int.o
 .bss.AppTaskStartTCB
                0x20000738       0xc4 APP\app.o
 .bss.AppTaskStartStk
                0x200007fc      0x200 APP\app.o
 .bss.__malloc_max_total_mem
                0x200009fc        0x4 c:/program files (x86)/atollic/truestudio for arm pro 3.2.0/armtools/bin/../lib/gcc/arm-atollic-eabi/4.6.2/../../../../arm-atollic-eabi/lib/thumb/armv7-m\libc.a(lib_a-mallocr.o)
                0x200009fc                __malloc_max_total_mem
 .bss.__malloc_max_sbrked_mem
                0x20000a00        0x4 c:/program files (x86)/atollic/truestudio for arm pro 3.2.0/armtools/bin/../lib/gcc/arm-atollic-eabi/4.6.2/../../../../arm-atollic-eabi/lib/thumb/armv7-m\libc.a(lib_a-mallocr.o)
                0x20000a00                __malloc_max_sbrked_mem
 .bss.__malloc_top_pad
                0x20000a04        0x4 c:/program files (x86)/atollic/truestudio for arm pro 3.2.0/armtools/bin/../lib/gcc/arm-atollic-eabi/4.6.2/../../../../arm-atollic-eabi/lib/thumb/armv7-m\libc.a(lib_a-mallocr.o)
                0x20000a04                __malloc_top_pad
 .bss.__malloc_current_mallinfo
                0x20000a08       0x28 c:/program files (x86)/atollic/truestudio for arm pro 3.2.0/armtools/bin/../lib/gcc/arm-atollic-eabi/4.6.2/../../../../arm-atollic-eabi/lib/thumb/armv7-m\libc.a(lib_a-mallocr.o)
                0x20000a08                __malloc_current_mallinfo
 .bss.heap_end.4982
                0x20000a30        0x4 c:/program files (x86)/atollic/truestudio for arm pro 3.2.0/armtools/bin/../lib/gcc/arm-atollic-eabi/4.6.2/../../../../arm-atollic-eabi/lib/thumb/armv7-m\libc.a(lib_a-syscalls.o)
 *(COMMON)
 COMMON         0x20000a34      0x464 uCOS-III\Source\os_var.o
                0x20000a34                OSSchedLockNestingCtr
                0x20000a38                OS_AppTaskReturnHookPtr
                0x20000a3c                OSStatTaskTimeMax
                0x20000a40                OSStatTaskCtr
                0x20000a44                OSTaskRegNextAvailID
                0x20000a45                OSRunning
                0x20000a48                OSRdyList
                0x20000ad8                OSPrioHighRdy
                0x20000ad9                OSStatTaskRdy
                0x20000adc                OSSemDbgListPtr
                0x20000ae0                OS_AppTaskCreateHookPtr
                0x20000ae4                OSPrioCur
                0x20000ae8                OSTickTaskTCB
                0x20000bac                OSTmrTickCtr
                0x20000bb0                OSSchedLockTimeBegin
                0x20000bb4                OSTCBCurPtr
                0x20000bb8                OSQQty
                0x20000bba                OSStatTaskCPUUsageMax
                0x20000bbc                OSPrioSaved
                0x20000bc0                OSTCBHighRdyPtr
                0x20000bc4                OSSchedLockTimeMaxCur
                0x20000bc8                OSTaskDbgListPtr
                0x20000bcc                OSTmrTaskTimeMax
                0x20000bd0                OS_AppTaskDelHookPtr
                0x20000bd4                OS_AppTimeTickHookPtr
                0x20000bd8                OSTaskCtxSwCtr
                0x20000bdc                OSStatTaskCPUUsage
                0x20000bde                OSIntNestingCtr
                0x20000be0                OSTaskQty
                0x20000be4                OSTmrTaskTCB
                0x20000ca8                OSMsgPool
                0x20000cb4                OSIdleTaskTCB
                0x20000d78                OSQDbgListPtr
                0x20000d7c                OSSemQty
                0x20000d80                OSMemDbgListPtr
                0x20000d84                OSSchedRoundRobinDfltTimeQuanta
                0x20000d88                OS_AppIdleTaskHookPtr
                0x20000d8c                OSStatTaskCtrMax
                0x20000d90                OSTickCtr
                0x20000d94                OS_AppTaskSwHookPtr
                0x20000d98                OSTmrQty
                0x20000d9c                OSIdleTaskCtr
                0x20000da0                OSStatTaskCtrRun
                0x20000da4                OS_AppStatTaskHookPtr
                0x20000da8                OSFlagQty
                0x20000dac                OSFlagDbgListPtr
                0x20000db0                OSSchedLockTimeMax
                0x20000db4                OSStatResetFlag
                0x20000db6                OSMemQty
                0x20000db8                OSMutexQty
                0x20000dbc                OSStatTaskTCB
                0x20000e80                OSTmrDbgListPtr
                0x20000e84                OSTickTaskTimeMax
                0x20000e88                OSTmrUpdateCnt
                0x20000e8c                OSSchedRoundRobinEn
                0x20000e90                OSMutexDbgListPtr
                0x20000e94                OSTmrUpdateCtr
 COMMON         0x20000e98        0x4 uCOS-III\Source\os_prio.o
                0x20000e98                OSPrioTbl
 COMMON         0x20000e9c     0x1020 uCOS-III\Source\os_cfg_app.o
                0x20000e9c                OSCfg_StatTaskStk
                0x2000109c                OSCfg_TickWheel
                0x2000111c                OSCfg_MsgPool
                0x2000143c                OSCfg_TmrTaskStk
                0x2000163c                OSCfg_TmrWheel
                0x200016bc                OSCfg_ISRStk
                0x20001abc                OSCfg_TickTaskStk
                0x20001cbc                OSCfg_IdleTaskStk
 COMMON         0x20001ebc        0x4 uCOS-III\Ports\ARM-Cortex-M3\Generic\GNU\os_cpu_c.o
                0x20001ebc                OS_CPU_ExceptStkBase
 COMMON         0x20001ec0     0x244c uC-LIB\lib_mem.o
                0x20001ec0                Mem_PoolHeap
                0x20001f08                Mem_Heap
                0x20004308                Mem_PoolTbl
 COMMON         0x2000430c       0x14 uC-CPU\cpu_core.o
                0x2000430c                CPU_TS_TmrFreq_Hz
                0x20004310                CPU_Name
 COMMON         0x20004320        0x4 c:/program files (x86)/atollic/truestudio for arm pro 3.2.0/armtools/bin/../lib/gcc/arm-atollic-eabi/4.6.2/../../../../arm-atollic-eabi/lib/thumb/armv7-m\libc.a(lib_a-reent.o)
                0x20004320                errno
                0x20004324                . = ALIGN (0x4)
                0x20004324                _ebss = .
                0x20004324                __bss_end__ = _ebss

._user_heap_stack
                0x20004324      0x400 load address 0x0800bc84
                0x20004324                . = ALIGN (0x4)
                0x20004324                PROVIDE (end, .)
                0x20004324                PROVIDE (_end, .)
                0x20004324                . = (. + _Min_Heap_Size)
                0x20004724                . = (. + _Min_Stack_Size)
 *fill*         0x20004324      0x400 00
                0x20004724                . = ALIGN (0x4)

.memory_b1_text
 *(.mb1text)
 *(.mb1text*)
 *(.mb1rodata)
 *(.mb1rodata*)

/DISCARD/
 libc.a(*)
 libm.a(*)
 libgcc.a(*)

.ARM.attributes
                0x00000000       0x29
 *(.ARM.attributes)
 .ARM.attributes
                0x00000000       0x1d c:/program files (x86)/atollic/truestudio for arm pro 3.2.0/armtools/bin/../lib/gcc/arm-atollic-eabi/4.6.2/thumb/armv7-m/crti.o
 .ARM.attributes
                0x0000001d       0x2d c:/program files (x86)/atollic/truestudio for arm pro 3.2.0/armtools/bin/../lib/gcc/arm-atollic-eabi/4.6.2/thumb/armv7-m/crtbegin.o
 .ARM.attributes
                0x0000004a       0x33 uCOS-III\Source\os_var.o
 .ARM.attributes
                0x0000007d       0x33 uCOS-III\Source\os_tmr.o
 .ARM.attributes
                0x000000b0       0x33 uCOS-III\Source\os_time.o
 .ARM.attributes
                0x000000e3       0x33 uCOS-III\Source\os_tick.o
 .ARM.attributes
                0x00000116       0x33 uCOS-III\Source\os_task.o
 .ARM.attributes
                0x00000149       0x33 uCOS-III\Source\os_stat.o
 .ARM.attributes
                0x0000017c       0x33 uCOS-III\Source\os_sem.o
 .ARM.attributes
                0x000001af       0x33 uCOS-III\Source\os_q.o
 .ARM.attributes
                0x000001e2       0x33 uCOS-III\Source\os_prio.o
 .ARM.attributes
                0x00000215       0x33 uCOS-III\Source\os_pend_multi.o
 .ARM.attributes
                0x00000248       0x33 uCOS-III\Source\os_mutex.o
 .ARM.attributes
                0x0000027b       0x33 uCOS-III\Source\os_msg.o
 .ARM.attributes
                0x000002ae       0x33 uCOS-III\Source\os_mem.o
 .ARM.attributes
                0x000002e1       0x33 uCOS-III\Source\os_int.o
 .ARM.attributes
                0x00000314       0x33 uCOS-III\Source\os_flag.o
 .ARM.attributes
                0x00000347       0x33 uCOS-III\Source\os_dbg.o
 .ARM.attributes
                0x0000037a       0x33 uCOS-III\Source\os_core.o
 .ARM.attributes
                0x000003ad       0x33 uCOS-III\Source\os_cfg_app.o
 .ARM.attributes
                0x000003e0       0x33 uCOS-III\Ports\ARM-Cortex-M3\Generic\GNU\os_cpu_c.o
 .ARM.attributes
                0x00000413       0x21 uCOS-III\Ports\ARM-Cortex-M3\Generic\GNU\os_cpu_a.o
 .ARM.attributes
                0x00000434       0x33 uC-LIB\lib_str.o
 .ARM.attributes
                0x00000467       0x33 uC-LIB\lib_mem.o
 .ARM.attributes
                0x0000049a       0x33 uC-LIB\lib_math.o
 .ARM.attributes
                0x000004cd       0x33 uC-LIB\lib_ascii.o
 .ARM.attributes
                0x00000500       0x33 uC-CPU\cpu_core.o
 .ARM.attributes
                0x00000533       0x33 uC-CPU\ARM-Cortex-M3\GNU\cpu_c.o
 .ARM.attributes
                0x00000566       0x21 uC-CPU\ARM-Cortex-M3\GNU\cpu_a.o
 .ARM.attributes
                0x00000587       0x21 BSP\cstartup.o
 .ARM.attributes
                0x000005a8       0x33 BSP\bsp_ser.o
 .ARM.attributes
                0x000005db       0x33 BSP\bsp_lcd.o
 .ARM.attributes
                0x0000060e       0x33 BSP\bsp_ioe.o
 .ARM.attributes
                0x00000641       0x33 BSP\bsp_int.o
 .ARM.attributes
                0x00000674       0x33 BSP\bsp.o
 .ARM.attributes
                0x000006a7       0x33 BSP\STM32F2xx\src\stm32f2xx_wwdg.o
 .ARM.attributes
                0x000006da       0x33 BSP\STM32F2xx\src\stm32f2xx_usart.o
 .ARM.attributes
                0x0000070d       0x33 BSP\STM32F2xx\src\stm32f2xx_tim.o
 .ARM.attributes
                0x00000740       0x33 BSP\STM32F2xx\src\stm32f2xx_syscfg.o
 .ARM.attributes
                0x00000773       0x33 BSP\STM32F2xx\src\stm32f2xx_spi.o
 .ARM.attributes
                0x000007a6       0x33 BSP\STM32F2xx\src\stm32f2xx_sdio.o
 .ARM.attributes
                0x000007d9       0x33 BSP\STM32F2xx\src\stm32f2xx_rtc.o
 .ARM.attributes
                0x0000080c       0x33 BSP\STM32F2xx\src\stm32f2xx_rng.o
 .ARM.attributes
                0x0000083f       0x33 BSP\STM32F2xx\src\stm32f2xx_rcc.o
 .ARM.attributes
                0x00000872       0x33 BSP\STM32F2xx\src\stm32f2xx_pwr.o
 .ARM.attributes
                0x000008a5       0x33 BSP\STM32F2xx\src\stm32f2xx_iwdg.o
 .ARM.attributes
                0x000008d8       0x33 BSP\STM32F2xx\src\stm32f2xx_i2c.o
 .ARM.attributes
                0x0000090b       0x33 BSP\STM32F2xx\src\stm32f2xx_hash_sha1.o
 .ARM.attributes
                0x0000093e       0x33 BSP\STM32F2xx\src\stm32f2xx_hash_md5.o
 .ARM.attributes
                0x00000971       0x33 BSP\STM32F2xx\src\stm32f2xx_hash.o
 .ARM.attributes
                0x000009a4       0x33 BSP\STM32F2xx\src\stm32f2xx_gpio.o
 .ARM.attributes
                0x000009d7       0x33 BSP\STM32F2xx\src\stm32f2xx_fsmc.o
 .ARM.attributes
                0x00000a0a       0x33 BSP\STM32F2xx\src\stm32f2xx_flash.o
 .ARM.attributes
                0x00000a3d       0x33 BSP\STM32F2xx\src\stm32f2xx_exti.o
 .ARM.attributes
                0x00000a70       0x33 BSP\STM32F2xx\src\stm32f2xx_dma.o
 .ARM.attributes
                0x00000aa3       0x33 BSP\STM32F2xx\src\stm32f2xx_dcmi.o
 .ARM.attributes
                0x00000ad6       0x33 BSP\STM32F2xx\src\stm32f2xx_dbgmcu.o
 .ARM.attributes
                0x00000b09       0x33 BSP\STM32F2xx\src\stm32f2xx_dac.o
 .ARM.attributes
                0x00000b3c       0x33 BSP\STM32F2xx\src\stm32f2xx_cryp_tdes.o
 .ARM.attributes
                0x00000b6f       0x33 BSP\STM32F2xx\src\stm32f2xx_cryp_des.o