Archive member included because of file (symbol)

c:/diasemi/smartsnippetsstudio/gcc/4_9-2015q1/bin/../lib/gcc/arm-none-eabi/4.9.3/armv6-m\libgcc.a(_thumb1_case_sqi.o)
                              ./sdk/sys_man/sys_clock_mgr.o (__gnu_thumb1_case_sqi)
c:/diasemi/smartsnippetsstudio/gcc/4_9-2015q1/bin/../lib/gcc/arm-none-eabi/4.9.3/armv6-m\libgcc.a(_thumb1_case_uqi.o)
                              ./sdk/peripherals/src/hw_dma.o (__gnu_thumb1_case_uqi)
c:/diasemi/smartsnippetsstudio/gcc/4_9-2015q1/bin/../lib/gcc/arm-none-eabi/4.9.3/armv6-m\libgcc.a(_thumb1_case_shi.o)
                              ./sdk/sys_man/sys_charger.o (__gnu_thumb1_case_shi)
c:/diasemi/smartsnippetsstudio/gcc/4_9-2015q1/bin/../lib/gcc/arm-none-eabi/4.9.3/armv6-m\libgcc.a(_udivsi3.o)
                              ./sdk/sys_man/sys_clock_mgr.o (__aeabi_uidiv)
c:/diasemi/smartsnippetsstudio/gcc/4_9-2015q1/bin/../lib/gcc/arm-none-eabi/4.9.3/armv6-m\libgcc.a(_dvmd_tls.o)
                              c:/diasemi/smartsnippetsstudio/gcc/4_9-2015q1/bin/../lib/gcc/arm-none-eabi/4.9.3/armv6-m\libgcc.a(_udivsi3.o) (__aeabi_idiv0)
c:/diasemi/smartsnippetsstudio/gcc/4_9-2015q1/bin/../lib/gcc/arm-none-eabi/4.9.3/../../../../arm-none-eabi/lib/armv6-m\libg_nano.a(lib_a-exit.o)
                              c:/diasemi/smartsnippetsstudio/gcc/4_9-2015q1/bin/../lib/gcc/arm-none-eabi/4.9.3/../../../../arm-none-eabi/lib/armv6-m/crt0.o (exit)
c:/diasemi/smartsnippetsstudio/gcc/4_9-2015q1/bin/../lib/gcc/arm-none-eabi/4.9.3/../../../../arm-none-eabi/lib/armv6-m\libg_nano.a(lib_a-fflush.o)
                              ./main.o (fflush)
c:/diasemi/smartsnippetsstudio/gcc/4_9-2015q1/bin/../lib/gcc/arm-none-eabi/4.9.3/../../../../arm-none-eabi/lib/armv6-m\libg_nano.a(lib_a-findfp.o)
                              c:/diasemi/smartsnippetsstudio/gcc/4_9-2015q1/bin/../lib/gcc/arm-none-eabi/4.9.3/../../../../arm-none-eabi/lib/armv6-m\libg_nano.a(lib_a-fflush.o) (__sinit)
c:/diasemi/smartsnippetsstudio/gcc/4_9-2015q1/bin/../lib/gcc/arm-none-eabi/4.9.3/../../../../arm-none-eabi/lib/armv6-m\libg_nano.a(lib_a-fwalk.o)
                              c:/diasemi/smartsnippetsstudio/gcc/4_9-2015q1/bin/../lib/gcc/arm-none-eabi/4.9.3/../../../../arm-none-eabi/lib/armv6-m\libg_nano.a(lib_a-findfp.o) (_fwalk)
c:/diasemi/smartsnippetsstudio/gcc/4_9-2015q1/bin/../lib/gcc/arm-none-eabi/4.9.3/../../../../arm-none-eabi/lib/armv6-m\libg_nano.a(lib_a-impure.o)
                              c:/diasemi/smartsnippetsstudio/gcc/4_9-2015q1/bin/../lib/gcc/arm-none-eabi/4.9.3/../../../../arm-none-eabi/lib/armv6-m\libg_nano.a(lib_a-exit.o) (_global_impure_ptr)
c:/diasemi/smartsnippetsstudio/gcc/4_9-2015q1/bin/../lib/gcc/arm-none-eabi/4.9.3/../../../../arm-none-eabi/lib/armv6-m\libg_nano.a(lib_a-init.o)
                              c:/diasemi/smartsnippetsstudio/gcc/4_9-2015q1/bin/../lib/gcc/arm-none-eabi/4.9.3/../../../../arm-none-eabi/lib/armv6-m/crt0.o (__libc_init_array)
c:/diasemi/smartsnippetsstudio/gcc/4_9-2015q1/bin/../lib/gcc/arm-none-eabi/4.9.3/../../../../arm-none-eabi/lib/armv6-m\libg_nano.a(lib_a-malloc.o)
                              ./sdk/sys_man/sys_power_mgr.o (malloc)
c:/diasemi/smartsnippetsstudio/gcc/4_9-2015q1/bin/../lib/gcc/arm-none-eabi/4.9.3/../../../../arm-none-eabi/lib/armv6-m\libg_nano.a(lib_a-memcmp.o)
                              ./sdk/free_rtos/tasks.o (memcmp)
c:/diasemi/smartsnippetsstudio/gcc/4_9-2015q1/bin/../lib/gcc/arm-none-eabi/4.9.3/../../../../arm-none-eabi/lib/armv6-m\libg_nano.a(lib_a-memcpy.o)
                              ./sdk/osal/msg_queues.o (memcpy)
c:/diasemi/smartsnippetsstudio/gcc/4_9-2015q1/bin/../lib/gcc/arm-none-eabi/4.9.3/../../../../arm-none-eabi/lib/armv6-m\libg_nano.a(lib_a-memset.o)
                              c:/diasemi/smartsnippetsstudio/gcc/4_9-2015q1/bin/../lib/gcc/arm-none-eabi/4.9.3/../../../../arm-none-eabi/lib/armv6-m/crt0.o (memset)
c:/diasemi/smartsnippetsstudio/gcc/4_9-2015q1/bin/../lib/gcc/arm-none-eabi/4.9.3/../../../../arm-none-eabi/lib/armv6-m\libg_nano.a(lib_a-nano-freer.o)
                              c:/diasemi/smartsnippetsstudio/gcc/4_9-2015q1/bin/../lib/gcc/arm-none-eabi/4.9.3/../../../../arm-none-eabi/lib/armv6-m\libg_nano.a(lib_a-fflush.o) (_free_r)
c:/diasemi/smartsnippetsstudio/gcc/4_9-2015q1/bin/../lib/gcc/arm-none-eabi/4.9.3/../../../../arm-none-eabi/lib/armv6-m\libg_nano.a(lib_a-nano-mallocr.o)
                              c:/diasemi/smartsnippetsstudio/gcc/4_9-2015q1/bin/../lib/gcc/arm-none-eabi/4.9.3/../../../../arm-none-eabi/lib/armv6-m\libg_nano.a(lib_a-findfp.o) (_malloc_r)
c:/diasemi/smartsnippetsstudio/gcc/4_9-2015q1/bin/../lib/gcc/arm-none-eabi/4.9.3/../../../../arm-none-eabi/lib/armv6-m\libg_nano.a(lib_a-putchar.o)
                              ./main.o (putchar)
c:/diasemi/smartsnippetsstudio/gcc/4_9-2015q1/bin/../lib/gcc/arm-none-eabi/4.9.3/../../../../arm-none-eabi/lib/armv6-m\libg_nano.a(lib_a-sbrkr.o)
[...]
Memory Configuration

Name             Origin             Length             Attributes
ROM              0x08000000         0x00010000         xr
RetRAM0          0x07fc7800         0x00006000         xrw
RetRAM1          0x00000000         0x00000000         xrw
RAM              0x07fc0100         0x00007700         rw
*default*        0x00000000         0xffffffff

Linker script and memory map

LOAD c:/diasemi/smartsnippetsstudio/gcc/4_9-2015q1/bin/../lib/gcc/arm-none-eabi/4.9.3/armv6-m/crti.o
LOAD c:/diasemi/smartsnippetsstudio/gcc/4_9-2015q1/bin/../lib/gcc/arm-none-eabi/4.9.3/armv6-m/crtbegin.o
LOAD c:/diasemi/smartsnippetsstudio/gcc/4_9-2015q1/bin/../lib/gcc/arm-none-eabi/4.9.3/../../../../arm-none-eabi/lib/armv6-m/crt0.o
LOAD ./startup/config.o
LOAD ./startup/startup_ARMCM0.o
LOAD ./startup/system_ARMCM0.o
LOAD ./startup/vector_table.o
LOAD ./sdk/sys_man/sys_charger.o
LOAD ./sdk/sys_man/sys_clock_mgr.o
LOAD ./sdk/sys_man/sys_power_mgr.o
LOAD ./sdk/sys_man/sys_rtc.o
LOAD ./sdk/sys_man/sys_watchdog.o
LOAD ./sdk/peripherals/src/hw_aes_hash.o
LOAD ./sdk/peripherals/src/hw_cpm.o
LOAD ./sdk/peripherals/src/hw_dma.o
LOAD ./sdk/peripherals/src/hw_fem_sky66112-11.o
LOAD ./sdk/peripherals/src/hw_gpadc.o
LOAD ./sdk/peripherals/src/hw_gpio.o
LOAD ./sdk/peripherals/src/hw_hard_fault.o
LOAD ./sdk/peripherals/src/hw_i2c.o
LOAD ./sdk/peripherals/src/hw_irgen.o
LOAD ./sdk/peripherals/src/hw_keyboard_scanner.o
LOAD ./sdk/peripherals/src/hw_otpc.o
LOAD ./sdk/peripherals/src/hw_qspi.o
LOAD ./sdk/peripherals/src/hw_quad.o
LOAD ./sdk/peripherals/src/hw_rf.o
LOAD ./sdk/peripherals/src/hw_soc.o
LOAD ./sdk/peripherals/src/hw_spi.o
LOAD ./sdk/peripherals/src/hw_tempsens.o
LOAD ./sdk/peripherals/src/hw_timer0.o
LOAD ./sdk/peripherals/src/hw_timer1.o
LOAD ./sdk/peripherals/src/hw_timer2.o
LOAD ./sdk/peripherals/src/hw_trng.o
LOAD ./sdk/peripherals/src/hw_uart.o
LOAD ./sdk/peripherals/src/hw_usb_charger.o
LOAD ./sdk/peripherals/src/hw_watchdog.o
LOAD ./sdk/peripherals/src/hw_wkup.o
LOAD ./sdk/peripherals/src/sys_tcs.o
LOAD ./sdk/osal/msg_queues.o
LOAD ./sdk/osal/resmgmt.o
LOAD ./sdk/memory/src/qspi_automode.o
LOAD ./sdk/free_rtos/portable/MemMang/heap_4.o
LOAD ./sdk/free_rtos/portable/GCC/ARM_CM0/port.o
LOAD ./sdk/free_rtos/croutine.o
LOAD ./sdk/free_rtos/event_groups.o
LOAD ./sdk/free_rtos/list.o
LOAD ./sdk/free_rtos/queue.o
LOAD ./sdk/free_rtos/tasks.o
LOAD ./sdk/free_rtos/timers.o
LOAD ./sdk/adapters/src/ad_battery.o
LOAD ./sdk/adapters/src/ad_flash.o
LOAD ./sdk/adapters/src/ad_gpadc.o
LOAD ./sdk/adapters/src/ad_i2c.o
LOAD ./sdk/adapters/src/ad_keyboard_scanner.o
LOAD ./sdk/adapters/src/ad_nvms.o
LOAD ./sdk/adapters/src/ad_nvms_direct.o
LOAD ./sdk/adapters/src/ad_nvms_ves.o
LOAD ./sdk/adapters/src/ad_nvparam.o
LOAD ./sdk/adapters/src/ad_rf.o
LOAD ./sdk/adapters/src/ad_spi.o
LOAD ./sdk/adapters/src/ad_temp_sens.o
LOAD ./sdk/adapters/src/ad_uart.o
LOAD ./sdk/adapters/src/ad_uart_ble.o
LOAD ./main.o
START GROUP
LOAD c:/diasemi/smartsnippetsstudio/gcc/4_9-2015q1/bin/../lib/gcc/arm-none-eabi/4.9.3/armv6-m\libgcc.a
LOAD c:/diasemi/smartsnippetsstudio/gcc/4_9-2015q1/bin/../lib/gcc/arm-none-eabi/4.9.3/../../../../arm-none-eabi/lib/armv6-m\libg_nano.a
LOAD c:/diasemi/smartsnippetsstudio/gcc/4_9-2015q1/bin/../lib/gcc/arm-none-eabi/4.9.3/../../../../arm-none-eabi/lib/armv6-m\libc_nano.a
END GROUP
START GROUP
LOAD c:/diasemi/smartsnippetsstudio/gcc/4_9-2015q1/bin/../lib/gcc/arm-none-eabi/4.9.3/armv6-m\libgcc.a
LOAD c:/diasemi/smartsnippetsstudio/gcc/4_9-2015q1/bin/../lib/gcc/arm-none-eabi/4.9.3/../../../../arm-none-eabi/lib/armv6-m\libc_nano.a
LOAD c:/diasemi/smartsnippetsstudio/gcc/4_9-2015q1/bin/../lib/gcc/arm-none-eabi/4.9.3/../../../../arm-none-eabi/lib/armv6-m\libnosys.a
END GROUP
START GROUP
LOAD c:/diasemi/smartsnippetsstudio/gcc/4_9-2015q1/bin/../lib/gcc/arm-none-eabi/4.9.3/armv6-m\libgcc.a
LOAD c:/diasemi/smartsnippetsstudio/gcc/4_9-2015q1/bin/../lib/gcc/arm-none-eabi/4.9.3/../../../../arm-none-eabi/lib/armv6-m\libc_nano.a
LOAD c:/diasemi/smartsnippetsstudio/gcc/4_9-2015q1/bin/../lib/gcc/arm-none-eabi/4.9.3/../../../../arm-none-eabi/lib/armv6-m\libnosys.a
END GROUP
LOAD c:/diasemi/smartsnippetsstudio/gcc/4_9-2015q1/bin/../lib/gcc/arm-none-eabi/4.9.3/armv6-m/crtend.o
LOAD c:/diasemi/smartsnippetsstudio/gcc/4_9-2015q1/bin/../lib/gcc/arm-none-eabi/4.9.3/armv6-m/crtn.o

.text           0x08000000     0x49c8
 *(.isr_vector)
 .isr_vector    0x08000000       0xc0 ./startup/vector_table.o
                0x08000000                __isr_vector
                0x000000c0                . = 0xc0
 *(.patch_table)
 .patch_table   0x080000c0       0x40 ./startup/vector_table.o
                0x080000c0                __patch_table_start
                0x00000100                . = 0x100
 *(.patch_table_flash)
                0x00000130                . = 0x130
 *fill*         0x08000100       0x30 
 *(.default_patch_code_handler_section)
 .default_patch_code_handler_section
                0x08000130        0x4 ./startup/vector_table.o
                0x08000130                Default_Patch_Code_Handler
 *(EXCLUDE_FILE(*libgcc.a:_clzsi2.o *libgcc.a:_clzdi2.o *libgcc.a:_udivdi3.o *libgcc.a:bpabi.o *libgcc.a:_dvmd_tls.o *libgcc.a:_muldi3.o *libgcc.a:_aeabi_uldivmod.o) .text*)
 .text          0x08000134       0x60 c:/diasemi/smartsnippetsstudio/gcc/4_9-2015q1/bin/../lib/gcc/arm-none-eabi/4.9.3/armv6-m/crtbegin.o
 .text          0x08000194       0x78 c:/diasemi/smartsnippetsstudio/gcc/4_9-2015q1/bin/../lib/gcc/arm-none-eabi/4.9.3/../../../../arm-none-eabi/lib/armv6-m/crt0.o
                0x08000194                _start
                0x08000194                _mainCRTStartup
 .text.set_interrupt_priorities
                0x0800020c       0x94 ./startup/config.o
                0x0800020c                set_interrupt_priorities
 .text.retarget_init
                0x080002a0       0x24 ./startup/config.o
                0x080002a0                retarget_init
 .text._write   0x080002c4       0x2c ./startup/config.o
                0x080002c4                _write
 .text._read    0x080002f0       0x30 ./startup/config.o
                0x080002f0                _read
 .text          0x08000320       0xf0 ./startup/startup_ARMCM0.o
                0x08000320                Reset_Handler
                0x08000400                TRNG_Handler
                0x08000400                SPI_Handler
                0x08000400                SysTick_Handler
                0x08000400                RFCAL_Handler
                0x08000400                DCDC_Handler
                0x08000400                BLE_GEN_Handler
                0x08000400                SRC_IN_Handler
                0x08000400                QUADEC_Handler
                0x08000400                BLE_WAKEUP_LP_Handler
                0x08000400                MRM_Handler
                0x08000400                USB_Handler
                0x08000400                PCM_Handler
                0x08000400                IRGEN_Handler
                0x08000400                SRC_OUT_Handler
                0x08000400                I2C_Handler
                0x08000400                COEX_Handler
                0x08000400                Default_Handler
                0x08000400                SPI2_Handler
                0x08000400                I2C2_Handler
                0x08000400                RESERVED31_Handler
                0x08000400                FTDF_GEN_Handler
                0x08000400                RF_DIAG_Handler
                0x08000400                KEYBRD_Handler
                0x08000400                SWTIM0_Handler
                0x08000400                FTDF_WAKEUP_Handler
                0x0800040e                SVC_Handler
 .text.hw_otpc_init
                0x08000410       0x54 ./startup/system_ARMCM0.o
 .text.hw_cpm_set_pclk_div.constprop.1
                0x08000464       0x28 ./startup/system_ARMCM0.o
 .text.SystemInit
                0x0800048c       0xcc ./startup/system_ARMCM0.o
                0x0800048c                SystemInit
 .text.SystemInitPost
                0x08000558      0x1a0 ./startup/system_ARMCM0.o
                0x08000558                SystemInitPost
 .text.black_orca_phy_addr
                0x080006f8       0x24 ./startup/system_ARMCM0.o
                0x080006f8                black_orca_phy_addr
 .text.usb_charger_is_battery_low
                0x0800071c       0x9c ./sdk/sys_man/sys_charger.o
                0x0800071c                usb_charger_is_battery_low
 .text.hw_cpm_set_pclk_div
                0x080007b8       0x2e ./sdk/sys_man/sys_clock_mgr.o
 *fill*         0x080007e6        0x2 
 .text.vLPTimerCallback
                0x080007e8       0x54 ./sdk/sys_man/sys_clock_mgr.o
 .text.switch_to_xtal16
                0x0800083c       0x44 ./sdk/sys_man/sys_clock_mgr.o
 .text.switch_to_rc16
                0x08000880       0x20 ./sdk/sys_man/sys_clock_mgr.o
 .text.switch_to_pll
                0x080008a0       0x4c ./sdk/sys_man/sys_clock_mgr.o
 .text.cm_check_xtal_startup
                0x080008ec       0x16 ./sdk/sys_man/sys_clock_mgr.o
                0x080008ec                cm_check_xtal_startup
 *fill*         0x08000902        0x2 
 .text.cm_clk_init_low_level
                0x08000904       0x88 ./sdk/sys_man/sys_clock_mgr.o
                0x08000904                cm_clk_init_low_level
 .text.cm_apb_set_clock_divider
                0x0800098c       0x44 ./sdk/sys_man/sys_clock_mgr.o
                0x0800098c                cm_apb_set_clock_divider
 .text.cm_ahb_set_clock_divider
                0x080009d0       0xb4 ./sdk/sys_man/sys_clock_mgr.o
                0x080009d0                cm_ahb_set_clock_divider
 .text.cm_sys_clk_get_fromISR
                0x08000a84       0x40 ./sdk/sys_man/sys_clock_mgr.o
                0x08000a84                cm_sys_clk_get_fromISR
 .text.cm_apb_get_clock_divider
                0x08000ac4       0x48 ./sdk/sys_man/sys_clock_mgr.o
                0x08000ac4                cm_apb_get_clock_divider
 .text.cm_ahb_get_clock_divider
                0x08000b0c       0x50 ./sdk/sys_man/sys_clock_mgr.o
                0x08000b0c                cm_ahb_get_clock_divider
 .text.cm_cpu_clk_get_fromISR
                0x08000b5c       0x28 ./sdk/sys_man/sys_clock_mgr.o
                0x08000b5c                cm_cpu_clk_get_fromISR
 .text.cm_lp_clk_timer_start
                0x08000b84       0x2c ./sdk/sys_man/sys_clock_mgr.o
                0x08000b84                cm_lp_clk_timer_start
 .text.cm_lp_clk_init
                0x08000bb0       0x68 ./sdk/sys_man/sys_clock_mgr.o
                0x08000bb0                cm_lp_clk_init
 .text.cm_lp_clk_is_avail
                0x08000c18       0x30 ./sdk/sys_man/sys_clock_mgr.o
                0x08000c18                cm_lp_clk_is_avail
 .text.cm_lower_all_clocks
                0x08000c48       0xc0 ./sdk/sys_man/sys_clock_mgr.o
                0x08000c48                cm_lower_all_clocks
 .text.cm_sys_clk_init
                0x08000d08       0xd0 ./sdk/sys_man/sys_clock_mgr.o
                0x08000d08                cm_sys_clk_init
 .text.cm_sys_clk_sleep.part.7
                0x08000dd8       0xb8 ./sdk/sys_man/sys_clock_mgr.o
 .text.xtal16m_is_ready
                0x08000e90       0x7c ./sdk/sys_man/sys_clock_mgr.o
 .text.XTAL16RDY_Handler
                0x08000f0c       0x38 ./sdk/sys_man/sys_clock_mgr.o
                0x08000f0c                XTAL16RDY_Handler
 .text.cm_sys_clk_sleep
                0x08000f44       0x60 ./sdk/sys_man/sys_clock_mgr.o
                0x08000f44                cm_sys_clk_sleep
 .text.cm_sys_clk_wakeup
                0x08000fa4       0x1c ./sdk/sys_man/sys_clock_mgr.o
                0x08000fa4                cm_sys_clk_wakeup
 .text.cm_sys_xtal16m_running
                0x08000fc0        0xa ./sdk/sys_man/sys_clock_mgr.o
                0x08000fc0                cm_sys_xtal16m_running
 .text.hw_cpm_setup_retmem
                0x08000fca       0x2a ./sdk/sys_man/sys_power_mgr.o
 .text.pm_system_init
                0x08000ff4      0x10c ./sdk/sys_man/sys_power_mgr.o
                0x08000ff4                pm_system_init
 .text.WKUP_GPIO_Handler
                0x08001100       0x14 ./sdk/sys_man/sys_power_mgr.o
                0x08001100                WKUP_GPIO_Handler
 .text.pm_register_qspi_operation
                0x08001114       0x8c ./sdk/sys_man/sys_power_mgr.o
                0x08001114                pm_register_qspi_operation
 .text.rtc_get_fromISR
                0x080011a0       0x3c ./sdk/sys_man/sys_rtc.o
                0x080011a0                rtc_get_fromISR
 .text.hw_cpm_sysclk_is_rc16
                0x080011dc       0x12 ./sdk/peripherals/src/hw_cpm.o
                0x080011dc                hw_cpm_sysclk_is_rc16
 .text.hw_cpm_sysclk_is_xtal16m
                0x080011ee       0x10 ./sdk/peripherals/src/hw_cpm.o
                0x080011ee                hw_cpm_sysclk_is_xtal16m
 .text.hw_cpm_set_divn
                0x080011fe       0x24 ./sdk/peripherals/src/hw_cpm.o
                0x080011fe                hw_cpm_set_divn
 *fill*         0x08001222        0x2 
 .text.hw_cpm_set_sysclk
                0x08001224       0x5c ./sdk/peripherals/src/hw_cpm.o
                0x08001224                hw_cpm_set_sysclk
 .text.hw_cpm_pll_sys_on
                0x08001280       0x40 ./sdk/peripherals/src/hw_cpm.o
                0x08001280                hw_cpm_pll_sys_on
 .text.hw_cpm_pll_sys_off
                0x080012c0       0x18 ./sdk/peripherals/src/hw_cpm.o
                0x080012c0                hw_cpm_pll_sys_off
 .text.hw_cpm_dcdc_config
                0x080012d8       0x98 ./sdk/peripherals/src/hw_cpm.o
                0x080012d8                hw_cpm_dcdc_config
 .text.hw_cpm_dcdc_on
                0x08001370       0x78 ./sdk/peripherals/src/hw_cpm.o
                0x08001370                hw_cpm_dcdc_on
 .text.hw_cpm_set_preferred_values
                0x080013e8       0x38 ./sdk/peripherals/src/hw_cpm.o
                0x080013e8                hw_cpm_set_preferred_values
 .text.hw_cpm_configure_xtal32k_pins
                0x08001420       0x10 ./sdk/peripherals/src/hw_cpm.o
                0x08001420                hw_cpm_configure_xtal32k_pins
 .text.hw_dma_channel_initialization
                0x08001430      0x190 ./sdk/peripherals/src/hw_dma.o
                0x08001430                hw_dma_channel_initialization
 .text.hw_dma_channel_enable
                0x080015c0       0x48 ./sdk/peripherals/src/hw_dma.o
                0x080015c0                hw_dma_channel_enable
 .text.dma_helper
                0x08001608       0x40 ./sdk/peripherals/src/hw_dma.o
 .text.hw_dma_channel_active
                0x08001648       0x3c ./sdk/peripherals/src/hw_dma.o
                0x08001648                hw_dma_channel_active
 .text.DMA_Handler
                0x08001684       0x6c ./sdk/peripherals/src/hw_dma.o
                0x08001684                DMA_Handler
 .text.hw_gpadc_reset
                0x080016f0       0x20 ./sdk/peripherals/src/hw_gpadc.o
                0x080016f0                hw_gpadc_reset
 .text.hw_gpadc_adc_measure
                0x08001710       0x1c ./sdk/peripherals/src/hw_gpadc.o
                0x08001710                hw_gpadc_adc_measure
 .text.ADC_Handler
                0x0800172c       0x20 ./sdk/peripherals/src/hw_gpadc.o
                0x0800172c                ADC_Handler
 .text.hw_gpadc_get_raw_value
                0x0800174c       0x5c ./sdk/peripherals/src/hw_gpadc.o
                0x0800174c                hw_gpadc_get_raw_value
 .text.hw_gpio_set_pin_function
                0x080017a8       0x14 ./sdk/peripherals/src/hw_gpio.o
                0x080017a8                hw_gpio_set_pin_function
 .text.hw_otpc_disable
                0x080017bc       0x84 ./sdk/peripherals/src/hw_otpc.o
                0x080017bc                hw_otpc_disable
 .text.hw_otpc_manual_read_on
                0x08001840       0x48 ./sdk/peripherals/src/hw_otpc.o
                0x08001840                hw_otpc_manual_read_on
 .text.hw_otpc_manual_read_off
                0x08001888       0x44 ./sdk/peripherals/src/hw_otpc.o
                0x08001888                hw_otpc_manual_read_off
 .text.hw_timer1_lp_clk_init
                0x080018cc       0x48 ./sdk/peripherals/src/hw_timer1.o
                0x080018cc                hw_timer1_lp_clk_init
 .text.hw_uart_transmit_fifo_empty
                0x08001914        0xa ./sdk/peripherals/src/hw_uart.o
 .text.hw_uart_tx_dma_callback
                0x0800191e       0x14 ./sdk/peripherals/src/hw_uart.o
 *fill*         0x08001932        0x2 
 .text.hw_uart_enable_fifo
                0x08001934       0x28 ./sdk/peripherals/src/hw_uart.o
 .text.hw_uart_rx_fifo_tr_lvl_setf
                0x0800195c       0x28 ./sdk/peripherals/src/hw_uart.o
 .text.hw_uart_tx_fifo_tr_lvl_setf
                0x08001984       0x28 ./sdk/peripherals/src/hw_uart.o
 .text.hw_uart_enable_rx_int
                0x080019ac       0x34 ./sdk/peripherals/src/hw_uart.o
 .text.hw_uart_irq_stop_receive
                0x080019e0       0x50 ./sdk/peripherals/src/hw_uart.o
 .text.hw_uart_rx_isr
                0x08001a30       0x40 ./sdk/peripherals/src/hw_uart.o
 .text.hw_uart_rx_dma_callback
                0x08001a70       0x3c ./sdk/peripherals/src/hw_uart.o
 .text.hw_uart_read
                0x08001aac        0xc ./sdk/peripherals/src/hw_uart.o
                0x08001aac                hw_uart_read
 .text.hw_uart_write
                0x08001ab8        0xc ./sdk/peripherals/src/hw_uart.o
                0x08001ab8                hw_uart_write
 .text.hw_uart_write_buffer
                0x08001ac4       0x1e ./sdk/peripherals/src/hw_uart.o
                0x08001ac4                hw_uart_write_buffer
 *fill*         0x08001ae2        0x2 
 .text.hw_uart_send
                0x08001ae4       0xa0 ./sdk/peripherals/src/hw_uart.o
                0x08001ae4                hw_uart_send
 .text.UART_Interrupt_Handler
                0x08001b84       0xe8 ./sdk/peripherals/src/hw_uart.o
                0x08001b84                UART_Interrupt_Handler
 .text.UART_Handler
                0x08001c6c       0x10 ./sdk/peripherals/src/hw_uart.o
                0x08001c6c                UART_Handler
 .text.UART2_Handler
                0x08001c7c       0x10 ./sdk/peripherals/src/hw_uart.o
                0x08001c7c                UART2_Handler
 .text.hw_uart_set_dma_channels_ex
                0x08001c8c      0x174 ./sdk/peripherals/src/hw_uart.o
                0x08001c8c                hw_uart_set_dma_channels_ex
 .text.hw_uart_init
                0x08001e00      0x150 ./sdk/peripherals/src/hw_uart.o
                0x08001e00                hw_uart_init
 .text.hw_charger_check_vbus
                0x08001f50       0x20 ./sdk/peripherals/src/hw_usb_charger.o
                0x08001f50                hw_charger_check_vbus
 .text.VBUS_Handler
                0x08001f70        0x2 ./sdk/peripherals/src/hw_usb_charger.o
                0x08001f70                VBUS_Handler
 *fill*         0x08001f72        0x2 
 .text.hw_wkup_handler
                0x08001f74       0x20 ./sdk/peripherals/src/hw_wkup.o
                0x08001f74                hw_wkup_handler
 .text.sys_tcs_sort_area
                0x08001f94       0x9c ./sdk/peripherals/src/sys_tcs.o
 .text.sys_tcs_init
                0x08002030       0x20 ./sdk/peripherals/src/sys_tcs.o
                0x08002030                sys_tcs_init
 .text.sys_tcs_store_pair
                0x08002050       0xf0 ./sdk/peripherals/src/sys_tcs.o
                0x08002050                sys_tcs_store_pair
 .text.sys_tcs_sort_array
                0x08002140       0xfc ./sdk/peripherals/src/sys_tcs.o
                0x08002140                sys_tcs_sort_array
 .text.sys_tcs_apply
                0x0800223c       0x38 ./sdk/peripherals/src/sys_tcs.o
                0x0800223c                sys_tcs_apply
 .text.resource_init
                0x08002274       0x40 ./sdk/osal/resmgmt.o
                0x08002274                resource_init
 .text.prvInsertBlockIntoFreeList
                0x080022b4       0x44 ./sdk/free_rtos/portable/MemMang/heap_4.o
 .text.pvPortMalloc
                0x080022f8       0xfc ./sdk/free_rtos/portable/MemMang/heap_4.o
                0x080022f8                pvPortMalloc
 .text.vPortFree
                0x080023f4       0x4c ./sdk/free_rtos/portable/MemMang/heap_4.o
                0x080023f4                vPortFree
 .text.vPortStartFirstTask
                0x08002440       0x20 ./sdk/free_rtos/portable/GCC/ARM_CM0/port.o
 .text.prvTaskExitError
                0x08002460       0x1c ./sdk/free_rtos/portable/GCC/ARM_CM0/port.o
 .text.pxPortInitialiseStack
                0x0800247c       0x20 ./sdk/free_rtos/portable/GCC/ARM_CM0/port.o
                0x0800247c                pxPortInitialiseStack
 .text.xPortStartScheduler
                0x0800249c       0xa4 ./sdk/free_rtos/portable/GCC/ARM_CM0/port.o
                0x0800249c                xPortStartScheduler
 .text.vPortYield
                0x08002540       0x18 ./sdk/free_rtos/portable/GCC/ARM_CM0/port.o
                0x08002540                vPortYield
 .text.vPortEnterCritical
                0x08002558       0x28 ./sdk/free_rtos/portable/GCC/ARM_CM0/port.o
                0x08002558                vPortEnterCritical
 .text.vPortExitCritical
                0x08002580       0x30 ./sdk/free_rtos/portable/GCC/ARM_CM0/port.o
                0x08002580                vPortExitCritical
 .text.ulSetInterruptMaskFromISR
                0x080025b0        0xa ./sdk/free_rtos/portable/GCC/ARM_CM0/port.o
                0x080025b0                ulSetInterruptMaskFromISR
 .text.vClearInterruptMaskFromISR
                0x080025ba        0x6 ./sdk/free_rtos/portable/GCC/ARM_CM0/port.o
                0x080025ba                vClearInterruptMaskFromISR
 .text.PendSV_Handler
                0x080025c0       0x44 ./sdk/free_rtos/portable/GCC/ARM_CM0/port.o
                0x080025c0                PendSV_Handler
 .text.xPortTickAdvance
                0x08002604       0x18 ./sdk/free_rtos/portable/GCC/ARM_CM0/port.o
                0x08002604                xPortTickAdvance
 .text.prvSystemSleep
                0x0800261c       0x58 ./sdk/free_rtos/portable/GCC/ARM_CM0/port.o
                0x0800261c                prvSystemSleep
 .text.xEventGroupCreate
                0x08002674       0x18 ./sdk/free_rtos/event_groups.o
                0x08002674                xEventGroupCreate
 .text.xEventGroupClearBits
                0x0800268c       0x32 ./sdk/free_rtos/event_groups.o
                0x0800268c                xEventGroupClearBits
 .text.vEventGroupClearBitsCallback
                0x080026be        0x8 ./sdk/free_rtos/event_groups.o
                0x080026be                vEventGroupClearBitsCallback
 *fill*         0x080026c6        0x2 
 .text.xEventGroupClearBitsFromISR
                0x080026c8       0x18 ./sdk/free_rtos/event_groups.o
                0x080026c8                xEventGroupClearBitsFromISR
 .text.xEventGroupGetBitsFromISR
                0x080026e0       0x12 ./sdk/free_rtos/event_groups.o
                0x080026e0                xEventGroupGetBitsFromISR
 .text.xEventGroupSetBits
                0x080026f2       0x74 ./sdk/free_rtos/event_groups.o
                0x080026f2                xEventGroupSetBits
 .text.vEventGroupSetBitsCallback
                0x08002766        0x8 ./sdk/free_rtos/event_groups.o
                0x08002766                vEventGroupSetBitsCallback
 *fill*         0x0800276e        0x2 
 .text.xEventGroupSetBitsFromISR
                0x08002770       0x18 ./sdk/free_rtos/event_groups.o
                0x08002770                xEventGroupSetBitsFromISR
 .text.vListInitialise
                0x08002788       0x16 ./sdk/free_rtos/list.o
                0x08002788                vListInitialise
 .text.vListInitialiseItem
                0x0800279e        0x6 ./sdk/free_rtos/list.o
                0x0800279e                vListInitialiseItem
 .text.vListInsertEnd
                0x080027a4       0x18 ./sdk/free_rtos/list.o
                0x080027a4                vListInsertEnd
 .text.vListInsert
                0x080027bc       0x30 ./sdk/free_rtos/list.o
                0x080027bc                vListInsert
 .text.uxListRemove
                0x080027ec       0x20 ./sdk/free_rtos/list.o
                0x080027ec                uxListRemove
 .text.prvCopyDataToQueue
                0x0800280c       0x72 ./sdk/free_rtos/queue.o
 .text.prvNotifyQueueSetContainer
                0x0800287e       0x5c ./sdk/free_rtos/queue.o
 .text.unlikely.prvCopyDataFromQueue
                0x080028da       0x24 ./sdk/free_rtos/queue.o
 .text.prvUnlockQueue
                0x080028fe       0x7e ./sdk/free_rtos/queue.o
 .text.xQueueGenericReset
                0x0800297c       0x6a ./sdk/free_rtos/queue.o
                0x0800297c                xQueueGenericReset
 .text.xQueueGenericCreate
                0x080029e6       0x5c ./sdk/free_rtos/queue.o
                0x080029e6                xQueueGenericCreate
 .text.xQueueGenericSend
                0x08002a42      0x13a ./sdk/free_rtos/queue.o
                0x08002a42                xQueueGenericSend
 .text.xQueueCreateMutex
                0x08002b7c       0x54 ./sdk/free_rtos/queue.o
                0x08002b7c                xQueueCreateMutex
 .text.xQueueGenericSendFromISR
                0x08002bd0       0xa2 ./sdk/free_rtos/queue.o
                0x08002bd0                xQueueGenericSendFromISR
 .text.xQueueGenericReceive
                0x08002c72      0x14c ./sdk/free_rtos/queue.o
                0x08002c72                xQueueGenericReceive
 *fill*         0x08002dbe        0x2 
 .text.vQueueAddToRegistry
                0x08002dc0       0x24 ./sdk/free_rtos/queue.o
                0x08002dc0                vQueueAddToRegistry
 .text.vQueueWaitForMessageRestricted
                0x08002de4       0x3e ./sdk/free_rtos/queue.o
                0x08002de4                vQueueWaitForMessageRestricted
 *fill*         0x08002e22        0x2 
 .text.prvTaskIsTaskSuspended
                0x08002e24       0x38 ./sdk/free_rtos/tasks.o
                0x08002e24                prvTaskIsTaskSuspended
 .text.xTaskResumeFromISR
                0x08002e5c       0x74 ./sdk/free_rtos/tasks.o
                0x08002e5c                xTaskResumeFromISR
 .text.vTaskSuspendAll
                0x08002ed0       0x10 ./sdk/free_rtos/tasks.o
                0x08002ed0                vTaskSuspendAll
 .text.prvGetExpectedIdleTime
                0x08002ee0       0x2c ./sdk/free_rtos/tasks.o
                0x08002ee0                prvGetExpectedIdleTime
 .text.xTaskGetTickCount
                0x08002f0c        0xc ./sdk/free_rtos/tasks.o
                0x08002f0c                xTaskGetTickCount
 .text.vTaskStepTick
                0x08002f18       0x28 ./sdk/free_rtos/tasks.o
                0x08002f18                vTaskStepTick
 .text.vTaskSwitchContext
                0x08002f40       0xac ./sdk/free_rtos/tasks.o
                0x08002f40                vTaskSwitchContext
 .text.xTaskRemoveFromUnorderedEventList
                0x08002fec       0x6c ./sdk/free_rtos/tasks.o
                0x08002fec                xTaskRemoveFromUnorderedEventList
 .text.vTaskSetTimeOutState
                0x08003058       0x20 ./sdk/free_rtos/tasks.o
                0x08003058                vTaskSetTimeOutState
 .text.xTaskCheckForTimeOut
                0x08003078       0x60 ./sdk/free_rtos/tasks.o
                0x08003078                xTaskCheckForTimeOut
 .text.vTaskMissedYield
                0x080030d8        0xc ./sdk/free_rtos/tasks.o
                0x080030d8                vTaskMissedYield
 .text.eTaskConfirmSleepModeStatus
                0x080030e4       0x2c ./sdk/free_rtos/tasks.o
                0x080030e4                eTaskConfirmSleepModeStatus
 .text.prvInitialiseTCBVariables
                0x08003110       0x50 ./sdk/free_rtos/tasks.o
                0x08003110                prvInitialiseTCBVariables
 .text.prvInitialiseTaskLists
                0x08003160       0x58 ./sdk/free_rtos/tasks.o
                0x08003160                prvInitialiseTaskLists
 .text.prvAddCurrentTaskToDelayedList
                0x080031b8       0x40 ./sdk/free_rtos/tasks.o
                0x080031b8                prvAddCurrentTaskToDelayedList
 .text.vTaskPlaceOnEventList
                0x080031f8       0x48 ./sdk/free_rtos/tasks.o
                0x080031f8                vTaskPlaceOnEventList
 .text.vTaskPlaceOnEventListRestricted
                0x08003240       0x4c ./sdk/free_rtos/tasks.o
                0x08003240                vTaskPlaceOnEventListRestricted
 .text.prvAllocateTCBAndStack
                0x0800328c       0x36 ./sdk/free_rtos/tasks.o
                0x0800328c                prvAllocateTCBAndStack
 *fill*         0x080032c2        0x2 
 .text.xTaskGenericCreate
                0x080032c4       0xf0 ./sdk/free_rtos/tasks.o
                0x080032c4                xTaskGenericCreate
 .text.vTaskStartScheduler
                0x080033b4       0x54 ./sdk/free_rtos/tasks.o
                0x080033b4                vTaskStartScheduler
 .text.prvDeleteTCB
                0x08003408       0x12 ./sdk/free_rtos/tasks.o
                0x08003408                prvDeleteTCB
 *fill*         0x0800341a        0x2 
 .text.prvResetNextTaskUnblockTime
                0x0800341c       0x28 ./sdk/free_rtos/tasks.o
                0x0800341c                prvResetNextTaskUnblockTime
 .text.vTaskDelete
                0x08003444       0x80 ./sdk/free_rtos/tasks.o
                0x08003444                vTaskDelete
 .text.vTaskSuspend
                0x080034c4       0x84 ./sdk/free_rtos/tasks.o
                0x080034c4                vTaskSuspend
 .text.xTaskIncrementTick
                0x08003548       0xf0 ./sdk/free_rtos/tasks.o
                0x08003548                xTaskIncrementTick
 .text.xTaskResumeAll
                0x08003638       0xbc ./sdk/free_rtos/tasks.o
                0x08003638                xTaskResumeAll
 .text.vTaskDelayUntil
                0x080036f4       0x7c ./sdk/free_rtos/tasks.o
                0x080036f4                vTaskDelayUntil
 .text.prvCheckTasksWaitingTermination
                0x08003770       0x50 ./sdk/free_rtos/tasks.o
                0x08003770                prvCheckTasksWaitingTermination
 .text.prvIdleTask
                0x080037c0       0x50 ./sdk/free_rtos/tasks.o
                0x080037c0                prvIdleTask
 .text.xTaskRemoveFromEventList
                0x08003810       0x70 ./sdk/free_rtos/tasks.o
                0x08003810                xTaskRemoveFromEventList
 .text.xTaskGetCurrentTaskHandle
                0x08003880        0xc ./sdk/free_rtos/tasks.o
                0x08003880                xTaskGetCurrentTaskHandle
 .text.xTaskGetSchedulerState
                0x0800388c       0x18 ./sdk/free_rtos/tasks.o
                0x0800388c                xTaskGetSchedulerState
 .text.vTaskPriorityInherit
                0x080038a4       0x6c ./sdk/free_rtos/tasks.o
                0x080038a4                vTaskPriorityInherit
 .text.xTaskPriorityDisinherit
                0x08003910       0x64 ./sdk/free_rtos/tasks.o
                0x08003910                xTaskPriorityDisinherit
 .text.pvTaskIncrementMutexHeldCount
                0x08003974       0x18 ./sdk/free_rtos/tasks.o
                0x08003974                pvTaskIncrementMutexHeldCount
 .text.prvCheckForValidListAndQueue
                0x0800398c       0x50 ./sdk/free_rtos/timers.o
 .text.prvInsertTimerInActiveList
                0x080039dc       0x3c ./sdk/free_rtos/timers.o
 .text.xTimerCreateTimerTask
                0x08003a18       0x44 ./sdk/free_rtos/timers.o
                0x08003a18                xTimerCreateTimerTask
 .text.xTimerCreate
                0x08003a5c       0x3e ./sdk/free_rtos/timers.o
                0x08003a5c                xTimerCreate
 *fill*         0x08003a9a        0x2 
 .text.xTimerGenericCommand
                0x08003a9c       0x4c ./sdk/free_rtos/timers.o
                0x08003a9c                xTimerGenericCommand
 .text.prvSwitchTimerLists
                0x08003ae8       0x64 ./sdk/free_rtos/timers.o
 .text.prvTimerTask
                0x08003b4c      0x188 ./sdk/free_rtos/timers.o
 .text.xTimerPendFunctionCallFromISR
                0x08003cd4       0x24 ./sdk/free_rtos/timers.o
                0x08003cd4                xTimerPendFunctionCallFromISR
 .text.prvTemplateTask
                0x08003cf8       0x3c ./main.o
 .text.system_init
                0x08003d34       0x70 ./main.o
 .text.periph_init
                0x08003da4       0x1e ./main.o
 *fill*         0x08003dc2        0x2 
 .text.startup.main
                0x08003dc4       0x3c ./main.o
                0x08003dc4                main
 .text.vApplicationMallocFailedHook
                0x08003e00        0x4 ./main.o
                0x08003e00                vApplicationMallocFailedHook
 .text.vApplicationStackOverflowHook
                0x08003e04        0x4 ./main.o
                0x08003e04                vApplicationStackOverflowHook
 .text          0x08003e08       0x14 c:/diasemi/smartsnippetsstudio/gcc/4_9-2015q1/bin/../lib/gcc/arm-none-eabi/4.9.3/armv6-m\libgcc.a(_thumb1_case_sqi.o)
                0x08003e08                __gnu_thumb1_case_sqi
 .text          0x08003e1c       0x14 c:/diasemi/smartsnippetsstudio/gcc/4_9-2015q1/bin/../lib/gcc/arm-none-eabi/4.9.3/armv6-m\libgcc.a(_thumb1_case_uqi.o)
                0x08003e1c                __gnu_thumb1_case_uqi
 .text.exit     0x08003e30       0x2c c:/diasemi/smartsnippetsstudio/gcc/4_9-2015q1/bin/../lib/gcc/arm-none-eabi/4.9.3/../../../../arm-none-eabi/lib/armv6-m\libg_nano.a(lib_a-exit.o)
                0x08003e30                exit
 .text.__sflush_r
                0x08003e5c      0x112 c:/diasemi/smartsnippetsstudio/gcc/4_9-2015q1/bin/../lib/gcc/arm-none-eabi/4.9.3/../../../../arm-none-eabi/lib/armv6-m\libg_nano.a(lib_a-fflush.o)
                0x08003e5c                __sflush_r
 *fill*         0x08003f6e        0x2 
 .text._fflush_r
                0x08003f70       0x58 c:/diasemi/smartsnippetsstudio/gcc/4_9-2015q1/bin/../lib/gcc/arm-none-eabi/4.9.3/../../../../arm-none-eabi/lib/armv6-m\libg_nano.a(lib_a-fflush.o)
                0x08003f70                _fflush_r
 .text.fflush   0x08003fc8       0x28 c:/diasemi/smartsnippetsstudio/gcc/4_9-2015q1/bin/../lib/gcc/arm-none-eabi/4.9.3/../../../../arm-none-eabi/lib/armv6-m\libg_nano.a(lib_a-fflush.o)
                0x08003fc8                fflush
 .text._cleanup_r
                0x08003ff0       0x10 c:/diasemi/smartsnippetsstudio/gcc/4_9-2015q1/bin/../lib/gcc/arm-none-eabi/4.9.3/../../../../arm-none-eabi/lib/armv6-m\libg_nano.a(lib_a-findfp.o)
                0x08003ff0                _cleanup_r
 .text.std.isra.0
                0x08004000       0x48 c:/diasemi/smartsnippetsstudio/gcc/4_9-2015q1/bin/../lib/gcc/arm-none-eabi/4.9.3/../../../../arm-none-eabi/lib/armv6-m\libg_nano.a(lib_a-findfp.o)
 .text.__sfmoreglue
                0x08004048       0x2c c:/diasemi/smartsnippetsstudio/gcc/4_9-2015q1/bin/../lib/gcc/arm-none-eabi/4.9.3/../../../../arm-none-eabi/lib/armv6-m\libg_nano.a(lib_a-findfp.o)
                0x08004048                __sfmoreglue
 .text.__sinit  0x08004074       0x64 c:/diasemi/smartsnippetsstudio/gcc/4_9-2015q1/bin/../lib/gcc/arm-none-eabi/4.9.3/../../../../arm-none-eabi/lib/armv6-m\libg_nano.a(lib_a-findfp.o)
                0x08004074                __sinit
 .text.__sfp    0x080040d8       0x7c c:/diasemi/smartsnippetsstudio/gcc/4_9-2015q1/bin/../lib/gcc/arm-none-eabi/4.9.3/../../../../arm-none-eabi/lib/armv6-m\libg_nano.a(lib_a-findfp.o)
                0x080040d8                __sfp
 .text._fwalk_reent
                0x08004154       0x42 c:/diasemi/smartsnippetsstudio/gcc/4_9-2015q1/bin/../lib/gcc/arm-none-eabi/4.9.3/../../../../arm-none-eabi/lib/armv6-m\libg_nano.a(lib_a-fwalk.o)
                0x08004154                _fwalk_reent
 *fill*         0x08004196        0x2 
 .text.__libc_init_array
                0x08004198       0x4c c:/diasemi/smartsnippetsstudio/gcc/4_9-2015q1/bin/../lib/gcc/arm-none-eabi/4.9.3/../../../../arm-none-eabi/lib/armv6-m\libg_nano.a(lib_a-init.o)
                0x08004198                __libc_init_array
 .text.malloc   0x080041e4       0x14 c:/diasemi/smartsnippetsstudio/gcc/4_9-2015q1/bin/../lib/gcc/arm-none-eabi/4.9.3/../../../../arm-none-eabi/lib/armv6-m\libg_nano.a(lib_a-malloc.o)
                0x080041e4                malloc
 .text.free     0x080041f8       0x14 c:/diasemi/smartsnippetsstudio/gcc/4_9-2015q1/bin/../lib/gcc/arm-none-eabi/4.9.3/../../../../arm-none-eabi/lib/armv6-m\libg_nano.a(lib_a-malloc.o)
                0x080041f8                free
 .text.memcpy   0x0800420c       0x12 c:/diasemi/smartsnippetsstudio/gcc/4_9-2015q1/bin/../lib/gcc/arm-none-eabi/4.9.3/../../../../arm-none-eabi/lib/armv6-m\libg_nano.a(lib_a-memcpy.o)
                0x0800420c                memcpy
 .text.memset   0x0800421e       0x10 c:/diasemi/smartsnippetsstudio/gcc/4_9-2015q1/bin/../lib/gcc/arm-none-eabi/4.9.3/../../../../arm-none-eabi/lib/armv6-m\libg_nano.a(lib_a-memset.o)
                0x0800421e                memset
 *fill*         0x0800422e        0x2 
 .text._free_r  0x08004230       0x8c c:/diasemi/smartsnippetsstudio/gcc/4_9-2015q1/bin/../lib/gcc/arm-none-eabi/4.9.3/../../../../arm-none-eabi/lib/armv6-m\libg_nano.a(lib_a-nano-freer.o)
                0x08004230                _free_r
 .text._malloc_r
                0x080042bc       0xb0 c:/diasemi/smartsnippetsstudio/gcc/4_9-2015q1/bin/../lib/gcc/arm-none-eabi/4.9.3/../../../../arm-none-eabi/lib/armv6-m\libg_nano.a(lib_a-nano-mallocr.o)
                0x080042bc                _malloc_r
 .text.putchar  0x0800436c       0x28 c:/diasemi/smartsnippetsstudio/gcc/4_9-2015q1/bin/../lib/gcc/arm-none-eabi/4.9.3/../../../../arm-none-eabi/lib/armv6-m\libg_nano.a(lib_a-putchar.o)
                0x0800436c                putchar
 .text._sbrk_r  0x08004394       0x24 c:/diasemi/smartsnippetsstudio/gcc/4_9-2015q1/bin/../lib/gcc/arm-none-eabi/4.9.3/../../../../arm-none-eabi/lib/armv6-m\libg_nano.a(lib_a-sbrkr.o)
                0x08004394                _sbrk_r
 .text.__sread  0x080043b8       0x28 c:/diasemi/smartsnippetsstudio/gcc/4_9-2015q1/bin/../lib/gcc/arm-none-eabi/4.9.3/../../../../arm-none-eabi/lib/armv6-m\libg_nano.a(lib_a-stdio.o)
                0x080043b8                __sread
 .text.__swrite
                0x080043e0       0x38 c:/diasemi/smartsnippetsstudio/gcc/4_9-2015q1/bin/../lib/gcc/arm-none-eabi/4.9.3/../../../../arm-none-eabi/lib/armv6-m\libg_nano.a(lib_a-stdio.o)
                0x080043e0                __swrite
 .text.__sseek  0x08004418       0x2c c:/diasemi/smartsnippetsstudio/gcc/4_9-2015q1/bin/../lib/gcc/arm-none-eabi/4.9.3/../../../../arm-none-eabi/lib/armv6-m\libg_nano.a(lib_a-stdio.o)
                0x08004418                __sseek
 .text.__sclose
                0x08004444        0xc c:/diasemi/smartsnippetsstudio/gcc/4_9-2015q1/bin/../lib/gcc/arm-none-eabi/4.9.3/../../../../arm-none-eabi/lib/armv6-m\libg_nano.a(lib_a-stdio.o)
                0x08004444                __sclose
 .text._write_r
                0x08004450       0x28 c:/diasemi/smartsnippetsstudio/gcc/4_9-2015q1/bin/../lib/gcc/arm-none-eabi/4.9.3/../../../../arm-none-eabi/lib/armv6-m\libg_nano.a(lib_a-writer.o)
                0x08004450                _write_r
 .text._close_r
                0x08004478       0x24 c:/diasemi/smartsnippetsstudio/gcc/4_9-2015q1/bin/../lib/gcc/arm-none-eabi/4.9.3/../../../../arm-none-eabi/lib/armv6-m\libg_nano.a(lib_a-closer.o)
                0x08004478                _close_r
 .text._lseek_r
                0x0800449c       0x28 c:/diasemi/smartsnippetsstudio/gcc/4_9-2015q1/bin/../lib/gcc/arm-none-eabi/4.9.3/../../../../arm-none-eabi/lib/armv6-m\libg_nano.a(lib_a-lseekr.o)
                0x0800449c                _lseek_r
 .text._putc_r  0x080044c4       0x78 c:/diasemi/smartsnippetsstudio/gcc/4_9-2015q1/bin/../lib/gcc/arm-none-eabi/4.9.3/../../../../arm-none-eabi/lib/armv6-m\libg_nano.a(lib_a-putc.o)
                0x080044c4                _putc_r
 .text._read_r  0x0800453c       0x28 c:/diasemi/smartsnippetsstudio/gcc/4_9-2015q1/bin/../lib/gcc/arm-none-eabi/4.9.3/../../../../arm-none-eabi/lib/armv6-m\libg_nano.a(lib_a-readr.o)
                0x0800453c                _read_r
 .text.__swbuf_r
                0x08004564       0xb0 c:/diasemi/smartsnippetsstudio/gcc/4_9-2015q1/bin/../lib/gcc/arm-none-eabi/4.9.3/../../../../arm-none-eabi/lib/armv6-m\libg_nano.a(lib_a-wbuf.o)
                0x08004564                __swbuf_r
 .text.__swsetup_r
                0x08004614       0xe8 c:/diasemi/smartsnippetsstudio/gcc/4_9-2015q1/bin/../lib/gcc/arm-none-eabi/4.9.3/../../../../arm-none-eabi/lib/armv6-m\libg_nano.a(lib_a-wsetup.o)
                0x08004614                __swsetup_r
 .text.__smakebuf_r
                0x080046fc       0xb0 c:/diasemi/smartsnippetsstudio/gcc/4_9-2015q1/bin/../lib/gcc/arm-none-eabi/4.9.3/../../../../arm-none-eabi/lib/armv6-m\libg_nano.a(lib_a-makebuf.o)
                0x080046fc                __smakebuf_r
 .text._fstat_r
                0x080047ac       0x24 c:/diasemi/smartsnippetsstudio/gcc/4_9-2015q1/bin/../lib/gcc/arm-none-eabi/4.9.3/../../../../arm-none-eabi/lib/armv6-m\libg_nano.a(lib_a-fstatr.o)
                0x080047ac                _fstat_r
 .text._isatty_r
                0x080047d0       0x24 c:/diasemi/smartsnippetsstudio/gcc/4_9-2015q1/bin/../lib/gcc/arm-none-eabi/4.9.3/../../../../arm-none-eabi/lib/armv6-m\libg_nano.a(lib_a-isattyr.o)
                0x080047d0                _isatty_r
 .text._close   0x080047f4       0x10 c:/diasemi/smartsnippetsstudio/gcc/4_9-2015q1/bin/../lib/gcc/arm-none-eabi/4.9.3/../../../../arm-none-eabi/lib/armv6-m\libnosys.a(close.o)
                0x080047f4                _close
 .text._fstat   0x08004804       0x10 c:/diasemi/smartsnippetsstudio/gcc/4_9-2015q1/bin/../lib/gcc/arm-none-eabi/4.9.3/../../../../arm-none-eabi/lib/armv6-m\libnosys.a(fstat.o)
                0x08004804                _fstat
 .text._isatty  0x08004814       0x10 c:/diasemi/smartsnippetsstudio/gcc/4_9-2015q1/bin/../lib/gcc/arm-none-eabi/4.9.3/../../../../arm-none-eabi/lib/armv6-m\libnosys.a(isatty.o)
                0x08004814                _isatty
 .text._lseek   0x08004824       0x10 c:/diasemi/smartsnippetsstudio/gcc/4_9-2015q1/bin/../lib/gcc/arm-none-eabi/4.9.3/../../../../arm-none-eabi/lib/armv6-m\libnosys.a(lseek.o)
                0x08004824                _lseek
 .text._sbrk    0x08004834       0x1c c:/diasemi/smartsnippetsstudio/gcc/4_9-2015q1/bin/../lib/gcc/arm-none-eabi/4.9.3/../../../../arm-none-eabi/lib/armv6-m\libnosys.a(sbrk.o)
                0x08004834                _sbrk
 .text._exit    0x08004850        0x4 c:/diasemi/smartsnippetsstudio/gcc/4_9-2015q1/bin/../lib/gcc/arm-none-eabi/4.9.3/../../../../arm-none-eabi/lib/armv6-m\libnosys.a(_exit.o)
                0x08004850                _exit
 *(.init)
 .init          0x08004854        0x4 c:/diasemi/smartsnippetsstudio/gcc/4_9-2015q1/bin/../lib/gcc/arm-none-eabi/4.9.3/armv6-m/crti.o
                0x08004854                _init
 .init          0x08004858        0x8 c:/diasemi/smartsnippetsstudio/gcc/4_9-2015q1/bin/../lib/gcc/arm-none-eabi/4.9.3/armv6-m/crtn.o
 *(.fini)
 .fini          0x08004860        0x4 c:/diasemi/smartsnippetsstudio/gcc/4_9-2015q1/bin/../lib/gcc/arm-none-eabi/4.9.3/armv6-m/crti.o
                0x08004860                _fini
 .fini          0x08004864        0x8 c:/diasemi/smartsnippetsstudio/gcc/4_9-2015q1/bin/../lib/gcc/arm-none-eabi/4.9.3/armv6-m/crtn.o
 *crtbegin.o(.ctors)
 *crtbegin?.o(.ctors)
 *(EXCLUDE_FILE(*crtend.o *crtend?.o) .ctors)
 *(SORT(.ctors.*))
 *(.ctors)
 *crtbegin.o(.dtors)
 *crtbegin?.o(.dtors)
 *(EXCLUDE_FILE(*crtend.o *crtend?.o) .dtors)
 *(SORT(.dtors.*))
 *(.dtors)
                0x0800486c                . = ALIGN (0x4)
                0x0800486c                PROVIDE (__preinit_array_start, .)
 *(.preinit_array)
                0x0800486c                PROVIDE (__preinit_array_end, .)
                0x0800486c                . = ALIGN (0x4)
                0x0800486c                PROVIDE (__init_array_start, .)
 *(SORT(.init_array.*))
 *(.init_array)
 .init_array    0x0800486c        0x4 c:/diasemi/smartsnippetsstudio/gcc/4_9-2015q1/bin/../lib/gcc/arm-none-eabi/4.9.3/armv6-m/crtbegin.o
                0x08004870                PROVIDE (__init_array_end, .)
                0x08004870                . = ALIGN (0x4)
                0x08004870                PROVIDE (__fini_array_start, .)
 *(SORT(.fini_array.*))
 *(.fini_array)
 .fini_array    0x08004870        0x4 c:/diasemi/smartsnippetsstudio/gcc/4_9-2015q1/bin/../lib/gcc/arm-none-eabi/4.9.3/armv6-m/crtbegin.o
                0x08004874                PROVIDE (__fini_array_end, .)
 *(.rodata*)
 .rodata.__dialog_interrupt_priorities
                0x08004874       0x27 ./startup/config.o
                0x08004874                __dialog_interrupt_priorities
 *fill*         0x0800489b        0x1 
 .rodata.remap.8011
                0x0800489c       0x20 ./startup/system_ARMCM0.o
 .rodata.str1.1
                0x080048bc        0x6 ./sdk/sys_man/sys_clock_mgr.o
 *fill*         0x080048c2        0x2 
 .rodata.tim1   0x080048c4       0x2c ./sdk/peripherals/src/hw_otpc.o
                0x080048c4                tim1
 .rodata.tim2   0x080048f0        0xb ./sdk/peripherals/src/hw_otpc.o
 *fill*         0x080048fb        0x1 
 .rodata.uncalibrated_tcs_data
                0x080048fc       0x28 ./sdk/peripherals/src/sys_tcs.o
 .rodata        0x08004924       0x14 ./sdk/free_rtos/tasks.o
 .rodata.str1.1
                0x08004938        0x5 ./sdk/free_rtos/tasks.o
 .rodata.str1.1
                0x0800493d        0xd ./sdk/free_rtos/timers.o
 .rodata.str1.1
                0x0800494a       0x11 ./main.o
 *fill*         0x0800495b        0x1 
 .rodata.__sf_fake_stdin
                0x0800495c       0x20 c:/diasemi/smartsnippetsstudio/gcc/4_9-2015q1/bin/../lib/gcc/arm-none-eabi/4.9.3/../../../../arm-none-eabi/lib/armv6-m\libg_nano.a(lib_a-findfp.o)
                0x0800495c                __sf_fake_stdin
 .rodata.__sf_fake_stdout
                0x0800497c       0x20 c:/diasemi/smartsnippetsstudio/gcc/4_9-2015q1/bin/../lib/gcc/arm-none-eabi/4.9.3/../../../../arm-none-eabi/lib/armv6-m\libg_nano.a(lib_a-findfp.o)
                0x0800497c                __sf_fake_stdout
 .rodata.__sf_fake_stderr
                0x0800499c       0x20 c:/diasemi/smartsnippetsstudio/gcc/4_9-2015q1/bin/../lib/gcc/arm-none-eabi/4.9.3/../../../../arm-none-eabi/lib/armv6-m\libg_nano.a(lib_a-findfp.o)
                0x0800499c                __sf_fake_stderr
 .rodata.str1.1
                0x080049bc        0x2 c:/diasemi/smartsnippetsstudio/gcc/4_9-2015q1/bin/../lib/gcc/arm-none-eabi/4.9.3/../../../../arm-none-eabi/lib/armv6-m\libg_nano.a(lib_a-impure.o)
 *fill*         0x080049be        0x2 
 .rodata._global_impure_ptr
                0x080049c0        0x4 c:/diasemi/smartsnippetsstudio/gcc/4_9-2015q1/bin/../lib/gcc/arm-none-eabi/4.9.3/../../../../arm-none-eabi/lib/armv6-m\libg_nano.a(lib_a-impure.o)
                0x080049c0                _global_impure_ptr
 *(.eh_frame*)
 .eh_frame      0x080049c4        0x0 c:/diasemi/smartsnippetsstudio/gcc/4_9-2015q1/bin/../lib/gcc/arm-none-eabi/4.9.3/armv6-m/crtbegin.o
 .eh_frame      0x080049c4        0x4 c:/diasemi/smartsnippetsstudio/gcc/4_9-2015q1/bin/../lib/gcc/arm-none-eabi/4.9.3/armv6-m/crtend.o

.glue_7         0x080049c8        0x0
 .glue_7        0x00000000        0x0 linker stubs

.glue_7t        0x080049c8        0x0
 .glue_7t       0x00000000        0x0 linker stubs

.vfp11_veneer   0x080049c8        0x0
 .vfp11_veneer  0x00000000        0x0 linker stubs

.v4_bx          0x080049c8        0x0
 .v4_bx         0x00000000        0x0 linker stubs

.iplt           0x080049c8        0x0
 .iplt          0x00000000        0x0 c:/diasemi/smartsnippetsstudio/gcc/4_9-2015q1/bin/../lib/gcc/arm-none-eabi/4.9.3/armv6-m/crtbegin.o

.ARM.extab
 *(.ARM.extab* .gnu.linkonce.armextab.*)
                0x080049c8                __exidx_start = .

.ARM.exidx      0x080049c8        0x8
 *(.ARM.exidx* .gnu.linkonce.armexidx.*)
 .ARM.exidx     0x080049c8        0x8 c:/diasemi/smartsnippetsstudio/gcc/4_9-2015q1/bin/../lib/gcc/arm-none-eabi/4.9.3/../../../../arm-none-eabi/lib/armv6-m/crt0.o
                0x080049d0                __exidx_end = .

.rel.dyn        0x080049d0        0x0
 .rel.iplt      0x00000000        0x0 c:/diasemi/smartsnippetsstudio/gcc/4_9-2015q1/bin/../lib/gcc/arm-none-eabi/4.9.3/armv6-m/crtbegin.o

.copy.table     0x080049d0       0x18
                0x080049d0                . = ALIGN (0x4)
                0x080049d0                __copy_table_start__ = .
                0x080049d0        0x4 LONG 0x8004a68 (__etext + (__data_end__ - __data_start__))
                0x080049d4        0x4 LONG 0x7fc7800 __RetRAM0_code_start__
                0x080049d8        0x4 LONG 0x1588 (__RetRAM0_code_end__ - __RetRAM0_code_start__)
                0x080049dc        0x4 LONG 0x8004a00 __etext
                0x080049e0        0x4 LONG 0x7fc0100 __data_start__
                0x080049e4        0x4 LONG 0x68 (__data_end__ - __data_start__)
                0x080049e8                __copy_table_end__ = .

.zero.table     0x080049e8       0x18
                0x080049e8                . = ALIGN (0x4)
                0x080049e8                __zero_table_start__ = .
                0x080049e8        0x4 LONG 0x7fc0168 __bss_start__
                0x080049ec        0x4 LONG 0x130 (__bss_end__ - __bss_start__)
                0x080049f0        0x4 LONG 0x7fc8e54 __RetRAM0_data_start
                0x080049f4        0x4 LONG 0x49ac __RetRAM0_size
                0x080049f8        0x4 LONG 0x0 __RetRAM1_start__
                0x080049fc        0x4 LONG 0x0 (__RetRAM1_end__ - __RetRAM1_start__)
                0x08004a00                __zero_table_end__ = .
                0x08004a00                __etext = .

.data           0x07fc0100       0x68 load address 0x08004a00
                0x07fc0100                __data_start__ = .
 *(vtable)
 *(.data*)
 .data.impure_data
                0x07fc0100       0x60 c:/diasemi/smartsnippetsstudio/gcc/4_9-2015q1/bin/../lib/gcc/arm-none-eabi/4.9.3/../../../../arm-none-eabi/lib/armv6-m\libg_nano.a(lib_a-impure.o)
 .data._impure_ptr
                0x07fc0160        0x4 c:/diasemi/smartsnippetsstudio/gcc/4_9-2015q1/bin/../lib/gcc/arm-none-eabi/4.9.3/../../../../arm-none-eabi/lib/armv6-m\libg_nano.a(lib_a-impure.o)
                0x07fc0160                _impure_ptr
                0x07fc0164                . = ALIGN (0x4)
 *(.jcr*)
 .jcr           0x07fc0164        0x0 c:/diasemi/smartsnippetsstudio/gcc/4_9-2015q1/bin/../lib/gcc/arm-none-eabi/4.9.3/armv6-m/crtbegin.o
 .jcr           0x07fc0164        0x4 c:/diasemi/smartsnippetsstudio/gcc/4_9-2015q1/bin/../lib/gcc/arm-none-eabi/4.9.3/armv6-m/crtend.o
                0x07fc0168                . = ALIGN (0x4)
                0x07fc0168                __data_end__ = .

.igot.plt       0x07fc0168        0x0 load address 0x08004a68
 .igot.plt      0x00000000        0x0 c:/diasemi/smartsnippetsstudio/gcc/4_9-2015q1/bin/../lib/gcc/arm-none-eabi/4.9.3/armv6-m/crtbegin.o

.bss            0x07fc0168      0x130 load address 0x08004a68
                0x07fc0168                . = ALIGN (0x4)
                0x07fc0168                __bss_start__ = .
 *(.bss*)
 .bss           0x07fc0168       0x1c c:/diasemi/smartsnippetsstudio/gcc/4_9-2015q1/bin/../lib/gcc/arm-none-eabi/4.9.3/armv6-m/crtbegin.o
 .bss.cm_ahb_clk_next
                0x07fc0184        0x1 ./sdk/sys_man/sys_clock_mgr.o
 .bss.cm_rcx_calibration_is_on
                0x07fc0185        0x1 ./sdk/sys_man/sys_clock_mgr.o
                0x07fc0185                cm_rcx_calibration_is_on
 .bss.cm_xtal16m_settled
                0x07fc0186        0x1 ./sdk/sys_man/sys_clock_mgr.o
 .bss.cm_sys_clk_next
                0x07fc0187        0x1 ./sdk/sys_man/sys_clock_mgr.o
 .bss.sleep_is_blocked
                0x07fc0188        0x1 ./sdk/sys_man/sys_power_mgr.o
 *fill*         0x07fc0189        0x3 
 .bss.sleep_blocked_until
                0x07fc018c        0x4 ./sdk/sys_man/sys_power_mgr.o
 .bss.dma_callbacks_user_data
                0x07fc0190       0x40 ./sdk/peripherals/src/hw_dma.o
 .bss.intr_cb   0x07fc01d0        0x4 ./sdk/peripherals/src/hw_gpadc.o
 .bss.free_list
                0x07fc01d4        0x4 ./sdk/osal/resmgmt.o
 .bss.requests  0x07fc01d8       0xa0 ./sdk/osal/resmgmt.o
 .bss.waiting_list
                0x07fc0278        0x4 ./sdk/osal/resmgmt.o
 .bss.test_counter.8306
                0x07fc027c        0x4 ./main.o
 .bss.xHandle   0x07fc0280        0x4 ./main.o
 .bss.__malloc_sbrk_start
                0x07fc0284        0x4 c:/diasemi/smartsnippetsstudio/gcc/4_9-2015q1/bin/../lib/gcc/arm-none-eabi/4.9.3/../../../../arm-none-eabi/lib/armv6-m\libg_nano.a(lib_a-nano-mallocr.o)
                0x07fc0284                __malloc_sbrk_start
 .bss.__malloc_free_list
                0x07fc0288        0x4 c:/diasemi/smartsnippetsstudio/gcc/4_9-2015q1/bin/../lib/gcc/arm-none-eabi/4.9.3/../../../../arm-none-eabi/lib/armv6-m\libg_nano.a(lib_a-nano-mallocr.o)
                0x07fc0288                __malloc_free_list
 .bss.heap_end.4079
                0x07fc028c        0x4 c:/diasemi/smartsnippetsstudio/gcc/4_9-2015q1/bin/../lib/gcc/arm-none-eabi/4.9.3/../../../../arm-none-eabi/lib/armv6-m\libnosys.a(sbrk.o)
 *(COMMON)
 COMMON         0x07fc0290        0x4 ./sdk/sys_man/sys_power_mgr.o
                0x07fc0290                ulTimeSpentSleepingInTicks
 COMMON         0x07fc0294        0x4 c:/diasemi/smartsnippetsstudio/gcc/4_9-2015q1/bin/../lib/gcc/arm-none-eabi/4.9.3/../../../../arm-none-eabi/lib/armv6-m\libg_nano.a(lib_a-reent.o)
                0x07fc0294                errno
                0x07fc0298                . = ALIGN (0x4)
                0x07fc0298                __bss_end__ = .

.heap           0x07fc0298      0x600
                0x07fc0298                __end__ = .
                0x07fc0298                PROVIDE (end, .)
 *(.heap*)
 .heap          0x07fc0298      0x600 ./startup/vector_table.o
                0x07fc0298                __HeapBase
                0x07fc0898                __HeapLimit = .

.stack_dummy    0x07fc0298      0x100
 *(.stack*)
 .stack         0x07fc0298      0x100 ./startup/vector_table.o
                0x07fc7800                __StackTop = (ORIGIN (RAM) + 0x7700)
                0x07fc7700                __StackLimit = (__StackTop - SIZEOF (.stack_dummy))
                0x07fc7800                PROVIDE (__stack, __StackTop)
                0x00000001                ASSERT ((__StackLimit >= __HeapLimit), region RAM overflowed with stack)

RETENTION_ROM0  0x07fc7800     0x1588 load address 0x08004a68
                0x07fc7800                . = ALIGN (0x4)
                0x07fc7800                __RetRAM0_code_start__ = .
 *(text_retained)
 text_retained  0x07fc7800       0x7c ./startup/startup_ARMCM0.o
                0x07fc7800                NMI_Handler
                0x07fc7816                HardFault_Handler
 text_retained  0x07fc787c       0x4c ./startup/system_ARMCM0.o
 text_retained  0x07fc78c8      0x26c ./sdk/sys_man/sys_clock_mgr.o
                0x07fc79a4                cm_calibrate_rcx_start
                0x07fc79bc                cm_rcx_us_2_lpcycles
                0x07fc79ec                cm_lp_clk_is_avail_fromISR
                0x07fc7a18                cm_restore_all_clocks
                0x07fc7a90                cm_poll_xtal16m_ready
                0x07fc7a9c                cm_halt_until_xtal16m_ready
 text_retained  0x07fc7b34      0x99c ./sdk/sys_man/sys_power_mgr.o
                0x07fc800c                pm_advance_time
                0x07fc8020                SWTIM1_Handler
                0x07fc8074                pm_system_wake_up
                0x07fc81f4                pm_execute_active_wfi
                0x07fc8280                pm_sleep_enter
                0x07fc8490                pm_process_completed_qspi_operations
 text_retained  0x07fc84d0       0x34 ./sdk/sys_man/sys_rtc.o
                0x07fc84d0                rtc_get_fromCPM
 text_retained  0x07fc8504      0x148 ./sdk/peripherals/src/hw_cpm.o
                0x07fc8504                hw_cpm_start_calibration
                0x07fc8540                hw_cpm_reset_system
                0x07fc8558                hw_cpm_reboot_system
                0x07fc8574                hw_cpm_assert_trigger_gpio
                0x07fc8576                hw_cpm_activate_bod_protection
                0x07fc85a0                hw_cpm_delay_usec
 text_retained  0x07fc864c       0xd4 ./sdk/peripherals/src/hw_hard_fault.o
                0x07fc864c                HardFault_HandlerC
 text_retained  0x07fc8720       0xfc ./sdk/peripherals/src/hw_otpc.o
                0x07fc8720                hw_otpc_convert_sys_clk_mhz
                0x07fc87b8                hw_otpc_set_speed
 text_retained  0x07fc881c      0x13c ./sdk/peripherals/src/hw_watchdog.o
                0x07fc881c                hw_watchdog_freeze
                0x07fc8834                hw_watchdog_unfreeze
                0x07fc8840                hw_watchdog_unregister_int
                0x07fc884c                hw_watchdog_handle_int
                0x07fc8940                NMI_HandlerC
 text_retained  0x07fc8958      0x420 ./sdk/memory/src/qspi_automode.o
                0x07fc8b18                flash_activate_command_entry_mode
                0x07fc8b4c                flash_deactivate_command_entry_mode
                0x07fc8bf8                flash_erase_sector_manual_mode
                0x07fc8c1c                flash_program_page_manual_mode
                0x07fc8c24                qspi_check_program_erase_in_progress
                0x07fc8c30                qspi_check_and_suspend
                0x07fc8c6e                qspi_resume
                0x07fc8c8e                qspi_automode_init
 *libgcc.a:_aeabi_uldivmod.o(.text*)
 *libgcc.a:_muldi3.o(.text*)
 *libgcc.a:_dvmd_tls.o(.text*)
 *libgcc.a:bpabi.o(.text*)
 *libgcc.a:_udivdi3.o(.text*)
 *libgcc.a:_clzdi2.o(.text*)
 *libgcc.a:_clzsi2.o(.text*)
                0x07fc8d78                . = ALIGN (0x4)
 *(retention_mem_rw)
 retention_mem_rw
                0x07fc8d78        0x5 ./sdk/peripherals/src/hw_qspi.o
                0x07fc8d78                dummy_num
 *(privileged_data_rw)
 *fill*         0x07fc8d7d        0x3 
 privileged_data_rw
                0x07fc8d80        0x4 ./sdk/free_rtos/portable/GCC/ARM_CM0/port.o
 privileged_data_rw
                0x07fc8d84        0x4 ./sdk/free_rtos/tasks.o
                0x07fc8d84                xNextTaskUnblockTime
 *(.retention)
                0x07fc8d88                . = ALIGN (0x4)
                0x07fc8d88                __RetRAM0_code_end__ = .
                0x07fc8d88                . = ALIGN (0x4)

RETENTION_RAM0  0x07fc8d88     0x3ae0 load address 0x08005ff0
                0x07fc8d88                . = ALIGN (0x4)
                0x07fc8d88                __RetRAM0_start = .
 *(nmi_info)
 *(hard_fault_info)
 *(retention_mem_uninit)
 retention_mem_uninit
                0x07fc8d88        0x2 ./sdk/peripherals/src/hw_cpm.o
                0x07fc8d88                hw_cpm_bod_enabled_in_tcs
 *fill*         0x07fc8d8a        0x2 
 retention_mem_uninit
                0x07fc8d8c       0xc8 ./sdk/peripherals/src/sys_tcs.o
                0x07fc8d8c                tcs_length
                0x07fc8d90                tcs_data
                0x07fc8e50                sys_tcs_is_calibrated_chip
                0x07fc8e54                . = ALIGN (0x4)
                0x07fc8e54                __RetRAM0_data_start = .
 *(privileged_data_zi)
 privileged_data_zi
                0x07fc8e54       0x28 ./sdk/sys_man/sys_clock_mgr.o
                0x07fc8e54                cm_ahbclk
                0x07fc8e55                cm_sysclk
                0x07fc8e68                xRCXCalibTaskHandle
                0x07fc8e6c                rcx_clock_period
                0x07fc8e70                ble_slot_duration_in_rcx
                0x07fc8e74                rcx_tick_rate_hz
                0x07fc8e76                rcx_tick_period
                0x07fc8e78                rcx_clock_hz
 *fill*         0x07fc8e7c        0x4 
 privileged_data_zi
                0x07fc8e80       0x68 ./sdk/sys_man/sys_power_mgr.o
                0x07fc8e88                lp_last_trigger
                0x07fc8e90                pm_wakeup_xtal16m_time
                0x07fc8e9c                pm_adapters_cb
                0x07fc8ee0                pm_mac_wakeup_time
 privileged_data_zi
                0x07fc8ee8        0x8 ./sdk/sys_man/sys_rtc.o
 privileged_data_zi
                0x07fc8ef0       0x18 ./sdk/free_rtos/portable/MemMang/heap_4.o
 privileged_data_zi
                0x07fc8f08        0x4 ./sdk/free_rtos/portable/GCC/ARM_CM0/port.o
 privileged_data_zi
                0x07fc8f0c       0x40 ./sdk/free_rtos/queue.o
                0x07fc8f0c                xQueueRegistry
 privileged_data_zi
                0x07fc8f4c      0x128 ./sdk/free_rtos/tasks.o
                0x07fc8f4c                pxCurrentTCB
                0x07fc8f50                pxDelayedTaskList
                0x07fc8f54                pxOverflowDelayedTaskList
                0x07fc8f58                xSuspendedTaskList
                0x07fc8f6c                xTasksWaitingTermination
                0x07fc8f80                pxReadyTasksLists
                0x07fc900c                uxTopReadyPriority
                0x07fc9010                xPendingReadyList
                0x07fc9024                uxSchedulerSuspended
                0x07fc9028                xSchedulerRunning
                0x07fc902c                xTickCount
                0x07fc9030                uxCurrentNumberOfTasks
                0x07fc9034                xIdleTaskHandle
                0x07fc9038                xYieldPending
                0x07fc903c                xNumOfOverflows
                0x07fc9040                xDelayedTaskList1
                0x07fc9054                xDelayedTaskList2
                0x07fc9068                uxTaskNumber
                0x07fc906c                uxTasksDeleted
                0x07fc9070                uxPendedTicks
 privileged_data_zi
                0x07fc9074       0x38 ./sdk/free_rtos/timers.o
 *(retention_mem_zi)
 retention_mem_zi
                0x07fc90ac        0x8 ./startup/system_ARMCM0.o
                0x07fc90ac                SystemCoreClock
                0x07fc90b0                SystemLPClock
 retention_mem_zi
                0x07fc90b4        0x4 ./sdk/peripherals/src/hw_gpadc.o
                0x07fc90b4                hw_gpadc_single_ended_gain_error
                0x07fc90b6                hw_gpadc_differential_gain_error
 retention_mem_zi
                0x07fc90b8       0xe8 ./sdk/peripherals/src/hw_uart.o
 retention_mem_zi
                0x07fc91a0        0x4 ./sdk/peripherals/src/hw_watchdog.o
 retention_mem_zi
                0x07fc91a4        0x4 ./sdk/peripherals/src/hw_wkup.o
 retention_mem_zi
                0x07fc91a8       0x10 ./sdk/peripherals/src/sys_tcs.o
                0x07fc91a8                sys_tcs_xtal16m_settling_time
                0x07fc91aa                area_offset
                0x07fc91ae                area_size
                0x07fc91b4                tcs_ptr
 *(os_heap)
 os_heap        0x07fc91b8     0x36b0 ./sdk/free_rtos/portable/MemMang/heap_4.o
 *(ble_msg_heap)
 *(ble_env_heap)
 *(ble_db_heap)
                0x07fcc868                . = ALIGN (0x4)
                0x07fcc868                __RetRAM0_data_end__ = .

RETENTION_RAM1  0x00000000        0x0
                0x00000000                . = ALIGN (0x4)
                0x00000000                __RetRAM1_start__ = .
                0x00000000                . = ALIGN (0x4)
                0x00000000                __RetRAM1_end__ = .

RETENTION_BLE
 *(ble_variables)
                0x000049ac                __RetRAM0_size = (0x6000 - (__RetRAM0_data_start - __RetRAM0_code_start__))
                0x00005ff0                __image_size = (((__etext + (__data_end__ - __data_start__)) + (__RetRAM0_code_end__ - __RetRAM0_code_start__)) - ORIGIN (ROM))
                0x00004a68                __mirrored_image_size = ((__etext + (__data_end__ - __data_start__)) - ORIGIN (ROM))
                0x00000001                ASSERT (((ORIGIN (RAM) + 0x7700) < 0x7fdc000), ROM variables region (starting at 0x07FDC000) overflowed by RAM)
                0x00000001                ASSERT ((__RetRAM0_data_end__ < 0x7fdc000), ROM variables region (starting at 0x07FDC000) overflowed by RetRAM0)
                0x07f0287d                set_system_clocks = 0x7f0287d
                0x07f02899                set_peripheral_clocks = 0x7f02899
                0x07f028d3                rf_workaround_init = 0x7f028d3
                0x07f028d5                get_stack_usage = 0x7f028d5
                0x07f02913                rwip_eif_get_func = 0x7f02913
                0x07f02923                rwip_set_em_base = 0x7f02923
                0x07f02929                platform_initialization = 0x7f02929
                0x07f029e1                ble_init = 0x7f029e1
                0x07f02a53                ble_regs_push = 0x7f02a53
                0x07f02aab                ble_regs_pop = 0x7f02aab
                0x07f02b01                platform_sleep = 0x7f02b01
                0x07f02e19                smpc_check_param = 0x7f02e19
                0x07f02e23                smpc_pdu_recv = 0x7f02e23
                0x07f02e2d                lld_sleep_compensate = 0x7f02e2d
                0x07f02e37                lld_sleep_init = 0x7f02e37
                0x07f02e41                lld_sleep_us_2_lpcycles = 0x7f02e41
                0x07f02e4b                lld_sleep_lpcycles_2_us = 0x7f02e4b
                0x07f02e55                uart_flow_off = 0x7f02e55
                0x07f02e5d                uart_finish_transfers = 0x7f02e5d
                0x07f02e65                uart_read = 0x7f02e65
                0x07f02e6d                uart_write = 0x7f02e6d
                0x07f02e7d                uart_init = 0x7f02e7d
                0x07f02e85                uart_flow_on = 0x7f02e85
                0x07f02e8d                gtl_init = 0x7f02e8d
                0x07f02e95                gtl_eif_init = 0x7f02e95
                0x07f02e9d                gtl_eif_read_start = 0x7f02e9d
                0x07f02ea5                gtl_eif_read_hdr = 0x7f02ea5
                0x07f02ead                gtl_eif_read_payl = 0x7f02ead
                0x07f02eb5                gtl_eif_tx_done = 0x7f02eb5
                0x07f02ebd                gtl_eif_rx_done = 0x7f02ebd
                0x07f02ec5                h4tl_init = 0x7f02ec5
                0x07f02ecd                h4tl_read_start = 0x7f02ecd
                0x07f02ed5                h4tl_read_hdr = 0x7f02ed5
                0x07f02edd                h4tl_read_payl = 0x7f02edd
                0x07f02ee5                h4tl_read_next_out_of_sync = 0x7f02ee5
                0x07f02eed                h4tl_out_of_sync = 0x7f02eed
                0x07f02ef5                h4tl_tx_done = 0x7f02ef5
                0x07f02efd                h4tl_rx_done = 0x7f02efd
                0x07f02f05                ke_task_init = 0x7f02f05
                0x07f02f0d                ke_timer_init = 0x7f02f0d
                0x07f02f15                llm_encryption_done = 0x7f02f15
                0x07f02f1d                nvds_get = 0x7f02f1d
                0x07f02f25                nvds_del = 0x7f02f25
                0x07f02f2d                nvds_put = 0x7f02f2d
                0x07f02f35                rwip_eif_get = 0x7f02f35
                0x07f02f3d                platform_reset = 0x7f02f3d
                0x07f02f47                lld_test_stop = 0x7f02f47
                0x07f02f51                lld_test_mode_tx = 0x7f02f51
                0x07f02f5b                lld_test_mode_rx = 0x7f02f5b
                0x07f02f65                prf_init = 0x7f02f65
                0x07f02f6f                prf_add_profile = 0x7f02f6f
                0x07f02f79                prf_create = 0x7f02f79
                0x07f02f83                prf_cleanup = 0x7f02f83
                0x07f02f8d                prf_get_id_from_task = 0x7f02f8d
                0x07f02f97                prf_get_task_from_id = 0x7f02f97
                0x07f02fa1                nvds_init = 0x7f02fa1
                0x07f02fa9                SetSystemVars = 0x7f02fa9
                0x07f02fb3                dbg_init = 0x7f02fb3
                0x07f02fbd                dbg_platform_reset_complete = 0x7f02fbd
                0x07f02fc7                hci_rd_local_supp_feats_cmd_handler = 0x7f02fc7
                0x07f02fd7                l2cc_pdu_pack = 0x7f02fd7
                0x07f02fed                l2cc_pdu_unpack = 0x7f02fed
                0x07f03005                l2c_send_lecb_message = 0x7f03005
                0x07f0300f                l2c_process_sdu = 0x7f0300f
                0x07f03019                l2cc_pdu_recv_ind_handler = 0x7f03019
                0x07f03029                gapc_lecb_connect_cfm_handler = 0x7f03029
                0x07f03039                atts_l2cc_pdu_recv_handler = 0x7f03039
                0x07f03043                attc_l2cc_pdu_recv_handler = 0x7f03043
                0x07f0304d                crypto_init = 0x7f0304d
                0x07f03057                llm_le_adv_report_ind = 0x7f03057
                0x07f03061                PK_PointMult = 0x7f03061
                0x07f0306b                llm_p256_start = 0x7f0306b
                0x07f03075                llm_create_p256_key = 0x7f03075
                0x07f03081                llm_p256_req_handler = 0x7f03081
                0x07f03093                llc_le_length_effective = 0x7f03093
                0x07f0309f                llc_le_length_conn_init = 0x7f0309f
                0x07f030d5                co_buf_init = 0x7f030d5
                0x07f0317d                co_buf_rx_free = 0x7f0317d
                0x07f03197                co_buf_rx_buffer_get = 0x7f03197
                0x07f031a1                co_buf_tx_buffer_get = 0x7f031a1
                0x07f031c5                co_list_init = 0x7f031c5
                0x07f031d5                co_list_pop_front = 0x7f031d5
                0x07f031f7                co_list_flush = 0x7f031f7
                0x07f0320d                co_list_push_back = 0x7f0320d
                0x07f03231                co_list_pool_init = 0x7f03231
                0x07f03299                co_list_push_front = 0x7f03299
                0x07f032b5                co_list_extract = 0x7f032b5
                0x07f03305                co_list_find = 0x7f03305
                0x07f0331b                co_list_merge = 0x7f0331b
                0x07f03337                co_list_insert_before = 0x7f03337
                0x07f0336f                co_list_insert_after = 0x7f0336f
                0x07f033ab                co_list_size = 0x7f033ab
                0x07f033bf                co_bdaddr_compare = 0x7f033bf
                0x07f033dd                llc_init = 0x7f033dd
                0x07f03407                llc_stop = 0x7f03407
                0x07f0344d                llc_reset = 0x7f0344d
                0x07f0346f                llc_le_length_effective_func = 0x7f0346f
                0x07f03557                llc_le_enh_con_cmp_evt_send = 0x7f03557
                0x07f03659                llc_le_con_cmp_evt_send = 0x7f03659
                0x07f03705                llc_start = 0x7f03705
                0x07f03877                llc_discon_event_complete_send = 0x7f03877
                0x07f03897                llc_con_update_complete_send = 0x7f03897
                0x07f038d1                llc_ltk_req_send = 0x7f038d1
                0x07f03909                llc_feats_rd_event_send = 0x7f03909
                0x07f03945                llc_version_rd_event_send = 0x7f03945
                0x07f03975                llc_common_cmd_complete_send = 0x7f03975
                0x07f03993                llc_common_cmd_status_send = 0x7f03993
                0x07f039af                llc_common_flush_occurred_send = 0x7f039af
                0x07f039c7                llc_common_enc_key_ref_comp_evt_send = 0x7f039c7
                0x07f039e3                llc_common_enc_change_evt_send = 0x7f039e3
                0x07f03a49                llc_common_nb_of_pkt_comp_evt_send = 0x7f03a49
                0x07f03a69                llc_con_update_ind = 0x7f03a69
                0x07f03add                llc_lsto_con_update = 0x7f03add
                0x07f03b0f                llc_map_update_ind = 0x7f03b0f
                0x07f03b8d                llc_chnl_map_req_send = 0x7f03b8d
                0x07f03ba9                llc_add_bad_chnl = 0x7f03ba9
                0x07f03cb3                llc_version_ind_pdu_send = 0x7f03cb3
                0x07f03cf5                llc_ch_map_update_pdu_send = 0x7f03cf5
                0x07f03d39                llc_pause_enc_req_pdu_send = 0x7f03d39
                0x07f03d7b                llc_pause_enc_rsp_pdu_send = 0x7f03d7b
                0x07f03dd3                llc_enc_req_pdu_send = 0x7f03dd3
                0x07f03e91                llc_enc_rsp_pdu_send = 0x7f03e91
                0x07f03f21                llc_start_enc_rsp_pdu_send = 0x7f03f21
                0x07f03f6b                llc_reject_ind_pdu_send = 0x7f03f6b
                0x07f03fd5                llc_con_update_pdu_send = 0x7f03fd5
                0x07f0401f                llc_con_param_req_pdu_send = 0x7f0401f
                0x07f040b7                llc_con_param_rsp_pdu_send = 0x7f040b7
                0x07f04139                llc_feats_req_pdu_send = 0x7f04139
                0x07f0418d                llc_start_enc_req_pdu_send = 0x7f0418d
                0x07f04227                llc_terminate_ind_pdu_send = 0x7f04227
                0x07f0428f                llc_unknown_rsp_send_pdu = 0x7f0428f
                0x07f042b7                llc_length_req_pdu_send = 0x7f042b7
                0x07f04363                llc_length_rsp_pdu_send = 0x7f04363
                0x07f043c7                llc_length_ind = 0x7f043c7
                0x07f04453                llc_ping_req_pdu_send = 0x7f04453
                0x07f04477                llc_ping_rsp_pdu_send = 0x7f04477
                0x07f0449b                llc_feats_req_ind = 0x7f0449b
                0x07f04503                llc_feats_rsp_ind = 0x7f04503
                0x07f0455b                llc_vers_ind_ind = 0x7f0455b
                0x07f045df                llc_terminate_ind = 0x7f045df
                0x07f0461b                llc_pause_enc_req_ind = 0x7f0461b
                0x07f0464b                llc_pause_enc_rsp_ind = 0x7f0464b
                0x07f046bf                llc_enc_req_ind = 0x7f046bf
                0x07f04763                llc_enc_rsp_ind = 0x7f04763
                0x07f0480d                llc_start_enc_req_ind = 0x7f0480d
                0x07f0486f                llc_start_enc_rsp_ind = 0x7f0486f
                0x07f04905                llc_cntl_rcv = 0x7f04905
                0x07f04991                llcp_con_param_req_pdu_unpk = 0x7f04991
                0x07f04a09                llcp_con_param_rsp_pdu_unpk = 0x7f04a09
                0x07f04a81                llc_con_update_req_ind = 0x7f04a81
                0x07f04adb                llc_ch_map_req_ind = 0x7f04adb
                0x07f04b49                llc_data_rcv = 0x7f04b49
                0x07f068a1                llc_util_get_free_conhdl = 0x7f068a1
                0x07f068d1                llc_util_dicon_procedure = 0x7f068d1
                0x07f06933                llc_util_gen_skdx = 0x7f06933
                0x07f06947                llc_util_update_channel_map = 0x7f06947
                0x07f06959                llc_util_set_llcp_discard_enable = 0x7f06959
                0x07f06971                llc_util_set_auth_payl_to_margin = 0x7f06971
                0x07f069a5                lld_init = 0x7f069a5
                0x07f06af3                lld_reset = 0x7f06af3
                0x07f06b41                lld_adv_start = 0x7f06b41
                0x07f06c8f                lld_adv_stop = 0x7f06c8f
                0x07f06cb5                lld_scan_start = 0x7f06cb5
                0x07f06e1b                lld_scan_stop = 0x7f06e1b
                0x07f06e53                lld_con_start = 0x7f06e53
                0x07f071cb                lld_move_to_master = 0x7f071cb
                0x07f07261                lld_con_update_req = 0x7f07261
                0x07f072db                lld_con_update_after_param_req = 0x7f072db
                0x07f074c1                lld_con_param_rsp = 0x7f074c1
                0x07f075bb                lld_con_param_req = 0x7f075bb
                0x07f0768d                lld_con_stop = 0x7f0768d
                0x07f076e3                lld_get_mode = 0x7f076e3
                0x07f07707                lld_move_to_slave = 0x7f07707
                0x07f07887                lld_ch_map_ind = 0x7f07887
                0x07f07899                lld_con_update_ind = 0x7f07899
                0x07f078a7                lld_crypt_isr = 0x7f078a7
                0x07f078b1                lld_test_mode_tx_func = 0x7f078b1
                0x07f079eb                lld_test_stop_func = 0x7f079eb
                0x07f07aa5                lld_data_rx_check = 0x7f07aa5
                0x07f07ae9                lld_data_rx_flush = 0x7f07ae9
                0x07f030b7                lld_data_tx_check = 0x7f030b7
                0x07f07ba7                lld_data_tx_loop = 0x7f07ba7
                0x07f07bd5                lld_data_tx_push = 0x7f07bd5
                0x07f030ab                lld_data_tx_prog = 0x7f030ab
                0x07f07d4d                lld_data_tx_flush = 0x7f07d4d
                0x07f07e5d                lld_evt_drift_compute = 0x7f07e5d
                0x07f07f3b                lld_evt_elt_delete = 0x7f07f3b
                0x07f08535                lld_evt_deffered_elt_handler = 0x7f08535
                0x07f08609                lld_evt_init = 0x7f08609
                0x07f0867d                lld_evt_init_evt = 0x7f0867d
                0x07f0869b                lld_evt_elt_insert = 0x7f0869b
                0x07f086c5                lld_evt_conhdl2elt = 0x7f086c5
                0x07f086e1                lld_evt_schedule_next = 0x7f086e1
                0x07f087e5                lld_evt_schedule = 0x7f087e5
                0x07f08821                lld_evt_prevent_stop = 0x7f08821
                0x07f08823                lld_evt_canceled = 0x7f08823
                0x07f08847                lld_evt_scan_create = 0x7f08847
                0x07f08939                lld_evt_move_to_master = 0x7f08939
                0x07f08a33                lld_evt_update_create = 0x7f08a33
                0x07f08b69                lld_evt_ch_map_update_req = 0x7f08b69
                0x07f08b81                lld_evt_move_to_slave = 0x7f08b81
                0x07f08db1                lld_evt_slave_update = 0x7f08db1
                0x07f08e47                lld_evt_adv_create = 0x7f08e47
                0x07f08ecb                lld_evt_end = 0x7f08ecb
                0x07f08fd9                lld_evt_rx = 0x7f08fd9
                0x07f09009                lld_evt_timer_isr = 0x7f09009
                0x07f09013                lld_evt_end_isr = 0x7f09013
                0x07f09047                lld_evt_rx_isr = 0x7f09047
                0x07f091f5                lld_sleep_us_2_lpcycles_func = 0x7f091f5
                0x07f09213                lld_sleep_lpcycles_2_us_func = 0x7f09213
                0x07f09237                lld_sleep_compensate_func = 0x7f09237
                0x07f09269                lld_sleep_init_func = 0x7f09269
                0x07f09313                lld_sleep_enter = 0x7f09313
                0x07f09353                lld_sleep_wakeup = 0x7f09353
                0x07f0936d                lld_sleep_wakeup_end = 0x7f0936d
                0x07f09391                lld_wlcoex_connection_complete = 0x7f09391
                0x07f093a9                lld_wlcoex_remove_connection = 0x7f093a9
                0x07f093bd                lld_wlcoex_set = 0x7f093bd
                0x07f093d1                lld_util_get_bd_address = 0x7f093d1
                0x07f093f1                lld_util_set_bd_address = 0x7f093f1
                0x07f0942d                lld_util_freq2chnl = 0x7f0942d
                0x07f0944f                lld_util_get_local_offset = 0x7f0944f
                0x07f09469                lld_util_get_peer_offset = 0x7f09469
                0x07f09485                lld_util_connection_param_set = 0x7f09485
                0x07f094d5                llm_wl_clr = 0x7f094d5
                0x07f094fd                llm_init = 0x7f094fd
                0x07f09701                llm_common_cmd_complete_send = 0x7f09701
                0x07f09719                llm_ble_ready = 0x7f09719
                0x07f0971f                llm_wl_from_rl_restore = 0x7f0971f
                0x07f0978d                llm_con_req_ind = 0x7f0978d
                0x07f09987                llm_resolv_addr = 0x7f09987
                0x07f099cf                llm_util_rl_wl_update = 0x7f099cf
                0x07f09a09                llm_alter_conn = 0x7f09a09
                0x07f09aa3                llm_adv_report_set = 0x7f09aa3
                0x07f09b1d                llm_direct_adv_report_set = 0x7f09b1d
                0x07f09b5f                llm_encryption_start = 0x7f09b5f
                0x07f09be3                llm_resolv_addr_inplace = 0x7f09be3
                0x07f09c8f                llm_le_adv_report_ind_func = 0x7f09c8f
                0x07f0a14b                llm_con_req_tx_cfm = 0x7f0a14b
                0x07f0a227                llm_common_cmd_status_send = 0x7f0a227
                0x07f0a23f                llm_test_mode_start_tx = 0x7f0a23f
                0x07f0a31d                llm_test_mode_start_rx = 0x7f0a31d
                0x07f0a35d                llm_gen_rand_addr = 0x7f0a35d
                0x07f0a417                llm_set_adv_param = 0x7f0a417
                0x07f0a697                llm_set_adv_en = 0x7f0a697
                0x07f0a7c1                llm_set_adv_data = 0x7f0a7c1
                0x07f0a859                llm_set_scan_rsp_data = 0x7f0a859
                0x07f0a8ff                llm_set_scan_param = 0x7f0a8ff
                0x07f0aa27                llm_set_scan_en = 0x7f0aa27
                0x07f0aae9                llm_wl_dev_add = 0x7f0aae9
                0x07f0ab9b                llm_wl_dev_rem = 0x7f0ab9b
                0x07f0abeb                llm_wl_from_rl = 0x7f0abeb
                0x07f0acf3                llm_create_con = 0x7f0acf3
                0x07f0af8d                llm_encryption_done_func = 0x7f0af8d
                0x07f0b253                llm_get_chnl_assess_nb_pkt = 0x7f0b253
                0x07f0b259                llm_get_chnl_assess_nb_bad_pkt = 0x7f0b259
                0x07f0b25f                llm_get_min_rssi = 0x7f0b25f
                0x07f0b269                llm_le_scan_report_ind = 0x7f0b269
                0x07f0b2d3                llm_set_tx_oct_time = 0x7f0b2d3
                0x07f0b2fb                llm_p256_start_func = 0x7f0b2fb
                0x07f0b333                llm_create_p256_key_func = 0x7f0b333
                0x07f0b3dd                llm_p256_req_handler_func = 0x7f0b3dd
                0x07f0bb5f                hci_rd_local_supp_feats_cmd_handler_func = 0x7f0bb5f
                0x07f0c389                llm_util_bd_addr_in_wl = 0x7f0c389
                0x07f0c401                llm_util_check_address_validity = 0x7f0c401
                0x07f0c411                llm_util_check_map_validity = 0x7f0c411
                0x07f0c457                llm_util_apply_bd_addr = 0x7f0c457
                0x07f0c46f                llm_util_set_public_addr = 0x7f0c46f
                0x07f0c47d                llm_util_check_evt_mask = 0x7f0c47d
                0x07f0c49f                llm_util_get_channel_map = 0x7f0c49f
                0x07f0c4ad                llm_util_get_supp_features = 0x7f0c4ad
                0x07f0c4b9                llm_util_adv_data_update = 0x7f0c4b9
                0x07f0c4dd                llm_util_bl_check = 0x7f0c4dd
                0x07f0c51f                llm_util_bl_add = 0x7f0c51f
                0x07f0c575                llm_util_bl_rem = 0x7f0c575
                0x07f0c5c5                llm_util_rl_check = 0x7f0c5c5
                0x07f0c5fb                llm_util_rl_add = 0x7f0c5fb
                0x07f0c677                llm_util_rl_rem = 0x7f0c677
                0x07f0c69d                llm_util_rl_peer_find = 0x7f0c69d
                0x07f0c6c9                llm_util_rl_peer_resolv = 0x7f0c6c9
                0x07f0c71b                llm_util_rl_rpa_find = 0x7f0c71b
                0x07f0c745                CRYPTO_Handler = 0x7f0c745
                0x07f0c7a3                ecc_write_data_m = 0x7f0c7a3
                0x07f0c7bb                ecc_read_data_m = 0x7f0c7bb
                0x07f0c7d3                ecc_set_ptr = 0x7f0c7d3
                0x07f0c7e1                ecc_start = 0x7f0c7e1
                0x07f0c7ef                ecc_check_status = 0x7f0c7ef
                0x07f0c80f                PK_PointMult_func = 0x7f0c80f
                0x07f0c8c5                ea_time_get_slot_rounded = 0x7f0c8c5
                0x07f0c989                ea_init = 0x7f0c989
                0x07f0c9dd                ea_elt_create = 0x7f0c9dd
                0x07f0c9f7                ea_time_get_halfslot_rounded = 0x7f0c9f7
                0x07f0ca21                ea_elt_insert = 0x7f0ca21
                0x07f0cc65                ea_elt_remove = 0x7f0cc65
                0x07f0ccef                ea_elt_delete = 0x7f0ccef
                0x07f0cd09                ea_interval_create = 0x7f0cd09
                0x07f0cd1f                ea_interval_insert = 0x7f0cd1f
                0x07f0cd2b                ea_interval_delete = 0x7f0cd2b
                0x07f0cd43                ea_finetimer_isr = 0x7f0cd43
                0x07f0ce17                ea_sw_isr = 0x7f0ce17
                0x07f0ce37                ea_offset_req = 0x7f0ce37
                0x07f0cff3                ea_sleep_check = 0x7f0cff3
                0x07f0d049                ea_interval_duration_req = 0x7f0d049
                0x07f0d167                flash_identify = 0x7f0d167
                0x07f0d1b5                flash_init = 0x7f0d1b5
                0x07f0d1f1                flash_erase = 0x7f0d1f1
                0x07f0d255                flash_write = 0x7f0d255
                0x07f0d2b9                flash_read = 0x7f0d2b9
                0x07f0d347                uart_init_func = 0x7f0d347
                0x07f0d391                uart_flow_on_func = 0x7f0d391
                0x07f0d399                uart_flow_off_func = 0x7f0d399
                0x07f0d3e9                uart_finish_transfers_func = 0x7f0d3e9
                0x07f0d401                uart_read_func = 0x7f0d401
                0x07f0d417                uart_write_func = 0x7f0d417
                0x07f0d439                UART_Handler_func = 0x7f0d439
                0x07f0d48b                uart_set_flow_off_retries_limit = 0x7f0d48b
                0x07f0d4e5                ba431_get_instance_address = 0x7f0d4e5
                0x07f0d4f9                ba431_wait_fifo_level = 0x7f0d4f9
                0x07f0d519                ba431_read_fifo = 0x7f0d519
                0x07f0d547                ba431_get_rand = 0x7f0d547
                0x07f0d5cd                gtl_init_func = 0x7f0d5cd
                0x07f0d5f5                gtl_enter_sleep = 0x7f0d5f5
                0x07f0d61f                gtl_exit_sleep = 0x7f0d61f
                0x07f0d627                gtl_send_msg = 0x7f0d627
                0x07f0d6ad                gtl_eif_read_start_func = 0x7f0d6ad
                0x07f0d6cd                gtl_eif_read_hdr_func = 0x7f0d6cd
                0x07f0d6ed                gtl_eif_read_payl_func = 0x7f0d6ed
                0x07f0d72b                gtl_eif_tx_done_func = 0x7f0d72b
                0x07f0d73b                gtl_eif_rx_done_func = 0x7f0d73b
                0x07f0d86d                gtl_eif_init_func = 0x7f0d86d
                0x07f0d887                gtl_eif_write = 0x7f0d887
                0x07f0d8a9                gtl_eif_start = 0x7f0d8a9
                0x07f0d8b3                gtl_eif_stop = 0x7f0d8b3
                0x07f0d8cf                gtl_env_curr_msg_type_set = 0x7f0d8cf
                0x07f0dbb1                hci_tl_send = 0x7f0dbb1
                0x07f0dbf9                hci_tl_init = 0x7f0dbf9
                0x07f0dc1d                hci_cmd_get_max_param_size = 0x7f0dc1d
                0x07f0dc67                hci_cmd_received = 0x7f0dc67
                0x07f0dda3                hci_acl_tx_data_alloc = 0x7f0dda3
                0x07f0de29                hci_acl_tx_data_received = 0x7f0de29
                0x07f0def1                hci_acl_rx_data_alloc = 0x7f0def1
                0x07f0defd                hci_acl_rx_data_received = 0x7f0defd
                0x07f0df33                hci_evt_received = 0x7f0df33
                0x07f0e0df                hci_tl_env_tx_queue_cnt_get = 0x7f0e0df
                0x07f0e1fd                hci_util_pack = 0x7f0e1fd
                0x07f0e2fd                hci_util_unpack = 0x7f0e2fd
                0x07f0e7d1                hci_look_for_cmd_desc = 0x7f0e7d1
                0x07f0e81d                hci_look_for_evt_desc = 0x7f0e81d
                0x07f0e841                hci_look_for_le_evt_desc = 0x7f0e841
                0x07f0e869                hci_evt_mask_set = 0x7f0e869
                0x07f0e8b1                hci_init = 0x7f0e8b1
                0x07f0e8cd                hci_reset = 0x7f0e8cd
                0x07f0e8e5                hci_send_2_host = 0x7f0e8e5
                0x07f0e9cf                hci_send_2_controller = 0x7f0e9cf
                0x07f0eaa9                h4tl_read_start_func = 0x7f0eaa9
                0x07f0eac7                h4tl_read_hdr_func = 0x7f0eac7
                0x07f0eae3                h4tl_read_payl_func = 0x7f0eae3
                0x07f0eafd                h4tl_read_next_out_of_sync_func = 0x7f0eafd
                0x07f0eb11                h4tl_out_of_sync_func = 0x7f0eb11
                0x07f0eb37                h4tl_out_of_sync_check = 0x7f0eb37
                0x07f0eb93                h4tl_tx_done_func = 0x7f0eb93
                0x07f0eba7                h4tl_rx_done_func = 0x7f0eba7
                0x07f0eccb                h4tl_init_func = 0x7f0eccb
                0x07f0ece7                h4tl_write = 0x7f0ece7
                0x07f0ed0f                h4tl_start = 0x7f0ed0f
                0x07f0ed17                h4tl_stop = 0x7f0ed17
                0x07f0ed2b                h4tl_env_rx_type_set = 0x7f0ed2b
                0x07f0ed37                h4tl_env_hdr_set = 0x7f0ed37
                0x07f0ed75                attc_send_att_req = 0x7f0ed75
                0x07f0edb1                attc_allocate_att_req = 0x7f0edb1
                0x07f0edd3                attc_send_hdl_cfm = 0x7f0edd3
                0x07f0ede9                attc_send_execute = 0x7f0ede9
                0x07f0ee03                attc_send_read_ind = 0x7f0ee03
                0x07f0f743                attc_l2cc_pdu_recv_handler_func = 0x7f0f743
                0x07f0f79d                attm_convert_to128 = 0x7f0f79d
                0x07f0f7cd                attm_uuid_comp = 0x7f0f7cd
                0x07f0f825                attm_uuid16_comp = 0x7f0f825
                0x07f0f831                attm_is_bt16_uuid = 0x7f0f831
                0x07f0f857                attm_is_bt32_uuid = 0x7f0f857
                0x07f0fc57                attmdb_add_service = 0x7f0fc57
                0x07f0fcdf                attmdb_destroy = 0x7f0fcdf